[2021-04-23T13:53:35.777+0000][2108][gc] Using G1
[2021-04-23T13:53:38.070+0000][2108][gc,init] Version: 16.0.1+9-24 (release)
[2021-04-23T13:53:38.070+0000][2108][gc,init] CPUs: 16 total, 16 available
[2021-04-23T13:53:38.070+0000][2108][gc,init] Memory: 32768M
[2021-04-23T13:53:38.070+0000][2108][gc,init] Large Page Support: Disabled
[2021-04-23T13:53:38.070+0000][2108][gc,init] NUMA Support: Disabled
[2021-04-23T13:53:38.070+0000][2108][gc,init] Compressed Oops: Enabled (Zero based)
[2021-04-23T13:53:38.070+0000][2108][gc,init] Heap Region Size: 8M
[2021-04-23T13:53:38.070+0000][2108][gc,init] Heap Min Capacity: 16G
[2021-04-23T13:53:38.070+0000][2108][gc,init] Heap Initial Capacity: 16G
[2021-04-23T13:53:38.070+0000][2108][gc,init] Heap Max Capacity: 16G
[2021-04-23T13:53:38.070+0000][2108][gc,init] Pre-touch: Enabled
[2021-04-23T13:53:38.070+0000][2108][gc,init] Parallel Workers: 13
[2021-04-23T13:53:38.070+0000][2108][gc,init] Concurrent Workers: 3
[2021-04-23T13:53:38.070+0000][2108][gc,init] Concurrent Refinement Workers: 13
[2021-04-23T13:53:38.070+0000][2108][gc,init] Periodic GC: Disabled
[2021-04-23T13:53:38.071+0000][2108][gc,metaspace] CDS archive(s) mapped at: [0x0000000800000000-0x0000000800bbb000-0x0000000800bbb000), size 12300288, SharedBaseAddress: 0x0000000800000000, ArchiveRelocationMode: 0.
[2021-04-23T13:53:38.071+0000][2108][gc,metaspace] Compressed class space mapped at: 0x0000000800c00000-0x0000000840c00000, reserved size: 1073741824
[2021-04-23T13:53:38.071+0000][2108][gc,metaspace] Narrow klass base: 0x0000000800000000, Narrow klass shift: 3, Narrow klass range: 0x100000000
[2021-04-23T13:53:38.397+0000][2108][safepoint   ] Safepoint "ICBufferFull", Time since last: 320272173 ns, Reaching safepoint: 77353 ns, At safepoint: 23975 ns, Total: 101328 ns
[2021-04-23T13:53:38.884+0000][2108][safepoint   ] Safepoint "ICBufferFull", Time since last: 486446212 ns, Reaching safepoint: 73042 ns, At safepoint: 6835 ns, Total: 79877 ns
[2021-04-23T13:53:39.524+0000][2108][safepoint   ] Safepoint "ICBufferFull", Time since last: 640241639 ns, Reaching safepoint: 117430 ns, At safepoint: 7786 ns, Total: 125216 ns
[2021-04-23T13:53:40.024+0000][2108][safepoint   ] Safepoint "ICBufferFull", Time since last: 499866533 ns, Reaching safepoint: 92760 ns, At safepoint: 2037 ns, Total: 94797 ns
[2021-04-23T13:53:40.248+0000][2108][safepoint   ] Safepoint "ICBufferFull", Time since last: 223195945 ns, Reaching safepoint: 80876 ns, At safepoint: 63746 ns, Total: 144622 ns
[2021-04-23T13:53:40.251+0000][2108][safepoint   ] Safepoint "ICBufferFull", Time since last: 3751460 ns, Reaching safepoint: 12859 ns, At safepoint: 1300 ns, Total: 14159 ns
[2021-04-23T13:53:40.254+0000][2108][safepoint   ] Safepoint "ICBufferFull", Time since last: 1990937 ns, Reaching safepoint: 31494 ns, At safepoint: 1472 ns, Total: 32966 ns
[2021-04-23T13:53:40.255+0000][2108][safepoint   ] Safepoint "ICBufferFull", Time since last: 1871410 ns, Reaching safepoint: 28471 ns, At safepoint: 1080 ns, Total: 29551 ns
[2021-04-23T13:53:40.258+0000][2108][safepoint   ] Safepoint "ICBufferFull", Time since last: 2715838 ns, Reaching safepoint: 17342 ns, At safepoint: 1530 ns, Total: 18872 ns
[2021-04-23T13:53:40.260+0000][2108][safepoint   ] Safepoint "ICBufferFull", Time since last: 2213256 ns, Reaching safepoint: 16059 ns, At safepoint: 2573 ns, Total: 18632 ns
[2021-04-23T13:53:40.263+0000][2108][safepoint   ] Safepoint "ICBufferFull", Time since last: 2705196 ns, Reaching safepoint: 12755 ns, At safepoint: 1191 ns, Total: 13946 ns
[2021-04-23T13:53:40.265+0000][2108][safepoint   ] Safepoint "ICBufferFull", Time since last: 1774716 ns, Reaching safepoint: 14013 ns, At safepoint: 1336 ns, Total: 15349 ns
[2021-04-23T13:53:40.268+0000][2108][safepoint   ] Safepoint "ICBufferFull", Time since last: 2886232 ns, Reaching safepoint: 28433 ns, At safepoint: 2481 ns, Total: 30914 ns
[2021-04-23T13:53:40.271+0000][2108][safepoint   ] Safepoint "ICBufferFull", Time since last: 2969209 ns, Reaching safepoint: 30935 ns, At safepoint: 1340 ns, Total: 32275 ns
[2021-04-23T13:53:40.273+0000][2108][safepoint   ] Safepoint "ICBufferFull", Time since last: 2164072 ns, Reaching safepoint: 20869 ns, At safepoint: 1737 ns, Total: 22606 ns
[2021-04-23T13:53:40.275+0000][2108][safepoint   ] Safepoint "ICBufferFull", Time since last: 2309138 ns, Reaching safepoint: 15581 ns, At safepoint: 1213 ns, Total: 16794 ns
[2021-04-23T13:53:40.278+0000][2108][safepoint   ] Safepoint "ICBufferFull", Time since last: 2387286 ns, Reaching safepoint: 30167 ns, At safepoint: 1311 ns, Total: 31478 ns
[2021-04-23T13:53:40.281+0000][2108][safepoint   ] Safepoint "ICBufferFull", Time since last: 3245949 ns, Reaching safepoint: 11577 ns, At safepoint: 1011 ns, Total: 12588 ns
[2021-04-23T13:53:40.283+0000][2108][safepoint   ] Safepoint "ICBufferFull", Time since last: 2062075 ns, Reaching safepoint: 10024 ns, At safepoint: 960 ns, Total: 10984 ns
[2021-04-23T13:53:40.285+0000][2108][safepoint   ] Safepoint "ICBufferFull", Time since last: 2052414 ns, Reaching safepoint: 13494 ns, At safepoint: 2678 ns, Total: 16172 ns
[2021-04-23T13:53:40.287+0000][2108][safepoint   ] Safepoint "ICBufferFull", Time since last: 2291355 ns, Reaching safepoint: 34469 ns, At safepoint: 4667 ns, Total: 39136 ns
[2021-04-23T13:53:40.291+0000][2108][safepoint   ] Safepoint "ICBufferFull", Time since last: 3447449 ns, Reaching safepoint: 17388 ns, At safepoint: 1504 ns, Total: 18892 ns
[2021-04-23T13:53:40.296+0000][2108][safepoint   ] Safepoint "ICBufferFull", Time since last: 4959560 ns, Reaching safepoint: 32947 ns, At safepoint: 4405 ns, Total: 37352 ns
[2021-04-23T13:53:40.296+0000][2108][safepoint   ] Safepoint "ICBufferFull", Time since last: 464046 ns, Reaching safepoint: 14513 ns, At safepoint: 1454 ns, Total: 15967 ns
[2021-04-23T13:53:40.297+0000][2108][safepoint   ] Safepoint "ICBufferFull", Time since last: 494876 ns, Reaching safepoint: 13816 ns, At safepoint: 2201 ns, Total: 16017 ns
[2021-04-23T13:53:40.297+0000][2108][safepoint   ] Safepoint "ICBufferFull", Time since last: 423547 ns, Reaching safepoint: 14048 ns, At safepoint: 2190 ns, Total: 16238 ns
[2021-04-23T13:53:40.298+0000][2108][safepoint   ] Safepoint "ICBufferFull", Time since last: 502982 ns, Reaching safepoint: 12161 ns, At safepoint: 1170 ns, Total: 13331 ns
[2021-04-23T13:53:40.298+0000][2108][safepoint   ] Safepoint "ICBufferFull", Time since last: 439843 ns, Reaching safepoint: 11913 ns, At safepoint: 1159 ns, Total: 13072 ns
[2021-04-23T13:53:40.299+0000][2108][safepoint   ] Safepoint "ICBufferFull", Time since last: 440981 ns, Reaching safepoint: 45910 ns, At safepoint: 4030 ns, Total: 49940 ns
[2021-04-23T13:53:40.299+0000][2108][safepoint   ] Safepoint "ICBufferFull", Time since last: 491771 ns, Reaching safepoint: 11139 ns, At safepoint: 1214 ns, Total: 12353 ns
[2021-04-23T13:53:40.300+0000][2108][safepoint   ] Safepoint "ICBufferFull", Time since last: 455783 ns, Reaching safepoint: 30358 ns, At safepoint: 5411 ns, Total: 35769 ns
[2021-04-23T13:53:40.300+0000][2108][safepoint   ] Safepoint "ICBufferFull", Time since last: 516824 ns, Reaching safepoint: 11912 ns, At safepoint: 1162 ns, Total: 13074 ns
[2021-04-23T13:53:40.301+0000][2108][safepoint   ] Safepoint "ICBufferFull", Time since last: 434291 ns, Reaching safepoint: 13925 ns, At safepoint: 2154 ns, Total: 16079 ns
[2021-04-23T13:53:40.301+0000][2108][safepoint   ] Safepoint "ICBufferFull", Time since last: 470594 ns, Reaching safepoint: 14009 ns, At safepoint: 2383 ns, Total: 16392 ns
[2021-04-23T13:53:40.302+0000][2108][safepoint   ] Safepoint "ICBufferFull", Time since last: 446522 ns, Reaching safepoint: 11433 ns, At safepoint: 1190 ns, Total: 12623 ns
[2021-04-23T13:53:40.302+0000][2108][safepoint   ] Safepoint "ICBufferFull", Time since last: 430674 ns, Reaching safepoint: 8169 ns, At safepoint: 17782 ns, Total: 25951 ns
[2021-04-23T13:53:40.303+0000][2108][safepoint   ] Safepoint "ICBufferFull", Time since last: 432150 ns, Reaching safepoint: 8591 ns, At safepoint: 1000 ns, Total: 9591 ns
[2021-04-23T13:53:40.303+0000][2108][safepoint   ] Safepoint "ICBufferFull", Time since last: 435896 ns, Reaching safepoint: 11636 ns, At safepoint: 1149 ns, Total: 12785 ns
[2021-04-23T13:53:40.304+0000][2108][safepoint   ] Safepoint "ICBufferFull", Time since last: 502109 ns, Reaching safepoint: 11561 ns, At safepoint: 1245 ns, Total: 12806 ns
[2021-04-23T13:53:40.304+0000][2108][safepoint   ] Safepoint "ICBufferFull", Time since last: 439146 ns, Reaching safepoint: 9467 ns, At safepoint: 1041 ns, Total: 10508 ns
[2021-04-23T13:53:40.307+0000][2108][safepoint   ] Safepoint "ICBufferFull", Time since last: 3228199 ns, Reaching safepoint: 15020 ns, At safepoint: 5385 ns, Total: 20405 ns
[2021-04-23T13:53:40.311+0000][2108][safepoint   ] Safepoint "ICBufferFull", Time since last: 3969719 ns, Reaching safepoint: 31832 ns, At safepoint: 24143 ns, Total: 55975 ns
[2021-04-23T13:53:40.313+0000][2108][safepoint   ] Safepoint "ICBufferFull", Time since last: 1903054 ns, Reaching safepoint: 32940 ns, At safepoint: 4538 ns, Total: 37478 ns
[2021-04-23T13:53:40.342+0000][2108][safepoint   ] Safepoint "ICBufferFull", Time since last: 28606225 ns, Reaching safepoint: 31287 ns, At safepoint: 8683 ns, Total: 39970 ns
[2021-04-23T13:53:40.343+0000][2108][safepoint   ] Safepoint "ICBufferFull", Time since last: 1360774 ns, Reaching safepoint: 13429 ns, At safepoint: 1423 ns, Total: 14852 ns
[2021-04-23T13:53:40.344+0000][2108][safepoint   ] Safepoint "ICBufferFull", Time since last: 611373 ns, Reaching safepoint: 15144 ns, At safepoint: 1360 ns, Total: 16504 ns
[2021-04-23T13:53:40.344+0000][2108][safepoint   ] Safepoint "ICBufferFull", Time since last: 499615 ns, Reaching safepoint: 12051 ns, At safepoint: 5315 ns, Total: 17366 ns
[2021-04-23T13:53:40.345+0000][2108][safepoint   ] Safepoint "ICBufferFull", Time since last: 504720 ns, Reaching safepoint: 11897 ns, At safepoint: 1186 ns, Total: 13083 ns
[2021-04-23T13:53:40.345+0000][2108][safepoint   ] Safepoint "ICBufferFull", Time since last: 461306 ns, Reaching safepoint: 11787 ns, At safepoint: 1196 ns, Total: 12983 ns
[2021-04-23T13:53:40.346+0000][2108][safepoint   ] Safepoint "ICBufferFull", Time since last: 432812 ns, Reaching safepoint: 12723 ns, At safepoint: 1253 ns, Total: 13976 ns
[2021-04-23T13:53:40.346+0000][2108][safepoint   ] Safepoint "ICBufferFull", Time since last: 448323 ns, Reaching safepoint: 12313 ns, At safepoint: 1284 ns, Total: 13597 ns
[2021-04-23T13:53:40.347+0000][2108][safepoint   ] Safepoint "ICBufferFull", Time since last: 752140 ns, Reaching safepoint: 15302 ns, At safepoint: 23522 ns, Total: 38824 ns
[2021-04-23T13:53:40.348+0000][2108][safepoint   ] Safepoint "ICBufferFull", Time since last: 577014 ns, Reaching safepoint: 12945 ns, At safepoint: 1334 ns, Total: 14279 ns
[2021-04-23T13:53:40.348+0000][2108][safepoint   ] Safepoint "ICBufferFull", Time since last: 416452 ns, Reaching safepoint: 11286 ns, At safepoint: 1342 ns, Total: 12628 ns
[2021-04-23T13:53:40.349+0000][2108][safepoint   ] Safepoint "ICBufferFull", Time since last: 415113 ns, Reaching safepoint: 11189 ns, At safepoint: 838 ns, Total: 12027 ns
[2021-04-23T13:53:40.349+0000][2108][safepoint   ] Safepoint "ICBufferFull", Time since last: 402514 ns, Reaching safepoint: 8499 ns, At safepoint: 828 ns, Total: 9327 ns
[2021-04-23T13:53:40.349+0000][2108][safepoint   ] Safepoint "ICBufferFull", Time since last: 403077 ns, Reaching safepoint: 11650 ns, At safepoint: 2068 ns, Total: 13718 ns
[2021-04-23T13:53:40.350+0000][2108][safepoint   ] Safepoint "ICBufferFull", Time since last: 465872 ns, Reaching safepoint: 11235 ns, At safepoint: 1075 ns, Total: 12310 ns
[2021-04-23T13:53:40.350+0000][2108][safepoint   ] Safepoint "ICBufferFull", Time since last: 432560 ns, Reaching safepoint: 11591 ns, At safepoint: 1191 ns, Total: 12782 ns
[2021-04-23T13:53:40.351+0000][2108][safepoint   ] Safepoint "ICBufferFull", Time since last: 407855 ns, Reaching safepoint: 13533 ns, At safepoint: 1130 ns, Total: 14663 ns
[2021-04-23T13:53:40.351+0000][2108][safepoint   ] Safepoint "ICBufferFull", Time since last: 440037 ns, Reaching safepoint: 13241 ns, At safepoint: 2431 ns, Total: 15672 ns
[2021-04-23T13:53:40.352+0000][2108][safepoint   ] Safepoint "ICBufferFull", Time since last: 433463 ns, Reaching safepoint: 11012 ns, At safepoint: 4149 ns, Total: 15161 ns
[2021-04-23T13:53:40.353+0000][2108][safepoint   ] Safepoint "ICBufferFull", Time since last: 1009168 ns, Reaching safepoint: 14636 ns, At safepoint: 1460 ns, Total: 16096 ns
[2021-04-23T13:53:40.445+0000][2108][safepoint   ] Safepoint "ICBufferFull", Time since last: 92506860 ns, Reaching safepoint: 37576 ns, At safepoint: 1459 ns, Total: 39035 ns
[2021-04-23T13:53:41.174+0000][2108][gc,start    ] GC(0) Pause Young (Normal) (G1 Evacuation Pause)
[2021-04-23T13:53:41.175+0000][2108][gc,task     ] GC(0) Using 13 workers of 13 for evacuation
[2021-04-23T13:53:41.175+0000][2108][gc,age      ] GC(0) Desired survivor size 54525952 bytes, new threshold 15 (max threshold 15)
[2021-04-23T13:53:41.180+0000][2108][gc,age      ] GC(0) Age table with threshold 15 (max threshold 15)
[2021-04-23T13:53:41.180+0000][2108][gc,age      ] GC(0) - age   1:   15517632 bytes,   15517632 total
[2021-04-23T13:53:41.180+0000][2108][gc,phases   ] GC(0)   Pre Evacuate Collection Set: 0.2ms
[2021-04-23T13:53:41.180+0000][2108][gc,phases   ] GC(0)   Merge Heap Roots: 0.1ms
[2021-04-23T13:53:41.180+0000][2108][gc,phases   ] GC(0)   Evacuate Collection Set: 3.6ms
[2021-04-23T13:53:41.180+0000][2108][gc,phases   ] GC(0)   Post Evacuate Collection Set: 1.1ms
[2021-04-23T13:53:41.180+0000][2108][gc,phases   ] GC(0)   Other: 0.3ms
[2021-04-23T13:53:41.180+0000][2108][gc,heap     ] GC(0) Eden regions: 102->0(100)
[2021-04-23T13:53:41.180+0000][2108][gc,heap     ] GC(0) Survivor regions: 0->2(13)
[2021-04-23T13:53:41.180+0000][2108][gc,heap     ] GC(0) Old regions: 0->0
[2021-04-23T13:53:41.180+0000][2108][gc,heap     ] GC(0) Archive regions: 2->2
[2021-04-23T13:53:41.180+0000][2108][gc,heap     ] GC(0) Humongous regions: 0->0
[2021-04-23T13:53:41.180+0000][2108][gc,metaspace] GC(0) Metaspace: 18756K(19072K)->18756K(19072K) NonClass: 16476K(16640K)->16476K(16640K) Class: 2280K(2432K)->2280K(2432K)
[2021-04-23T13:53:41.180+0000][2108][gc          ] GC(0) Pause Young (Normal) (G1 Evacuation Pause) 823M->22M(16384M) 5.396ms
[2021-04-23T13:53:41.180+0000][2108][gc,cpu      ] GC(0) User=0.04s Sys=0.00s Real=0.01s
[2021-04-23T13:53:41.180+0000][2108][safepoint   ] Safepoint "G1CollectForAllocation", Time since last: 728948581 ns, Reaching safepoint: 228037 ns, At safepoint: 5500071 ns, Total: 5728108 ns
[2021-04-23T13:53:41.983+0000][2108][gc,start    ] GC(1) Pause Young (Normal) (G1 Evacuation Pause)
[2021-04-23T13:53:41.983+0000][2108][gc,task     ] GC(1) Using 13 workers of 13 for evacuation
[2021-04-23T13:53:41.983+0000][2108][gc,age      ] GC(1) Desired survivor size 54525952 bytes, new threshold 15 (max threshold 15)
[2021-04-23T13:53:41.988+0000][2108][gc,age      ] GC(1) Age table with threshold 15 (max threshold 15)
[2021-04-23T13:53:41.988+0000][2108][gc,age      ] GC(1) - age   1:    3624288 bytes,    3624288 total
[2021-04-23T13:53:41.988+0000][2108][gc,age      ] GC(1) - age   2:   15173736 bytes,   18798024 total
[2021-04-23T13:53:41.988+0000][2108][gc,phases   ] GC(1)   Pre Evacuate Collection Set: 0.1ms
[2021-04-23T13:53:41.988+0000][2108][gc,phases   ] GC(1)   Merge Heap Roots: 0.1ms
[2021-04-23T13:53:41.988+0000][2108][gc,phases   ] GC(1)   Evacuate Collection Set: 3.6ms
[2021-04-23T13:53:41.988+0000][2108][gc,phases   ] GC(1)   Post Evacuate Collection Set: 0.7ms
[2021-04-23T13:53:41.988+0000][2108][gc,phases   ] GC(1)   Other: 0.2ms
[2021-04-23T13:53:41.988+0000][2108][gc,heap     ] GC(1) Eden regions: 100->0(99)
[2021-04-23T13:53:41.988+0000][2108][gc,heap     ] GC(1) Survivor regions: 2->3(13)
[2021-04-23T13:53:41.988+0000][2108][gc,heap     ] GC(1) Old regions: 0->0
[2021-04-23T13:53:41.988+0000][2108][gc,heap     ] GC(1) Archive regions: 2->2
[2021-04-23T13:53:41.988+0000][2108][gc,heap     ] GC(1) Humongous regions: 0->0
[2021-04-23T13:53:41.988+0000][2108][gc,metaspace] GC(1) Metaspace: 20574K(21120K)->20574K(21120K) NonClass: 18033K(18368K)->18033K(18368K) Class: 2541K(2752K)->2541K(2752K)
[2021-04-23T13:53:41.988+0000][2108][gc          ] GC(1) Pause Young (Normal) (G1 Evacuation Pause) 822M->26M(16384M) 4.871ms
[2021-04-23T13:53:41.988+0000][2108][gc,cpu      ] GC(1) User=0.05s Sys=0.01s Real=0.00s
[2021-04-23T13:53:41.988+0000][2108][safepoint   ] Safepoint "G1CollectForAllocation", Time since last: 802983250 ns, Reaching safepoint: 77452 ns, At safepoint: 4948919 ns, Total: 5026371 ns
[2021-04-23T13:53:42.279+0000][2108][gc,start    ] GC(2) Pause Young (Concurrent Start) (Metadata GC Threshold)
[2021-04-23T13:53:42.279+0000][2108][gc,task     ] GC(2) Using 13 workers of 13 for evacuation
[2021-04-23T13:53:42.279+0000][2108][gc,age      ] GC(2) Desired survivor size 54525952 bytes, new threshold 15 (max threshold 15)
[2021-04-23T13:53:42.284+0000][2108][gc,age      ] GC(2) Age table with threshold 15 (max threshold 15)
[2021-04-23T13:53:42.284+0000][2108][gc,age      ] GC(2) - age   1:    1029160 bytes,    1029160 total
[2021-04-23T13:53:42.284+0000][2108][gc,age      ] GC(2) - age   2:    3205584 bytes,    4234744 total
[2021-04-23T13:53:42.284+0000][2108][gc,age      ] GC(2) - age   3:   15171456 bytes,   19406200 total
[2021-04-23T13:53:42.284+0000][2108][gc,phases   ] GC(2)   Pre Evacuate Collection Set: 0.1ms
[2021-04-23T13:53:42.284+0000][2108][gc,phases   ] GC(2)   Merge Heap Roots: 0.1ms
[2021-04-23T13:53:42.284+0000][2108][gc,phases   ] GC(2)   Evacuate Collection Set: 3.6ms
[2021-04-23T13:53:42.284+0000][2108][gc,phases   ] GC(2)   Post Evacuate Collection Set: 0.8ms
[2021-04-23T13:53:42.284+0000][2108][gc,phases   ] GC(2)   Other: 0.4ms
[2021-04-23T13:53:42.284+0000][2108][gc,heap     ] GC(2) Eden regions: 44->0(100)
[2021-04-23T13:53:42.284+0000][2108][gc,heap     ] GC(2) Survivor regions: 3->3(13)
[2021-04-23T13:53:42.284+0000][2108][gc,heap     ] GC(2) Old regions: 0->0
[2021-04-23T13:53:42.284+0000][2108][gc,heap     ] GC(2) Archive regions: 2->2
[2021-04-23T13:53:42.284+0000][2108][gc,heap     ] GC(2) Humongous regions: 0->0
[2021-04-23T13:53:42.284+0000][2108][gc,metaspace] GC(2) Metaspace: 20699K(21248K)->20699K(21248K) NonClass: 18129K(18432K)->18129K(18432K) Class: 2570K(2816K)->2570K(2816K)
[2021-04-23T13:53:42.284+0000][2108][gc          ] GC(2) Pause Young (Concurrent Start) (Metadata GC Threshold) 378M->27M(16384M) 5.065ms
[2021-04-23T13:53:42.284+0000][2108][gc,cpu      ] GC(2) User=0.04s Sys=0.00s Real=0.01s
[2021-04-23T13:53:42.284+0000][2108][gc          ] GC(3) Concurrent Mark Cycle
[2021-04-23T13:53:42.284+0000][2108][gc,marking  ] GC(3) Concurrent Clear Claimed Marks
[2021-04-23T13:53:42.284+0000][2108][safepoint   ] Safepoint "CollectForMetadataAllocation", Time since last: 290835158 ns, Reaching safepoint: 86280 ns, At safepoint: 5242070 ns, Total: 5328350 ns
[2021-04-23T13:53:42.284+0000][2108][gc,marking  ] GC(3) Concurrent Clear Claimed Marks 0.061ms
[2021-04-23T13:53:42.284+0000][2108][gc,marking  ] GC(3) Concurrent Scan Root Regions
[2021-04-23T13:53:42.287+0000][2108][gc,marking  ] GC(3) Concurrent Scan Root Regions 3.343ms
[2021-04-23T13:53:42.288+0000][2108][gc,marking  ] GC(3) Concurrent Mark
[2021-04-23T13:53:42.288+0000][2108][gc,marking  ] GC(3) Concurrent Mark From Roots
[2021-04-23T13:53:42.288+0000][2108][gc,task     ] GC(3) Using 3 workers of 3 for marking
[2021-04-23T13:53:42.289+0000][2108][gc,marking  ] GC(3) Concurrent Mark From Roots 1.115ms
[2021-04-23T13:53:42.289+0000][2108][gc,marking  ] GC(3) Concurrent Preclean
[2021-04-23T13:53:42.289+0000][2108][gc,marking  ] GC(3) Concurrent Preclean 0.045ms
[2021-04-23T13:53:42.289+0000][2108][gc,start    ] GC(3) Pause Remark
[2021-04-23T13:53:42.290+0000][2108][gc          ] GC(3) Pause Remark 31M->31M(16384M) 1.376ms
[2021-04-23T13:53:42.290+0000][2108][gc,cpu      ] GC(3) User=0.00s Sys=0.00s Real=0.01s
[2021-04-23T13:53:42.290+0000][2108][safepoint   ] Safepoint "G1Concurrent", Time since last: 4627885 ns, Reaching safepoint: 74362 ns, At safepoint: 1498213 ns, Total: 1572575 ns
[2021-04-23T13:53:42.290+0000][2108][gc,marking  ] GC(3) Concurrent Mark 2.792ms
[2021-04-23T13:53:42.290+0000][2108][gc,marking  ] GC(3) Concurrent Rebuild Remembered Sets
[2021-04-23T13:53:42.291+0000][2108][gc,marking  ] GC(3) Concurrent Rebuild Remembered Sets 0.718ms
[2021-04-23T13:53:42.291+0000][2108][gc,start    ] GC(3) Pause Cleanup
[2021-04-23T13:53:42.291+0000][2108][gc          ] GC(3) Pause Cleanup 31M->31M(16384M) 0.183ms
[2021-04-23T13:53:42.291+0000][2108][gc,cpu      ] GC(3) User=0.00s Sys=0.00s Real=0.00s
[2021-04-23T13:53:42.292+0000][2108][safepoint   ] Safepoint "G1Concurrent", Time since last: 788472 ns, Reaching safepoint: 100608 ns, At safepoint: 301004 ns, Total: 401612 ns
[2021-04-23T13:53:42.292+0000][2108][gc,marking  ] GC(3) Concurrent Cleanup for Next Mark
[2021-04-23T13:53:42.309+0000][2108][gc,marking  ] GC(3) Concurrent Cleanup for Next Mark 17.483ms
[2021-04-23T13:53:42.309+0000][2108][gc          ] GC(3) Concurrent Mark Cycle 25.068ms
[2021-04-23T13:53:42.961+0000][2108][safepoint   ] Safepoint "ICBufferFull", Time since last: 669423362 ns, Reaching safepoint: 197958 ns, At safepoint: 3152 ns, Total: 201110 ns
[2021-04-23T13:53:44.043+0000][2108][safepoint   ] Safepoint "Cleanup", Time since last: 1081256552 ns, Reaching safepoint: 100018 ns, At safepoint: 6548 ns, Total: 106566 ns
[2021-04-23T13:53:44.244+0000][2108][gc,start    ] GC(4) Pause Young (Concurrent Start) (Metadata GC Threshold)
[2021-04-23T13:53:44.244+0000][2108][gc,task     ] GC(4) Using 13 workers of 13 for evacuation
[2021-04-23T13:53:44.244+0000][2108][gc,age      ] GC(4) Desired survivor size 54525952 bytes, new threshold 15 (max threshold 15)
[2021-04-23T13:53:44.257+0000][2108][gc,age      ] GC(4) Age table with threshold 15 (max threshold 15)
[2021-04-23T13:53:44.257+0000][2108][gc,age      ] GC(4) - age   1:   39139480 bytes,   39139480 total
[2021-04-23T13:53:44.257+0000][2108][gc,age      ] GC(4) - age   2:    1004136 bytes,   40143616 total
[2021-04-23T13:53:44.257+0000][2108][gc,age      ] GC(4) - age   3:    3150600 bytes,   43294216 total
[2021-04-23T13:53:44.257+0000][2108][gc,age      ] GC(4) - age   4:   15028144 bytes,   58322360 total
[2021-04-23T13:53:44.257+0000][2108][gc,phases   ] GC(4)   Pre Evacuate Collection Set: 0.2ms
[2021-04-23T13:53:44.257+0000][2108][gc,phases   ] GC(4)   Merge Heap Roots: 0.1ms
[2021-04-23T13:53:44.257+0000][2108][gc,phases   ] GC(4)   Evacuate Collection Set: 11.7ms
[2021-04-23T13:53:44.257+0000][2108][gc,phases   ] GC(4)   Post Evacuate Collection Set: 1.1ms
[2021-04-23T13:53:44.257+0000][2108][gc,phases   ] GC(4)   Other: 0.3ms
[2021-04-23T13:53:44.257+0000][2108][gc,heap     ] GC(4) Eden regions: 53->0(94)
[2021-04-23T13:53:44.257+0000][2108][gc,heap     ] GC(4) Survivor regions: 3->8(13)
[2021-04-23T13:53:44.257+0000][2108][gc,heap     ] GC(4) Old regions: 0->0
[2021-04-23T13:53:44.257+0000][2108][gc,heap     ] GC(4) Archive regions: 2->2
[2021-04-23T13:53:44.258+0000][2108][gc,heap     ] GC(4) Humongous regions: 0->0
[2021-04-23T13:53:44.258+0000][2108][gc,metaspace] GC(4) Metaspace: 34559K(35520K)->34559K(35520K) NonClass: 30042K(30592K)->30042K(30592K) Class: 4516K(4928K)->4516K(4928K)
[2021-04-23T13:53:44.258+0000][2108][gc          ] GC(4) Pause Young (Concurrent Start) (Metadata GC Threshold) 451M->65M(16384M) 13.497ms
[2021-04-23T13:53:44.258+0000][2108][gc,cpu      ] GC(4) User=0.17s Sys=0.01s Real=0.01s
[2021-04-23T13:53:44.258+0000][2108][gc          ] GC(5) Concurrent Mark Cycle
[2021-04-23T13:53:44.258+0000][2108][safepoint   ] Safepoint "CollectForMetadataAllocation", Time since last: 201362570 ns, Reaching safepoint: 84161 ns, At safepoint: 13613694 ns, Total: 13697855 ns
[2021-04-23T13:53:44.258+0000][2108][gc,marking  ] GC(5) Concurrent Clear Claimed Marks
[2021-04-23T13:53:44.258+0000][2108][gc,marking  ] GC(5) Concurrent Clear Claimed Marks 0.064ms
[2021-04-23T13:53:44.258+0000][2108][gc,marking  ] GC(5) Concurrent Scan Root Regions
[2021-04-23T13:53:44.270+0000][2108][gc,marking  ] GC(5) Concurrent Scan Root Regions 12.488ms
[2021-04-23T13:53:44.270+0000][2108][gc,marking  ] GC(5) Concurrent Mark
[2021-04-23T13:53:44.270+0000][2108][gc,marking  ] GC(5) Concurrent Mark From Roots
[2021-04-23T13:53:44.270+0000][2108][gc,task     ] GC(5) Using 3 workers of 3 for marking
[2021-04-23T13:53:44.271+0000][2108][gc,marking  ] GC(5) Concurrent Mark From Roots 1.076ms
[2021-04-23T13:53:44.271+0000][2108][gc,marking  ] GC(5) Concurrent Preclean
[2021-04-23T13:53:44.271+0000][2108][gc,marking  ] GC(5) Concurrent Preclean 0.029ms
[2021-04-23T13:53:44.271+0000][2108][gc,start    ] GC(5) Pause Remark
[2021-04-23T13:53:44.273+0000][2108][gc          ] GC(5) Pause Remark 69M->69M(16384M) 1.232ms
[2021-04-23T13:53:44.273+0000][2108][gc,cpu      ] GC(5) User=0.02s Sys=0.00s Real=0.00s
[2021-04-23T13:53:44.273+0000][2108][safepoint   ] Safepoint "G1Concurrent", Time since last: 13768292 ns, Reaching safepoint: 46957 ns, At safepoint: 1313920 ns, Total: 1360877 ns
[2021-04-23T13:53:44.273+0000][2108][gc,marking  ] GC(5) Concurrent Mark 2.535ms
[2021-04-23T13:53:44.273+0000][2108][gc,marking  ] GC(5) Concurrent Rebuild Remembered Sets
[2021-04-23T13:53:44.273+0000][2108][gc,marking  ] GC(5) Concurrent Rebuild Remembered Sets 0.681ms
[2021-04-23T13:53:44.274+0000][2108][gc,start    ] GC(5) Pause Cleanup
[2021-04-23T13:53:44.275+0000][2108][gc          ] GC(5) Pause Cleanup 69M->69M(16384M) 0.129ms
[2021-04-23T13:53:44.275+0000][2108][gc,cpu      ] GC(5) User=0.00s Sys=0.00s Real=0.00s
[2021-04-23T13:53:44.275+0000][2108][safepoint   ] Safepoint "G1Concurrent", Time since last: 744132 ns, Reaching safepoint: 908452 ns, At safepoint: 165665 ns, Total: 1074117 ns
[2021-04-23T13:53:44.275+0000][2108][gc,marking  ] GC(5) Concurrent Cleanup for Next Mark
[2021-04-23T13:53:44.292+0000][2108][gc,marking  ] GC(5) Concurrent Cleanup for Next Mark 17.203ms
[2021-04-23T13:53:44.292+0000][2108][gc          ] GC(5) Concurrent Mark Cycle 34.213ms
[2021-04-23T13:53:45.033+0000][2108][safepoint   ] Safepoint "ICBufferFull", Time since last: 757989343 ns, Reaching safepoint: 173368 ns, At safepoint: 31956 ns, Total: 205324 ns
[2021-04-23T13:53:45.646+0000][2108][safepoint   ] Safepoint "ICBufferFull", Time since last: 613202009 ns, Reaching safepoint: 161972 ns, At safepoint: 2362 ns, Total: 164334 ns
[2021-04-23T13:53:46.005+0000][2108][gc,start    ] GC(6) Pause Young (Concurrent Start) (Metadata GC Threshold)
[2021-04-23T13:53:46.005+0000][2108][gc,task     ] GC(6) Using 13 workers of 13 for evacuation
[2021-04-23T13:53:46.005+0000][2108][gc,age      ] GC(6) Desired survivor size 54525952 bytes, new threshold 4 (max threshold 15)
[2021-04-23T13:53:46.023+0000][2108][gc,age      ] GC(6) Age table with threshold 4 (max threshold 15)
[2021-04-23T13:53:46.023+0000][2108][gc,age      ] GC(6) - age   1:   11846568 bytes,   11846568 total
[2021-04-23T13:53:46.023+0000][2108][gc,age      ] GC(6) - age   2:   38816360 bytes,   50662928 total
[2021-04-23T13:53:46.023+0000][2108][gc,age      ] GC(6) - age   3:    1000320 bytes,   51663248 total
[2021-04-23T13:53:46.023+0000][2108][gc,age      ] GC(6) - age   4:    3118752 bytes,   54782000 total
[2021-04-23T13:53:46.023+0000][2108][gc,phases   ] GC(6)   Pre Evacuate Collection Set: 0.1ms
[2021-04-23T13:53:46.023+0000][2108][gc,phases   ] GC(6)   Merge Heap Roots: 0.1ms
[2021-04-23T13:53:46.023+0000][2108][gc,phases   ] GC(6)   Evacuate Collection Set: 15.9ms
[2021-04-23T13:53:46.023+0000][2108][gc,phases   ] GC(6)   Post Evacuate Collection Set: 1.4ms
[2021-04-23T13:53:46.023+0000][2108][gc,phases   ] GC(6)   Other: 0.2ms
[2021-04-23T13:53:46.023+0000][2108][gc,heap     ] GC(6) Eden regions: 39->0(95)
[2021-04-23T13:53:46.023+0000][2108][gc,heap     ] GC(6) Survivor regions: 8->7(13)
[2021-04-23T13:53:46.023+0000][2108][gc,heap     ] GC(6) Old regions: 0->2
[2021-04-23T13:53:46.023+0000][2108][gc,heap     ] GC(6) Archive regions: 2->2
[2021-04-23T13:53:46.023+0000][2108][gc,heap     ] GC(6) Humongous regions: 0->0
[2021-04-23T13:53:46.023+0000][2108][gc,metaspace] GC(6) Metaspace: 58275K(59456K)->58275K(59456K) NonClass: 50366K(51072K)->50366K(51072K) Class: 7909K(8384K)->7909K(8384K)
[2021-04-23T13:53:46.023+0000][2108][gc          ] GC(6) Pause Young (Concurrent Start) (Metadata GC Threshold) 373M->77M(16384M) 17.797ms
[2021-04-23T13:53:46.023+0000][2108][gc,cpu      ] GC(6) User=0.20s Sys=0.00s Real=0.02s
[2021-04-23T13:53:46.023+0000][2108][gc          ] GC(7) Concurrent Mark Cycle
[2021-04-23T13:53:46.023+0000][2108][gc,marking  ] GC(7) Concurrent Clear Claimed Marks
[2021-04-23T13:53:46.023+0000][2108][safepoint   ] Safepoint "CollectForMetadataAllocation", Time since last: 358914580 ns, Reaching safepoint: 88102 ns, At safepoint: 17913514 ns, Total: 18001616 ns
[2021-04-23T13:53:46.023+0000][2108][gc,marking  ] GC(7) Concurrent Clear Claimed Marks 0.051ms
[2021-04-23T13:53:46.023+0000][2108][gc,marking  ] GC(7) Concurrent Scan Root Regions
[2021-04-23T13:53:46.039+0000][2108][gc,marking  ] GC(7) Concurrent Scan Root Regions 15.856ms
[2021-04-23T13:53:46.039+0000][2108][gc,marking  ] GC(7) Concurrent Mark
[2021-04-23T13:53:46.039+0000][2108][gc,marking  ] GC(7) Concurrent Mark From Roots
[2021-04-23T13:53:46.039+0000][2108][gc,task     ] GC(7) Using 3 workers of 3 for marking
[2021-04-23T13:53:46.040+0000][2108][gc,marking  ] GC(7) Concurrent Mark From Roots 1.174ms
[2021-04-23T13:53:46.040+0000][2108][gc,marking  ] GC(7) Concurrent Preclean
[2021-04-23T13:53:46.040+0000][2108][gc,marking  ] GC(7) Concurrent Preclean 0.026ms
[2021-04-23T13:53:46.040+0000][2108][gc,start    ] GC(7) Pause Remark
[2021-04-23T13:53:46.042+0000][2108][gc          ] GC(7) Pause Remark 81M->81M(16384M) 1.539ms
[2021-04-23T13:53:46.042+0000][2108][gc,cpu      ] GC(7) User=0.01s Sys=0.00s Real=0.00s
[2021-04-23T13:53:46.042+0000][2108][safepoint   ] Safepoint "G1Concurrent", Time since last: 17254422 ns, Reaching safepoint: 47084 ns, At safepoint: 1651705 ns, Total: 1698789 ns
[2021-04-23T13:53:46.042+0000][2108][gc,marking  ] GC(7) Concurrent Mark 2.983ms
[2021-04-23T13:53:46.042+0000][2108][gc,marking  ] GC(7) Concurrent Rebuild Remembered Sets
[2021-04-23T13:53:46.046+0000][2108][gc,marking  ] GC(7) Concurrent Rebuild Remembered Sets 3.744ms
[2021-04-23T13:53:46.046+0000][2108][gc,start    ] GC(7) Pause Cleanup
[2021-04-23T13:53:46.046+0000][2108][gc          ] GC(7) Pause Cleanup 81M->81M(16384M) 0.178ms
[2021-04-23T13:53:46.046+0000][2108][gc,cpu      ] GC(7) User=0.00s Sys=0.00s Real=0.00s
[2021-04-23T13:53:46.046+0000][2108][safepoint   ] Safepoint "G1Concurrent", Time since last: 3828933 ns, Reaching safepoint: 61511 ns, At safepoint: 212154 ns, Total: 273665 ns
[2021-04-23T13:53:46.046+0000][2108][gc,marking  ] GC(7) Concurrent Cleanup for Next Mark
[2021-04-23T13:53:46.063+0000][2108][gc,marking  ] GC(7) Concurrent Cleanup for Next Mark 17.262ms
[2021-04-23T13:53:46.063+0000][2108][gc          ] GC(7) Concurrent Mark Cycle 40.409ms
[2021-04-23T13:53:46.759+0000][2108][safepoint   ] Safepoint "ICBufferFull", Time since last: 712185709 ns, Reaching safepoint: 566220 ns, At safepoint: 2879 ns, Total: 569099 ns
[2021-04-23T13:53:47.318+0000][2108][safepoint   ] Safepoint "ICBufferFull", Time since last: 559170955 ns, Reaching safepoint: 181424 ns, At safepoint: 3170 ns, Total: 184594 ns
[2021-04-23T13:53:48.423+0000][2108][safepoint   ] Safepoint "Cleanup", Time since last: 1104729573 ns, Reaching safepoint: 145388 ns, At safepoint: 5969 ns, Total: 151357 ns
[2021-04-23T13:53:49.426+0000][2108][safepoint   ] Safepoint "Cleanup", Time since last: 1002807023 ns, Reaching safepoint: 75102 ns, At safepoint: 3835 ns, Total: 78937 ns
[2021-04-23T13:53:50.429+0000][2108][safepoint   ] Safepoint "Cleanup", Time since last: 1002898968 ns, Reaching safepoint: 62511 ns, At safepoint: 6619 ns, Total: 69130 ns
[2021-04-23T13:53:51.239+0000][2108][safepoint   ] Safepoint "ICBufferFull", Time since last: 810066514 ns, Reaching safepoint: 195797 ns, At safepoint: 71902 ns, Total: 267699 ns
[2021-04-23T13:53:51.240+0000][2108][safepoint   ] Safepoint "ICBufferFull", Time since last: 346577 ns, Reaching safepoint: 61103 ns, At safepoint: 90941 ns, Total: 152044 ns
[2021-04-23T13:53:51.240+0000][2108][safepoint   ] Safepoint "ICBufferFull", Time since last: 51371 ns, Reaching safepoint: 121625 ns, At safepoint: 103998 ns, Total: 225623 ns
[2021-04-23T13:53:51.512+0000][2108][safepoint   ] Safepoint "ICBufferFull", Time since last: 271514152 ns, Reaching safepoint: 123446 ns, At safepoint: 8787 ns, Total: 132233 ns
[2021-04-23T13:53:51.558+0000][2108][safepoint   ] Safepoint "ICBufferFull", Time since last: 46181868 ns, Reaching safepoint: 240240 ns, At safepoint: 28453 ns, Total: 268693 ns
[2021-04-23T13:53:51.980+0000][2108][safepoint   ] Safepoint "ICBufferFull", Time since last: 421332947 ns, Reaching safepoint: 108211 ns, At safepoint: 13453 ns, Total: 121664 ns
[2021-04-23T13:53:52.434+0000][2108][safepoint   ] Safepoint "ICBufferFull", Time since last: 453469321 ns, Reaching safepoint: 170804 ns, At safepoint: 43139 ns, Total: 213943 ns
[2021-04-23T13:53:52.699+0000][2108][safepoint   ] Safepoint "ICBufferFull", Time since last: 265413419 ns, Reaching safepoint: 109409 ns, At safepoint: 10028 ns, Total: 119437 ns
[2021-04-23T13:53:53.078+0000][2108][safepoint   ] Safepoint "ICBufferFull", Time since last: 378586051 ns, Reaching safepoint: 98009 ns, At safepoint: 6419 ns, Total: 104428 ns
[2021-04-23T13:53:53.825+0000][2108][safepoint   ] Safepoint "ICBufferFull", Time since last: 747558991 ns, Reaching safepoint: 108806 ns, At safepoint: 11496 ns, Total: 120302 ns
[2021-04-23T13:53:54.830+0000][2108][safepoint   ] Safepoint "Cleanup", Time since last: 1004734247 ns, Reaching safepoint: 117331 ns, At safepoint: 35331 ns, Total: 152662 ns
[2021-04-23T13:53:56.839+0000][2108][safepoint   ] Safepoint "Cleanup", Time since last: 2008094793 ns, Reaching safepoint: 110524 ns, At safepoint: 5702 ns, Total: 116226 ns
[2021-04-23T13:54:11.897+0000][2108][safepoint   ] Safepoint "Cleanup", Time since last: 15058145838 ns, Reaching safepoint: 87706 ns, At safepoint: 4083 ns, Total: 91789 ns
[2021-04-23T13:54:12.903+0000][2108][safepoint   ] Safepoint "Cleanup", Time since last: 1005465219 ns, Reaching safepoint: 98724 ns, At safepoint: 6250 ns, Total: 104974 ns
[2021-04-23T13:54:13.907+0000][2108][safepoint   ] Safepoint "Cleanup", Time since last: 1003516794 ns, Reaching safepoint: 93630 ns, At safepoint: 5164 ns, Total: 98794 ns
[2021-04-23T13:54:17.923+0000][2108][safepoint   ] Safepoint "Cleanup", Time since last: 4015910246 ns, Reaching safepoint: 58902 ns, At safepoint: 3532 ns, Total: 62434 ns
[2021-04-23T13:54:18.926+0000][2108][safepoint   ] Safepoint "Cleanup", Time since last: 1003259797 ns, Reaching safepoint: 56531 ns, At safepoint: 9283 ns, Total: 65814 ns
[2021-04-23T13:54:21.933+0000][2108][safepoint   ] Safepoint "Cleanup", Time since last: 3006483144 ns, Reaching safepoint: 46593 ns, At safepoint: 3914 ns, Total: 50507 ns
[2021-04-23T13:54:26.664+0000][2108][safepoint   ] Safepoint "Cleanup", Time since last: 4731494383 ns, Reaching safepoint: 40189 ns, At safepoint: 9890 ns, Total: 50079 ns
[2021-04-23T13:54:27.809+0000][2108][safepoint   ] Safepoint "Cleanup", Time since last: 1144445675 ns, Reaching safepoint: 174443 ns, At safepoint: 8029 ns, Total: 182472 ns
[2021-04-23T13:54:31.825+0000][2108][safepoint   ] Safepoint "Cleanup", Time since last: 4015497084 ns, Reaching safepoint: 74854 ns, At safepoint: 2976 ns, Total: 77830 ns
[2021-04-23T13:54:35.520+0000][2108][safepoint   ] Safepoint "Cleanup", Time since last: 3694752011 ns, Reaching safepoint: 48940 ns, At safepoint: 57096 ns, Total: 106036 ns
[2021-04-23T13:54:35.963+0000][2108][gc,heap,exit] Heap
[2021-04-23T13:54:35.963+0000][2108][gc,heap,exit]  garbage-first heap   total 16777216K, used 718182K [0x0000000400000000, 0x0000000800000000)
[2021-04-23T13:54:35.963+0000][2108][gc,heap,exit]   region size 8192K, 85 young (696320K), 7 survivors (57344K)
[2021-04-23T13:54:35.963+0000][2108][gc,heap,exit]  Metaspace       used 92120K, committed 93568K, reserved 1130496K
[2021-04-23T13:54:35.963+0000][2108][gc,heap,exit]   class space    used 12898K, committed 13504K, reserved 1048576K
