[2021-04-08T00:30:45.979+0000][19637][gc] Using G1
[2021-04-08T00:31:05.136+0000][19637][gc,init] Version: 15.0.1+9 (release)
[2021-04-08T00:31:05.137+0000][19637][gc,init] CPUs: 8 total, 8 available
[2021-04-08T00:31:05.137+0000][19637][gc,init] Memory: 16244M
[2021-04-08T00:31:05.137+0000][19637][gc,init] Large Page Support: Disabled
[2021-04-08T00:31:05.137+0000][19637][gc,init] NUMA Support: Disabled
[2021-04-08T00:31:05.137+0000][19637][gc,init] Compressed Oops: Enabled (Zero based)
[2021-04-08T00:31:05.137+0000][19637][gc,init] Heap Region Size: 4M
[2021-04-08T00:31:05.137+0000][19637][gc,init] Heap Min Capacity: 8124M
[2021-04-08T00:31:05.137+0000][19637][gc,init] Heap Initial Capacity: 8124M
[2021-04-08T00:31:05.137+0000][19637][gc,init] Heap Max Capacity: 8124M
[2021-04-08T00:31:05.140+0000][19637][gc,init] Pre-touch: Enabled
[2021-04-08T00:31:05.140+0000][19637][gc,init] Parallel Workers: 8
[2021-04-08T00:31:05.140+0000][19637][gc,init] Concurrent Workers: 2
[2021-04-08T00:31:05.140+0000][19637][gc,init] Concurrent Refinement Workers: 8
[2021-04-08T00:31:05.140+0000][19637][gc,init] Periodic GC: Disabled
[2021-04-08T00:31:05.144+0000][19637][gc,cds ] Mark closed archive regions in map: [0x00000007ffc00000, 0x00000007ffc7bff8]
[2021-04-08T00:31:05.166+0000][19637][gc,cds ] Mark open archive regions in map: [0x00000007ffb00000, 0x00000007ffb51ff8]
[2021-04-08T00:31:05.189+0000][19637][gc,metaspace] CDS archive(s) mapped at: [0x0000000800000000-0x0000000800b2a000-0x0000000800b2a000), size 11706368, SharedBaseAddress: 0x0000000800000000, ArchiveRelocationMode: 0.
[2021-04-08T00:31:05.189+0000][19637][gc,metaspace] Compressed class space mapped at: 0x0000000800b2c000-0x0000000840b2c000, size: 1073741824
[2021-04-08T00:31:05.189+0000][19637][gc,metaspace] Narrow klass base: 0x0000000800000000, Narrow klass shift: 3, Narrow klass range: 0x100000000
[2021-04-08T00:31:06.033+0000][19637][safepoint   ] Safepoint "ICBufferFull", Time since last: 810989500 ns, Reaching safepoint: 164600 ns, At safepoint: 15100 ns, Total: 179700 ns
[2021-04-08T00:31:06.669+0000][19637][safepoint   ] Safepoint "ICBufferFull", Time since last: 635787400 ns, Reaching safepoint: 127300 ns, At safepoint: 12800 ns, Total: 140100 ns
[2021-04-08T00:31:07.758+0000][19637][safepoint   ] Safepoint "Cleanup", Time since last: 1089018200 ns, Reaching safepoint: 226900 ns, At safepoint: 7900 ns, Total: 234800 ns
[2021-04-08T00:31:08.584+0000][19637][safepoint   ] Safepoint "ICBufferFull", Time since last: 824921200 ns, Reaching safepoint: 202100 ns, At safepoint: 12600 ns, Total: 214700 ns
[2021-04-08T00:31:08.722+0000][19637][safepoint   ] Safepoint "ICBufferFull", Time since last: 138691800 ns, Reaching safepoint: 128800 ns, At safepoint: 9300 ns, Total: 138100 ns
[2021-04-08T00:31:08.728+0000][19637][safepoint   ] Safepoint "ICBufferFull", Time since last: 5743100 ns, Reaching safepoint: 86700 ns, At safepoint: 11000 ns, Total: 97700 ns
[2021-04-08T00:31:08.732+0000][19637][safepoint   ] Safepoint "ICBufferFull", Time since last: 3780800 ns, Reaching safepoint: 91600 ns, At safepoint: 7400 ns, Total: 99000 ns
[2021-04-08T00:31:08.736+0000][19637][safepoint   ] Safepoint "ICBufferFull", Time since last: 3831000 ns, Reaching safepoint: 61600 ns, At safepoint: 8100 ns, Total: 69700 ns
[2021-04-08T00:31:08.742+0000][19637][safepoint   ] Safepoint "ICBufferFull", Time since last: 5512200 ns, Reaching safepoint: 58500 ns, At safepoint: 8100 ns, Total: 66600 ns
[2021-04-08T00:31:08.745+0000][19637][safepoint   ] Safepoint "ICBufferFull", Time since last: 3695000 ns, Reaching safepoint: 103800 ns, At safepoint: 27600 ns, Total: 131400 ns
[2021-04-08T00:31:08.749+0000][19637][safepoint   ] Safepoint "ICBufferFull", Time since last: 3202900 ns, Reaching safepoint: 56500 ns, At safepoint: 7700 ns, Total: 64200 ns
[2021-04-08T00:31:08.752+0000][19637][safepoint   ] Safepoint "ICBufferFull", Time since last: 3231200 ns, Reaching safepoint: 54200 ns, At safepoint: 7900 ns, Total: 62100 ns
[2021-04-08T00:31:08.758+0000][19637][safepoint   ] Safepoint "ICBufferFull", Time since last: 5524300 ns, Reaching safepoint: 67000 ns, At safepoint: 9300 ns, Total: 76300 ns
[2021-04-08T00:31:08.763+0000][19637][safepoint   ] Safepoint "ICBufferFull", Time since last: 5325300 ns, Reaching safepoint: 69900 ns, At safepoint: 9900 ns, Total: 79800 ns
[2021-04-08T00:31:08.767+0000][19637][safepoint   ] Safepoint "ICBufferFull", Time since last: 3703400 ns, Reaching safepoint: 63700 ns, At safepoint: 7500 ns, Total: 71200 ns
[2021-04-08T00:31:08.771+0000][19637][safepoint   ] Safepoint "ICBufferFull", Time since last: 4259300 ns, Reaching safepoint: 65100 ns, At safepoint: 13000 ns, Total: 78100 ns
[2021-04-08T00:31:08.775+0000][19637][safepoint   ] Safepoint "ICBufferFull", Time since last: 3643600 ns, Reaching safepoint: 58200 ns, At safepoint: 9800 ns, Total: 68000 ns
[2021-04-08T00:31:08.780+0000][19637][safepoint   ] Safepoint "ICBufferFull", Time since last: 4838300 ns, Reaching safepoint: 125900 ns, At safepoint: 11000 ns, Total: 136900 ns
[2021-04-08T00:31:08.784+0000][19637][safepoint   ] Safepoint "ICBufferFull", Time since last: 3542400 ns, Reaching safepoint: 143300 ns, At safepoint: 11300 ns, Total: 154600 ns
[2021-04-08T00:31:08.787+0000][19637][safepoint   ] Safepoint "ICBufferFull", Time since last: 3691800 ns, Reaching safepoint: 125200 ns, At safepoint: 11800 ns, Total: 137000 ns
[2021-04-08T00:31:08.792+0000][19637][safepoint   ] Safepoint "ICBufferFull", Time since last: 3990300 ns, Reaching safepoint: 141100 ns, At safepoint: 11800 ns, Total: 152900 ns
[2021-04-08T00:31:08.798+0000][19637][safepoint   ] Safepoint "ICBufferFull", Time since last: 5913600 ns, Reaching safepoint: 117400 ns, At safepoint: 11200 ns, Total: 128600 ns
[2021-04-08T00:31:08.805+0000][19637][safepoint   ] Safepoint "ICBufferFull", Time since last: 7522800 ns, Reaching safepoint: 154500 ns, At safepoint: 13900 ns, Total: 168400 ns
[2021-04-08T00:31:08.807+0000][19637][safepoint   ] Safepoint "ICBufferFull", Time since last: 1141800 ns, Reaching safepoint: 132000 ns, At safepoint: 12700 ns, Total: 144700 ns
[2021-04-08T00:31:08.808+0000][19637][safepoint   ] Safepoint "ICBufferFull", Time since last: 959700 ns, Reaching safepoint: 123700 ns, At safepoint: 11500 ns, Total: 135200 ns
[2021-04-08T00:31:09.340+0000][19637][gc,start    ] GC(0) Pause Young (Normal) (G1 Evacuation Pause)
[2021-04-08T00:31:09.341+0000][19637][gc,task     ] GC(0) Using 8 workers of 8 for evacuation
[2021-04-08T00:31:09.341+0000][19637][gc,age      ] GC(0) Desired survivor size 27262976 bytes, new threshold 15 (max threshold 15)
[2021-04-08T00:31:09.350+0000][19637][gc,age      ] GC(0) Age table with threshold 15 (max threshold 15)
[2021-04-08T00:31:09.350+0000][19637][gc,age      ] GC(0) - age   1:   12625768 bytes,   12625768 total
[2021-04-08T00:31:09.350+0000][19637][gc,phases   ] GC(0)   Pre Evacuate Collection Set: 0.4ms
[2021-04-08T00:31:09.350+0000][19637][gc,phases   ] GC(0)   Merge Heap Roots: 0.2ms
[2021-04-08T00:31:09.350+0000][19637][gc,phases   ] GC(0)   Evacuate Collection Set: 7.1ms
[2021-04-08T00:31:09.350+0000][19637][gc,phases   ] GC(0)   Post Evacuate Collection Set: 1.3ms
[2021-04-08T00:31:09.350+0000][19637][gc,phases   ] GC(0)   Other: 1.0ms
[2021-04-08T00:31:09.350+0000][19637][gc,heap     ] GC(0) Eden regions: 101->0(97)
[2021-04-08T00:31:09.350+0000][19637][gc,heap     ] GC(0) Survivor regions: 0->4(13)
[2021-04-08T00:31:09.350+0000][19637][gc,heap     ] GC(0) Old regions: 0->0
[2021-04-08T00:31:09.350+0000][19637][gc,heap     ] GC(0) Archive regions: 2->2
[2021-04-08T00:31:09.350+0000][19637][gc,heap     ] GC(0) Humongous regions: 0->0
[2021-04-08T00:31:09.350+0000][19637][gc,metaspace] GC(0) Metaspace: 18598K(19328K)->18598K(19328K) NonClass: 16386K(16896K)->16386K(16896K) Class: 2211K(2432K)->2211K(2432K)
[2021-04-08T00:31:09.350+0000][19637][gc          ] GC(0) Pause Young (Normal) (G1 Evacuation Pause) 407M->15M(8124M) 10.040ms
[2021-04-08T00:31:09.350+0000][19637][gc,cpu      ] GC(0) User=0.02s Sys=0.02s Real=0.01s
[2021-04-08T00:31:09.350+0000][19637][safepoint   ] Safepoint "G1CollectForAllocation", Time since last: 532073800 ns, Reaching safepoint: 168000 ns, At safepoint: 10227100 ns, Total: 10395100 ns
[2021-04-08T00:31:09.930+0000][19637][gc,start    ] GC(1) Pause Young (Normal) (G1 Evacuation Pause)
[2021-04-08T00:31:09.931+0000][19637][gc,task     ] GC(1) Using 8 workers of 8 for evacuation
[2021-04-08T00:31:09.931+0000][19637][gc,age      ] GC(1) Desired survivor size 27262976 bytes, new threshold 15 (max threshold 15)
[2021-04-08T00:31:09.937+0000][19637][gc,age      ] GC(1) Age table with threshold 15 (max threshold 15)
[2021-04-08T00:31:09.937+0000][19637][gc,age      ] GC(1) - age   1:    1317864 bytes,    1317864 total
[2021-04-08T00:31:09.937+0000][19637][gc,age      ] GC(1) - age   2:   12099880 bytes,   13417744 total
[2021-04-08T00:31:09.937+0000][19637][gc,phases   ] GC(1)   Pre Evacuate Collection Set: 0.2ms
[2021-04-08T00:31:09.937+0000][19637][gc,phases   ] GC(1)   Merge Heap Roots: 0.1ms
[2021-04-08T00:31:09.937+0000][19637][gc,phases   ] GC(1)   Evacuate Collection Set: 5.1ms
[2021-04-08T00:31:09.937+0000][19637][gc,phases   ] GC(1)   Post Evacuate Collection Set: 0.7ms
[2021-04-08T00:31:09.937+0000][19637][gc,phases   ] GC(1)   Other: 0.3ms
[2021-04-08T00:31:09.937+0000][19637][gc,heap     ] GC(1) Eden regions: 97->0(98)
[2021-04-08T00:31:09.937+0000][19637][gc,heap     ] GC(1) Survivor regions: 4->4(13)
[2021-04-08T00:31:09.937+0000][19637][gc,heap     ] GC(1) Old regions: 0->0
[2021-04-08T00:31:09.937+0000][19637][gc,heap     ] GC(1) Archive regions: 2->2
[2021-04-08T00:31:09.937+0000][19637][gc,heap     ] GC(1) Humongous regions: 0->0
[2021-04-08T00:31:09.937+0000][19637][gc,metaspace] GC(1) Metaspace: 19190K(19968K)->19190K(19968K) NonClass: 16890K(17408K)->16890K(17408K) Class: 2300K(2560K)->2300K(2560K)
[2021-04-08T00:31:09.937+0000][19637][gc          ] GC(1) Pause Young (Normal) (G1 Evacuation Pause) 403M->17M(8124M) 6.435ms
[2021-04-08T00:31:09.937+0000][19637][gc,cpu      ] GC(1) User=0.11s Sys=0.00s Real=0.00s
[2021-04-08T00:31:09.937+0000][19637][safepoint   ] Safepoint "G1CollectForAllocation", Time since last: 580230600 ns, Reaching safepoint: 97600 ns, At safepoint: 6551700 ns, Total: 6649300 ns
[2021-04-08T00:31:10.424+0000][19637][gc,start    ] GC(2) Pause Young (Normal) (G1 Evacuation Pause)
[2021-04-08T00:31:10.424+0000][19637][gc,task     ] GC(2) Using 8 workers of 8 for evacuation
[2021-04-08T00:31:10.424+0000][19637][gc,age      ] GC(2) Desired survivor size 27262976 bytes, new threshold 15 (max threshold 15)
[2021-04-08T00:31:10.433+0000][19637][gc,age      ] GC(2) Age table with threshold 15 (max threshold 15)
[2021-04-08T00:31:10.433+0000][19637][gc,age      ] GC(2) - age   1:    3825240 bytes,    3825240 total
[2021-04-08T00:31:10.433+0000][19637][gc,age      ] GC(2) - age   2:    1278448 bytes,    5103688 total
[2021-04-08T00:31:10.433+0000][19637][gc,age      ] GC(2) - age   3:   12095848 bytes,   17199536 total
[2021-04-08T00:31:10.433+0000][19637][gc,phases   ] GC(2)   Pre Evacuate Collection Set: 0.2ms
[2021-04-08T00:31:10.433+0000][19637][gc,phases   ] GC(2)   Merge Heap Roots: 0.1ms
[2021-04-08T00:31:10.433+0000][19637][gc,phases   ] GC(2)   Evacuate Collection Set: 7.3ms
[2021-04-08T00:31:10.433+0000][19637][gc,phases   ] GC(2)   Post Evacuate Collection Set: 0.7ms
[2021-04-08T00:31:10.433+0000][19637][gc,phases   ] GC(2)   Other: 0.3ms
[2021-04-08T00:31:10.433+0000][19637][gc,heap     ] GC(2) Eden regions: 98->0(110)
[2021-04-08T00:31:10.433+0000][19637][gc,heap     ] GC(2) Survivor regions: 4->5(13)
[2021-04-08T00:31:10.433+0000][19637][gc,heap     ] GC(2) Old regions: 0->0
[2021-04-08T00:31:10.433+0000][19637][gc,heap     ] GC(2) Archive regions: 2->2
[2021-04-08T00:31:10.433+0000][19637][gc,heap     ] GC(2) Humongous regions: 0->0
[2021-04-08T00:31:10.433+0000][19637][gc,metaspace] GC(2) Metaspace: 19527K(20480K)->19527K(20480K) NonClass: 17189K(17920K)->17189K(17920K) Class: 2337K(2560K)->2337K(2560K)
[2021-04-08T00:31:10.433+0000][19637][gc          ] GC(2) Pause Young (Normal) (G1 Evacuation Pause) 409M->21M(8124M) 8.838ms
[2021-04-08T00:31:10.433+0000][19637][gc,cpu      ] GC(2) User=0.00s Sys=0.00s Real=0.01s
[2021-04-08T00:31:10.433+0000][19637][safepoint   ] Safepoint "G1CollectForAllocation", Time since last: 487062100 ns, Reaching safepoint: 122200 ns, At safepoint: 9013700 ns, Total: 9135900 ns
[2021-04-08T00:31:10.912+0000][19637][gc,start    ] GC(3) Pause Young (Normal) (G1 Evacuation Pause)
[2021-04-08T00:31:10.912+0000][19637][gc,task     ] GC(3) Using 8 workers of 8 for evacuation
[2021-04-08T00:31:10.912+0000][19637][gc,age      ] GC(3) Desired survivor size 31457280 bytes, new threshold 15 (max threshold 15)
[2021-04-08T00:31:10.919+0000][19637][gc,age      ] GC(3) Age table with threshold 15 (max threshold 15)
[2021-04-08T00:31:10.919+0000][19637][gc,age      ] GC(3) - age   1:     567920 bytes,     567920 total
[2021-04-08T00:31:10.919+0000][19637][gc,age      ] GC(3) - age   2:    2065592 bytes,    2633512 total
[2021-04-08T00:31:10.919+0000][19637][gc,age      ] GC(3) - age   3:    1278160 bytes,    3911672 total
[2021-04-08T00:31:10.919+0000][19637][gc,age      ] GC(3) - age   4:   12095496 bytes,   16007168 total
[2021-04-08T00:31:10.919+0000][19637][gc,phases   ] GC(3)   Pre Evacuate Collection Set: 0.2ms
[2021-04-08T00:31:10.919+0000][19637][gc,phases   ] GC(3)   Merge Heap Roots: 0.1ms
[2021-04-08T00:31:10.919+0000][19637][gc,phases   ] GC(3)   Evacuate Collection Set: 5.7ms
[2021-04-08T00:31:10.919+0000][19637][gc,phases   ] GC(3)   Post Evacuate Collection Set: 0.8ms
[2021-04-08T00:31:10.919+0000][19637][gc,phases   ] GC(3)   Other: 0.3ms
[2021-04-08T00:31:10.919+0000][19637][gc,heap     ] GC(3) Eden regions: 110->0(1102)
[2021-04-08T00:31:10.919+0000][19637][gc,heap     ] GC(3) Survivor regions: 5->5(15)
[2021-04-08T00:31:10.919+0000][19637][gc,heap     ] GC(3) Old regions: 0->0
[2021-04-08T00:31:10.919+0000][19637][gc,heap     ] GC(3) Archive regions: 2->2
[2021-04-08T00:31:10.919+0000][19637][gc,heap     ] GC(3) Humongous regions: 0->0
[2021-04-08T00:31:10.919+0000][19637][gc,metaspace] GC(3) Metaspace: 19896K(21120K)->19896K(21120K) NonClass: 17490K(18432K)->17490K(18432K) Class: 2406K(2688K)->2406K(2688K)
[2021-04-08T00:31:10.919+0000][19637][gc          ] GC(3) Pause Young (Normal) (G1 Evacuation Pause) 461M->20M(8124M) 7.254ms
[2021-04-08T00:31:10.919+0000][19637][gc,cpu      ] GC(3) User=0.02s Sys=0.00s Real=0.01s
[2021-04-08T00:31:10.919+0000][19637][safepoint   ] Safepoint "G1CollectForAllocation", Time since last: 478651500 ns, Reaching safepoint: 146400 ns, At safepoint: 7359900 ns, Total: 7506300 ns
[2021-04-08T00:31:11.418+0000][19637][gc,start    ] GC(4) Pause Young (Concurrent Start) (Metadata GC Threshold)
[2021-04-08T00:31:11.418+0000][19637][gc,task     ] GC(4) Using 8 workers of 8 for evacuation
[2021-04-08T00:31:11.418+0000][19637][gc,age      ] GC(4) Desired survivor size 291504128 bytes, new threshold 15 (max threshold 15)
[2021-04-08T00:31:11.431+0000][19637][gc,age      ] GC(4) Age table with threshold 15 (max threshold 15)
[2021-04-08T00:31:11.431+0000][19637][gc,age      ] GC(4) - age   1:    1609744 bytes,    1609744 total
[2021-04-08T00:31:11.431+0000][19637][gc,age      ] GC(4) - age   2:     541560 bytes,    2151304 total
[2021-04-08T00:31:11.431+0000][19637][gc,age      ] GC(4) - age   3:    2065592 bytes,    4216896 total
[2021-04-08T00:31:11.431+0000][19637][gc,age      ] GC(4) - age   4:    1276448 bytes,    5493344 total
[2021-04-08T00:31:11.431+0000][19637][gc,age      ] GC(4) - age   5:   12095288 bytes,   17588632 total
[2021-04-08T00:31:11.431+0000][19637][gc,phases   ] GC(4)   Pre Evacuate Collection Set: 0.3ms
[2021-04-08T00:31:11.431+0000][19637][gc,phases   ] GC(4)   Merge Heap Roots: 0.2ms
[2021-04-08T00:31:11.431+0000][19637][gc,phases   ] GC(4)   Evacuate Collection Set: 10.2ms
[2021-04-08T00:31:11.431+0000][19637][gc,phases   ] GC(4)   Post Evacuate Collection Set: 0.8ms
[2021-04-08T00:31:11.431+0000][19637][gc,phases   ] GC(4)   Other: 1.6ms
[2021-04-08T00:31:11.431+0000][19637][gc,heap     ] GC(4) Eden regions: 88->0(1100)
[2021-04-08T00:31:11.431+0000][19637][gc,heap     ] GC(4) Survivor regions: 5->5(139)
[2021-04-08T00:31:11.431+0000][19637][gc,heap     ] GC(4) Old regions: 0->0
[2021-04-08T00:31:11.431+0000][19637][gc,heap     ] GC(4) Archive regions: 2->2
[2021-04-08T00:31:11.431+0000][19637][gc,heap     ] GC(4) Humongous regions: 0->0
[2021-04-08T00:31:11.431+0000][19637][gc,metaspace] GC(4) Metaspace: 20111K(21296K)->20111K(21296K) NonClass: 17663K(18608K)->17663K(18608K) Class: 2447K(2688K)->2447K(2688K)
[2021-04-08T00:31:11.431+0000][19637][gc          ] GC(4) Pause Young (Concurrent Start) (Metadata GC Threshold) 370M->21M(8124M) 13.195ms
[2021-04-08T00:31:11.431+0000][19637][gc,cpu      ] GC(4) User=0.02s Sys=0.01s Real=0.01s
[2021-04-08T00:31:11.431+0000][19637][gc          ] GC(5) Concurrent Cycle
[2021-04-08T00:31:11.431+0000][19637][gc,marking  ] GC(5) Concurrent Clear Claimed Marks
[2021-04-08T00:31:11.432+0000][19637][gc,marking  ] GC(5) Concurrent Clear Claimed Marks 0.048ms
[2021-04-08T00:31:11.432+0000][19637][gc,marking  ] GC(5) Concurrent Scan Root Regions
[2021-04-08T00:31:11.432+0000][19637][safepoint   ] Safepoint "CollectForMetadataAllocation", Time since last: 498607200 ns, Reaching safepoint: 90400 ns, At safepoint: 14044800 ns, Total: 14135200 ns
[2021-04-08T00:31:11.436+0000][19637][gc,marking  ] GC(5) Concurrent Scan Root Regions 4.497ms
[2021-04-08T00:31:11.436+0000][19637][gc,marking  ] GC(5) Concurrent Mark (25.488s)
[2021-04-08T00:31:11.436+0000][19637][gc,marking  ] GC(5) Concurrent Mark From Roots
[2021-04-08T00:31:11.436+0000][19637][gc,task     ] GC(5) Using 2 workers of 2 for marking
[2021-04-08T00:31:11.440+0000][19637][gc,marking  ] GC(5) Concurrent Mark From Roots 3.923ms
[2021-04-08T00:31:11.440+0000][19637][gc,marking  ] GC(5) Concurrent Preclean
[2021-04-08T00:31:11.440+0000][19637][gc,marking  ] GC(5) Concurrent Preclean 0.245ms
[2021-04-08T00:31:11.440+0000][19637][gc,marking  ] GC(5) Concurrent Mark (25.488s, 25.492s) 4.243ms
[2021-04-08T00:31:11.441+0000][19637][gc,start    ] GC(5) Pause Remark
[2021-04-08T00:31:11.442+0000][19637][gc          ] GC(5) Pause Remark 23M->23M(8124M) 1.713ms
[2021-04-08T00:31:11.442+0000][19637][gc,cpu      ] GC(5) User=0.00s Sys=0.00s Real=0.00s
[2021-04-08T00:31:11.442+0000][19637][safepoint   ] Safepoint "G1Concurrent", Time since last: 8305400 ns, Reaching safepoint: 118700 ns, At safepoint: 1800200 ns, Total: 1918900 ns
[2021-04-08T00:31:11.442+0000][19637][gc,marking  ] GC(5) Concurrent Rebuild Remembered Sets
[2021-04-08T00:31:11.444+0000][19637][gc,marking  ] GC(5) Concurrent Rebuild Remembered Sets 1.217ms
[2021-04-08T00:31:11.445+0000][19637][gc,start    ] GC(5) Pause Cleanup
[2021-04-08T00:31:11.445+0000][19637][gc          ] GC(5) Pause Cleanup 23M->23M(8124M) 0.426ms
[2021-04-08T00:31:11.445+0000][19637][gc,cpu      ] GC(5) User=0.00s Sys=0.00s Real=0.00s
[2021-04-08T00:31:11.445+0000][19637][safepoint   ] Safepoint "G1Concurrent", Time since last: 1370300 ns, Reaching safepoint: 1160500 ns, At safepoint: 524100 ns, Total: 1684600 ns
[2021-04-08T00:31:11.445+0000][19637][gc,marking  ] GC(5) Concurrent Cleanup for Next Mark
[2021-04-08T00:31:11.464+0000][19637][gc,marking  ] GC(5) Concurrent Cleanup for Next Mark 18.929ms
[2021-04-08T00:31:11.465+0000][19637][gc          ] GC(5) Concurrent Cycle 33.093ms
[2021-04-08T00:31:12.459+0000][19637][safepoint   ] Safepoint "Cleanup", Time since last: 1013288900 ns, Reaching safepoint: 681400 ns, At safepoint: 10500 ns, Total: 691900 ns
[2021-04-08T00:31:13.136+0000][19637][safepoint   ] Safepoint "ICBufferFull", Time since last: 676842800 ns, Reaching safepoint: 228800 ns, At safepoint: 12400 ns, Total: 241200 ns
[2021-04-08T00:31:13.769+0000][19637][safepoint   ] Safepoint "ICBufferFull", Time since last: 632581400 ns, Reaching safepoint: 264800 ns, At safepoint: 12600 ns, Total: 277400 ns
[2021-04-08T00:31:15.118+0000][19637][gc,start    ] GC(6) Pause Young (Concurrent Start) (Metadata GC Threshold)
[2021-04-08T00:31:15.118+0000][19637][gc,task     ] GC(6) Using 8 workers of 8 for evacuation
[2021-04-08T00:31:15.118+0000][19637][gc,age      ] GC(6) Desired survivor size 320864256 bytes, new threshold 15 (max threshold 15)
[2021-04-08T00:31:15.144+0000][19637][gc,age      ] GC(6) Age table with threshold 15 (max threshold 15)
[2021-04-08T00:31:15.144+0000][19637][gc,age      ] GC(6) - age   1:   40164016 bytes,   40164016 total
[2021-04-08T00:31:15.144+0000][19637][gc,age      ] GC(6) - age   2:    1574920 bytes,   41738936 total
[2021-04-08T00:31:15.144+0000][19637][gc,age      ] GC(6) - age   3:     528336 bytes,   42267272 total
[2021-04-08T00:31:15.144+0000][19637][gc,age      ] GC(6) - age   4:    2049680 bytes,   44316952 total
[2021-04-08T00:31:15.144+0000][19637][gc,age      ] GC(6) - age   5:    1260144 bytes,   45577096 total
[2021-04-08T00:31:15.144+0000][19637][gc,age      ] GC(6) - age   6:   11965440 bytes,   57542536 total
[2021-04-08T00:31:15.144+0000][19637][gc,phases   ] GC(6)   Pre Evacuate Collection Set: 0.2ms
[2021-04-08T00:31:15.144+0000][19637][gc,phases   ] GC(6)   Merge Heap Roots: 0.1ms
[2021-04-08T00:31:15.144+0000][19637][gc,phases   ] GC(6)   Evacuate Collection Set: 23.6ms
[2021-04-08T00:31:15.144+0000][19637][gc,phases   ] GC(6)   Post Evacuate Collection Set: 1.6ms
[2021-04-08T00:31:15.144+0000][19637][gc,phases   ] GC(6)   Other: 0.4ms
[2021-04-08T00:31:15.144+0000][19637][gc,heap     ] GC(6) Eden regions: 265->0(307)
[2021-04-08T00:31:15.144+0000][19637][gc,heap     ] GC(6) Survivor regions: 5->15(153)
[2021-04-08T00:31:15.144+0000][19637][gc,heap     ] GC(6) Old regions: 0->0
[2021-04-08T00:31:15.144+0000][19637][gc,heap     ] GC(6) Archive regions: 2->2
[2021-04-08T00:31:15.144+0000][19637][gc,heap     ] GC(6) Humongous regions: 0->0
[2021-04-08T00:31:15.144+0000][19637][gc,metaspace] GC(6) Metaspace: 33773K(35968K)->33773K(35968K) NonClass: 29450K(30976K)->29450K(30976K) Class: 4322K(4992K)->4322K(4992K)
[2021-04-08T00:31:15.144+0000][19637][gc          ] GC(6) Pause Young (Concurrent Start) (Metadata GC Threshold) 1079M->60M(8124M) 26.114ms
[2021-04-08T00:31:15.144+0000][19637][gc,cpu      ] GC(6) User=0.12s Sys=0.00s Real=0.02s
[2021-04-08T00:31:15.144+0000][19637][gc          ] GC(7) Concurrent Cycle
[2021-04-08T00:31:15.144+0000][19637][gc,marking  ] GC(7) Concurrent Clear Claimed Marks
[2021-04-08T00:31:15.144+0000][19637][gc,marking  ] GC(7) Concurrent Clear Claimed Marks 0.055ms
[2021-04-08T00:31:15.144+0000][19637][gc,marking  ] GC(7) Concurrent Scan Root Regions
[2021-04-08T00:31:15.144+0000][19637][safepoint   ] Safepoint "CollectForMetadataAllocation", Time since last: 1348424200 ns, Reaching safepoint: 170100 ns, At safepoint: 26544300 ns, Total: 26714400 ns
[2021-04-08T00:31:15.160+0000][19637][gc,marking  ] GC(7) Concurrent Scan Root Regions 15.848ms
[2021-04-08T00:31:15.160+0000][19637][gc,marking  ] GC(7) Concurrent Mark (29.212s)
[2021-04-08T00:31:15.160+0000][19637][gc,marking  ] GC(7) Concurrent Mark From Roots
[2021-04-08T00:31:15.160+0000][19637][gc,task     ] GC(7) Using 2 workers of 2 for marking
[2021-04-08T00:31:15.164+0000][19637][safepoint   ] Safepoint "CollectForMetadataAllocation", Time since last: 19164200 ns, Reaching safepoint: 138900 ns, At safepoint: 361600 ns, Total: 500500 ns
[2021-04-08T00:31:15.164+0000][19637][gc,marking  ] GC(7) Concurrent Mark From Roots 4.063ms
[2021-04-08T00:31:15.164+0000][19637][gc,marking  ] GC(7) Concurrent Preclean
[2021-04-08T00:31:15.164+0000][19637][gc,marking  ] GC(7) Concurrent Preclean 0.215ms
[2021-04-08T00:31:15.164+0000][19637][gc,marking  ] GC(7) Concurrent Mark (29.212s, 29.216s) 4.361ms
[2021-04-08T00:31:15.165+0000][19637][gc,start    ] GC(7) Pause Remark
[2021-04-08T00:31:15.167+0000][19637][gc          ] GC(7) Pause Remark 62M->62M(8124M) 1.894ms
[2021-04-08T00:31:15.167+0000][19637][gc,cpu      ] GC(7) User=0.00s Sys=0.00s Real=0.00s
[2021-04-08T00:31:15.167+0000][19637][safepoint   ] Safepoint "G1Concurrent", Time since last: 476600 ns, Reaching safepoint: 610700 ns, At safepoint: 1986300 ns, Total: 2597000 ns
[2021-04-08T00:31:15.167+0000][19637][gc,marking  ] GC(7) Concurrent Rebuild Remembered Sets
[2021-04-08T00:31:15.168+0000][19637][gc,marking  ] GC(7) Concurrent Rebuild Remembered Sets 0.571ms
[2021-04-08T00:31:15.169+0000][19637][gc,start    ] GC(7) Pause Cleanup
[2021-04-08T00:31:15.169+0000][19637][gc          ] GC(7) Pause Cleanup 62M->62M(8124M) 0.242ms
[2021-04-08T00:31:15.169+0000][19637][gc,cpu      ] GC(7) User=0.00s Sys=0.00s Real=0.00s
[2021-04-08T00:31:15.169+0000][19637][safepoint   ] Safepoint "G1Concurrent", Time since last: 689900 ns, Reaching safepoint: 1302300 ns, At safepoint: 329900 ns, Total: 1632200 ns
[2021-04-08T00:31:15.170+0000][19637][gc,marking  ] GC(7) Concurrent Cleanup for Next Mark
[2021-04-08T00:31:15.180+0000][19637][gc,marking  ] GC(7) Concurrent Cleanup for Next Mark 10.347ms
[2021-04-08T00:31:15.180+0000][19637][gc          ] GC(7) Concurrent Cycle 35.819ms
[2021-04-08T00:31:15.970+0000][19637][safepoint   ] Safepoint "ICBufferFull", Time since last: 800581200 ns, Reaching safepoint: 166100 ns, At safepoint: 14000 ns, Total: 180100 ns
[2021-04-08T00:31:17.144+0000][19637][safepoint   ] Safepoint "ICBufferFull", Time since last: 1174014900 ns, Reaching safepoint: 177400 ns, At safepoint: 14600 ns, Total: 192000 ns
[2021-04-08T00:31:17.239+0000][19637][safepoint   ] Safepoint "ICBufferFull", Time since last: 94331600 ns, Reaching safepoint: 194500 ns, At safepoint: 16600 ns, Total: 211100 ns
[2021-04-08T00:31:17.717+0000][19637][safepoint   ] Safepoint "ICBufferFull", Time since last: 478039400 ns, Reaching safepoint: 235400 ns, At safepoint: 14700 ns, Total: 250100 ns
[2021-04-08T00:31:18.008+0000][19637][gc,start    ] GC(8) Pause Young (Concurrent Start) (Metadata GC Threshold)
[2021-04-08T00:31:18.008+0000][19637][gc,task     ] GC(8) Using 8 workers of 8 for evacuation
[2021-04-08T00:31:18.008+0000][19637][gc,age      ] GC(8) Desired survivor size 88080384 bytes, new threshold 15 (max threshold 15)
[2021-04-08T00:31:18.038+0000][19637][gc,age      ] GC(8) Age table with threshold 15 (max threshold 15)
[2021-04-08T00:31:18.038+0000][19637][gc,age      ] GC(8) - age   1:    9895736 bytes,    9895736 total
[2021-04-08T00:31:18.038+0000][19637][gc,age      ] GC(8) - age   2:   39757616 bytes,   49653352 total
[2021-04-08T00:31:18.038+0000][19637][gc,age      ] GC(8) - age   3:    1566288 bytes,   51219640 total
[2021-04-08T00:31:18.038+0000][19637][gc,age      ] GC(8) - age   4:     515320 bytes,   51734960 total
[2021-04-08T00:31:18.038+0000][19637][gc,age      ] GC(8) - age   5:    2048040 bytes,   53783000 total
[2021-04-08T00:31:18.038+0000][19637][gc,age      ] GC(8) - age   6:    1245176 bytes,   55028176 total
[2021-04-08T00:31:18.038+0000][19637][gc,age      ] GC(8) - age   7:   11910256 bytes,   66938432 total
[2021-04-08T00:31:18.038+0000][19637][gc,phases   ] GC(8)   Pre Evacuate Collection Set: 0.2ms
[2021-04-08T00:31:18.038+0000][19637][gc,phases   ] GC(8)   Merge Heap Roots: 0.1ms
[2021-04-08T00:31:18.038+0000][19637][gc,phases   ] GC(8)   Evacuate Collection Set: 27.7ms
[2021-04-08T00:31:18.038+0000][19637][gc,phases   ] GC(8)   Post Evacuate Collection Set: 1.9ms
[2021-04-08T00:31:18.038+0000][19637][gc,phases   ] GC(8)   Other: 0.4ms
[2021-04-08T00:31:18.038+0000][19637][gc,heap     ] GC(8) Eden regions: 86->0(135)
[2021-04-08T00:31:18.038+0000][19637][gc,heap     ] GC(8) Survivor regions: 15->17(42)
[2021-04-08T00:31:18.038+0000][19637][gc,heap     ] GC(8) Old regions: 0->0
[2021-04-08T00:31:18.038+0000][19637][gc,heap     ] GC(8) Archive regions: 2->2
[2021-04-08T00:31:18.039+0000][19637][gc,heap     ] GC(8) Humongous regions: 0->0
[2021-04-08T00:31:18.039+0000][19637][gc,metaspace] GC(8) Metaspace: 58006K(61016K)->58006K(61016K) NonClass: 50366K(52440K)->50366K(52440K) Class: 7639K(8576K)->7639K(8576K)
[2021-04-08T00:31:18.039+0000][19637][gc          ] GC(8) Pause Young (Concurrent Start) (Metadata GC Threshold) 404M->71M(8124M) 30.459ms
[2021-04-08T00:31:18.039+0000][19637][gc,cpu      ] GC(8) User=0.25s Sys=0.00s Real=0.03s
[2021-04-08T00:31:18.039+0000][19637][gc          ] GC(9) Concurrent Cycle
[2021-04-08T00:31:18.039+0000][19637][gc,marking  ] GC(9) Concurrent Clear Claimed Marks
[2021-04-08T00:31:18.039+0000][19637][gc,marking  ] GC(9) Concurrent Clear Claimed Marks 0.078ms
[2021-04-08T00:31:18.039+0000][19637][gc,marking  ] GC(9) Concurrent Scan Root Regions
[2021-04-08T00:31:18.039+0000][19637][safepoint   ] Safepoint "CollectForMetadataAllocation", Time since last: 290644800 ns, Reaching safepoint: 134800 ns, At safepoint: 30763600 ns, Total: 30898400 ns
[2021-04-08T00:31:18.062+0000][19637][gc,marking  ] GC(9) Concurrent Scan Root Regions 23.392ms
[2021-04-08T00:31:18.062+0000][19637][gc,marking  ] GC(9) Concurrent Mark (32.114s)
[2021-04-08T00:31:18.062+0000][19637][gc,marking  ] GC(9) Concurrent Mark From Roots
[2021-04-08T00:31:18.062+0000][19637][gc,task     ] GC(9) Using 2 workers of 2 for marking
[2021-04-08T00:31:18.063+0000][19637][safepoint   ] Safepoint "CollectForMetadataAllocation", Time since last: 23327900 ns, Reaching safepoint: 94400 ns, At safepoint: 430700 ns, Total: 525100 ns
[2021-04-08T00:31:18.066+0000][19637][gc,marking  ] GC(9) Concurrent Mark From Roots 3.914ms
[2021-04-08T00:31:18.066+0000][19637][gc,marking  ] GC(9) Concurrent Preclean
[2021-04-08T00:31:18.067+0000][19637][gc,marking  ] GC(9) Concurrent Preclean 0.319ms
[2021-04-08T00:31:18.067+0000][19637][gc,marking  ] GC(9) Concurrent Mark (32.114s, 32.118s) 4.349ms
[2021-04-08T00:31:18.067+0000][19637][gc,start    ] GC(9) Pause Remark
[2021-04-08T00:31:18.071+0000][19637][gc          ] GC(9) Pause Remark 77M->77M(8124M) 3.204ms
[2021-04-08T00:31:18.071+0000][19637][gc,cpu      ] GC(9) User=0.00s Sys=0.00s Real=0.00s
[2021-04-08T00:31:18.071+0000][19637][safepoint   ] Safepoint "G1Concurrent", Time since last: 4008600 ns, Reaching safepoint: 601400 ns, At safepoint: 3354500 ns, Total: 3955900 ns
[2021-04-08T00:31:18.071+0000][19637][gc,marking  ] GC(9) Concurrent Rebuild Remembered Sets
[2021-04-08T00:31:18.072+0000][19637][gc,marking  ] GC(9) Concurrent Rebuild Remembered Sets 0.921ms
[2021-04-08T00:31:18.072+0000][19637][gc,start    ] GC(9) Pause Cleanup
[2021-04-08T00:31:18.072+0000][19637][gc          ] GC(9) Pause Cleanup 77M->77M(8124M) 0.315ms
[2021-04-08T00:31:18.073+0000][19637][gc,cpu      ] GC(9) User=0.00s Sys=0.00s Real=0.00s
[2021-04-08T00:31:18.073+0000][19637][safepoint   ] Safepoint "G1Concurrent", Time since last: 1029300 ns, Reaching safepoint: 492800 ns, At safepoint: 398200 ns, Total: 891000 ns
[2021-04-08T00:31:18.073+0000][19637][gc,marking  ] GC(9) Concurrent Cleanup for Next Mark
[2021-04-08T00:31:18.082+0000][19637][gc,marking  ] GC(9) Concurrent Cleanup for Next Mark 9.141ms
[2021-04-08T00:31:18.082+0000][19637][gc          ] GC(9) Concurrent Cycle 43.229ms
[2021-04-08T00:31:19.011+0000][19637][safepoint   ] Safepoint "ICBufferFull", Time since last: 937655100 ns, Reaching safepoint: 1240100 ns, At safepoint: 10600 ns, Total: 1250700 ns
[2021-04-08T00:31:19.822+0000][19637][safepoint   ] Safepoint "ICBufferFull", Time since last: 810093300 ns, Reaching safepoint: 232700 ns, At safepoint: 10900 ns, Total: 243600 ns
[2021-04-08T00:31:20.726+0000][19637][safepoint   ] Safepoint "ICBufferFull", Time since last: 904164300 ns, Reaching safepoint: 178200 ns, At safepoint: 12600 ns, Total: 190800 ns
[2021-04-08T00:31:21.142+0000][19637][safepoint   ] Safepoint "ICBufferFull", Time since last: 415409700 ns, Reaching safepoint: 245600 ns, At safepoint: 14500 ns, Total: 260100 ns
[2021-04-08T00:31:21.718+0000][19637][safepoint   ] Safepoint "ICBufferFull", Time since last: 575571200 ns, Reaching safepoint: 263400 ns, At safepoint: 17100 ns, Total: 280500 ns
[2021-04-08T00:31:22.346+0000][19637][safepoint   ] Safepoint "ICBufferFull", Time since last: 627702100 ns, Reaching safepoint: 284800 ns, At safepoint: 14800 ns, Total: 299600 ns
[2021-04-08T00:31:23.354+0000][19637][safepoint   ] Safepoint "Cleanup", Time since last: 1008119700 ns, Reaching safepoint: 184600 ns, At safepoint: 11100 ns, Total: 195700 ns
[2021-04-08T00:31:25.367+0000][19637][safepoint   ] Safepoint "Cleanup", Time since last: 2013134800 ns, Reaching safepoint: 267700 ns, At safepoint: 9200 ns, Total: 276900 ns
[2021-04-08T00:31:26.378+0000][19637][safepoint   ] Safepoint "Cleanup", Time since last: 1010610700 ns, Reaching safepoint: 143500 ns, At safepoint: 10600 ns, Total: 154100 ns
[2021-04-08T00:31:27.397+0000][19637][safepoint   ] Safepoint "Cleanup", Time since last: 1019149800 ns, Reaching safepoint: 154900 ns, At safepoint: 8900 ns, Total: 163800 ns
[2021-04-08T00:31:29.420+0000][19637][safepoint   ] Safepoint "Cleanup", Time since last: 2022615100 ns, Reaching safepoint: 236300 ns, At safepoint: 12400 ns, Total: 248700 ns
[2021-04-08T00:31:31.444+0000][19637][safepoint   ] Safepoint "Cleanup", Time since last: 2023163900 ns, Reaching safepoint: 215100 ns, At safepoint: 10100 ns, Total: 225200 ns
[2021-04-08T00:31:35.482+0000][19637][safepoint   ] Safepoint "Cleanup", Time since last: 4038269900 ns, Reaching safepoint: 218500 ns, At safepoint: 12200 ns, Total: 230700 ns
[2021-04-08T00:31:38.487+0000][19637][safepoint   ] Safepoint "Cleanup", Time since last: 3004871000 ns, Reaching safepoint: 251700 ns, At safepoint: 10800 ns, Total: 262500 ns
[2021-04-08T00:31:39.492+0000][19637][safepoint   ] Safepoint "Cleanup", Time since last: 1004335000 ns, Reaching safepoint: 98200 ns, At safepoint: 11700 ns, Total: 109900 ns
[2021-04-08T00:31:40.494+0000][19637][safepoint   ] Safepoint "Cleanup", Time since last: 1001933500 ns, Reaching safepoint: 303600 ns, At safepoint: 10300 ns, Total: 313900 ns
[2021-04-08T00:31:42.510+0000][19637][safepoint   ] Safepoint "Cleanup", Time since last: 2015491700 ns, Reaching safepoint: 327600 ns, At safepoint: 15500 ns, Total: 343100 ns
[2021-04-08T00:31:43.524+0000][19637][safepoint   ] Safepoint "Cleanup", Time since last: 1013914900 ns, Reaching safepoint: 223000 ns, At safepoint: 13000 ns, Total: 236000 ns
[2021-04-08T00:31:44.537+0000][19637][safepoint   ] Safepoint "Cleanup", Time since last: 1013073200 ns, Reaching safepoint: 179200 ns, At safepoint: 24900 ns, Total: 204100 ns
[2021-04-08T00:31:48.551+0000][19637][safepoint   ] Safepoint "Cleanup", Time since last: 4013798000 ns, Reaching safepoint: 163600 ns, At safepoint: 12400 ns, Total: 176000 ns
[2021-04-08T00:31:51.564+0000][19637][safepoint   ] Safepoint "Cleanup", Time since last: 3012959900 ns, Reaching safepoint: 158500 ns, At safepoint: 24300 ns, Total: 182800 ns
[2021-04-08T00:31:52.570+0000][19637][safepoint   ] Safepoint "Cleanup", Time since last: 1005584300 ns, Reaching safepoint: 146200 ns, At safepoint: 28700 ns, Total: 174900 ns
[2021-04-08T00:31:58.625+0000][19637][safepoint   ] Safepoint "Cleanup", Time since last: 6054682300 ns, Reaching safepoint: 129900 ns, At safepoint: 10100 ns, Total: 140000 ns
[2021-04-08T00:31:59.637+0000][19637][safepoint   ] Safepoint "Cleanup", Time since last: 1011685700 ns, Reaching safepoint: 92400 ns, At safepoint: 16700 ns, Total: 109100 ns
[2021-04-08T00:32:01.657+0000][19637][safepoint   ] Safepoint "Cleanup", Time since last: 2019460300 ns, Reaching safepoint: 330200 ns, At safepoint: 23900 ns, Total: 354100 ns
[2021-04-08T00:32:03.663+0000][19637][safepoint   ] Safepoint "Cleanup", Time since last: 2006150400 ns, Reaching safepoint: 254200 ns, At safepoint: 13900 ns, Total: 268100 ns
[2021-04-08T00:32:09.732+0000][19637][safepoint   ] Safepoint "Cleanup", Time since last: 6068476100 ns, Reaching safepoint: 357000 ns, At safepoint: 7500 ns, Total: 364500 ns
[2021-04-08T00:32:14.767+0000][19637][safepoint   ] Safepoint "Cleanup", Time since last: 5034863700 ns, Reaching safepoint: 158000 ns, At safepoint: 10300 ns, Total: 168300 ns
[2021-04-08T00:32:16.791+0000][19637][safepoint   ] Safepoint "Cleanup", Time since last: 2023649000 ns, Reaching safepoint: 131400 ns, At safepoint: 16000 ns, Total: 147400 ns
[2021-04-08T00:32:17.801+0000][19637][safepoint   ] Safepoint "Cleanup", Time since last: 1010546300 ns, Reaching safepoint: 148800 ns, At safepoint: 12100 ns, Total: 160900 ns
[2021-04-08T00:32:20.837+0000][19637][safepoint   ] Safepoint "Cleanup", Time since last: 3035605300 ns, Reaching safepoint: 147600 ns, At safepoint: 8700 ns, Total: 156300 ns
[2021-04-08T00:32:21.838+0000][19637][safepoint   ] Safepoint "Cleanup", Time since last: 1000638400 ns, Reaching safepoint: 101100 ns, At safepoint: 8800 ns, Total: 109900 ns
[2021-04-08T00:32:28.906+0000][19637][safepoint   ] Safepoint "Cleanup", Time since last: 7067790200 ns, Reaching safepoint: 177600 ns, At safepoint: 9300 ns, Total: 186900 ns
[2021-04-08T00:32:33.948+0000][19637][safepoint   ] Safepoint "Cleanup", Time since last: 5042073900 ns, Reaching safepoint: 231400 ns, At safepoint: 9900 ns, Total: 241300 ns
[2021-04-08T00:32:40.998+0000][19637][safepoint   ] Safepoint "Cleanup", Time since last: 7049188900 ns, Reaching safepoint: 265500 ns, At safepoint: 9900 ns, Total: 275400 ns
[2021-04-08T00:32:43.018+0000][19637][safepoint   ] Safepoint "Cleanup", Time since last: 2019758000 ns, Reaching safepoint: 274200 ns, At safepoint: 9600 ns, Total: 283800 ns
[2021-04-08T00:32:50.046+0000][19637][safepoint   ] Safepoint "Cleanup", Time since last: 7027663300 ns, Reaching safepoint: 166300 ns, At safepoint: 23600 ns, Total: 189900 ns
[2021-04-08T00:32:52.075+0000][19637][safepoint   ] Safepoint "Cleanup", Time since last: 2029085800 ns, Reaching safepoint: 215800 ns, At safepoint: 11300 ns, Total: 227100 ns
[2021-04-08T00:33:03.177+0000][19637][safepoint   ] Safepoint "Cleanup", Time since last: 11101610200 ns, Reaching safepoint: 174700 ns, At safepoint: 11000 ns, Total: 185700 ns
[2021-04-08T00:33:21.323+0000][19637][safepoint   ] Safepoint "Cleanup", Time since last: 18146098500 ns, Reaching safepoint: 84800 ns, At safepoint: 9200 ns, Total: 94000 ns
[2021-04-08T00:33:28.391+0000][19637][safepoint   ] Safepoint "Cleanup", Time since last: 7067971800 ns, Reaching safepoint: 168600 ns, At safepoint: 9600 ns, Total: 178200 ns
[2021-04-08T00:33:29.394+0000][19637][safepoint   ] Safepoint "Cleanup", Time since last: 1003177700 ns, Reaching safepoint: 129300 ns, At safepoint: 23400 ns, Total: 152700 ns
[2021-04-08T00:33:31.404+0000][19637][safepoint   ] Safepoint "Cleanup", Time since last: 2009625800 ns, Reaching safepoint: 147800 ns, At safepoint: 11900 ns, Total: 159700 ns
[2021-04-08T00:33:33.410+0000][19637][safepoint   ] Safepoint "Cleanup", Time since last: 2005417300 ns, Reaching safepoint: 159900 ns, At safepoint: 12800 ns, Total: 172700 ns
[2021-04-08T00:33:38.457+0000][19637][safepoint   ] Safepoint "Cleanup", Time since last: 5047422600 ns, Reaching safepoint: 149500 ns, At safepoint: 13200 ns, Total: 162700 ns
[2021-04-08T00:33:48.509+0000][19637][safepoint   ] Safepoint "Cleanup", Time since last: 10051174800 ns, Reaching safepoint: 133200 ns, At safepoint: 20300 ns, Total: 153500 ns
[2021-04-08T00:33:59.565+0000][19637][safepoint   ] Safepoint "Cleanup", Time since last: 11055825900 ns, Reaching safepoint: 303800 ns, At safepoint: 29600 ns, Total: 333400 ns
[2021-04-08T00:34:08.586+0000][19637][safepoint   ] Safepoint "Cleanup", Time since last: 9020779700 ns, Reaching safepoint: 126600 ns, At safepoint: 10900 ns, Total: 137500 ns
[2021-04-08T00:34:13.627+0000][19637][safepoint   ] Safepoint "Cleanup", Time since last: 5040644100 ns, Reaching safepoint: 143100 ns, At safepoint: 12400 ns, Total: 155500 ns
[2021-04-08T00:34:20.685+0000][19637][safepoint   ] Safepoint "Cleanup", Time since last: 7057985700 ns, Reaching safepoint: 213600 ns, At safepoint: 46700 ns, Total: 260300 ns
[2021-04-08T00:34:21.692+0000][19637][safepoint   ] Safepoint "Cleanup", Time since last: 1006956400 ns, Reaching safepoint: 157200 ns, At safepoint: 10700 ns, Total: 167900 ns
[2021-04-08T00:34:27.729+0000][19637][safepoint   ] Safepoint "Cleanup", Time since last: 6036455800 ns, Reaching safepoint: 161000 ns, At safepoint: 9500 ns, Total: 170500 ns
[2021-04-08T00:34:33.786+0000][19637][safepoint   ] Safepoint "Cleanup", Time since last: 6056961200 ns, Reaching safepoint: 150600 ns, At safepoint: 25000 ns, Total: 175600 ns
[2021-04-08T00:34:37.822+0000][19637][safepoint   ] Safepoint "Cleanup", Time since last: 4035963200 ns, Reaching safepoint: 95900 ns, At safepoint: 11100 ns, Total: 107000 ns
[2021-04-08T00:34:38.830+0000][19637][safepoint   ] Safepoint "Cleanup", Time since last: 1008182300 ns, Reaching safepoint: 169200 ns, At safepoint: 10400 ns, Total: 179600 ns
[2021-04-08T00:34:48.872+0000][19637][safepoint   ] Safepoint "Cleanup", Time since last: 10041219100 ns, Reaching safepoint: 170400 ns, At safepoint: 11400 ns, Total: 181800 ns
[2021-04-08T00:35:07.995+0000][19637][safepoint   ] Safepoint "Cleanup", Time since last: 19122836200 ns, Reaching safepoint: 313700 ns, At safepoint: 27600 ns, Total: 341300 ns
[2021-04-08T00:35:16.026+0000][19637][safepoint   ] Safepoint "Cleanup", Time since last: 8030970400 ns, Reaching safepoint: 270100 ns, At safepoint: 29200 ns, Total: 299300 ns
[2021-04-08T00:35:19.051+0000][19637][safepoint   ] Safepoint "Cleanup", Time since last: 3023904300 ns, Reaching safepoint: 722300 ns, At safepoint: 12200 ns, Total: 734500 ns
[2021-04-08T00:35:21.074+0000][19637][safepoint   ] Safepoint "Cleanup", Time since last: 2022344400 ns, Reaching safepoint: 690300 ns, At safepoint: 12500 ns, Total: 702800 ns
[2021-04-08T00:35:22.084+0000][19637][safepoint   ] Safepoint "Cleanup", Time since last: 1009740400 ns, Reaching safepoint: 1032100 ns, At safepoint: 17300 ns, Total: 1049400 ns
[2021-04-08T00:35:35.184+0000][19637][safepoint   ] Safepoint "Cleanup", Time since last: 13099462300 ns, Reaching safepoint: 273400 ns, At safepoint: 12500 ns, Total: 285900 ns
[2021-04-08T00:35:36.191+0000][19637][safepoint   ] Safepoint "Cleanup", Time since last: 1006516700 ns, Reaching safepoint: 722200 ns, At safepoint: 35000 ns, Total: 757200 ns
[2021-04-08T00:35:40.218+0000][19637][safepoint   ] Safepoint "Cleanup", Time since last: 4025875800 ns, Reaching safepoint: 1047400 ns, At safepoint: 16600 ns, Total: 1064000 ns
[2021-04-08T00:35:42.230+0000][19637][safepoint   ] Safepoint "Cleanup", Time since last: 2010259500 ns, Reaching safepoint: 1076500 ns, At safepoint: 31700 ns, Total: 1108200 ns
[2021-04-08T00:35:59.447+0000][19637][safepoint   ] Safepoint "Cleanup", Time since last: 17215882100 ns, Reaching safepoint: 1111500 ns, At safepoint: 13100 ns, Total: 1124600 ns
[2021-04-08T00:36:18.610+0000][19637][safepoint   ] Safepoint "Cleanup", Time since last: 19162811200 ns, Reaching safepoint: 280400 ns, At safepoint: 10800 ns, Total: 291200 ns
[2021-04-08T00:36:20.611+0000][19637][safepoint   ] Safepoint "Cleanup", Time since last: 2000884800 ns, Reaching safepoint: 158800 ns, At safepoint: 12900 ns, Total: 171700 ns
[2021-04-08T00:36:22.612+0000][19637][safepoint   ] Safepoint "Cleanup", Time since last: 2001194500 ns, Reaching safepoint: 178500 ns, At safepoint: 9900 ns, Total: 188400 ns
[2021-04-08T00:36:23.628+0000][19637][safepoint   ] Safepoint "Cleanup", Time since last: 1015374600 ns, Reaching safepoint: 148900 ns, At safepoint: 10400 ns, Total: 159300 ns
[2021-04-08T00:36:38.668+0000][19637][safepoint   ] Safepoint "Cleanup", Time since last: 15039889200 ns, Reaching safepoint: 276000 ns, At safepoint: 10200 ns, Total: 286200 ns
[2021-04-08T00:36:53.815+0000][19637][safepoint   ] Safepoint "Cleanup", Time since last: 15147123600 ns, Reaching safepoint: 78100 ns, At safepoint: 13100 ns, Total: 91200 ns
[2021-04-08T00:36:58.682+0000][19637][gc,start    ] GC(10) Pause Young (Concurrent Start) (G1 Evacuation Pause)
[2021-04-08T00:36:58.682+0000][19637][gc,task     ] GC(10) Using 8 workers of 8 for evacuation
[2021-04-08T00:36:58.682+0000][19637][gc,age      ] GC(10) Desired survivor size 58720256 bytes, new threshold 7 (max threshold 15)
[2021-04-08T00:36:58.745+0000][19637][gc,age      ] GC(10) Age table with threshold 7 (max threshold 15)
[2021-04-08T00:36:58.745+0000][19637][gc,age      ] GC(10) - age   1:   15756480 bytes,   15756480 total
[2021-04-08T00:36:58.745+0000][19637][gc,age      ] GC(10) - age   2:    9302048 bytes,   25058528 total
[2021-04-08T00:36:58.745+0000][19637][gc,age      ] GC(10) - age   3:   39679680 bytes,   64738208 total
[2021-04-08T00:36:58.745+0000][19637][gc,age      ] GC(10) - age   4:    1558824 bytes,   66297032 total
[2021-04-08T00:36:58.745+0000][19637][gc,age      ] GC(10) - age   5:     509872 bytes,   66806904 total
[2021-04-08T00:36:58.745+0000][19637][gc,age      ] GC(10) - age   6:    2042656 bytes,   68849560 total
[2021-04-08T00:36:58.745+0000][19637][gc,age      ] GC(10) - age   7:    1230136 bytes,   70079696 total
[2021-04-08T00:36:58.746+0000][19637][gc,phases   ] GC(10)   Pre Evacuate Collection Set: 0.8ms
[2021-04-08T00:36:58.746+0000][19637][gc,phases   ] GC(10)   Merge Heap Roots: 0.1ms
[2021-04-08T00:36:58.746+0000][19637][gc,phases   ] GC(10)   Evacuate Collection Set: 59.7ms
[2021-04-08T00:36:58.746+0000][19637][gc,phases   ] GC(10)   Post Evacuate Collection Set: 2.7ms
[2021-04-08T00:36:58.746+0000][19637][gc,phases   ] GC(10)   Other: 0.7ms
[2021-04-08T00:36:58.746+0000][19637][gc,heap     ] GC(10) Eden regions: 207->0(228)
[2021-04-08T00:36:58.746+0000][19637][gc,heap     ] GC(10) Survivor regions: 17->18(28)
[2021-04-08T00:36:58.746+0000][19637][gc,heap     ] GC(10) Old regions: 0->3
[2021-04-08T00:36:58.746+0000][19637][gc,heap     ] GC(10) Archive regions: 2->2
[2021-04-08T00:36:58.746+0000][19637][gc,heap     ] GC(10) Humongous regions: 2->2
[2021-04-08T00:36:58.746+0000][19637][gc,metaspace] GC(10) Metaspace: 94814K(98596K)->94814K(98596K) NonClass: 81891K(84388K)->81891K(84388K) Class: 12923K(14208K)->12923K(14208K)
[2021-04-08T00:36:58.746+0000][19637][gc          ] GC(10) Pause Young (Concurrent Start) (G1 Evacuation Pause) 907M->94M(8124M) 64.112ms
[2021-04-08T00:36:58.746+0000][19637][gc,cpu      ] GC(10) User=0.31s Sys=0.03s Real=0.06s
[2021-04-08T00:36:58.746+0000][19637][safepoint   ] Safepoint "G1CollectForAllocation", Time since last: 4866165400 ns, Reaching safepoint: 164500 ns, At safepoint: 64278000 ns, Total: 64442500 ns
[2021-04-08T00:36:58.746+0000][19637][gc          ] GC(11) Concurrent Cycle
[2021-04-08T00:36:58.746+0000][19637][gc,marking  ] GC(11) Concurrent Clear Claimed Marks
[2021-04-08T00:36:58.746+0000][19637][gc,marking  ] GC(11) Concurrent Clear Claimed Marks 0.099ms
[2021-04-08T00:36:58.746+0000][19637][gc,marking  ] GC(11) Concurrent Scan Root Regions
[2021-04-08T00:36:58.774+0000][19637][gc,marking  ] GC(11) Concurrent Scan Root Regions 27.943ms
[2021-04-08T00:36:58.774+0000][19637][gc,marking  ] GC(11) Concurrent Mark (372.826s)
[2021-04-08T00:36:58.774+0000][19637][gc,marking  ] GC(11) Concurrent Mark From Roots
[2021-04-08T00:36:58.774+0000][19637][gc,task     ] GC(11) Using 2 workers of 2 for marking
[2021-04-08T00:36:58.777+0000][19637][gc,marking  ] GC(11) Concurrent Mark From Roots 2.699ms
[2021-04-08T00:36:58.777+0000][19637][gc,marking  ] GC(11) Concurrent Preclean
[2021-04-08T00:36:58.777+0000][19637][gc,marking  ] GC(11) Concurrent Preclean 0.214ms
[2021-04-08T00:36:58.777+0000][19637][gc,marking  ] GC(11) Concurrent Mark (372.826s, 372.829s) 2.977ms
[2021-04-08T00:36:58.777+0000][19637][gc,start    ] GC(11) Pause Remark
[2021-04-08T00:36:58.780+0000][19637][gc          ] GC(11) Pause Remark 99M->99M(8124M) 2.717ms
[2021-04-08T00:36:58.780+0000][19637][gc,cpu      ] GC(11) User=0.00s Sys=0.00s Real=0.01s
[2021-04-08T00:36:58.780+0000][19637][safepoint   ] Safepoint "G1Concurrent", Time since last: 31211900 ns, Reaching safepoint: 100100 ns, At safepoint: 2837000 ns, Total: 2937100 ns
[2021-04-08T00:36:58.780+0000][19637][gc,marking  ] GC(11) Concurrent Rebuild Remembered Sets
[2021-04-08T00:36:58.784+0000][19637][gc,marking  ] GC(11) Concurrent Rebuild Remembered Sets 4.031ms
[2021-04-08T00:36:58.785+0000][19637][gc,start    ] GC(11) Pause Cleanup
[2021-04-08T00:36:58.785+0000][19637][gc          ] GC(11) Pause Cleanup 99M->99M(8124M) 0.238ms
[2021-04-08T00:36:58.785+0000][19637][gc,cpu      ] GC(11) User=0.00s Sys=0.00s Real=0.00s
[2021-04-08T00:36:58.785+0000][19637][safepoint   ] Safepoint "G1Concurrent", Time since last: 4124600 ns, Reaching safepoint: 476200 ns, At safepoint: 346900 ns, Total: 823100 ns
[2021-04-08T00:36:58.785+0000][19637][gc,marking  ] GC(11) Concurrent Cleanup for Next Mark
[2021-04-08T00:36:58.796+0000][19637][gc,marking  ] GC(11) Concurrent Cleanup for Next Mark 10.602ms
[2021-04-08T00:36:58.796+0000][19637][gc          ] GC(11) Concurrent Cycle 49.800ms
[2021-04-08T00:37:22.017+0000][19637][safepoint   ] Safepoint "Cleanup", Time since last: 23231558300 ns, Reaching safepoint: 139700 ns, At safepoint: 22800 ns, Total: 162500 ns
[2021-04-08T00:37:49.255+0000][19637][safepoint   ] Safepoint "Cleanup", Time since last: 27238116500 ns, Reaching safepoint: 104000 ns, At safepoint: 9700 ns, Total: 113700 ns
[2021-04-08T00:37:51.267+0000][19637][safepoint   ] Safepoint "Cleanup", Time since last: 2012069100 ns, Reaching safepoint: 114400 ns, At safepoint: 11500 ns, Total: 125900 ns
[2021-04-08T00:37:53.283+0000][19637][safepoint   ] Safepoint "Cleanup", Time since last: 2015581600 ns, Reaching safepoint: 157700 ns, At safepoint: 8400 ns, Total: 166100 ns
[2021-04-08T00:38:09.418+0000][19637][safepoint   ] Safepoint "Cleanup", Time since last: 16135433300 ns, Reaching safepoint: 189800 ns, At safepoint: 10800 ns, Total: 200600 ns
[2021-04-08T00:38:18.477+0000][19637][safepoint   ] Safepoint "Cleanup", Time since last: 9058606900 ns, Reaching safepoint: 157500 ns, At safepoint: 10800 ns, Total: 168300 ns
[2021-04-08T00:38:22.528+0000][19637][safepoint   ] Safepoint "Cleanup", Time since last: 4050637900 ns, Reaching safepoint: 164000 ns, At safepoint: 12500 ns, Total: 176500 ns
[2021-04-08T00:38:48.690+0000][19637][safepoint   ] Safepoint "Cleanup", Time since last: 26162106900 ns, Reaching safepoint: 152000 ns, At safepoint: 12700 ns, Total: 164700 ns
[2021-04-08T00:38:51.707+0000][19637][safepoint   ] Safepoint "Cleanup", Time since last: 3016424100 ns, Reaching safepoint: 143300 ns, At safepoint: 11700 ns, Total: 155000 ns
[2021-04-08T00:39:01.774+0000][19637][safepoint   ] Safepoint "Cleanup", Time since last: 10067178600 ns, Reaching safepoint: 131200 ns, At safepoint: 14000 ns, Total: 145200 ns
[2021-04-08T00:39:22.948+0000][19637][safepoint   ] Safepoint "Cleanup", Time since last: 21172531000 ns, Reaching safepoint: 733200 ns, At safepoint: 11200 ns, Total: 744400 ns
[2021-04-08T00:39:35.046+0000][19637][safepoint   ] Safepoint "Cleanup", Time since last: 12097857700 ns, Reaching safepoint: 190100 ns, At safepoint: 17000 ns, Total: 207100 ns
[2021-04-08T00:39:48.171+0000][19637][safepoint   ] Safepoint "Cleanup", Time since last: 13125117300 ns, Reaching safepoint: 207100 ns, At safepoint: 25400 ns, Total: 232500 ns
[2021-04-08T00:40:00.273+0000][19637][safepoint   ] Safepoint "Cleanup", Time since last: 12101695100 ns, Reaching safepoint: 164400 ns, At safepoint: 12500 ns, Total: 176900 ns
[2021-04-08T00:40:22.449+0000][19637][safepoint   ] Safepoint "Cleanup", Time since last: 22175357300 ns, Reaching safepoint: 1083300 ns, At safepoint: 11700 ns, Total: 1095000 ns
[2021-04-08T00:40:52.719+0000][19637][safepoint   ] Safepoint "Cleanup", Time since last: 30269008700 ns, Reaching safepoint: 397400 ns, At safepoint: 9400 ns, Total: 406800 ns
[2021-04-08T00:41:20.937+0000][19637][safepoint   ] Safepoint "Cleanup", Time since last: 28217413900 ns, Reaching safepoint: 867700 ns, At safepoint: 13300 ns, Total: 881000 ns
[2021-04-08T00:41:22.955+0000][19637][safepoint   ] Safepoint "Cleanup", Time since last: 2018175700 ns, Reaching safepoint: 170200 ns, At safepoint: 12900 ns, Total: 183100 ns
[2021-04-08T00:41:23.961+0000][19637][safepoint   ] Safepoint "Cleanup", Time since last: 1005273500 ns, Reaching safepoint: 263000 ns, At safepoint: 11600 ns, Total: 274600 ns
[2021-04-08T00:42:09.350+0000][19637][safepoint   ] Safepoint "Cleanup", Time since last: 45388040700 ns, Reaching safepoint: 768600 ns, At safepoint: 25400 ns, Total: 794000 ns
[2021-04-08T00:42:22.430+0000][19637][safepoint   ] Safepoint "Cleanup", Time since last: 13079791300 ns, Reaching safepoint: 271900 ns, At safepoint: 12900 ns, Total: 284800 ns
[2021-04-08T00:42:23.436+0000][19637][safepoint   ] Safepoint "Cleanup", Time since last: 1006215500 ns, Reaching safepoint: 253900 ns, At safepoint: 14300 ns, Total: 268200 ns
[2021-04-08T00:43:06.797+0000][19637][safepoint   ] Safepoint "Cleanup", Time since last: 43360717600 ns, Reaching safepoint: 157400 ns, At safepoint: 26900 ns, Total: 184300 ns
[2021-04-08T00:43:21.888+0000][19637][safepoint   ] Safepoint "Cleanup", Time since last: 15090567400 ns, Reaching safepoint: 118800 ns, At safepoint: 20200 ns, Total: 139000 ns
[2021-04-08T00:43:52.130+0000][19637][safepoint   ] Safepoint "Cleanup", Time since last: 30242003800 ns, Reaching safepoint: 141900 ns, At safepoint: 11600 ns, Total: 153500 ns
[2021-04-08T00:44:47.647+0000][19637][safepoint   ] Safepoint "Cleanup", Time since last: 55516193400 ns, Reaching safepoint: 834700 ns, At safepoint: 32500 ns, Total: 867200 ns
[2021-04-08T00:45:45.181+0000][19637][safepoint   ] Safepoint "Cleanup", Time since last: 57533588600 ns, Reaching safepoint: 99800 ns, At safepoint: 14500 ns, Total: 114300 ns
[2021-04-08T00:46:09.373+0000][19637][safepoint   ] Safepoint "Cleanup", Time since last: 24190993200 ns, Reaching safepoint: 732700 ns, At safepoint: 28200 ns, Total: 760900 ns
[2021-04-08T00:46:15.431+0000][19637][safepoint   ] Safepoint "Cleanup", Time since last: 6058591800 ns, Reaching safepoint: 189200 ns, At safepoint: 18400 ns, Total: 207600 ns
[2021-04-08T00:46:22.479+0000][19637][safepoint   ] Safepoint "Cleanup", Time since last: 7047955500 ns, Reaching safepoint: 104200 ns, At safepoint: 49100 ns, Total: 153300 ns
[2021-04-08T00:46:24.484+0000][19637][safepoint   ] Safepoint "Cleanup", Time since last: 2003719600 ns, Reaching safepoint: 726500 ns, At safepoint: 13500 ns, Total: 740000 ns
[2021-04-08T00:46:31.548+0000][19637][safepoint   ] Safepoint "Cleanup", Time since last: 7064238600 ns, Reaching safepoint: 137000 ns, At safepoint: 25900 ns, Total: 162900 ns
[2021-04-08T00:46:49.680+0000][19637][safepoint   ] Safepoint "Cleanup", Time since last: 18130699400 ns, Reaching safepoint: 712400 ns, At safepoint: 13800 ns, Total: 726200 ns
[2021-04-08T00:46:53.735+0000][19637][safepoint   ] Safepoint "Cleanup", Time since last: 4054539300 ns, Reaching safepoint: 779700 ns, At safepoint: 20700 ns, Total: 800400 ns
[2021-04-08T00:47:08.852+0000][19637][safepoint   ] Safepoint "Cleanup", Time since last: 15115636300 ns, Reaching safepoint: 798700 ns, At safepoint: 33800 ns, Total: 832500 ns
[2021-04-08T00:47:31.033+0000][19637][safepoint   ] Safepoint "Cleanup", Time since last: 22181230200 ns, Reaching safepoint: 198300 ns, At safepoint: 14500 ns, Total: 212800 ns
[2021-04-08T00:47:52.224+0000][19637][safepoint   ] Safepoint "Cleanup", Time since last: 21190403600 ns, Reaching safepoint: 902500 ns, At safepoint: 18200 ns, Total: 920700 ns
[2021-04-08T00:48:23.506+0000][19637][safepoint   ] Safepoint "Cleanup", Time since last: 31280914600 ns, Reaching safepoint: 299900 ns, At safepoint: 15800 ns, Total: 315700 ns
[2021-04-08T00:48:52.743+0000][19637][safepoint   ] Safepoint "Cleanup", Time since last: 29236770600 ns, Reaching safepoint: 693900 ns, At safepoint: 12400 ns, Total: 706300 ns
[2021-04-08T00:49:33.086+0000][19637][safepoint   ] Safepoint "Cleanup", Time since last: 40343102200 ns, Reaching safepoint: 111700 ns, At safepoint: 19500 ns, Total: 131200 ns
[2021-04-08T00:50:19.503+0000][19637][safepoint   ] Safepoint "Cleanup", Time since last: 46416367000 ns, Reaching safepoint: 116300 ns, At safepoint: 16100 ns, Total: 132400 ns
[2021-04-08T00:50:23.557+0000][19637][safepoint   ] Safepoint "Cleanup", Time since last: 4053856200 ns, Reaching safepoint: 221000 ns, At safepoint: 9100 ns, Total: 230100 ns
[2021-04-08T00:50:48.771+0000][19637][safepoint   ] Safepoint "Cleanup", Time since last: 25213721400 ns, Reaching safepoint: 714200 ns, At safepoint: 8900 ns, Total: 723100 ns
[2021-04-08T00:51:22.069+0000][19637][safepoint   ] Safepoint "Cleanup", Time since last: 33297999500 ns, Reaching safepoint: 105600 ns, At safepoint: 10400 ns, Total: 116000 ns
[2021-04-08T00:51:40.214+0000][19637][safepoint   ] Safepoint "Cleanup", Time since last: 18143979200 ns, Reaching safepoint: 296100 ns, At safepoint: 22100 ns, Total: 318200 ns
[2021-04-08T00:52:01.244+0000][19637][gc,start    ] GC(12) Pause Young (Normal) (G1 Evacuation Pause)
[2021-04-08T00:52:01.244+0000][19637][gc,task     ] GC(12) Using 8 workers of 8 for evacuation
[2021-04-08T00:52:01.244+0000][19637][gc,age      ] GC(12) Desired survivor size 79691776 bytes, new threshold 15 (max threshold 15)
[2021-04-08T00:52:01.288+0000][19637][gc,age      ] GC(12) Age table with threshold 15 (max threshold 15)
[2021-04-08T00:52:01.288+0000][19637][gc,age      ] GC(12) - age   1:      38352 bytes,      38352 total
[2021-04-08T00:52:01.288+0000][19637][gc,age      ] GC(12) - age   2:   15450080 bytes,   15488432 total
[2021-04-08T00:52:01.288+0000][19637][gc,age      ] GC(12) - age   3:    9302048 bytes,   24790480 total
[2021-04-08T00:52:01.288+0000][19637][gc,age      ] GC(12) - age   4:   39679632 bytes,   64470112 total
[2021-04-08T00:52:01.288+0000][19637][gc,age      ] GC(12) - age   5:    1558824 bytes,   66028936 total
[2021-04-08T00:52:01.288+0000][19637][gc,age      ] GC(12) - age   6:     509872 bytes,   66538808 total
[2021-04-08T00:52:01.288+0000][19637][gc,age      ] GC(12) - age   7:    2042656 bytes,   68581464 total
[2021-04-08T00:52:01.288+0000][19637][gc,age      ] GC(12) - age   8:    1230136 bytes,   69811600 total
[2021-04-08T00:52:01.288+0000][19637][gc,phases   ] GC(12)   Pre Evacuate Collection Set: 0.4ms
[2021-04-08T00:52:01.288+0000][19637][gc,phases   ] GC(12)   Merge Heap Roots: 0.2ms
[2021-04-08T00:52:01.288+0000][19637][gc,phases   ] GC(12)   Evacuate Collection Set: 38.7ms
[2021-04-08T00:52:01.288+0000][19637][gc,phases   ] GC(12)   Post Evacuate Collection Set: 4.0ms
[2021-04-08T00:52:01.288+0000][19637][gc,phases   ] GC(12)   Other: 0.9ms
[2021-04-08T00:52:01.289+0000][19637][gc,heap     ] GC(12) Eden regions: 285->0(1200)
[2021-04-08T00:52:01.289+0000][19637][gc,heap     ] GC(12) Survivor regions: 18->18(38)
[2021-04-08T00:52:01.289+0000][19637][gc,heap     ] GC(12) Old regions: 3->3
[2021-04-08T00:52:01.289+0000][19637][gc,heap     ] GC(12) Archive regions: 2->2
[2021-04-08T00:52:01.289+0000][19637][gc,heap     ] GC(12) Humongous regions: 2->2
[2021-04-08T00:52:01.289+0000][19637][gc,metaspace] GC(12) Metaspace: 94976K(98852K)->94976K(98852K) NonClass: 82045K(84644K)->82045K(84644K) Class: 12931K(14208K)->12931K(14208K)
[2021-04-08T00:52:01.289+0000][19637][gc          ] GC(12) Pause Young (Normal) (G1 Evacuation Pause) 1234M->95M(8124M) 44.382ms
[2021-04-08T00:52:01.289+0000][19637][gc,cpu      ] GC(12) User=0.25s Sys=0.09s Real=0.05s
[2021-04-08T00:52:01.289+0000][19637][safepoint   ] Safepoint "G1CollectForAllocation", Time since last: 21030282600 ns, Reaching safepoint: 198500 ns, At safepoint: 44523500 ns, Total: 44722000 ns
[2021-04-08T00:52:22.453+0000][19637][safepoint   ] Safepoint "Cleanup", Time since last: 21164312300 ns, Reaching safepoint: 171100 ns, At safepoint: 14700 ns, Total: 185800 ns
[2021-04-08T00:52:44.589+0000][19637][safepoint   ] Safepoint "Cleanup", Time since last: 22136036700 ns, Reaching safepoint: 119000 ns, At safepoint: 11800 ns, Total: 130800 ns
[2021-04-08T00:52:49.614+0000][19637][safepoint   ] Safepoint "Cleanup", Time since last: 5024198300 ns, Reaching safepoint: 130200 ns, At safepoint: 11200 ns, Total: 141400 ns
