[2021-04-27T15:10:37.166+0000][1695][gc] Using G1
[2021-04-27T15:10:40.443+0000][1695][gc,init] Version: 16.0.1+9-24 (release)
[2021-04-27T15:10:40.443+0000][1695][gc,init] CPUs: 16 total, 16 available
[2021-04-27T15:10:40.443+0000][1695][gc,init] Memory: 32768M
[2021-04-27T15:10:40.443+0000][1695][gc,init] Large Page Support: Disabled
[2021-04-27T15:10:40.443+0000][1695][gc,init] NUMA Support: Disabled
[2021-04-27T15:10:40.443+0000][1695][gc,init] Compressed Oops: Enabled (Zero based)
[2021-04-27T15:10:40.443+0000][1695][gc,init] Heap Region Size: 8M
[2021-04-27T15:10:40.443+0000][1695][gc,init] Heap Min Capacity: 16G
[2021-04-27T15:10:40.443+0000][1695][gc,init] Heap Initial Capacity: 16G
[2021-04-27T15:10:40.443+0000][1695][gc,init] Heap Max Capacity: 16G
[2021-04-27T15:10:40.443+0000][1695][gc,init] Pre-touch: Enabled
[2021-04-27T15:10:40.443+0000][1695][gc,init] Parallel Workers: 13
[2021-04-27T15:10:40.443+0000][1695][gc,init] Concurrent Workers: 3
[2021-04-27T15:10:40.443+0000][1695][gc,init] Concurrent Refinement Workers: 13
[2021-04-27T15:10:40.443+0000][1695][gc,init] Periodic GC: Disabled
[2021-04-27T15:10:40.444+0000][1695][gc,metaspace] CDS archive(s) mapped at: [0x0000000800000000-0x0000000800bbb000-0x0000000800bbb000), size 12300288, SharedBaseAddress: 0x0000000800000000, ArchiveRelocationMode: 0.
[2021-04-27T15:10:40.444+0000][1695][gc,metaspace] Compressed class space mapped at: 0x0000000800c00000-0x0000000840c00000, reserved size: 1073741824
[2021-04-27T15:10:40.444+0000][1695][gc,metaspace] Narrow klass base: 0x0000000800000000, Narrow klass shift: 3, Narrow klass range: 0x100000000
[2021-04-27T15:10:40.677+0000][1695][safepoint   ] Safepoint "ICBufferFull", Time since last: 228557412 ns, Reaching safepoint: 88478 ns, At safepoint: 67438 ns, Total: 155916 ns
[2021-04-27T15:10:41.079+0000][1695][safepoint   ] Safepoint "ICBufferFull", Time since last: 401021703 ns, Reaching safepoint: 95113 ns, At safepoint: 63423 ns, Total: 158536 ns
[2021-04-27T15:10:41.602+0000][1695][safepoint   ] Safepoint "ICBufferFull", Time since last: 523224441 ns, Reaching safepoint: 91204 ns, At safepoint: 63588 ns, Total: 154792 ns
[2021-04-27T15:10:42.014+0000][1695][safepoint   ] Safepoint "ICBufferFull", Time since last: 411460766 ns, Reaching safepoint: 70376 ns, At safepoint: 1613 ns, Total: 71989 ns
[2021-04-27T15:10:42.017+0000][1695][safepoint   ] Safepoint "ICBufferFull", Time since last: 3307185 ns, Reaching safepoint: 14170 ns, At safepoint: 1458 ns, Total: 15628 ns
[2021-04-27T15:10:42.019+0000][1695][safepoint   ] Safepoint "ICBufferFull", Time since last: 1665103 ns, Reaching safepoint: 11501 ns, At safepoint: 1175 ns, Total: 12676 ns
[2021-04-27T15:10:42.022+0000][1695][safepoint   ] Safepoint "ICBufferFull", Time since last: 3751023 ns, Reaching safepoint: 10687 ns, At safepoint: 1077 ns, Total: 11764 ns
[2021-04-27T15:10:42.025+0000][1695][safepoint   ] Safepoint "ICBufferFull", Time since last: 2304323 ns, Reaching safepoint: 14307 ns, At safepoint: 1948 ns, Total: 16255 ns
[2021-04-27T15:10:42.027+0000][1695][safepoint   ] Safepoint "ICBufferFull", Time since last: 2247639 ns, Reaching safepoint: 14058 ns, At safepoint: 1950 ns, Total: 16008 ns
[2021-04-27T15:10:42.030+0000][1695][safepoint   ] Safepoint "ICBufferFull", Time since last: 3460783 ns, Reaching safepoint: 26855 ns, At safepoint: 1183 ns, Total: 28038 ns
[2021-04-27T15:10:42.032+0000][1695][safepoint   ] Safepoint "ICBufferFull", Time since last: 1410817 ns, Reaching safepoint: 44252 ns, At safepoint: 1633 ns, Total: 45885 ns
[2021-04-27T15:10:42.034+0000][1695][safepoint   ] Safepoint "ICBufferFull", Time since last: 1900537 ns, Reaching safepoint: 11042 ns, At safepoint: 1175 ns, Total: 12217 ns
[2021-04-27T15:10:42.036+0000][1695][safepoint   ] Safepoint "ICBufferFull", Time since last: 2027741 ns, Reaching safepoint: 9549 ns, At safepoint: 1101 ns, Total: 10650 ns
[2021-04-27T15:10:42.038+0000][1695][safepoint   ] Safepoint "ICBufferFull", Time since last: 2671612 ns, Reaching safepoint: 9981 ns, At safepoint: 1041 ns, Total: 11022 ns
[2021-04-27T15:10:42.040+0000][1695][safepoint   ] Safepoint "ICBufferFull", Time since last: 1672737 ns, Reaching safepoint: 10294 ns, At safepoint: 1052 ns, Total: 11346 ns
[2021-04-27T15:10:42.042+0000][1695][safepoint   ] Safepoint "ICBufferFull", Time since last: 1701497 ns, Reaching safepoint: 9565 ns, At safepoint: 987 ns, Total: 10552 ns
[2021-04-27T15:10:42.044+0000][1695][safepoint   ] Safepoint "ICBufferFull", Time since last: 2152050 ns, Reaching safepoint: 9359 ns, At safepoint: 1002 ns, Total: 10361 ns
[2021-04-27T15:10:42.046+0000][1695][safepoint   ] Safepoint "ICBufferFull", Time since last: 1644943 ns, Reaching safepoint: 9476 ns, At safepoint: 1109 ns, Total: 10585 ns
[2021-04-27T15:10:42.048+0000][1695][safepoint   ] Safepoint "ICBufferFull", Time since last: 2308113 ns, Reaching safepoint: 9206 ns, At safepoint: 1020 ns, Total: 10226 ns
[2021-04-27T15:10:42.050+0000][1695][safepoint   ] Safepoint "ICBufferFull", Time since last: 1560996 ns, Reaching safepoint: 37219 ns, At safepoint: 2707 ns, Total: 39926 ns
[2021-04-27T15:10:42.052+0000][1695][safepoint   ] Safepoint "ICBufferFull", Time since last: 2770964 ns, Reaching safepoint: 10014 ns, At safepoint: 1132 ns, Total: 11146 ns
[2021-04-27T15:10:42.057+0000][1695][safepoint   ] Safepoint "ICBufferFull", Time since last: 4611219 ns, Reaching safepoint: 10818 ns, At safepoint: 1176 ns, Total: 11994 ns
[2021-04-27T15:10:42.059+0000][1695][safepoint   ] Safepoint "ICBufferFull", Time since last: 2298295 ns, Reaching safepoint: 60030 ns, At safepoint: 57715 ns, Total: 117745 ns
[2021-04-27T15:10:42.060+0000][1695][safepoint   ] Safepoint "ICBufferFull", Time since last: 484521 ns, Reaching safepoint: 57741 ns, At safepoint: 2274 ns, Total: 60015 ns
[2021-04-27T15:10:42.061+0000][1695][safepoint   ] Safepoint "ICBufferFull", Time since last: 548014 ns, Reaching safepoint: 9880 ns, At safepoint: 943 ns, Total: 10823 ns
[2021-04-27T15:10:42.061+0000][1695][safepoint   ] Safepoint "ICBufferFull", Time since last: 583932 ns, Reaching safepoint: 11364 ns, At safepoint: 1397 ns, Total: 12761 ns
[2021-04-27T15:10:42.062+0000][1695][safepoint   ] Safepoint "ICBufferFull", Time since last: 518734 ns, Reaching safepoint: 10327 ns, At safepoint: 1108 ns, Total: 11435 ns
[2021-04-27T15:10:42.062+0000][1695][safepoint   ] Safepoint "ICBufferFull", Time since last: 566764 ns, Reaching safepoint: 9676 ns, At safepoint: 980 ns, Total: 10656 ns
[2021-04-27T15:10:42.063+0000][1695][safepoint   ] Safepoint "ICBufferFull", Time since last: 500347 ns, Reaching safepoint: 60790 ns, At safepoint: 1010 ns, Total: 61800 ns
[2021-04-27T15:10:42.063+0000][1695][safepoint   ] Safepoint "ICBufferFull", Time since last: 594578 ns, Reaching safepoint: 10707 ns, At safepoint: 1202 ns, Total: 11909 ns
[2021-04-27T15:10:42.064+0000][1695][safepoint   ] Safepoint "ICBufferFull", Time since last: 565932 ns, Reaching safepoint: 31311 ns, At safepoint: 1392 ns, Total: 32703 ns
[2021-04-27T15:10:42.065+0000][1695][safepoint   ] Safepoint "ICBufferFull", Time since last: 495877 ns, Reaching safepoint: 55302 ns, At safepoint: 1757 ns, Total: 57059 ns
[2021-04-27T15:10:42.065+0000][1695][safepoint   ] Safepoint "ICBufferFull", Time since last: 683997 ns, Reaching safepoint: 31796 ns, At safepoint: 2658 ns, Total: 34454 ns
[2021-04-27T15:10:42.066+0000][1695][safepoint   ] Safepoint "ICBufferFull", Time since last: 692222 ns, Reaching safepoint: 34602 ns, At safepoint: 1390 ns, Total: 35992 ns
[2021-04-27T15:10:42.067+0000][1695][safepoint   ] Safepoint "ICBufferFull", Time since last: 638530 ns, Reaching safepoint: 30476 ns, At safepoint: 1421 ns, Total: 31897 ns
[2021-04-27T15:10:42.067+0000][1695][safepoint   ] Safepoint "ICBufferFull", Time since last: 410966 ns, Reaching safepoint: 56869 ns, At safepoint: 18481 ns, Total: 75350 ns
[2021-04-27T15:10:42.068+0000][1695][safepoint   ] Safepoint "ICBufferFull", Time since last: 496579 ns, Reaching safepoint: 24064 ns, At safepoint: 1038 ns, Total: 25102 ns
[2021-04-27T15:10:42.069+0000][1695][safepoint   ] Safepoint "ICBufferFull", Time since last: 774579 ns, Reaching safepoint: 34897 ns, At safepoint: 72115 ns, Total: 107012 ns
[2021-04-27T15:10:42.069+0000][1695][safepoint   ] Safepoint "ICBufferFull", Time since last: 501372 ns, Reaching safepoint: 52743 ns, At safepoint: 23395 ns, Total: 76138 ns
[2021-04-27T15:10:42.070+0000][1695][safepoint   ] Safepoint "ICBufferFull", Time since last: 478440 ns, Reaching safepoint: 24575 ns, At safepoint: 1832 ns, Total: 26407 ns
[2021-04-27T15:10:42.073+0000][1695][safepoint   ] Safepoint "ICBufferFull", Time since last: 3263637 ns, Reaching safepoint: 35107 ns, At safepoint: 1227 ns, Total: 36334 ns
[2021-04-27T15:10:42.078+0000][1695][safepoint   ] Safepoint "ICBufferFull", Time since last: 5395544 ns, Reaching safepoint: 36150 ns, At safepoint: 1464 ns, Total: 37614 ns
[2021-04-27T15:10:42.079+0000][1695][safepoint   ] Safepoint "ICBufferFull", Time since last: 470771 ns, Reaching safepoint: 10401 ns, At safepoint: 3586 ns, Total: 13987 ns
[2021-04-27T15:10:42.103+0000][1695][safepoint   ] Safepoint "ICBufferFull", Time since last: 23690658 ns, Reaching safepoint: 18480 ns, At safepoint: 43103 ns, Total: 61583 ns
[2021-04-27T15:10:42.103+0000][1695][safepoint   ] Safepoint "ICBufferFull", Time since last: 754051 ns, Reaching safepoint: 9345 ns, At safepoint: 1014 ns, Total: 10359 ns
[2021-04-27T15:10:42.104+0000][1695][safepoint   ] Safepoint "ICBufferFull", Time since last: 774716 ns, Reaching safepoint: 9887 ns, At safepoint: 22284 ns, Total: 32171 ns
[2021-04-27T15:10:42.105+0000][1695][safepoint   ] Safepoint "ICBufferFull", Time since last: 500980 ns, Reaching safepoint: 24820 ns, At safepoint: 1078 ns, Total: 25898 ns
[2021-04-27T15:10:42.105+0000][1695][safepoint   ] Safepoint "ICBufferFull", Time since last: 490244 ns, Reaching safepoint: 8316 ns, At safepoint: 936 ns, Total: 9252 ns
[2021-04-27T15:10:42.106+0000][1695][safepoint   ] Safepoint "ICBufferFull", Time since last: 430864 ns, Reaching safepoint: 7937 ns, At safepoint: 944 ns, Total: 8881 ns
[2021-04-27T15:10:42.106+0000][1695][safepoint   ] Safepoint "ICBufferFull", Time since last: 432224 ns, Reaching safepoint: 8143 ns, At safepoint: 892 ns, Total: 9035 ns
[2021-04-27T15:10:42.106+0000][1695][safepoint   ] Safepoint "ICBufferFull", Time since last: 420156 ns, Reaching safepoint: 7875 ns, At safepoint: 919 ns, Total: 8794 ns
[2021-04-27T15:10:42.107+0000][1695][safepoint   ] Safepoint "ICBufferFull", Time since last: 434160 ns, Reaching safepoint: 7743 ns, At safepoint: 876 ns, Total: 8619 ns
[2021-04-27T15:10:42.107+0000][1695][safepoint   ] Safepoint "ICBufferFull", Time since last: 427136 ns, Reaching safepoint: 7919 ns, At safepoint: 881 ns, Total: 8800 ns
[2021-04-27T15:10:42.108+0000][1695][safepoint   ] Safepoint "ICBufferFull", Time since last: 456211 ns, Reaching safepoint: 7544 ns, At safepoint: 868 ns, Total: 8412 ns
[2021-04-27T15:10:42.108+0000][1695][safepoint   ] Safepoint "ICBufferFull", Time since last: 439340 ns, Reaching safepoint: 7552 ns, At safepoint: 887 ns, Total: 8439 ns
[2021-04-27T15:10:42.109+0000][1695][safepoint   ] Safepoint "ICBufferFull", Time since last: 413310 ns, Reaching safepoint: 8616 ns, At safepoint: 4847 ns, Total: 13463 ns
[2021-04-27T15:10:42.109+0000][1695][safepoint   ] Safepoint "ICBufferFull", Time since last: 398626 ns, Reaching safepoint: 7397 ns, At safepoint: 880 ns, Total: 8277 ns
[2021-04-27T15:10:42.110+0000][1695][safepoint   ] Safepoint "ICBufferFull", Time since last: 438612 ns, Reaching safepoint: 7665 ns, At safepoint: 5032 ns, Total: 12697 ns
[2021-04-27T15:10:42.110+0000][1695][safepoint   ] Safepoint "ICBufferFull", Time since last: 451333 ns, Reaching safepoint: 29915 ns, At safepoint: 10590 ns, Total: 40505 ns
[2021-04-27T15:10:42.110+0000][1695][safepoint   ] Safepoint "ICBufferFull", Time since last: 424610 ns, Reaching safepoint: 7772 ns, At safepoint: 946 ns, Total: 8718 ns
[2021-04-27T15:10:42.111+0000][1695][safepoint   ] Safepoint "ICBufferFull", Time since last: 422113 ns, Reaching safepoint: 7394 ns, At safepoint: 949 ns, Total: 8343 ns
[2021-04-27T15:10:42.112+0000][1695][safepoint   ] Safepoint "ICBufferFull", Time since last: 871995 ns, Reaching safepoint: 8449 ns, At safepoint: 960 ns, Total: 9409 ns
[2021-04-27T15:10:42.112+0000][1695][safepoint   ] Safepoint "ICBufferFull", Time since last: 551794 ns, Reaching safepoint: 7558 ns, At safepoint: 902 ns, Total: 8460 ns
[2021-04-27T15:10:42.226+0000][1695][safepoint   ] Safepoint "ICBufferFull", Time since last: 113876226 ns, Reaching safepoint: 111352 ns, At safepoint: 53050 ns, Total: 164402 ns
[2021-04-27T15:10:42.782+0000][1695][gc,start    ] GC(0) Pause Young (Normal) (G1 Evacuation Pause)
[2021-04-27T15:10:42.782+0000][1695][gc,task     ] GC(0) Using 13 workers of 13 for evacuation
[2021-04-27T15:10:42.782+0000][1695][gc,age      ] GC(0) Desired survivor size 54525952 bytes, new threshold 15 (max threshold 15)
[2021-04-27T15:10:42.787+0000][1695][gc,age      ] GC(0) Age table with threshold 15 (max threshold 15)
[2021-04-27T15:10:42.787+0000][1695][gc,age      ] GC(0) - age   1:   16342464 bytes,   16342464 total
[2021-04-27T15:10:42.787+0000][1695][gc,phases   ] GC(0)   Pre Evacuate Collection Set: 0.1ms
[2021-04-27T15:10:42.787+0000][1695][gc,phases   ] GC(0)   Merge Heap Roots: 0.1ms
[2021-04-27T15:10:42.787+0000][1695][gc,phases   ] GC(0)   Evacuate Collection Set: 3.9ms
[2021-04-27T15:10:42.787+0000][1695][gc,phases   ] GC(0)   Post Evacuate Collection Set: 1.3ms
[2021-04-27T15:10:42.787+0000][1695][gc,phases   ] GC(0)   Other: 0.2ms
[2021-04-27T15:10:42.787+0000][1695][gc,heap     ] GC(0) Eden regions: 102->0(100)
[2021-04-27T15:10:42.787+0000][1695][gc,heap     ] GC(0) Survivor regions: 0->2(13)
[2021-04-27T15:10:42.787+0000][1695][gc,heap     ] GC(0) Old regions: 0->0
[2021-04-27T15:10:42.787+0000][1695][gc,heap     ] GC(0) Archive regions: 2->2
[2021-04-27T15:10:42.787+0000][1695][gc,heap     ] GC(0) Humongous regions: 0->0
[2021-04-27T15:10:42.787+0000][1695][gc,metaspace] GC(0) Metaspace: 18812K(19136K)->18812K(19136K) NonClass: 16524K(16704K)->16524K(16704K) Class: 2288K(2432K)->2288K(2432K)
[2021-04-27T15:10:42.787+0000][1695][gc          ] GC(0) Pause Young (Normal) (G1 Evacuation Pause) 823M->23M(16384M) 5.754ms
[2021-04-27T15:10:42.787+0000][1695][gc,cpu      ] GC(0) User=0.05s Sys=0.01s Real=0.00s
[2021-04-27T15:10:42.788+0000][1695][safepoint   ] Safepoint "G1CollectForAllocation", Time since last: 555166862 ns, Reaching safepoint: 93867 ns, At safepoint: 5827506 ns, Total: 5921373 ns
[2021-04-27T15:10:43.440+0000][1695][gc,start    ] GC(1) Pause Young (Normal) (G1 Evacuation Pause)
[2021-04-27T15:10:43.440+0000][1695][gc,task     ] GC(1) Using 13 workers of 13 for evacuation
[2021-04-27T15:10:43.440+0000][1695][gc,age      ] GC(1) Desired survivor size 54525952 bytes, new threshold 15 (max threshold 15)
[2021-04-27T15:10:43.445+0000][1695][gc,age      ] GC(1) Age table with threshold 15 (max threshold 15)
[2021-04-27T15:10:43.445+0000][1695][gc,age      ] GC(1) - age   1:    3616112 bytes,    3616112 total
[2021-04-27T15:10:43.445+0000][1695][gc,age      ] GC(1) - age   2:   15182120 bytes,   18798232 total
[2021-04-27T15:10:43.445+0000][1695][gc,phases   ] GC(1)   Pre Evacuate Collection Set: 0.1ms
[2021-04-27T15:10:43.445+0000][1695][gc,phases   ] GC(1)   Merge Heap Roots: 0.1ms
[2021-04-27T15:10:43.445+0000][1695][gc,phases   ] GC(1)   Evacuate Collection Set: 3.8ms
[2021-04-27T15:10:43.445+0000][1695][gc,phases   ] GC(1)   Post Evacuate Collection Set: 0.9ms
[2021-04-27T15:10:43.445+0000][1695][gc,phases   ] GC(1)   Other: 0.7ms
[2021-04-27T15:10:43.445+0000][1695][gc,heap     ] GC(1) Eden regions: 100->0(99)
[2021-04-27T15:10:43.445+0000][1695][gc,heap     ] GC(1) Survivor regions: 2->3(13)
[2021-04-27T15:10:43.445+0000][1695][gc,heap     ] GC(1) Old regions: 0->0
[2021-04-27T15:10:43.445+0000][1695][gc,heap     ] GC(1) Archive regions: 2->2
[2021-04-27T15:10:43.445+0000][1695][gc,heap     ] GC(1) Humongous regions: 0->0
[2021-04-27T15:10:43.445+0000][1695][gc,metaspace] GC(1) Metaspace: 20564K(21056K)->20564K(21056K) NonClass: 18021K(18304K)->18021K(18304K) Class: 2543K(2752K)->2543K(2752K)
[2021-04-27T15:10:43.445+0000][1695][gc          ] GC(1) Pause Young (Normal) (G1 Evacuation Pause) 823M->26M(16384M) 5.716ms
[2021-04-27T15:10:43.445+0000][1695][gc,cpu      ] GC(1) User=0.05s Sys=0.01s Real=0.00s
[2021-04-27T15:10:43.445+0000][1695][safepoint   ] Safepoint "G1CollectForAllocation", Time since last: 652071620 ns, Reaching safepoint: 78562 ns, At safepoint: 5814502 ns, Total: 5893064 ns
[2021-04-27T15:10:43.688+0000][1695][gc,start    ] GC(2) Pause Young (Concurrent Start) (Metadata GC Threshold)
[2021-04-27T15:10:43.688+0000][1695][gc,task     ] GC(2) Using 13 workers of 13 for evacuation
[2021-04-27T15:10:43.688+0000][1695][gc,age      ] GC(2) Desired survivor size 54525952 bytes, new threshold 15 (max threshold 15)
[2021-04-27T15:10:43.693+0000][1695][gc,age      ] GC(2) Age table with threshold 15 (max threshold 15)
[2021-04-27T15:10:43.693+0000][1695][gc,age      ] GC(2) - age   1:    1023192 bytes,    1023192 total
[2021-04-27T15:10:43.693+0000][1695][gc,age      ] GC(2) - age   2:    3195960 bytes,    4219152 total
[2021-04-27T15:10:43.693+0000][1695][gc,age      ] GC(2) - age   3:   15179840 bytes,   19398992 total
[2021-04-27T15:10:43.693+0000][1695][gc,phases   ] GC(2)   Pre Evacuate Collection Set: 0.1ms
[2021-04-27T15:10:43.693+0000][1695][gc,phases   ] GC(2)   Merge Heap Roots: 0.1ms
[2021-04-27T15:10:43.693+0000][1695][gc,phases   ] GC(2)   Evacuate Collection Set: 3.5ms
[2021-04-27T15:10:43.693+0000][1695][gc,phases   ] GC(2)   Post Evacuate Collection Set: 0.8ms
[2021-04-27T15:10:43.693+0000][1695][gc,phases   ] GC(2)   Other: 0.4ms
[2021-04-27T15:10:43.693+0000][1695][gc,heap     ] GC(2) Eden regions: 44->0(99)
[2021-04-27T15:10:43.693+0000][1695][gc,heap     ] GC(2) Survivor regions: 3->3(13)
[2021-04-27T15:10:43.693+0000][1695][gc,heap     ] GC(2) Old regions: 0->0
[2021-04-27T15:10:43.693+0000][1695][gc,heap     ] GC(2) Archive regions: 2->2
[2021-04-27T15:10:43.693+0000][1695][gc,heap     ] GC(2) Humongous regions: 0->0
[2021-04-27T15:10:43.693+0000][1695][gc,metaspace] GC(2) Metaspace: 20686K(21248K)->20686K(21248K) NonClass: 18115K(18432K)->18115K(18432K) Class: 2570K(2816K)->2570K(2816K)
[2021-04-27T15:10:43.693+0000][1695][gc          ] GC(2) Pause Young (Concurrent Start) (Metadata GC Threshold) 378M->27M(16384M) 4.924ms
[2021-04-27T15:10:43.693+0000][1695][gc,cpu      ] GC(2) User=0.04s Sys=0.00s Real=0.01s
[2021-04-27T15:10:43.693+0000][1695][safepoint   ] Safepoint "CollectForMetadataAllocation", Time since last: 242485981 ns, Reaching safepoint: 137907 ns, At safepoint: 5005220 ns, Total: 5143127 ns
[2021-04-27T15:10:43.693+0000][1695][gc          ] GC(3) Concurrent Mark Cycle
[2021-04-27T15:10:43.693+0000][1695][gc,marking  ] GC(3) Concurrent Clear Claimed Marks
[2021-04-27T15:10:43.693+0000][1695][gc,marking  ] GC(3) Concurrent Clear Claimed Marks 0.050ms
[2021-04-27T15:10:43.693+0000][1695][gc,marking  ] GC(3) Concurrent Scan Root Regions
[2021-04-27T15:10:43.696+0000][1695][gc,marking  ] GC(3) Concurrent Scan Root Regions 2.988ms
[2021-04-27T15:10:43.696+0000][1695][gc,marking  ] GC(3) Concurrent Mark
[2021-04-27T15:10:43.696+0000][1695][gc,marking  ] GC(3) Concurrent Mark From Roots
[2021-04-27T15:10:43.696+0000][1695][gc,task     ] GC(3) Using 3 workers of 3 for marking
[2021-04-27T15:10:43.697+0000][1695][gc,marking  ] GC(3) Concurrent Mark From Roots 1.146ms
[2021-04-27T15:10:43.697+0000][1695][gc,marking  ] GC(3) Concurrent Preclean
[2021-04-27T15:10:43.697+0000][1695][gc,marking  ] GC(3) Concurrent Preclean 0.028ms
[2021-04-27T15:10:43.698+0000][1695][gc,start    ] GC(3) Pause Remark
[2021-04-27T15:10:43.699+0000][1695][gc          ] GC(3) Pause Remark 31M->31M(16384M) 1.481ms
[2021-04-27T15:10:43.699+0000][1695][gc,cpu      ] GC(3) User=0.01s Sys=0.00s Real=0.00s
[2021-04-27T15:10:43.699+0000][1695][safepoint   ] Safepoint "G1Concurrent", Time since last: 4339494 ns, Reaching safepoint: 54825 ns, At safepoint: 1553656 ns, Total: 1608481 ns
[2021-04-27T15:10:43.699+0000][1695][gc,marking  ] GC(3) Concurrent Mark 2.877ms
[2021-04-27T15:10:43.699+0000][1695][gc,marking  ] GC(3) Concurrent Rebuild Remembered Sets
[2021-04-27T15:10:43.700+0000][1695][gc,marking  ] GC(3) Concurrent Rebuild Remembered Sets 0.613ms
[2021-04-27T15:10:43.700+0000][1695][gc,start    ] GC(3) Pause Cleanup
[2021-04-27T15:10:43.700+0000][1695][gc          ] GC(3) Pause Cleanup 31M->31M(16384M) 0.159ms
[2021-04-27T15:10:43.700+0000][1695][gc,cpu      ] GC(3) User=0.00s Sys=0.00s Real=0.00s
[2021-04-27T15:10:43.700+0000][1695][safepoint   ] Safepoint "G1Concurrent", Time since last: 710255 ns, Reaching safepoint: 94201 ns, At safepoint: 276567 ns, Total: 370768 ns
[2021-04-27T15:10:43.700+0000][1695][gc,marking  ] GC(3) Concurrent Cleanup for Next Mark
[2021-04-27T15:10:43.719+0000][1695][gc,marking  ] GC(3) Concurrent Cleanup for Next Mark 18.967ms
[2021-04-27T15:10:43.719+0000][1695][gc          ] GC(3) Concurrent Mark Cycle 26.069ms
[2021-04-27T15:10:44.188+0000][1695][safepoint   ] Safepoint "ICBufferFull", Time since last: 487947309 ns, Reaching safepoint: 184983 ns, At safepoint: 2488 ns, Total: 187471 ns
[2021-04-27T15:10:45.297+0000][1695][safepoint   ] Safepoint "Cleanup", Time since last: 1108019167 ns, Reaching safepoint: 170923 ns, At safepoint: 63101 ns, Total: 234024 ns
[2021-04-27T15:10:45.379+0000][1695][gc,start    ] GC(4) Pause Young (Concurrent Start) (Metadata GC Threshold)
[2021-04-27T15:10:45.379+0000][1695][gc,task     ] GC(4) Using 13 workers of 13 for evacuation
[2021-04-27T15:10:45.379+0000][1695][gc,age      ] GC(4) Desired survivor size 54525952 bytes, new threshold 15 (max threshold 15)
[2021-04-27T15:10:45.392+0000][1695][gc,age      ] GC(4) Age table with threshold 15 (max threshold 15)
[2021-04-27T15:10:45.393+0000][1695][gc,age      ] GC(4) - age   1:   38837160 bytes,   38837160 total
[2021-04-27T15:10:45.393+0000][1695][gc,age      ] GC(4) - age   2:    1003080 bytes,   39840240 total
[2021-04-27T15:10:45.393+0000][1695][gc,age      ] GC(4) - age   3:    3140848 bytes,   42981088 total
[2021-04-27T15:10:45.393+0000][1695][gc,age      ] GC(4) - age   4:   15036024 bytes,   58017112 total
[2021-04-27T15:10:45.393+0000][1695][gc,phases   ] GC(4)   Pre Evacuate Collection Set: 0.2ms
[2021-04-27T15:10:45.393+0000][1695][gc,phases   ] GC(4)   Merge Heap Roots: 0.0ms
[2021-04-27T15:10:45.393+0000][1695][gc,phases   ] GC(4)   Evacuate Collection Set: 11.7ms
[2021-04-27T15:10:45.393+0000][1695][gc,phases   ] GC(4)   Post Evacuate Collection Set: 1.1ms
[2021-04-27T15:10:45.393+0000][1695][gc,phases   ] GC(4)   Other: 0.3ms
[2021-04-27T15:10:45.393+0000][1695][gc,heap     ] GC(4) Eden regions: 39->0(94)
[2021-04-27T15:10:45.393+0000][1695][gc,heap     ] GC(4) Survivor regions: 3->8(13)
[2021-04-27T15:10:45.393+0000][1695][gc,heap     ] GC(4) Old regions: 0->0
[2021-04-27T15:10:45.393+0000][1695][gc,heap     ] GC(4) Archive regions: 2->2
[2021-04-27T15:10:45.393+0000][1695][gc,heap     ] GC(4) Humongous regions: 0->0
[2021-04-27T15:10:45.393+0000][1695][gc,metaspace] GC(4) Metaspace: 34664K(35520K)->34664K(35520K) NonClass: 30124K(30592K)->30124K(30592K) Class: 4540K(4928K)->4540K(4928K)
[2021-04-27T15:10:45.393+0000][1695][gc          ] GC(4) Pause Young (Concurrent Start) (Metadata GC Threshold) 339M->64M(16384M) 13.313ms
[2021-04-27T15:10:45.393+0000][1695][gc,cpu      ] GC(4) User=0.17s Sys=0.00s Real=0.02s
[2021-04-27T15:10:45.393+0000][1695][gc          ] GC(5) Concurrent Mark Cycle
[2021-04-27T15:10:45.393+0000][1695][gc,marking  ] GC(5) Concurrent Clear Claimed Marks
[2021-04-27T15:10:45.393+0000][1695][safepoint   ] Safepoint "CollectForMetadataAllocation", Time since last: 82609752 ns, Reaching safepoint: 119284 ns, At safepoint: 13449337 ns, Total: 13568621 ns
[2021-04-27T15:10:45.393+0000][1695][gc,marking  ] GC(5) Concurrent Clear Claimed Marks 0.041ms
[2021-04-27T15:10:45.393+0000][1695][gc,marking  ] GC(5) Concurrent Scan Root Regions
[2021-04-27T15:10:45.404+0000][1695][safepoint   ] Safepoint "CollectForMetadataAllocation", Time since last: 10810819 ns, Reaching safepoint: 31315 ns, At safepoint: 42129 ns, Total: 73444 ns
[2021-04-27T15:10:45.405+0000][1695][gc,marking  ] GC(5) Concurrent Scan Root Regions 12.101ms
[2021-04-27T15:10:45.405+0000][1695][gc,marking  ] GC(5) Concurrent Mark
[2021-04-27T15:10:45.405+0000][1695][gc,marking  ] GC(5) Concurrent Mark From Roots
[2021-04-27T15:10:45.405+0000][1695][gc,task     ] GC(5) Using 3 workers of 3 for marking
[2021-04-27T15:10:45.406+0000][1695][gc,marking  ] GC(5) Concurrent Mark From Roots 1.022ms
[2021-04-27T15:10:45.406+0000][1695][gc,marking  ] GC(5) Concurrent Preclean
[2021-04-27T15:10:45.406+0000][1695][gc,marking  ] GC(5) Concurrent Preclean 0.057ms
[2021-04-27T15:10:45.406+0000][1695][gc,start    ] GC(5) Pause Remark
[2021-04-27T15:10:45.407+0000][1695][gc          ] GC(5) Pause Remark 68M->68M(16384M) 1.300ms
[2021-04-27T15:10:45.407+0000][1695][gc,cpu      ] GC(5) User=0.01s Sys=0.00s Real=0.00s
[2021-04-27T15:10:45.407+0000][1695][safepoint   ] Safepoint "G1Concurrent", Time since last: 2403945 ns, Reaching safepoint: 46321 ns, At safepoint: 1394949 ns, Total: 1441270 ns
[2021-04-27T15:10:45.407+0000][1695][gc,marking  ] GC(5) Concurrent Mark 2.585ms
[2021-04-27T15:10:45.408+0000][1695][gc,marking  ] GC(5) Concurrent Rebuild Remembered Sets
[2021-04-27T15:10:45.408+0000][1695][gc,marking  ] GC(5) Concurrent Rebuild Remembered Sets 0.675ms
[2021-04-27T15:10:45.409+0000][1695][gc,start    ] GC(5) Pause Cleanup
[2021-04-27T15:10:45.409+0000][1695][gc          ] GC(5) Pause Cleanup 68M->68M(16384M) 0.148ms
[2021-04-27T15:10:45.409+0000][1695][gc,cpu      ] GC(5) User=0.01s Sys=0.00s Real=0.00s
[2021-04-27T15:10:45.409+0000][1695][safepoint   ] Safepoint "G1Concurrent", Time since last: 734621 ns, Reaching safepoint: 848845 ns, At safepoint: 229610 ns, Total: 1078455 ns
[2021-04-27T15:10:45.409+0000][1695][gc,marking  ] GC(5) Concurrent Cleanup for Next Mark
[2021-04-27T15:10:45.427+0000][1695][gc,marking  ] GC(5) Concurrent Cleanup for Next Mark 17.802ms
[2021-04-27T15:10:45.427+0000][1695][gc          ] GC(5) Concurrent Mark Cycle 34.450ms
[2021-04-27T15:10:46.089+0000][1695][safepoint   ] Safepoint "ICBufferFull", Time since last: 679443114 ns, Reaching safepoint: 299703 ns, At safepoint: 66194 ns, Total: 365897 ns
[2021-04-27T15:10:46.444+0000][1695][safepoint   ] Safepoint "ICBufferFull", Time since last: 354822937 ns, Reaching safepoint: 238380 ns, At safepoint: 2266 ns, Total: 240646 ns
[2021-04-27T15:10:47.326+0000][1695][safepoint   ] Safepoint "ICBufferFull", Time since last: 881208921 ns, Reaching safepoint: 245385 ns, At safepoint: 18055 ns, Total: 263440 ns
[2021-04-27T15:10:47.429+0000][1695][gc,start    ] GC(6) Pause Young (Concurrent Start) (Metadata GC Threshold)
[2021-04-27T15:10:47.429+0000][1695][gc,task     ] GC(6) Using 13 workers of 13 for evacuation
[2021-04-27T15:10:47.429+0000][1695][gc,age      ] GC(6) Desired survivor size 54525952 bytes, new threshold 4 (max threshold 15)
[2021-04-27T15:10:47.445+0000][1695][gc,age      ] GC(6) Age table with threshold 4 (max threshold 15)
[2021-04-27T15:10:47.446+0000][1695][gc,age      ] GC(6) - age   1:   12213808 bytes,   12213808 total
[2021-04-27T15:10:47.446+0000][1695][gc,age      ] GC(6) - age   2:   38536776 bytes,   50750584 total
[2021-04-27T15:10:47.446+0000][1695][gc,age      ] GC(6) - age   3:     999328 bytes,   51749912 total
[2021-04-27T15:10:47.446+0000][1695][gc,age      ] GC(6) - age   4:    3109304 bytes,   54859216 total
[2021-04-27T15:10:47.446+0000][1695][gc,phases   ] GC(6)   Pre Evacuate Collection Set: 0.1ms
[2021-04-27T15:10:47.446+0000][1695][gc,phases   ] GC(6)   Merge Heap Roots: 0.1ms
[2021-04-27T15:10:47.446+0000][1695][gc,phases   ] GC(6)   Evacuate Collection Set: 14.4ms
[2021-04-27T15:10:47.446+0000][1695][gc,phases   ] GC(6)   Post Evacuate Collection Set: 1.9ms
[2021-04-27T15:10:47.446+0000][1695][gc,phases   ] GC(6)   Other: 0.3ms
[2021-04-27T15:10:47.446+0000][1695][gc,heap     ] GC(6) Eden regions: 51->0(95)
[2021-04-27T15:10:47.446+0000][1695][gc,heap     ] GC(6) Survivor regions: 8->7(13)
[2021-04-27T15:10:47.446+0000][1695][gc,heap     ] GC(6) Old regions: 0->2
[2021-04-27T15:10:47.446+0000][1695][gc,heap     ] GC(6) Archive regions: 2->2
[2021-04-27T15:10:47.446+0000][1695][gc,heap     ] GC(6) Humongous regions: 0->0
[2021-04-27T15:10:47.446+0000][1695][gc,metaspace] GC(6) Metaspace: 58763K(59968K)->58763K(59968K) NonClass: 50798K(51456K)->50798K(51456K) Class: 7965K(8512K)->7965K(8512K)
[2021-04-27T15:10:47.446+0000][1695][gc          ] GC(6) Pause Young (Concurrent Start) (Metadata GC Threshold) 472M->78M(16384M) 16.883ms
[2021-04-27T15:10:47.446+0000][1695][gc,cpu      ] GC(6) User=0.19s Sys=0.01s Real=0.02s
[2021-04-27T15:10:47.446+0000][1695][gc          ] GC(7) Concurrent Mark Cycle
[2021-04-27T15:10:47.446+0000][1695][gc,marking  ] GC(7) Concurrent Clear Claimed Marks
[2021-04-27T15:10:47.446+0000][1695][safepoint   ] Safepoint "CollectForMetadataAllocation", Time since last: 102624201 ns, Reaching safepoint: 477981 ns, At safepoint: 17064291 ns, Total: 17542272 ns
[2021-04-27T15:10:47.446+0000][1695][gc,marking  ] GC(7) Concurrent Clear Claimed Marks 0.101ms
[2021-04-27T15:10:47.446+0000][1695][gc,marking  ] GC(7) Concurrent Scan Root Regions
[2021-04-27T15:10:47.460+0000][1695][gc,marking  ] GC(7) Concurrent Scan Root Regions 14.290ms
[2021-04-27T15:10:47.460+0000][1695][gc,marking  ] GC(7) Concurrent Mark
[2021-04-27T15:10:47.460+0000][1695][gc,marking  ] GC(7) Concurrent Mark From Roots
[2021-04-27T15:10:47.460+0000][1695][gc,task     ] GC(7) Using 3 workers of 3 for marking
[2021-04-27T15:10:47.461+0000][1695][gc,marking  ] GC(7) Concurrent Mark From Roots 1.153ms
[2021-04-27T15:10:47.461+0000][1695][gc,marking  ] GC(7) Concurrent Preclean
[2021-04-27T15:10:47.461+0000][1695][gc,marking  ] GC(7) Concurrent Preclean 0.024ms
[2021-04-27T15:10:47.462+0000][1695][gc,start    ] GC(7) Pause Remark
[2021-04-27T15:10:47.464+0000][1695][gc          ] GC(7) Pause Remark 82M->82M(16384M) 1.989ms
[2021-04-27T15:10:47.464+0000][1695][gc,cpu      ] GC(7) User=0.01s Sys=0.01s Real=0.00s
[2021-04-27T15:10:47.464+0000][1695][safepoint   ] Safepoint "G1Concurrent", Time since last: 15623722 ns, Reaching safepoint: 72373 ns, At safepoint: 2067275 ns, Total: 2139648 ns
[2021-04-27T15:10:47.464+0000][1695][gc,marking  ] GC(7) Concurrent Mark 3.407ms
[2021-04-27T15:10:47.464+0000][1695][gc,marking  ] GC(7) Concurrent Rebuild Remembered Sets
[2021-04-27T15:10:47.467+0000][1695][gc,marking  ] GC(7) Concurrent Rebuild Remembered Sets 3.523ms
[2021-04-27T15:10:47.467+0000][1695][gc,start    ] GC(7) Pause Cleanup
[2021-04-27T15:10:47.468+0000][1695][gc          ] GC(7) Pause Cleanup 82M->82M(16384M) 0.181ms
[2021-04-27T15:10:47.468+0000][1695][gc,cpu      ] GC(7) User=0.00s Sys=0.00s Real=0.00s
[2021-04-27T15:10:47.468+0000][1695][safepoint   ] Safepoint "G1Concurrent", Time since last: 3600308 ns, Reaching safepoint: 85537 ns, At safepoint: 358458 ns, Total: 443995 ns
[2021-04-27T15:10:47.468+0000][1695][gc,marking  ] GC(7) Concurrent Cleanup for Next Mark
[2021-04-27T15:10:47.486+0000][1695][gc,marking  ] GC(7) Concurrent Cleanup for Next Mark 17.965ms
[2021-04-27T15:10:47.486+0000][1695][gc          ] GC(7) Concurrent Mark Cycle 39.949ms
[2021-04-27T15:10:48.324+0000][1695][safepoint   ] Safepoint "ICBufferFull", Time since last: 855714837 ns, Reaching safepoint: 217786 ns, At safepoint: 62596 ns, Total: 280382 ns
[2021-04-27T15:10:48.789+0000][1695][safepoint   ] Safepoint "ICBufferFull", Time since last: 465629395 ns, Reaching safepoint: 165581 ns, At safepoint: 33158 ns, Total: 198739 ns
[2021-04-27T15:10:49.273+0000][1695][safepoint   ] Safepoint "ICBufferFull", Time since last: 483294359 ns, Reaching safepoint: 150584 ns, At safepoint: 12124 ns, Total: 162708 ns
[2021-04-27T15:10:49.560+0000][1695][safepoint   ] Safepoint "ICBufferFull", Time since last: 286485565 ns, Reaching safepoint: 234835 ns, At safepoint: 3425 ns, Total: 238260 ns
[2021-04-27T15:10:50.562+0000][1695][safepoint   ] Safepoint "Cleanup", Time since last: 1002290902 ns, Reaching safepoint: 131499 ns, At safepoint: 27116 ns, Total: 158615 ns
[2021-04-27T15:10:51.562+0000][1695][safepoint   ] Safepoint "Cleanup", Time since last: 1000232596 ns, Reaching safepoint: 74486 ns, At safepoint: 5751 ns, Total: 80237 ns
[2021-04-27T15:10:53.568+0000][1695][safepoint   ] Safepoint "Cleanup", Time since last: 2005668001 ns, Reaching safepoint: 89559 ns, At safepoint: 8361 ns, Total: 97920 ns
[2021-04-27T15:10:55.576+0000][1695][safepoint   ] Safepoint "Cleanup", Time since last: 2007217428 ns, Reaching safepoint: 72864 ns, At safepoint: 8247 ns, Total: 81111 ns
[2021-04-27T15:10:56.579+0000][1695][safepoint   ] Safepoint "Cleanup", Time since last: 1003038464 ns, Reaching safepoint: 68263 ns, At safepoint: 9830 ns, Total: 78093 ns
[2021-04-27T15:10:59.586+0000][1695][safepoint   ] Safepoint "Cleanup", Time since last: 3007306867 ns, Reaching safepoint: 83102 ns, At safepoint: 52892 ns, Total: 135994 ns
[2021-04-27T15:11:02.596+0000][1695][safepoint   ] Safepoint "Cleanup", Time since last: 3010095843 ns, Reaching safepoint: 98852 ns, At safepoint: 8541 ns, Total: 107393 ns
[2021-04-27T15:11:03.601+0000][1695][safepoint   ] Safepoint "Cleanup", Time since last: 1004843775 ns, Reaching safepoint: 94756 ns, At safepoint: 7852 ns, Total: 102608 ns
[2021-04-27T15:11:06.611+0000][1695][safepoint   ] Safepoint "Cleanup", Time since last: 3009862585 ns, Reaching safepoint: 72356 ns, At safepoint: 8094 ns, Total: 80450 ns
[2021-04-27T15:11:09.623+0000][1695][safepoint   ] Safepoint "Cleanup", Time since last: 3011059403 ns, Reaching safepoint: 83024 ns, At safepoint: 10516 ns, Total: 93540 ns
[2021-04-27T15:11:11.628+0000][1695][safepoint   ] Safepoint "Cleanup", Time since last: 2005449185 ns, Reaching safepoint: 73047 ns, At safepoint: 11971 ns, Total: 85018 ns
[2021-04-27T15:11:13.637+0000][1695][safepoint   ] Safepoint "Cleanup", Time since last: 2008961586 ns, Reaching safepoint: 80804 ns, At safepoint: 7921 ns, Total: 88725 ns
[2021-04-27T15:11:14.638+0000][1695][safepoint   ] Safepoint "Cleanup", Time since last: 1000276905 ns, Reaching safepoint: 106660 ns, At safepoint: 10210 ns, Total: 116870 ns
[2021-04-27T15:11:15.642+0000][1695][safepoint   ] Safepoint "Cleanup", Time since last: 1004461722 ns, Reaching safepoint: 84934 ns, At safepoint: 5685 ns, Total: 90619 ns
[2021-04-27T15:11:16.647+0000][1695][safepoint   ] Safepoint "Cleanup", Time since last: 1004398389 ns, Reaching safepoint: 124063 ns, At safepoint: 11453 ns, Total: 135516 ns
[2021-04-27T15:11:19.661+0000][1695][safepoint   ] Safepoint "Cleanup", Time since last: 3013655303 ns, Reaching safepoint: 74902 ns, At safepoint: 7476 ns, Total: 82378 ns
[2021-04-27T15:11:29.699+0000][1695][safepoint   ] Safepoint "Cleanup", Time since last: 10037658577 ns, Reaching safepoint: 139102 ns, At safepoint: 15760 ns, Total: 154862 ns
[2021-04-27T15:11:32.708+0000][1695][safepoint   ] Safepoint "Cleanup", Time since last: 3008978714 ns, Reaching safepoint: 57959 ns, At safepoint: 5261 ns, Total: 63220 ns
[2021-04-27T15:11:35.719+0000][1695][safepoint   ] Safepoint "Cleanup", Time since last: 3011168853 ns, Reaching safepoint: 83523 ns, At safepoint: 8176 ns, Total: 91699 ns
[2021-04-27T15:11:37.725+0000][1695][safepoint   ] Safepoint "Cleanup", Time since last: 2005547132 ns, Reaching safepoint: 70098 ns, At safepoint: 5373 ns, Total: 75471 ns
[2021-04-27T15:11:39.734+0000][1695][safepoint   ] Safepoint "Cleanup", Time since last: 2008845059 ns, Reaching safepoint: 71478 ns, At safepoint: 7024 ns, Total: 78502 ns
[2021-04-27T15:11:40.737+0000][1695][safepoint   ] Safepoint "Cleanup", Time since last: 1002938533 ns, Reaching safepoint: 119487 ns, At safepoint: 6856 ns, Total: 126343 ns
[2021-04-27T15:11:41.739+0000][1695][safepoint   ] Safepoint "Cleanup", Time since last: 1001877887 ns, Reaching safepoint: 74257 ns, At safepoint: 6156 ns, Total: 80413 ns
[2021-04-27T15:11:44.752+0000][1695][safepoint   ] Safepoint "Cleanup", Time since last: 3013332799 ns, Reaching safepoint: 122257 ns, At safepoint: 11643 ns, Total: 133900 ns
[2021-04-27T15:11:45.756+0000][1695][safepoint   ] Safepoint "Cleanup", Time since last: 1003353244 ns, Reaching safepoint: 92520 ns, At safepoint: 7598 ns, Total: 100118 ns
[2021-04-27T15:11:49.771+0000][1695][safepoint   ] Safepoint "Cleanup", Time since last: 4014924509 ns, Reaching safepoint: 67522 ns, At safepoint: 7298 ns, Total: 74820 ns
[2021-04-27T15:11:54.786+0000][1695][safepoint   ] Safepoint "Cleanup", Time since last: 5014904433 ns, Reaching safepoint: 64778 ns, At safepoint: 8906 ns, Total: 73684 ns
[2021-04-27T15:11:58.797+0000][1695][safepoint   ] Safepoint "Cleanup", Time since last: 4010581149 ns, Reaching safepoint: 154849 ns, At safepoint: 12009 ns, Total: 166858 ns
[2021-04-27T15:12:11.846+0000][1695][safepoint   ] Safepoint "Cleanup", Time since last: 13048745682 ns, Reaching safepoint: 128733 ns, At safepoint: 11358 ns, Total: 140091 ns
[2021-04-27T15:12:14.856+0000][1695][safepoint   ] Safepoint "Cleanup", Time since last: 3010327371 ns, Reaching safepoint: 69047 ns, At safepoint: 7560 ns, Total: 76607 ns
[2021-04-27T15:12:17.867+0000][1695][safepoint   ] Safepoint "Cleanup", Time since last: 3010312025 ns, Reaching safepoint: 66044 ns, At safepoint: 3543 ns, Total: 69587 ns
[2021-04-27T15:12:19.875+0000][1695][safepoint   ] Safepoint "Cleanup", Time since last: 2007898765 ns, Reaching safepoint: 47575 ns, At safepoint: 4875 ns, Total: 52450 ns
[2021-04-27T15:12:33.921+0000][1695][safepoint   ] Safepoint "Cleanup", Time since last: 14046147120 ns, Reaching safepoint: 77457 ns, At safepoint: 8482 ns, Total: 85939 ns
[2021-04-27T15:12:38.939+0000][1695][safepoint   ] Safepoint "Cleanup", Time since last: 5017661197 ns, Reaching safepoint: 46852 ns, At safepoint: 4987 ns, Total: 51839 ns
[2021-04-27T15:12:48.973+0000][1695][safepoint   ] Safepoint "Cleanup", Time since last: 10033563915 ns, Reaching safepoint: 82320 ns, At safepoint: 2813 ns, Total: 85133 ns
[2021-04-27T15:12:49.977+0000][1695][safepoint   ] Safepoint "Cleanup", Time since last: 1003973240 ns, Reaching safepoint: 74492 ns, At safepoint: 10083 ns, Total: 84575 ns
[2021-04-27T15:12:55.994+0000][1695][safepoint   ] Safepoint "Cleanup", Time since last: 6016756206 ns, Reaching safepoint: 139225 ns, At safepoint: 10280 ns, Total: 149505 ns
[2021-04-27T15:12:56.998+0000][1695][safepoint   ] Safepoint "Cleanup", Time since last: 1003806973 ns, Reaching safepoint: 100710 ns, At safepoint: 10835 ns, Total: 111545 ns
[2021-04-27T15:13:14.046+0000][1695][safepoint   ] Safepoint "Cleanup", Time since last: 17047715621 ns, Reaching safepoint: 112254 ns, At safepoint: 9202 ns, Total: 121456 ns
[2021-04-27T15:13:15.048+0000][1695][safepoint   ] Safepoint "Cleanup", Time since last: 1001992553 ns, Reaching safepoint: 128830 ns, At safepoint: 9155 ns, Total: 137985 ns
[2021-04-27T15:13:20.063+0000][1695][safepoint   ] Safepoint "Cleanup", Time since last: 5014739602 ns, Reaching safepoint: 82871 ns, At safepoint: 8112 ns, Total: 90983 ns
[2021-04-27T15:13:27.088+0000][1695][safepoint   ] Safepoint "Cleanup", Time since last: 7024516808 ns, Reaching safepoint: 87271 ns, At safepoint: 11221 ns, Total: 98492 ns
[2021-04-27T15:13:47.149+0000][1695][safepoint   ] Safepoint "Cleanup", Time since last: 20060755038 ns, Reaching safepoint: 127265 ns, At safepoint: 11370 ns, Total: 138635 ns
[2021-04-27T15:13:49.155+0000][1695][safepoint   ] Safepoint "Cleanup", Time since last: 2005502756 ns, Reaching safepoint: 139720 ns, At safepoint: 15665 ns, Total: 155385 ns
[2021-04-27T15:13:50.157+0000][1695][safepoint   ] Safepoint "Cleanup", Time since last: 1002033615 ns, Reaching safepoint: 74392 ns, At safepoint: 6308 ns, Total: 80700 ns
[2021-04-27T15:13:54.170+0000][1695][safepoint   ] Safepoint "Cleanup", Time since last: 4013542548 ns, Reaching safepoint: 75145 ns, At safepoint: 5282 ns, Total: 80427 ns
[2021-04-27T15:13:56.178+0000][1695][safepoint   ] Safepoint "Cleanup", Time since last: 2007671769 ns, Reaching safepoint: 88922 ns, At safepoint: 16736 ns, Total: 105658 ns
[2021-04-27T15:14:01.199+0000][1695][safepoint   ] Safepoint "Cleanup", Time since last: 5020311211 ns, Reaching safepoint: 154015 ns, At safepoint: 2081 ns, Total: 156096 ns
[2021-04-27T15:14:09.228+0000][1695][safepoint   ] Safepoint "Cleanup", Time since last: 8029111558 ns, Reaching safepoint: 93281 ns, At safepoint: 3503 ns, Total: 96784 ns
[2021-04-27T15:14:20.269+0000][1695][safepoint   ] Safepoint "Cleanup", Time since last: 11040311119 ns, Reaching safepoint: 66750 ns, At safepoint: 7446 ns, Total: 74196 ns
[2021-04-27T15:14:27.293+0000][1695][safepoint   ] Safepoint "Cleanup", Time since last: 7024465828 ns, Reaching safepoint: 111181 ns, At safepoint: 13031 ns, Total: 124212 ns
[2021-04-27T15:15:04.432+0000][1695][safepoint   ] Safepoint "Cleanup", Time since last: 37137775628 ns, Reaching safepoint: 82234 ns, At safepoint: 2550 ns, Total: 84784 ns
[2021-04-27T15:15:19.491+0000][1695][safepoint   ] Safepoint "Cleanup", Time since last: 15058463729 ns, Reaching safepoint: 52692 ns, At safepoint: 6571 ns, Total: 59263 ns
[2021-04-27T15:15:38.556+0000][1695][safepoint   ] Safepoint "Cleanup", Time since last: 19065305580 ns, Reaching safepoint: 74266 ns, At safepoint: 4211 ns, Total: 78477 ns
[2021-04-27T15:16:12.683+0000][1695][safepoint   ] Safepoint "Cleanup", Time since last: 34125692395 ns, Reaching safepoint: 80167 ns, At safepoint: 8869 ns, Total: 89036 ns
[2021-04-27T15:16:47.341+0000][1695][safepoint   ] Safepoint "Cleanup", Time since last: 34657387884 ns, Reaching safepoint: 66726 ns, At safepoint: 13152 ns, Total: 79878 ns
[2021-04-27T15:16:48.394+0000][1695][safepoint   ] Safepoint "Cleanup", Time since last: 1053017099 ns, Reaching safepoint: 177328 ns, At safepoint: 6997 ns, Total: 184325 ns
[2021-04-27T15:17:08.054+0000][1695][safepoint   ] Safepoint "Cleanup", Time since last: 19659963562 ns, Reaching safepoint: 195235 ns, At safepoint: 26919 ns, Total: 222154 ns
[2021-04-27T15:17:26.106+0000][1695][safepoint   ] Safepoint "Cleanup", Time since last: 18050849450 ns, Reaching safepoint: 102039 ns, At safepoint: 12556 ns, Total: 114595 ns
[2021-04-27T15:17:39.150+0000][1695][safepoint   ] Safepoint "Cleanup", Time since last: 13043640425 ns, Reaching safepoint: 155095 ns, At safepoint: 58990 ns, Total: 214085 ns
[2021-04-27T15:17:39.933+0000][1695][safepoint   ] Safepoint "ICBufferFull", Time since last: 782593713 ns, Reaching safepoint: 211355 ns, At safepoint: 31494 ns, Total: 242849 ns
[2021-04-27T15:17:40.938+0000][1695][safepoint   ] Safepoint "Cleanup", Time since last: 1004903416 ns, Reaching safepoint: 61793 ns, At safepoint: 13978 ns, Total: 75771 ns
[2021-04-27T15:17:41.942+0000][1695][safepoint   ] Safepoint "Cleanup", Time since last: 1004222689 ns, Reaching safepoint: 113434 ns, At safepoint: 78458 ns, Total: 191892 ns
[2021-04-27T15:17:49.430+0000][1695][gc,start    ] GC(8) Pause Young (Normal) (G1 Evacuation Pause)
[2021-04-27T15:17:49.430+0000][1695][gc,task     ] GC(8) Using 13 workers of 13 for evacuation
[2021-04-27T15:17:49.430+0000][1695][gc,age      ] GC(8) Desired survivor size 54525952 bytes, new threshold 4 (max threshold 15)
[2021-04-27T15:17:49.447+0000][1695][gc,age      ] GC(8) Age table with threshold 4 (max threshold 15)
[2021-04-27T15:17:49.447+0000][1695][gc,age      ] GC(8) - age   1:   20258240 bytes,   20258240 total
[2021-04-27T15:17:49.447+0000][1695][gc,age      ] GC(8) - age   2:   11593648 bytes,   31851888 total
[2021-04-27T15:17:49.447+0000][1695][gc,age      ] GC(8) - age   3:   38475376 bytes,   70327264 total
[2021-04-27T15:17:49.447+0000][1695][gc,age      ] GC(8) - age   4:     994440 bytes,   71321704 total
[2021-04-27T15:17:49.447+0000][1695][gc,phases   ] GC(8)   Pre Evacuate Collection Set: 0.2ms
[2021-04-27T15:17:49.447+0000][1695][gc,phases   ] GC(8)   Merge Heap Roots: 0.1ms
[2021-04-27T15:17:49.447+0000][1695][gc,phases   ] GC(8)   Evacuate Collection Set: 15.8ms
[2021-04-27T15:17:49.447+0000][1695][gc,phases   ] GC(8)   Post Evacuate Collection Set: 1.2ms
[2021-04-27T15:17:49.447+0000][1695][gc,phases   ] GC(8)   Other: 0.3ms
[2021-04-27T15:17:49.447+0000][1695][gc,heap     ] GC(8) Eden regions: 95->0(92)
[2021-04-27T15:17:49.447+0000][1695][gc,heap     ] GC(8) Survivor regions: 7->10(13)
[2021-04-27T15:17:49.447+0000][1695][gc,heap     ] GC(8) Old regions: 2->3
[2021-04-27T15:17:49.447+0000][1695][gc,heap     ] GC(8) Archive regions: 2->2
[2021-04-27T15:17:49.447+0000][1695][gc,heap     ] GC(8) Humongous regions: 0->0
[2021-04-27T15:17:49.447+0000][1695][gc,metaspace] GC(8) Metaspace: 94063K(95424K)->94063K(95424K) NonClass: 80857K(81664K)->80857K(81664K) Class: 13205K(13760K)->13205K(13760K)
[2021-04-27T15:17:49.447+0000][1695][gc          ] GC(8) Pause Young (Normal) (G1 Evacuation Pause) 838M->99M(16384M) 17.630ms
[2021-04-27T15:17:49.447+0000][1695][gc,cpu      ] GC(8) User=0.21s Sys=0.00s Real=0.01s
[2021-04-27T15:17:49.448+0000][1695][safepoint   ] Safepoint "G1CollectForAllocation", Time since last: 7487534232 ns, Reaching safepoint: 69000 ns, At safepoint: 17731504 ns, Total: 17800504 ns
[2021-04-27T15:17:50.452+0000][1695][safepoint   ] Safepoint "Cleanup", Time since last: 1004097460 ns, Reaching safepoint: 98518 ns, At safepoint: 6219 ns, Total: 104737 ns
[2021-04-27T15:17:54.249+0000][1695][safepoint   ] Safepoint "Cleanup", Time since last: 3796827068 ns, Reaching safepoint: 78648 ns, At safepoint: 64998 ns, Total: 143646 ns
[2021-04-27T15:17:55.254+0000][1695][safepoint   ] Safepoint "Cleanup", Time since last: 1005226887 ns, Reaching safepoint: 131458 ns, At safepoint: 7558 ns, Total: 139016 ns
[2021-04-27T15:18:09.309+0000][1695][safepoint   ] Safepoint "Cleanup", Time since last: 14054134186 ns, Reaching safepoint: 79767 ns, At safepoint: 3367 ns, Total: 83134 ns
[2021-04-27T15:18:20.350+0000][1695][safepoint   ] Safepoint "Cleanup", Time since last: 11041269783 ns, Reaching safepoint: 73394 ns, At safepoint: 11697 ns, Total: 85091 ns
[2021-04-27T15:18:29.389+0000][1695][safepoint   ] Safepoint "Cleanup", Time since last: 9038266523 ns, Reaching safepoint: 77310 ns, At safepoint: 7071 ns, Total: 84381 ns
[2021-04-27T15:18:32.399+0000][1695][safepoint   ] Safepoint "Cleanup", Time since last: 3009888702 ns, Reaching safepoint: 108861 ns, At safepoint: 12958 ns, Total: 121819 ns
[2021-04-27T15:18:37.417+0000][1695][safepoint   ] Safepoint "Cleanup", Time since last: 5018054420 ns, Reaching safepoint: 75076 ns, At safepoint: 4981 ns, Total: 80057 ns
[2021-04-27T15:18:49.454+0000][1695][safepoint   ] Safepoint "Cleanup", Time since last: 12036396943 ns, Reaching safepoint: 77350 ns, At safepoint: 8861 ns, Total: 86211 ns
[2021-04-27T15:18:57.485+0000][1695][safepoint   ] Safepoint "Cleanup", Time since last: 8030659646 ns, Reaching safepoint: 100816 ns, At safepoint: 7382 ns, Total: 108198 ns
[2021-04-27T15:18:59.493+0000][1695][safepoint   ] Safepoint "Cleanup", Time since last: 2008270911 ns, Reaching safepoint: 82677 ns, At safepoint: 8057 ns, Total: 90734 ns
[2021-04-27T15:19:00.495+0000][1695][safepoint   ] Safepoint "Cleanup", Time since last: 1001780221 ns, Reaching safepoint: 66653 ns, At safepoint: 8660 ns, Total: 75313 ns
[2021-04-27T15:19:05.511+0000][1695][safepoint   ] Safepoint "Cleanup", Time since last: 5015895715 ns, Reaching safepoint: 71184 ns, At safepoint: 9927 ns, Total: 81111 ns
[2021-04-27T15:19:09.523+0000][1695][safepoint   ] Safepoint "Cleanup", Time since last: 4012030367 ns, Reaching safepoint: 73530 ns, At safepoint: 7630 ns, Total: 81160 ns
[2021-04-27T15:19:13.536+0000][1695][safepoint   ] Safepoint "Cleanup", Time since last: 4012573455 ns, Reaching safepoint: 74717 ns, At safepoint: 8161 ns, Total: 82878 ns
[2021-04-27T15:19:48.645+0000][1695][safepoint   ] Safepoint "Cleanup", Time since last: 35108267271 ns, Reaching safepoint: 73399 ns, At safepoint: 6007 ns, Total: 79406 ns
[2021-04-27T15:19:56.672+0000][1695][safepoint   ] Safepoint "Cleanup", Time since last: 8026949111 ns, Reaching safepoint: 81453 ns, At safepoint: 10484 ns, Total: 91937 ns
[2021-04-27T15:20:09.720+0000][1695][safepoint   ] Safepoint "Cleanup", Time since last: 13048138517 ns, Reaching safepoint: 71618 ns, At safepoint: 10462 ns, Total: 82080 ns
[2021-04-27T15:20:12.732+0000][1695][safepoint   ] Safepoint "Cleanup", Time since last: 3011232995 ns, Reaching safepoint: 69718 ns, At safepoint: 4752 ns, Total: 74470 ns
[2021-04-27T15:20:19.755+0000][1695][safepoint   ] Safepoint "Cleanup", Time since last: 7023245374 ns, Reaching safepoint: 114279 ns, At safepoint: 17743 ns, Total: 132022 ns
[2021-04-27T15:20:24.774+0000][1695][safepoint   ] Safepoint "Cleanup", Time since last: 5018672058 ns, Reaching safepoint: 76972 ns, At safepoint: 7439 ns, Total: 84411 ns
[2021-04-27T15:20:55.886+0000][1695][safepoint   ] Safepoint "Cleanup", Time since last: 31111475214 ns, Reaching safepoint: 84743 ns, At safepoint: 17866 ns, Total: 102609 ns
[2021-04-27T15:20:56.890+0000][1695][safepoint   ] Safepoint "Cleanup", Time since last: 1003777134 ns, Reaching safepoint: 98200 ns, At safepoint: 4581 ns, Total: 102781 ns
[2021-04-27T15:21:12.948+0000][1695][safepoint   ] Safepoint "Cleanup", Time since last: 16058148913 ns, Reaching safepoint: 58835 ns, At safepoint: 6767 ns, Total: 65602 ns
[2021-04-27T15:21:22.978+0000][1695][safepoint   ] Safepoint "Cleanup", Time since last: 10029274317 ns, Reaching safepoint: 81419 ns, At safepoint: 3049 ns, Total: 84468 ns
[2021-04-27T15:21:37.030+0000][1695][safepoint   ] Safepoint "Cleanup", Time since last: 14051313957 ns, Reaching safepoint: 129153 ns, At safepoint: 2232 ns, Total: 131385 ns
[2021-04-27T15:21:39.036+0000][1695][safepoint   ] Safepoint "Cleanup", Time since last: 2006130930 ns, Reaching safepoint: 74239 ns, At safepoint: 4435 ns, Total: 78674 ns
[2021-04-27T15:21:46.064+0000][1695][safepoint   ] Safepoint "Cleanup", Time since last: 7027494039 ns, Reaching safepoint: 47009 ns, At safepoint: 7320 ns, Total: 54329 ns
[2021-04-27T15:21:47.068+0000][1695][safepoint   ] Safepoint "Cleanup", Time since last: 1004102818 ns, Reaching safepoint: 69701 ns, At safepoint: 7564 ns, Total: 77265 ns
[2021-04-27T15:21:50.078+0000][1695][safepoint   ] Safepoint "Cleanup", Time since last: 3009865772 ns, Reaching safepoint: 104686 ns, At safepoint: 4252 ns, Total: 108938 ns
[2021-04-27T15:21:52.083+0000][1695][safepoint   ] Safepoint "Cleanup", Time since last: 2005395203 ns, Reaching safepoint: 74347 ns, At safepoint: 7945 ns, Total: 82292 ns
[2021-04-27T15:21:53.086+0000][1695][safepoint   ] Safepoint "Cleanup", Time since last: 1002199404 ns, Reaching safepoint: 70864 ns, At safepoint: 7963 ns, Total: 78827 ns
[2021-04-27T15:21:57.101+0000][1695][safepoint   ] Safepoint "Cleanup", Time since last: 4015028277 ns, Reaching safepoint: 58308 ns, At safepoint: 6420 ns, Total: 64728 ns
[2021-04-27T15:22:01.114+0000][1695][safepoint   ] Safepoint "Cleanup", Time since last: 4012639357 ns, Reaching safepoint: 115085 ns, At safepoint: 2454 ns, Total: 117539 ns
[2021-04-27T15:22:02.118+0000][1695][safepoint   ] Safepoint "Cleanup", Time since last: 1003862885 ns, Reaching safepoint: 100234 ns, At safepoint: 9570 ns, Total: 109804 ns
[2021-04-27T15:22:19.177+0000][1695][safepoint   ] Safepoint "Cleanup", Time since last: 17058665004 ns, Reaching safepoint: 65626 ns, At safepoint: 5265 ns, Total: 70891 ns
[2021-04-27T15:22:23.189+0000][1695][safepoint   ] Safepoint "Cleanup", Time since last: 4011845065 ns, Reaching safepoint: 90713 ns, At safepoint: 3684 ns, Total: 94397 ns
[2021-04-27T15:22:24.194+0000][1695][safepoint   ] Safepoint "Cleanup", Time since last: 1004915508 ns, Reaching safepoint: 202561 ns, At safepoint: 6635 ns, Total: 209196 ns
[2021-04-27T15:22:37.237+0000][1695][safepoint   ] Safepoint "Cleanup", Time since last: 13042592509 ns, Reaching safepoint: 136733 ns, At safepoint: 4349 ns, Total: 141082 ns
[2021-04-27T15:22:50.278+0000][1695][safepoint   ] Safepoint "Cleanup", Time since last: 13040965870 ns, Reaching safepoint: 72331 ns, At safepoint: 8182 ns, Total: 80513 ns
[2021-04-27T15:23:22.385+0000][1695][safepoint   ] Safepoint "Cleanup", Time since last: 32106228469 ns, Reaching safepoint: 66007 ns, At safepoint: 7926 ns, Total: 73933 ns
[2021-04-27T15:24:06.544+0000][1695][safepoint   ] Safepoint "Cleanup", Time since last: 44157960215 ns, Reaching safepoint: 106834 ns, At safepoint: 6097 ns, Total: 112931 ns
[2021-04-27T15:24:39.652+0000][1695][safepoint   ] Safepoint "Cleanup", Time since last: 33107364823 ns, Reaching safepoint: 75533 ns, At safepoint: 7694 ns, Total: 83227 ns
[2021-04-27T15:25:10.760+0000][1695][safepoint   ] Safepoint "Cleanup", Time since last: 31107415828 ns, Reaching safepoint: 169051 ns, At safepoint: 36469 ns, Total: 205520 ns
[2021-04-27T15:25:47.893+0000][1695][safepoint   ] Safepoint "Cleanup", Time since last: 37132640276 ns, Reaching safepoint: 177532 ns, At safepoint: 33165 ns, Total: 210697 ns
[2021-04-27T15:27:09.151+0000][1695][safepoint   ] Safepoint "Cleanup", Time since last: 81256419161 ns, Reaching safepoint: 96311 ns, At safepoint: 11478 ns, Total: 107789 ns
[2021-04-27T15:27:10.152+0000][1695][safepoint   ] Safepoint "Cleanup", Time since last: 1000816961 ns, Reaching safepoint: 71690 ns, At safepoint: 6071 ns, Total: 77761 ns
[2021-04-27T15:27:11.154+0000][1695][safepoint   ] Safepoint "Cleanup", Time since last: 1002237908 ns, Reaching safepoint: 74596 ns, At safepoint: 12065 ns, Total: 86661 ns
[2021-04-27T15:27:28.201+0000][1695][safepoint   ] Safepoint "Cleanup", Time since last: 17046711502 ns, Reaching safepoint: 90569 ns, At safepoint: 6006 ns, Total: 96575 ns
[2021-04-27T15:27:58.294+0000][1695][safepoint   ] Safepoint "Cleanup", Time since last: 30091570622 ns, Reaching safepoint: 86159 ns, At safepoint: 11370 ns, Total: 97529 ns
[2021-04-27T15:28:09.322+0000][1695][safepoint   ] Safepoint "Cleanup", Time since last: 11027960683 ns, Reaching safepoint: 88622 ns, At safepoint: 10652 ns, Total: 99274 ns
[2021-04-27T15:28:17.349+0000][1695][safepoint   ] Safepoint "Cleanup", Time since last: 8026672423 ns, Reaching safepoint: 70589 ns, At safepoint: 11685 ns, Total: 82274 ns
[2021-04-27T15:28:20.361+0000][1695][safepoint   ] Safepoint "Cleanup", Time since last: 3011687083 ns, Reaching safepoint: 67461 ns, At safepoint: 8601 ns, Total: 76062 ns
[2021-04-27T15:28:25.376+0000][1695][safepoint   ] Safepoint "Cleanup", Time since last: 5015240159 ns, Reaching safepoint: 86018 ns, At safepoint: 8776 ns, Total: 94794 ns
[2021-04-27T15:28:39.417+0000][1695][safepoint   ] Safepoint "Cleanup", Time since last: 14040328574 ns, Reaching safepoint: 82379 ns, At safepoint: 17570 ns, Total: 99949 ns
[2021-04-27T15:29:20.538+0000][1695][safepoint   ] Safepoint "Cleanup", Time since last: 41120290688 ns, Reaching safepoint: 121288 ns, At safepoint: 42484 ns, Total: 163772 ns
[2021-04-27T15:29:27.565+0000][1695][safepoint   ] Safepoint "Cleanup", Time since last: 7026606158 ns, Reaching safepoint: 53379 ns, At safepoint: 17265 ns, Total: 70644 ns
[2021-04-27T15:30:04.722+0000][1695][safepoint   ] Safepoint "Cleanup", Time since last: 37156966803 ns, Reaching safepoint: 95161 ns, At safepoint: 8618 ns, Total: 103779 ns
[2021-04-27T15:30:49.994+0000][1695][safepoint   ] Safepoint "Cleanup", Time since last: 45288445002 ns, Reaching safepoint: 85000 ns, At safepoint: 11023 ns, Total: 96023 ns
[2021-04-27T15:31:23.161+0000][1695][safepoint   ] Safepoint "Cleanup", Time since last: 33166867087 ns, Reaching safepoint: 69848 ns, At safepoint: 19732 ns, Total: 89580 ns
[2021-04-27T15:31:45.590+0000][1695][gc,start    ] GC(9) Pause Young (Normal) (G1 Evacuation Pause)
[2021-04-27T15:31:45.590+0000][1695][gc,task     ] GC(9) Using 13 workers of 13 for evacuation
[2021-04-27T15:31:45.590+0000][1695][gc,age      ] GC(9) Desired survivor size 54525952 bytes, new threshold 3 (max threshold 15)
[2021-04-27T15:31:45.607+0000][1695][gc,age      ] GC(9) Age table with threshold 3 (max threshold 15)
[2021-04-27T15:31:45.607+0000][1695][gc,age      ] GC(9) - age   1:   17669688 bytes,   17669688 total
[2021-04-27T15:31:45.607+0000][1695][gc,age      ] GC(9) - age   2:   19904448 bytes,   37574136 total
[2021-04-27T15:31:45.607+0000][1695][gc,age      ] GC(9) - age   3:   11504752 bytes,   49078888 total
[2021-04-27T15:31:45.607+0000][1695][gc,phases   ] GC(9)   Pre Evacuate Collection Set: 0.1ms
[2021-04-27T15:31:45.607+0000][1695][gc,phases   ] GC(9)   Merge Heap Roots: 0.1ms
[2021-04-27T15:31:45.607+0000][1695][gc,phases   ] GC(9)   Evacuate Collection Set: 16.0ms
[2021-04-27T15:31:45.607+0000][1695][gc,phases   ] GC(9)   Post Evacuate Collection Set: 1.1ms
[2021-04-27T15:31:45.607+0000][1695][gc,phases   ] GC(9)   Other: 0.2ms
[2021-04-27T15:31:45.607+0000][1695][gc,heap     ] GC(9) Eden regions: 92->0(102)
[2021-04-27T15:31:45.607+0000][1695][gc,heap     ] GC(9) Survivor regions: 10->7(13)
[2021-04-27T15:31:45.607+0000][1695][gc,heap     ] GC(9) Old regions: 3->7
[2021-04-27T15:31:45.607+0000][1695][gc,heap     ] GC(9) Archive regions: 2->2
[2021-04-27T15:31:45.607+0000][1695][gc,heap     ] GC(9) Humongous regions: 0->0
[2021-04-27T15:31:45.607+0000][1695][gc,metaspace] GC(9) Metaspace: 96028K(97408K)->96028K(97408K) NonClass: 82582K(83392K)->82582K(83392K) Class: 13446K(14016K)->13446K(14016K)
[2021-04-27T15:31:45.607+0000][1695][gc          ] GC(9) Pause Young (Normal) (G1 Evacuation Pause) 835M->119M(16384M) 17.564ms
[2021-04-27T15:31:45.607+0000][1695][gc,cpu      ] GC(9) User=0.21s Sys=0.01s Real=0.01s
[2021-04-27T15:31:45.607+0000][1695][safepoint   ] Safepoint "G1CollectForAllocation", Time since last: 22428584817 ns, Reaching safepoint: 63550 ns, At safepoint: 17644565 ns, Total: 17708115 ns
[2021-04-27T15:32:12.668+0000][1695][safepoint   ] Safepoint "Cleanup", Time since last: 27059698658 ns, Reaching safepoint: 82622 ns, At safepoint: 5430 ns, Total: 88052 ns
[2021-04-27T15:32:19.688+0000][1695][safepoint   ] Safepoint "Cleanup", Time since last: 7020109897 ns, Reaching safepoint: 77028 ns, At safepoint: 12933 ns, Total: 89961 ns
[2021-04-27T15:32:37.740+0000][1695][safepoint   ] Safepoint "Cleanup", Time since last: 18050883716 ns, Reaching safepoint: 111712 ns, At safepoint: 11254 ns, Total: 122966 ns
[2021-04-27T15:33:19.882+0000][1695][safepoint   ] Safepoint "Cleanup", Time since last: 42140386775 ns, Reaching safepoint: 78905 ns, At safepoint: 5384 ns, Total: 84289 ns
[2021-04-27T15:33:38.944+0000][1695][safepoint   ] Safepoint "Cleanup", Time since last: 19061343204 ns, Reaching safepoint: 80122 ns, At safepoint: 5575 ns, Total: 85697 ns
[2021-04-27T15:33:39.946+0000][1695][safepoint   ] Safepoint "Cleanup", Time since last: 1002302020 ns, Reaching safepoint: 80713 ns, At safepoint: 8400 ns, Total: 89113 ns
[2021-04-27T15:33:44.961+0000][1695][safepoint   ] Safepoint "Cleanup", Time since last: 5015042859 ns, Reaching safepoint: 51702 ns, At safepoint: 5803 ns, Total: 57505 ns
[2021-04-27T15:33:49.981+0000][1695][safepoint   ] Safepoint "Cleanup", Time since last: 5019837520 ns, Reaching safepoint: 90879 ns, At safepoint: 11004 ns, Total: 101883 ns
[2021-04-27T15:34:58.222+0000][1695][safepoint   ] Safepoint "Cleanup", Time since last: 68238197963 ns, Reaching safepoint: 86449 ns, At safepoint: 10040 ns, Total: 96489 ns
[2021-04-27T15:34:59.224+0000][1695][safepoint   ] Safepoint "Cleanup", Time since last: 1002552320 ns, Reaching safepoint: 75968 ns, At safepoint: 5892 ns, Total: 81860 ns
[2021-04-27T15:35:09.256+0000][1695][safepoint   ] Safepoint "Cleanup", Time since last: 10031270212 ns, Reaching safepoint: 73168 ns, At safepoint: 10775 ns, Total: 83943 ns
[2021-04-27T15:36:20.477+0000][1695][safepoint   ] Safepoint "Cleanup", Time since last: 71218387009 ns, Reaching safepoint: 76995 ns, At safepoint: 14486 ns, Total: 91481 ns
[2021-04-27T15:38:02.802+0000][1695][safepoint   ] Safepoint "Cleanup", Time since last: 102322138670 ns, Reaching safepoint: 128440 ns, At safepoint: 18047 ns, Total: 146487 ns
[2021-04-27T15:38:12.722+0000][1695][safepoint   ] Safepoint "Cleanup", Time since last: 9919126118 ns, Reaching safepoint: 54686 ns, At safepoint: 9799 ns, Total: 64485 ns
[2021-04-27T15:38:13.146+0000][1695][gc,heap,exit] Heap
[2021-04-27T15:38:13.146+0000][1695][gc,heap,exit]  garbage-first heap   total 16777216K, used 516011K [0x0000000400000000, 0x0000000800000000)
[2021-04-27T15:38:13.146+0000][1695][gc,heap,exit]   region size 8192K, 56 young (458752K), 7 survivors (57344K)
[2021-04-27T15:38:13.146+0000][1695][gc,heap,exit]  Metaspace       used 96291K, committed 97664K, reserved 1138688K
[2021-04-27T15:38:13.146+0000][1695][gc,heap,exit]   class space    used 13479K, committed 14080K, reserved 1048576K
