[2021-04-08T00:28:39.412+0000][19237][gc] Using G1
[2021-04-08T00:28:55.185+0000][19237][gc,init] Version: 15.0.1+9 (release)
[2021-04-08T00:28:55.185+0000][19237][gc,init] CPUs: 8 total, 8 available
[2021-04-08T00:28:55.185+0000][19237][gc,init] Memory: 16244M
[2021-04-08T00:28:55.185+0000][19237][gc,init] Large Page Support: Disabled
[2021-04-08T00:28:55.185+0000][19237][gc,init] NUMA Support: Disabled
[2021-04-08T00:28:55.185+0000][19237][gc,init] Compressed Oops: Enabled (Zero based)
[2021-04-08T00:28:55.185+0000][19237][gc,init] Heap Region Size: 4M
[2021-04-08T00:28:55.185+0000][19237][gc,init] Heap Min Capacity: 8124M
[2021-04-08T00:28:55.185+0000][19237][gc,init] Heap Initial Capacity: 8124M
[2021-04-08T00:28:55.185+0000][19237][gc,init] Heap Max Capacity: 8124M
[2021-04-08T00:28:55.188+0000][19237][gc,init] Pre-touch: Enabled
[2021-04-08T00:28:55.188+0000][19237][gc,init] Parallel Workers: 8
[2021-04-08T00:28:55.188+0000][19237][gc,init] Concurrent Workers: 2
[2021-04-08T00:28:55.188+0000][19237][gc,init] Concurrent Refinement Workers: 8
[2021-04-08T00:28:55.188+0000][19237][gc,init] Periodic GC: Disabled
[2021-04-08T00:28:55.189+0000][19237][gc,cds ] Mark closed archive regions in map: [0x00000007ffc00000, 0x00000007ffc7bff8]
[2021-04-08T00:28:55.209+0000][19237][gc,cds ] Mark open archive regions in map: [0x00000007ffb00000, 0x00000007ffb51ff8]
[2021-04-08T00:28:55.228+0000][19237][gc,metaspace] CDS archive(s) mapped at: [0x0000000800000000-0x0000000800b2a000-0x0000000800b2a000), size 11706368, SharedBaseAddress: 0x0000000800000000, ArchiveRelocationMode: 0.
[2021-04-08T00:28:55.228+0000][19237][gc,metaspace] Compressed class space mapped at: 0x0000000800b2c000-0x0000000840b2c000, size: 1073741824
[2021-04-08T00:28:55.228+0000][19237][gc,metaspace] Narrow klass base: 0x0000000800000000, Narrow klass shift: 3, Narrow klass range: 0x100000000
[2021-04-08T00:28:55.648+0000][19237][safepoint   ] Safepoint "ICBufferFull", Time since last: 400971200 ns, Reaching safepoint: 215200 ns, At safepoint: 10600 ns, Total: 225800 ns
[2021-04-08T00:28:56.037+0000][19237][safepoint   ] Safepoint "ICBufferFull", Time since last: 388038200 ns, Reaching safepoint: 166100 ns, At safepoint: 15700 ns, Total: 181800 ns
[2021-04-08T00:28:56.854+0000][19237][safepoint   ] Safepoint "ICBufferFull", Time since last: 816885600 ns, Reaching safepoint: 285600 ns, At safepoint: 23000 ns, Total: 308600 ns
[2021-04-08T00:28:57.655+0000][19237][safepoint   ] Safepoint "ICBufferFull", Time since last: 800639400 ns, Reaching safepoint: 180300 ns, At safepoint: 12000 ns, Total: 192300 ns
[2021-04-08T00:28:58.172+0000][19237][safepoint   ] Safepoint "ICBufferFull", Time since last: 517090100 ns, Reaching safepoint: 133600 ns, At safepoint: 12100 ns, Total: 145700 ns
[2021-04-08T00:28:58.178+0000][19237][safepoint   ] Safepoint "ICBufferFull", Time since last: 5929900 ns, Reaching safepoint: 100200 ns, At safepoint: 11100 ns, Total: 111300 ns
[2021-04-08T00:28:58.181+0000][19237][safepoint   ] Safepoint "ICBufferFull", Time since last: 3425600 ns, Reaching safepoint: 79900 ns, At safepoint: 12600 ns, Total: 92500 ns
[2021-04-08T00:28:58.184+0000][19237][safepoint   ] Safepoint "ICBufferFull", Time since last: 2732400 ns, Reaching safepoint: 72400 ns, At safepoint: 12400 ns, Total: 84800 ns
[2021-04-08T00:28:58.192+0000][19237][safepoint   ] Safepoint "ICBufferFull", Time since last: 7860500 ns, Reaching safepoint: 413300 ns, At safepoint: 55400 ns, Total: 468700 ns
[2021-04-08T00:28:58.199+0000][19237][safepoint   ] Safepoint "ICBufferFull", Time since last: 6583800 ns, Reaching safepoint: 54900 ns, At safepoint: 10600 ns, Total: 65500 ns
[2021-04-08T00:28:58.201+0000][19237][safepoint   ] Safepoint "ICBufferFull", Time since last: 2191600 ns, Reaching safepoint: 63000 ns, At safepoint: 10800 ns, Total: 73800 ns
[2021-04-08T00:28:58.204+0000][19237][safepoint   ] Safepoint "ICBufferFull", Time since last: 2358300 ns, Reaching safepoint: 69200 ns, At safepoint: 11900 ns, Total: 81100 ns
[2021-04-08T00:28:58.208+0000][19237][safepoint   ] Safepoint "ICBufferFull", Time since last: 4056900 ns, Reaching safepoint: 87100 ns, At safepoint: 13600 ns, Total: 100700 ns
[2021-04-08T00:28:58.212+0000][19237][safepoint   ] Safepoint "ICBufferFull", Time since last: 3701200 ns, Reaching safepoint: 68100 ns, At safepoint: 16900 ns, Total: 85000 ns
[2021-04-08T00:28:58.216+0000][19237][safepoint   ] Safepoint "ICBufferFull", Time since last: 4034600 ns, Reaching safepoint: 54800 ns, At safepoint: 12800 ns, Total: 67600 ns
[2021-04-08T00:28:58.219+0000][19237][safepoint   ] Safepoint "ICBufferFull", Time since last: 2881600 ns, Reaching safepoint: 54600 ns, At safepoint: 13200 ns, Total: 67800 ns
[2021-04-08T00:28:58.222+0000][19237][safepoint   ] Safepoint "ICBufferFull", Time since last: 3457000 ns, Reaching safepoint: 86300 ns, At safepoint: 14600 ns, Total: 100900 ns
[2021-04-08T00:28:58.228+0000][19237][safepoint   ] Safepoint "ICBufferFull", Time since last: 5688800 ns, Reaching safepoint: 58500 ns, At safepoint: 16900 ns, Total: 75400 ns
[2021-04-08T00:28:58.231+0000][19237][safepoint   ] Safepoint "ICBufferFull", Time since last: 3114600 ns, Reaching safepoint: 66300 ns, At safepoint: 14300 ns, Total: 80600 ns
[2021-04-08T00:28:58.356+0000][19237][safepoint   ] Safepoint "ICBufferFull", Time since last: 124153600 ns, Reaching safepoint: 109000 ns, At safepoint: 12700 ns, Total: 121700 ns
[2021-04-08T00:28:58.891+0000][19237][safepoint   ] Safepoint "ICBufferFull", Time since last: 535436100 ns, Reaching safepoint: 324800 ns, At safepoint: 15200 ns, Total: 340000 ns
[2021-04-08T00:28:59.037+0000][19237][gc,start    ] GC(0) Pause Young (Normal) (G1 Evacuation Pause)
[2021-04-08T00:28:59.038+0000][19237][gc,task     ] GC(0) Using 8 workers of 8 for evacuation
[2021-04-08T00:28:59.038+0000][19237][gc,age      ] GC(0) Desired survivor size 27262976 bytes, new threshold 15 (max threshold 15)
[2021-04-08T00:28:59.053+0000][19237][gc,age      ] GC(0) Age table with threshold 15 (max threshold 15)
[2021-04-08T00:28:59.053+0000][19237][gc,age      ] GC(0) - age   1:   12727840 bytes,   12727840 total
[2021-04-08T00:28:59.053+0000][19237][gc,phases   ] GC(0)   Pre Evacuate Collection Set: 0.6ms
[2021-04-08T00:28:59.053+0000][19237][gc,phases   ] GC(0)   Merge Heap Roots: 0.3ms
[2021-04-08T00:28:59.053+0000][19237][gc,phases   ] GC(0)   Evacuate Collection Set: 11.9ms
[2021-04-08T00:28:59.053+0000][19237][gc,phases   ] GC(0)   Post Evacuate Collection Set: 1.7ms
[2021-04-08T00:28:59.053+0000][19237][gc,phases   ] GC(0)   Other: 1.1ms
[2021-04-08T00:28:59.053+0000][19237][gc,heap     ] GC(0) Eden regions: 101->0(97)
[2021-04-08T00:28:59.053+0000][19237][gc,heap     ] GC(0) Survivor regions: 0->4(13)
[2021-04-08T00:28:59.053+0000][19237][gc,heap     ] GC(0) Old regions: 0->0
[2021-04-08T00:28:59.053+0000][19237][gc,heap     ] GC(0) Archive regions: 2->2
[2021-04-08T00:28:59.053+0000][19237][gc,heap     ] GC(0) Humongous regions: 0->0
[2021-04-08T00:28:59.053+0000][19237][gc,metaspace] GC(0) Metaspace: 18643K(19328K)->18643K(19328K) NonClass: 16424K(16896K)->16424K(16896K) Class: 2219K(2432K)->2219K(2432K)
[2021-04-08T00:28:59.053+0000][19237][gc          ] GC(0) Pause Young (Normal) (G1 Evacuation Pause) 407M->16M(8124M) 15.884ms
[2021-04-08T00:28:59.053+0000][19237][gc,cpu      ] GC(0) User=0.11s Sys=0.00s Real=0.01s
[2021-04-08T00:28:59.053+0000][19237][safepoint   ] Safepoint "G1CollectForAllocation", Time since last: 145736500 ns, Reaching safepoint: 97700 ns, At safepoint: 16185100 ns, Total: 16282800 ns
[2021-04-08T00:28:59.757+0000][19237][gc,start    ] GC(1) Pause Young (Normal) (G1 Evacuation Pause)
[2021-04-08T00:28:59.757+0000][19237][gc,task     ] GC(1) Using 8 workers of 8 for evacuation
[2021-04-08T00:28:59.757+0000][19237][gc,age      ] GC(1) Desired survivor size 27262976 bytes, new threshold 15 (max threshold 15)
[2021-04-08T00:28:59.765+0000][19237][gc,age      ] GC(1) Age table with threshold 15 (max threshold 15)
[2021-04-08T00:28:59.765+0000][19237][gc,age      ] GC(1) - age   1:    3269000 bytes,    3269000 total
[2021-04-08T00:28:59.765+0000][19237][gc,age      ] GC(1) - age   2:   12146912 bytes,   15415912 total
[2021-04-08T00:28:59.765+0000][19237][gc,phases   ] GC(1)   Pre Evacuate Collection Set: 0.2ms
[2021-04-08T00:28:59.765+0000][19237][gc,phases   ] GC(1)   Merge Heap Roots: 0.1ms
[2021-04-08T00:28:59.766+0000][19237][gc,phases   ] GC(1)   Evacuate Collection Set: 6.5ms
[2021-04-08T00:28:59.766+0000][19237][gc,phases   ] GC(1)   Post Evacuate Collection Set: 0.9ms
[2021-04-08T00:28:59.766+0000][19237][gc,phases   ] GC(1)   Other: 0.4ms
[2021-04-08T00:28:59.766+0000][19237][gc,heap     ] GC(1) Eden regions: 97->0(97)
[2021-04-08T00:28:59.766+0000][19237][gc,heap     ] GC(1) Survivor regions: 4->4(13)
[2021-04-08T00:28:59.766+0000][19237][gc,heap     ] GC(1) Old regions: 0->0
[2021-04-08T00:28:59.766+0000][19237][gc,heap     ] GC(1) Archive regions: 2->2
[2021-04-08T00:28:59.766+0000][19237][gc,heap     ] GC(1) Humongous regions: 0->0
[2021-04-08T00:28:59.766+0000][19237][gc,metaspace] GC(1) Metaspace: 19375K(20224K)->19375K(20224K) NonClass: 17055K(17664K)->17055K(17664K) Class: 2319K(2560K)->2319K(2560K)
[2021-04-08T00:28:59.766+0000][19237][gc          ] GC(1) Pause Young (Normal) (G1 Evacuation Pause) 404M->19M(8124M) 8.266ms
[2021-04-08T00:28:59.766+0000][19237][gc,cpu      ] GC(1) User=0.12s Sys=0.00s Real=0.00s
[2021-04-08T00:28:59.766+0000][19237][safepoint   ] Safepoint "G1CollectForAllocation", Time since last: 703795600 ns, Reaching safepoint: 155700 ns, At safepoint: 8361000 ns, Total: 8516700 ns
[2021-04-08T00:29:00.332+0000][19237][gc,start    ] GC(2) Pause Young (Normal) (G1 Evacuation Pause)
[2021-04-08T00:29:00.332+0000][19237][gc,task     ] GC(2) Using 8 workers of 8 for evacuation
[2021-04-08T00:29:00.332+0000][19237][gc,age      ] GC(2) Desired survivor size 27262976 bytes, new threshold 15 (max threshold 15)
[2021-04-08T00:29:00.339+0000][19237][gc,age      ] GC(2) Age table with threshold 15 (max threshold 15)
[2021-04-08T00:29:00.339+0000][19237][gc,age      ] GC(2) - age   1:    2058928 bytes,    2058928 total
[2021-04-08T00:29:00.339+0000][19237][gc,age      ] GC(2) - age   2:    2840144 bytes,    4899072 total
[2021-04-08T00:29:00.339+0000][19237][gc,age      ] GC(2) - age   3:   12142528 bytes,   17041600 total
[2021-04-08T00:29:00.339+0000][19237][gc,phases   ] GC(2)   Pre Evacuate Collection Set: 0.2ms
[2021-04-08T00:29:00.339+0000][19237][gc,phases   ] GC(2)   Merge Heap Roots: 0.1ms
[2021-04-08T00:29:00.339+0000][19237][gc,phases   ] GC(2)   Evacuate Collection Set: 6.3ms
[2021-04-08T00:29:00.339+0000][19237][gc,phases   ] GC(2)   Post Evacuate Collection Set: 0.8ms
[2021-04-08T00:29:00.339+0000][19237][gc,phases   ] GC(2)   Other: 0.3ms
[2021-04-08T00:29:00.339+0000][19237][gc,heap     ] GC(2) Eden regions: 97->0(110)
[2021-04-08T00:29:00.339+0000][19237][gc,heap     ] GC(2) Survivor regions: 4->5(13)
[2021-04-08T00:29:00.339+0000][19237][gc,heap     ] GC(2) Old regions: 0->0
[2021-04-08T00:29:00.339+0000][19237][gc,heap     ] GC(2) Archive regions: 2->2
[2021-04-08T00:29:00.339+0000][19237][gc,heap     ] GC(2) Humongous regions: 0->0
[2021-04-08T00:29:00.339+0000][19237][gc,metaspace] GC(2) Metaspace: 19797K(20864K)->19797K(20864K) NonClass: 17407K(18176K)->17407K(18176K) Class: 2390K(2688K)->2390K(2688K)
[2021-04-08T00:29:00.339+0000][19237][gc          ] GC(2) Pause Young (Normal) (G1 Evacuation Pause) 407M->21M(8124M) 7.952ms
[2021-04-08T00:29:00.339+0000][19237][gc,cpu      ] GC(2) User=0.00s Sys=0.00s Real=0.01s
[2021-04-08T00:29:00.340+0000][19237][safepoint   ] Safepoint "G1CollectForAllocation", Time since last: 565660100 ns, Reaching safepoint: 77300 ns, At safepoint: 8079500 ns, Total: 8156800 ns
[2021-04-08T00:29:00.828+0000][19237][gc,start    ] GC(3) Pause Young (Concurrent Start) (Metadata GC Threshold)
[2021-04-08T00:29:00.828+0000][19237][gc,task     ] GC(3) Using 8 workers of 8 for evacuation
[2021-04-08T00:29:00.828+0000][19237][gc,age      ] GC(3) Desired survivor size 31457280 bytes, new threshold 15 (max threshold 15)
[2021-04-08T00:29:00.838+0000][19237][gc,age      ] GC(3) Age table with threshold 15 (max threshold 15)
[2021-04-08T00:29:00.838+0000][19237][gc,age      ] GC(3) - age   1:    1731072 bytes,    1731072 total
[2021-04-08T00:29:00.838+0000][19237][gc,age      ] GC(3) - age   2:     885040 bytes,    2616112 total
[2021-04-08T00:29:00.838+0000][19237][gc,age      ] GC(3) - age   3:    2838432 bytes,    5454544 total
[2021-04-08T00:29:00.838+0000][19237][gc,age      ] GC(3) - age   4:   12142320 bytes,   17596864 total
[2021-04-08T00:29:00.838+0000][19237][gc,phases   ] GC(3)   Pre Evacuate Collection Set: 0.3ms
[2021-04-08T00:29:00.838+0000][19237][gc,phases   ] GC(3)   Merge Heap Roots: 0.2ms
[2021-04-08T00:29:00.838+0000][19237][gc,phases   ] GC(3)   Evacuate Collection Set: 7.9ms
[2021-04-08T00:29:00.838+0000][19237][gc,phases   ] GC(3)   Post Evacuate Collection Set: 0.9ms
[2021-04-08T00:29:00.838+0000][19237][gc,phases   ] GC(3)   Other: 0.8ms
[2021-04-08T00:29:00.838+0000][19237][gc,heap     ] GC(3) Eden regions: 81->0(119)
[2021-04-08T00:29:00.838+0000][19237][gc,heap     ] GC(3) Survivor regions: 5->5(15)
[2021-04-08T00:29:00.838+0000][19237][gc,heap     ] GC(3) Old regions: 0->0
[2021-04-08T00:29:00.838+0000][19237][gc,heap     ] GC(3) Archive regions: 2->2
[2021-04-08T00:29:00.838+0000][19237][gc,heap     ] GC(3) Humongous regions: 0->0
[2021-04-08T00:29:00.838+0000][19237][gc,metaspace] GC(3) Metaspace: 20131K(21296K)->20131K(21296K) NonClass: 17679K(18608K)->17679K(18608K) Class: 2452K(2688K)->2452K(2688K)
[2021-04-08T00:29:00.838+0000][19237][gc          ] GC(3) Pause Young (Concurrent Start) (Metadata GC Threshold) 343M->21M(8124M) 10.067ms
[2021-04-08T00:29:00.839+0000][19237][gc,cpu      ] GC(3) User=0.00s Sys=0.00s Real=0.01s
[2021-04-08T00:29:00.839+0000][19237][gc          ] GC(4) Concurrent Cycle
[2021-04-08T00:29:00.839+0000][19237][gc,marking  ] GC(4) Concurrent Clear Claimed Marks
[2021-04-08T00:29:00.839+0000][19237][gc,marking  ] GC(4) Concurrent Clear Claimed Marks 0.050ms
[2021-04-08T00:29:00.839+0000][19237][gc,marking  ] GC(4) Concurrent Scan Root Regions
[2021-04-08T00:29:00.839+0000][19237][safepoint   ] Safepoint "CollectForMetadataAllocation", Time since last: 488593500 ns, Reaching safepoint: 227100 ns, At safepoint: 10352300 ns, Total: 10579400 ns
[2021-04-08T00:29:00.844+0000][19237][gc,marking  ] GC(4) Concurrent Scan Root Regions 5.274ms
[2021-04-08T00:29:00.844+0000][19237][gc,marking  ] GC(4) Concurrent Mark (21.465s)
[2021-04-08T00:29:00.844+0000][19237][gc,marking  ] GC(4) Concurrent Mark From Roots
[2021-04-08T00:29:00.844+0000][19237][gc,task     ] GC(4) Using 2 workers of 2 for marking
[2021-04-08T00:29:00.848+0000][19237][gc,marking  ] GC(4) Concurrent Mark From Roots 3.470ms
[2021-04-08T00:29:00.848+0000][19237][gc,marking  ] GC(4) Concurrent Preclean
[2021-04-08T00:29:00.848+0000][19237][gc,marking  ] GC(4) Concurrent Preclean 0.245ms
[2021-04-08T00:29:00.848+0000][19237][gc,marking  ] GC(4) Concurrent Mark (21.465s, 21.468s) 3.827ms
[2021-04-08T00:29:00.849+0000][19237][gc,start    ] GC(4) Pause Remark
[2021-04-08T00:29:00.851+0000][19237][gc          ] GC(4) Pause Remark 23M->23M(8124M) 2.197ms
[2021-04-08T00:29:00.851+0000][19237][gc,cpu      ] GC(4) User=0.00s Sys=0.00s Real=0.00s
[2021-04-08T00:29:00.851+0000][19237][safepoint   ] Safepoint "G1Concurrent", Time since last: 9316700 ns, Reaching safepoint: 835000 ns, At safepoint: 2294500 ns, Total: 3129500 ns
[2021-04-08T00:29:00.851+0000][19237][gc,marking  ] GC(4) Concurrent Rebuild Remembered Sets
[2021-04-08T00:29:00.852+0000][19237][gc,marking  ] GC(4) Concurrent Rebuild Remembered Sets 1.046ms
[2021-04-08T00:29:00.853+0000][19237][gc,start    ] GC(4) Pause Cleanup
[2021-04-08T00:29:00.853+0000][19237][gc          ] GC(4) Pause Cleanup 23M->23M(8124M) 0.262ms
[2021-04-08T00:29:00.853+0000][19237][gc,cpu      ] GC(4) User=0.00s Sys=0.00s Real=0.00s
[2021-04-08T00:29:00.853+0000][19237][safepoint   ] Safepoint "G1Concurrent", Time since last: 1185100 ns, Reaching safepoint: 459300 ns, At safepoint: 357800 ns, Total: 817100 ns
[2021-04-08T00:29:00.853+0000][19237][gc,marking  ] GC(4) Concurrent Cleanup for Next Mark
[2021-04-08T00:29:00.865+0000][19237][gc,marking  ] GC(4) Concurrent Cleanup for Next Mark 11.302ms
[2021-04-08T00:29:00.865+0000][19237][gc          ] GC(4) Concurrent Cycle 26.137ms
[2021-04-08T00:29:01.517+0000][19237][gc,start    ] GC(5) Pause Young (Normal) (G1 Evacuation Pause)
[2021-04-08T00:29:01.517+0000][19237][gc,task     ] GC(5) Using 8 workers of 8 for evacuation
[2021-04-08T00:29:01.517+0000][19237][gc,age      ] GC(5) Desired survivor size 35651584 bytes, new threshold 15 (max threshold 15)
[2021-04-08T00:29:01.524+0000][19237][gc,age      ] GC(5) Age table with threshold 15 (max threshold 15)
[2021-04-08T00:29:01.524+0000][19237][gc,age      ] GC(5) - age   1:    2044344 bytes,    2044344 total
[2021-04-08T00:29:01.524+0000][19237][gc,age      ] GC(5) - age   2:    1703656 bytes,    3748000 total
[2021-04-08T00:29:01.524+0000][19237][gc,age      ] GC(5) - age   3:     883800 bytes,    4631800 total
[2021-04-08T00:29:01.524+0000][19237][gc,age      ] GC(5) - age   4:    2838272 bytes,    7470072 total
[2021-04-08T00:29:01.524+0000][19237][gc,age      ] GC(5) - age   5:   12134016 bytes,   19604088 total
[2021-04-08T00:29:01.524+0000][19237][gc,phases   ] GC(5)   Pre Evacuate Collection Set: 0.2ms
[2021-04-08T00:29:01.524+0000][19237][gc,phases   ] GC(5)   Merge Heap Roots: 0.1ms
[2021-04-08T00:29:01.524+0000][19237][gc,phases   ] GC(5)   Evacuate Collection Set: 5.9ms
[2021-04-08T00:29:01.524+0000][19237][gc,phases   ] GC(5)   Post Evacuate Collection Set: 0.9ms
[2021-04-08T00:29:01.524+0000][19237][gc,phases   ] GC(5)   Other: 0.3ms
[2021-04-08T00:29:01.524+0000][19237][gc,heap     ] GC(5) Eden regions: 124->0(182)
[2021-04-08T00:29:01.524+0000][19237][gc,heap     ] GC(5) Survivor regions: 5->6(17)
[2021-04-08T00:29:01.524+0000][19237][gc,heap     ] GC(5) Old regions: 0->0
[2021-04-08T00:29:01.524+0000][19237][gc,heap     ] GC(5) Archive regions: 2->2
[2021-04-08T00:29:01.524+0000][19237][gc,heap     ] GC(5) Humongous regions: 0->0
[2021-04-08T00:29:01.524+0000][19237][gc,metaspace] GC(5) Metaspace: 21408K(22780K)->21408K(22780K) NonClass: 18794K(19836K)->18794K(19836K) Class: 2614K(2944K)->2614K(2944K)
[2021-04-08T00:29:01.524+0000][19237][gc          ] GC(5) Pause Young (Normal) (G1 Evacuation Pause) 517M->24M(8124M) 7.701ms
[2021-04-08T00:29:01.524+0000][19237][gc,cpu      ] GC(5) User=0.00s Sys=0.00s Real=0.01s
[2021-04-08T00:29:01.524+0000][19237][safepoint   ] Safepoint "G1CollectForAllocation", Time since last: 663261000 ns, Reaching safepoint: 136700 ns, At safepoint: 7793600 ns, Total: 7930300 ns
[2021-04-08T00:29:02.141+0000][19237][safepoint   ] Safepoint "ICBufferFull", Time since last: 616182300 ns, Reaching safepoint: 224500 ns, At safepoint: 12200 ns, Total: 236700 ns
[2021-04-08T00:29:02.503+0000][19237][safepoint   ] Safepoint "ICBufferFull", Time since last: 361577300 ns, Reaching safepoint: 185300 ns, At safepoint: 12100 ns, Total: 197400 ns
[2021-04-08T00:29:03.783+0000][19237][safepoint   ] Safepoint "ICBufferFull", Time since last: 1280077200 ns, Reaching safepoint: 204400 ns, At safepoint: 12800 ns, Total: 217200 ns
[2021-04-08T00:29:03.965+0000][19237][gc,start    ] GC(6) Pause Young (Concurrent Start) (Metadata GC Threshold)
[2021-04-08T00:29:03.965+0000][19237][gc,task     ] GC(6) Using 8 workers of 8 for evacuation
[2021-04-08T00:29:03.965+0000][19237][gc,age      ] GC(6) Desired survivor size 50331648 bytes, new threshold 15 (max threshold 15)
[2021-04-08T00:29:03.991+0000][19237][gc,age      ] GC(6) Age table with threshold 15 (max threshold 15)
[2021-04-08T00:29:03.991+0000][19237][gc,age      ] GC(6) - age   1:   38505496 bytes,   38505496 total
[2021-04-08T00:29:03.991+0000][19237][gc,age      ] GC(6) - age   2:    1636640 bytes,   40142136 total
[2021-04-08T00:29:03.991+0000][19237][gc,age      ] GC(6) - age   3:    1692384 bytes,   41834520 total
[2021-04-08T00:29:03.991+0000][19237][gc,age      ] GC(6) - age   4:     863104 bytes,   42697624 total
[2021-04-08T00:29:03.991+0000][19237][gc,age      ] GC(6) - age   5:    2818536 bytes,   45516160 total
[2021-04-08T00:29:03.991+0000][19237][gc,age      ] GC(6) - age   6:   12010016 bytes,   57526176 total
[2021-04-08T00:29:03.991+0000][19237][gc,phases   ] GC(6)   Pre Evacuate Collection Set: 0.3ms
[2021-04-08T00:29:03.991+0000][19237][gc,phases   ] GC(6)   Merge Heap Roots: 0.1ms
[2021-04-08T00:29:03.991+0000][19237][gc,phases   ] GC(6)   Evacuate Collection Set: 24.2ms
[2021-04-08T00:29:03.991+0000][19237][gc,phases   ] GC(6)   Post Evacuate Collection Set: 1.4ms
[2021-04-08T00:29:03.991+0000][19237][gc,phases   ] GC(6)   Other: 0.4ms
[2021-04-08T00:29:03.991+0000][19237][gc,heap     ] GC(6) Eden regions: 90->0(190)
[2021-04-08T00:29:03.991+0000][19237][gc,heap     ] GC(6) Survivor regions: 6->15(24)
[2021-04-08T00:29:03.991+0000][19237][gc,heap     ] GC(6) Old regions: 0->0
[2021-04-08T00:29:03.991+0000][19237][gc,heap     ] GC(6) Archive regions: 2->2
[2021-04-08T00:29:03.991+0000][19237][gc,heap     ] GC(6) Humongous regions: 0->0
[2021-04-08T00:29:03.991+0000][19237][gc,metaspace] GC(6) Metaspace: 33788K(35968K)->33788K(35968K) NonClass: 29461K(30976K)->29461K(30976K) Class: 4327K(4992K)->4327K(4992K)
[2021-04-08T00:29:03.991+0000][19237][gc          ] GC(6) Pause Young (Concurrent Start) (Metadata GC Threshold) 382M->60M(8124M) 26.546ms
[2021-04-08T00:29:03.991+0000][19237][gc,cpu      ] GC(6) User=0.25s Sys=0.00s Real=0.03s
[2021-04-08T00:29:03.991+0000][19237][gc          ] GC(7) Concurrent Cycle
[2021-04-08T00:29:03.991+0000][19237][gc,marking  ] GC(7) Concurrent Clear Claimed Marks
[2021-04-08T00:29:03.991+0000][19237][gc,marking  ] GC(7) Concurrent Clear Claimed Marks 0.061ms
[2021-04-08T00:29:03.991+0000][19237][gc,marking  ] GC(7) Concurrent Scan Root Regions
[2021-04-08T00:29:03.992+0000][19237][safepoint   ] Safepoint "CollectForMetadataAllocation", Time since last: 181601300 ns, Reaching safepoint: 142400 ns, At safepoint: 27028300 ns, Total: 27170700 ns
[2021-04-08T00:29:04.014+0000][19237][gc,marking  ] GC(7) Concurrent Scan Root Regions 22.821ms
[2021-04-08T00:29:04.014+0000][19237][gc,marking  ] GC(7) Concurrent Mark (24.635s)
[2021-04-08T00:29:04.014+0000][19237][gc,marking  ] GC(7) Concurrent Mark From Roots
[2021-04-08T00:29:04.014+0000][19237][gc,task     ] GC(7) Using 2 workers of 2 for marking
[2021-04-08T00:29:04.014+0000][19237][safepoint   ] Safepoint "CollectForMetadataAllocation", Time since last: 22320400 ns, Reaching safepoint: 109700 ns, At safepoint: 433700 ns, Total: 543400 ns
[2021-04-08T00:29:04.018+0000][19237][gc,marking  ] GC(7) Concurrent Mark From Roots 3.612ms
[2021-04-08T00:29:04.018+0000][19237][gc,marking  ] GC(7) Concurrent Preclean
[2021-04-08T00:29:04.018+0000][19237][gc,marking  ] GC(7) Concurrent Preclean 0.222ms
[2021-04-08T00:29:04.018+0000][19237][gc,marking  ] GC(7) Concurrent Mark (24.635s, 24.639s) 3.924ms
[2021-04-08T00:29:04.018+0000][19237][gc,start    ] GC(7) Pause Remark
[2021-04-08T00:29:04.020+0000][19237][gc          ] GC(7) Pause Remark 62M->62M(8124M) 2.134ms
[2021-04-08T00:29:04.021+0000][19237][gc,cpu      ] GC(7) User=0.00s Sys=0.00s Real=0.00s
[2021-04-08T00:29:04.021+0000][19237][safepoint   ] Safepoint "G1Concurrent", Time since last: 3747400 ns, Reaching safepoint: 91000 ns, At safepoint: 2252000 ns, Total: 2343000 ns
[2021-04-08T00:29:04.021+0000][19237][gc,marking  ] GC(7) Concurrent Rebuild Remembered Sets
[2021-04-08T00:29:04.022+0000][19237][gc,marking  ] GC(7) Concurrent Rebuild Remembered Sets 0.932ms
[2021-04-08T00:29:04.023+0000][19237][gc,start    ] GC(7) Pause Cleanup
[2021-04-08T00:29:04.023+0000][19237][gc          ] GC(7) Pause Cleanup 62M->62M(8124M) 0.328ms
[2021-04-08T00:29:04.023+0000][19237][gc,cpu      ] GC(7) User=0.00s Sys=0.00s Real=0.00s
[2021-04-08T00:29:04.023+0000][19237][safepoint   ] Safepoint "G1Concurrent", Time since last: 1071300 ns, Reaching safepoint: 1369100 ns, At safepoint: 423300 ns, Total: 1792400 ns
[2021-04-08T00:29:04.023+0000][19237][gc,marking  ] GC(7) Concurrent Cleanup for Next Mark
[2021-04-08T00:29:04.033+0000][19237][gc,marking  ] GC(7) Concurrent Cleanup for Next Mark 9.629ms
[2021-04-08T00:29:04.033+0000][19237][gc          ] GC(7) Concurrent Cycle 42.009ms
[2021-04-08T00:29:04.725+0000][19237][safepoint   ] Safepoint "ICBufferFull", Time since last: 701418700 ns, Reaching safepoint: 173700 ns, At safepoint: 15300 ns, Total: 189000 ns
[2021-04-08T00:29:05.599+0000][19237][safepoint   ] Safepoint "ICBufferFull", Time since last: 873676900 ns, Reaching safepoint: 234600 ns, At safepoint: 18100 ns, Total: 252700 ns
[2021-04-08T00:29:06.002+0000][19237][safepoint   ] Safepoint "ICBufferFull", Time since last: 402424000 ns, Reaching safepoint: 244400 ns, At safepoint: 11600 ns, Total: 256000 ns
[2021-04-08T00:29:06.424+0000][19237][gc,start    ] GC(8) Pause Young (Concurrent Start) (Metadata GC Threshold)
[2021-04-08T00:29:06.424+0000][19237][gc,task     ] GC(8) Using 8 workers of 8 for evacuation
[2021-04-08T00:29:06.424+0000][19237][gc,age      ] GC(8) Desired survivor size 58720256 bytes, new threshold 15 (max threshold 15)
[2021-04-08T00:29:06.453+0000][19237][gc,age      ] GC(8) Age table with threshold 15 (max threshold 15)
[2021-04-08T00:29:06.453+0000][19237][gc,age      ] GC(8) - age   1:    9873472 bytes,    9873472 total
[2021-04-08T00:29:06.453+0000][19237][gc,age      ] GC(8) - age   2:   38134712 bytes,   48008184 total
[2021-04-08T00:29:06.454+0000][19237][gc,age      ] GC(8) - age   3:    1625448 bytes,   49633632 total
[2021-04-08T00:29:06.454+0000][19237][gc,age      ] GC(8) - age   4:    1679048 bytes,   51312680 total
[2021-04-08T00:29:06.454+0000][19237][gc,age      ] GC(8) - age   5:     853448 bytes,   52166128 total
[2021-04-08T00:29:06.454+0000][19237][gc,age      ] GC(8) - age   6:    2803176 bytes,   54969304 total
[2021-04-08T00:29:06.454+0000][19237][gc,age      ] GC(8) - age   7:   11955056 bytes,   66924360 total
[2021-04-08T00:29:06.454+0000][19237][gc,phases   ] GC(8)   Pre Evacuate Collection Set: 0.3ms
[2021-04-08T00:29:06.454+0000][19237][gc,phases   ] GC(8)   Merge Heap Roots: 0.1ms
[2021-04-08T00:29:06.454+0000][19237][gc,phases   ] GC(8)   Evacuate Collection Set: 26.7ms
[2021-04-08T00:29:06.454+0000][19237][gc,phases   ] GC(8)   Post Evacuate Collection Set: 2.1ms
[2021-04-08T00:29:06.454+0000][19237][gc,phases   ] GC(8)   Other: 0.4ms
[2021-04-08T00:29:06.454+0000][19237][gc,heap     ] GC(8) Eden regions: 82->0(124)
[2021-04-08T00:29:06.454+0000][19237][gc,heap     ] GC(8) Survivor regions: 15->17(28)
[2021-04-08T00:29:06.454+0000][19237][gc,heap     ] GC(8) Old regions: 0->0
[2021-04-08T00:29:06.454+0000][19237][gc,heap     ] GC(8) Archive regions: 2->2
[2021-04-08T00:29:06.454+0000][19237][gc,heap     ] GC(8) Humongous regions: 0->0
[2021-04-08T00:29:06.454+0000][19237][gc,metaspace] GC(8) Metaspace: 58002K(61016K)->58002K(61016K) NonClass: 50364K(52440K)->50364K(52440K) Class: 7638K(8576K)->7638K(8576K)
[2021-04-08T00:29:06.454+0000][19237][gc          ] GC(8) Pause Young (Concurrent Start) (Metadata GC Threshold) 388M->71M(8124M) 29.656ms
[2021-04-08T00:29:06.454+0000][19237][gc,cpu      ] GC(8) User=0.21s Sys=0.00s Real=0.03s
[2021-04-08T00:29:06.454+0000][19237][gc          ] GC(9) Concurrent Cycle
[2021-04-08T00:29:06.454+0000][19237][gc,marking  ] GC(9) Concurrent Clear Claimed Marks
[2021-04-08T00:29:06.454+0000][19237][gc,marking  ] GC(9) Concurrent Clear Claimed Marks 0.059ms
[2021-04-08T00:29:06.454+0000][19237][gc,marking  ] GC(9) Concurrent Scan Root Regions
[2021-04-08T00:29:06.454+0000][19237][safepoint   ] Safepoint "CollectForMetadataAllocation", Time since last: 422195100 ns, Reaching safepoint: 237500 ns, At safepoint: 29937800 ns, Total: 30175300 ns
[2021-04-08T00:29:06.473+0000][19237][safepoint   ] Safepoint "CollectForMetadataAllocation", Time since last: 18134100 ns, Reaching safepoint: 71900 ns, At safepoint: 379500 ns, Total: 451400 ns
[2021-04-08T00:29:06.474+0000][19237][gc,marking  ] GC(9) Concurrent Scan Root Regions 20.013ms
[2021-04-08T00:29:06.474+0000][19237][gc,marking  ] GC(9) Concurrent Mark (27.095s)
[2021-04-08T00:29:06.474+0000][19237][gc,marking  ] GC(9) Concurrent Mark From Roots
[2021-04-08T00:29:06.474+0000][19237][gc,task     ] GC(9) Using 2 workers of 2 for marking
[2021-04-08T00:29:06.477+0000][19237][gc,marking  ] GC(9) Concurrent Mark From Roots 2.642ms
[2021-04-08T00:29:06.477+0000][19237][gc,marking  ] GC(9) Concurrent Preclean
[2021-04-08T00:29:06.477+0000][19237][gc,marking  ] GC(9) Concurrent Preclean 0.213ms
[2021-04-08T00:29:06.477+0000][19237][gc,marking  ] GC(9) Concurrent Mark (27.095s, 27.098s) 2.923ms
[2021-04-08T00:29:06.478+0000][19237][gc,start    ] GC(9) Pause Remark
[2021-04-08T00:29:06.481+0000][19237][gc          ] GC(9) Pause Remark 75M->75M(8124M) 2.459ms
[2021-04-08T00:29:06.481+0000][19237][gc,cpu      ] GC(9) User=0.00s Sys=0.00s Real=0.00s
[2021-04-08T00:29:06.481+0000][19237][safepoint   ] Safepoint "G1Concurrent", Time since last: 4450200 ns, Reaching safepoint: 1378700 ns, At safepoint: 2592400 ns, Total: 3971100 ns
[2021-04-08T00:29:06.481+0000][19237][gc,marking  ] GC(9) Concurrent Rebuild Remembered Sets
[2021-04-08T00:29:06.482+0000][19237][gc,marking  ] GC(9) Concurrent Rebuild Remembered Sets 0.595ms
[2021-04-08T00:29:06.483+0000][19237][gc,start    ] GC(9) Pause Cleanup
[2021-04-08T00:29:06.483+0000][19237][gc          ] GC(9) Pause Cleanup 75M->75M(8124M) 0.355ms
[2021-04-08T00:29:06.484+0000][19237][gc,cpu      ] GC(9) User=0.00s Sys=0.00s Real=0.00s
[2021-04-08T00:29:06.484+0000][19237][safepoint   ] Safepoint "G1Concurrent", Time since last: 720900 ns, Reaching safepoint: 1292900 ns, At safepoint: 518700 ns, Total: 1811600 ns
[2021-04-08T00:29:06.484+0000][19237][gc,marking  ] GC(9) Concurrent Cleanup for Next Mark
[2021-04-08T00:29:06.491+0000][19237][gc,marking  ] GC(9) Concurrent Cleanup for Next Mark 6.968ms
[2021-04-08T00:29:06.491+0000][19237][gc          ] GC(9) Concurrent Cycle 36.793ms
[2021-04-08T00:29:07.844+0000][19237][safepoint   ] Safepoint "Cleanup", Time since last: 1358697900 ns, Reaching safepoint: 1247700 ns, At safepoint: 10300 ns, Total: 1258000 ns
[2021-04-08T00:29:08.561+0000][19237][safepoint   ] Safepoint "ICBufferFull", Time since last: 717256900 ns, Reaching safepoint: 185900 ns, At safepoint: 14900 ns, Total: 200800 ns
[2021-04-08T00:29:08.954+0000][19237][safepoint   ] Safepoint "ICBufferFull", Time since last: 392820100 ns, Reaching safepoint: 217100 ns, At safepoint: 17700 ns, Total: 234800 ns
[2021-04-08T00:29:09.533+0000][19237][safepoint   ] Safepoint "ICBufferFull", Time since last: 578634600 ns, Reaching safepoint: 241700 ns, At safepoint: 39900 ns, Total: 281600 ns
[2021-04-08T00:29:10.012+0000][19237][safepoint   ] Safepoint "ICBufferFull", Time since last: 478981100 ns, Reaching safepoint: 180300 ns, At safepoint: 16700 ns, Total: 197000 ns
[2021-04-08T00:29:10.637+0000][19237][safepoint   ] Safepoint "ICBufferFull", Time since last: 624143300 ns, Reaching safepoint: 739600 ns, At safepoint: 19100 ns, Total: 758700 ns
[2021-04-08T00:29:11.650+0000][19237][safepoint   ] Safepoint "Cleanup", Time since last: 1012539300 ns, Reaching safepoint: 249400 ns, At safepoint: 12500 ns, Total: 261900 ns
[2021-04-08T00:29:12.657+0000][19237][safepoint   ] Safepoint "Cleanup", Time since last: 1007473700 ns, Reaching safepoint: 154900 ns, At safepoint: 24800 ns, Total: 179700 ns
[2021-04-08T00:29:13.673+0000][19237][safepoint   ] Safepoint "Cleanup", Time since last: 1015302700 ns, Reaching safepoint: 273200 ns, At safepoint: 31000 ns, Total: 304200 ns
[2021-04-08T00:29:16.704+0000][19237][safepoint   ] Safepoint "Cleanup", Time since last: 3031220600 ns, Reaching safepoint: 145500 ns, At safepoint: 15700 ns, Total: 161200 ns
[2021-04-08T00:29:18.721+0000][19237][safepoint   ] Safepoint "Cleanup", Time since last: 2016446800 ns, Reaching safepoint: 179800 ns, At safepoint: 24200 ns, Total: 204000 ns
[2021-04-08T00:29:19.732+0000][19237][safepoint   ] Safepoint "Cleanup", Time since last: 1010814600 ns, Reaching safepoint: 91100 ns, At safepoint: 5900 ns, Total: 97000 ns
[2021-04-08T00:29:22.745+0000][19237][safepoint   ] Safepoint "Cleanup", Time since last: 3012975500 ns, Reaching safepoint: 173700 ns, At safepoint: 9400 ns, Total: 183100 ns
[2021-04-08T00:29:23.761+0000][19237][safepoint   ] Safepoint "Cleanup", Time since last: 1015457400 ns, Reaching safepoint: 157400 ns, At safepoint: 11100 ns, Total: 168500 ns
[2021-04-08T00:29:27.794+0000][19237][safepoint   ] Safepoint "Cleanup", Time since last: 4032687900 ns, Reaching safepoint: 279800 ns, At safepoint: 11400 ns, Total: 291200 ns
[2021-04-08T00:29:28.809+0000][19237][safepoint   ] Safepoint "Cleanup", Time since last: 1015073100 ns, Reaching safepoint: 192200 ns, At safepoint: 10200 ns, Total: 202400 ns
[2021-04-08T00:29:30.824+0000][19237][safepoint   ] Safepoint "Cleanup", Time since last: 2014627800 ns, Reaching safepoint: 147900 ns, At safepoint: 9800 ns, Total: 157700 ns
[2021-04-08T00:29:37.859+0000][19237][safepoint   ] Safepoint "Cleanup", Time since last: 7034855300 ns, Reaching safepoint: 263300 ns, At safepoint: 9000 ns, Total: 272300 ns
[2021-04-08T00:29:39.885+0000][19237][safepoint   ] Safepoint "Cleanup", Time since last: 2025638500 ns, Reaching safepoint: 147800 ns, At safepoint: 10300 ns, Total: 158100 ns
[2021-04-08T00:29:40.898+0000][19237][safepoint   ] Safepoint "Cleanup", Time since last: 1013148300 ns, Reaching safepoint: 191700 ns, At safepoint: 24400 ns, Total: 216100 ns
[2021-04-08T00:29:46.940+0000][19237][safepoint   ] Safepoint "Cleanup", Time since last: 6041294200 ns, Reaching safepoint: 194500 ns, At safepoint: 26600 ns, Total: 221100 ns
[2021-04-08T00:29:47.951+0000][19237][safepoint   ] Safepoint "Cleanup", Time since last: 1011235500 ns, Reaching safepoint: 208400 ns, At safepoint: 23200 ns, Total: 231600 ns
[2021-04-08T00:29:49.966+0000][19237][safepoint   ] Safepoint "Cleanup", Time since last: 2014273500 ns, Reaching safepoint: 164500 ns, At safepoint: 8200 ns, Total: 172700 ns
[2021-04-08T00:29:51.987+0000][19237][safepoint   ] Safepoint "Cleanup", Time since last: 2021377800 ns, Reaching safepoint: 167700 ns, At safepoint: 26600 ns, Total: 194300 ns
[2021-04-08T00:29:58.024+0000][19237][safepoint   ] Safepoint "Cleanup", Time since last: 6036785100 ns, Reaching safepoint: 349300 ns, At safepoint: 9100 ns, Total: 358400 ns
[2021-04-08T00:29:59.039+0000][19237][safepoint   ] Safepoint "Cleanup", Time since last: 1014721500 ns, Reaching safepoint: 277200 ns, At safepoint: 13400 ns, Total: 290600 ns
[2021-04-08T00:30:05.071+0000][19237][safepoint   ] Safepoint "Cleanup", Time since last: 6031501200 ns, Reaching safepoint: 259600 ns, At safepoint: 10600 ns, Total: 270200 ns
[2021-04-08T00:30:06.086+0000][19237][safepoint   ] Safepoint "Cleanup", Time since last: 1014123500 ns, Reaching safepoint: 171200 ns, At safepoint: 177100 ns, Total: 348300 ns
[2021-04-08T00:30:09.109+0000][19237][safepoint   ] Safepoint "Cleanup", Time since last: 3023041300 ns, Reaching safepoint: 217200 ns, At safepoint: 10500 ns, Total: 227700 ns
[2021-04-08T00:30:10.115+0000][19237][safepoint   ] Safepoint "Cleanup", Time since last: 1005962900 ns, Reaching safepoint: 265800 ns, At safepoint: 13700 ns, Total: 279500 ns
[2021-04-08T00:30:11.120+0000][19237][safepoint   ] Safepoint "Cleanup", Time since last: 1004431800 ns, Reaching safepoint: 219100 ns, At safepoint: 29300 ns, Total: 248400 ns
[2021-04-08T00:30:28.233+0000][19237][safepoint   ] Safepoint "Cleanup", Time since last: 17112901200 ns, Reaching safepoint: 290500 ns, At safepoint: 9800 ns, Total: 300300 ns
[2021-04-08T00:30:31.246+0000][19237][safepoint   ] Safepoint "Cleanup", Time since last: 3012940900 ns, Reaching safepoint: 260100 ns, At safepoint: 10200 ns, Total: 270300 ns
[2021-04-08T00:30:38.294+0000][19237][safepoint   ] Safepoint "Cleanup", Time since last: 7047889300 ns, Reaching safepoint: 149900 ns, At safepoint: 10000 ns, Total: 159900 ns
[2021-04-08T00:30:50.406+0000][19237][safepoint   ] Safepoint "Cleanup", Time since last: 12111574800 ns, Reaching safepoint: 172700 ns, At safepoint: 9600 ns, Total: 182300 ns
[2021-04-08T00:30:51.422+0000][19237][safepoint   ] Safepoint "Cleanup", Time since last: 1016257600 ns, Reaching safepoint: 187200 ns, At safepoint: 9300 ns, Total: 196500 ns
[2021-04-08T00:30:57.469+0000][19237][safepoint   ] Safepoint "Cleanup", Time since last: 6045580700 ns, Reaching safepoint: 495800 ns, At safepoint: 20900 ns, Total: 516700 ns
[2021-04-08T00:31:16.581+0000][19237][safepoint   ] Safepoint "Cleanup", Time since last: 19112499000 ns, Reaching safepoint: 165500 ns, At safepoint: 5600 ns, Total: 171100 ns
[2021-04-08T00:31:17.593+0000][19237][safepoint   ] Safepoint "Cleanup", Time since last: 1012023900 ns, Reaching safepoint: 132600 ns, At safepoint: 10500 ns, Total: 143100 ns
[2021-04-08T00:31:21.655+0000][19237][safepoint   ] Safepoint "Cleanup", Time since last: 4061926400 ns, Reaching safepoint: 171300 ns, At safepoint: 6500 ns, Total: 177800 ns
[2021-04-08T00:31:36.756+0000][19237][safepoint   ] Safepoint "Cleanup", Time since last: 15100546100 ns, Reaching safepoint: 191300 ns, At safepoint: 10200 ns, Total: 201500 ns
[2021-04-08T00:31:47.833+0000][19237][safepoint   ] Safepoint "Cleanup", Time since last: 11076627800 ns, Reaching safepoint: 268900 ns, At safepoint: 10700 ns, Total: 279600 ns
[2021-04-08T00:31:55.886+0000][19237][safepoint   ] Safepoint "Cleanup", Time since last: 8053074900 ns, Reaching safepoint: 244200 ns, At safepoint: 12900 ns, Total: 257100 ns
[2021-04-08T00:32:02.942+0000][19237][safepoint   ] Safepoint "Cleanup", Time since last: 7055384600 ns, Reaching safepoint: 148200 ns, At safepoint: 6800 ns, Total: 155000 ns
[2021-04-08T00:32:07.996+0000][19237][safepoint   ] Safepoint "Cleanup", Time since last: 5053492700 ns, Reaching safepoint: 202100 ns, At safepoint: 25600 ns, Total: 227700 ns
[2021-04-08T00:32:09.010+0000][19237][safepoint   ] Safepoint "Cleanup", Time since last: 1014103900 ns, Reaching safepoint: 297800 ns, At safepoint: 27600 ns, Total: 325400 ns
[2021-04-08T00:32:10.013+0000][19237][safepoint   ] Safepoint "Cleanup", Time since last: 1002968600 ns, Reaching safepoint: 247800 ns, At safepoint: 10300 ns, Total: 258100 ns
[2021-04-08T00:32:18.083+0000][19237][safepoint   ] Safepoint "Cleanup", Time since last: 8069375500 ns, Reaching safepoint: 167400 ns, At safepoint: 11900 ns, Total: 179300 ns
[2021-04-08T00:32:22.117+0000][19237][safepoint   ] Safepoint "Cleanup", Time since last: 4033937500 ns, Reaching safepoint: 140600 ns, At safepoint: 12500 ns, Total: 153100 ns
[2021-04-08T00:32:23.121+0000][19237][safepoint   ] Safepoint "Cleanup", Time since last: 1003786000 ns, Reaching safepoint: 163900 ns, At safepoint: 22900 ns, Total: 186800 ns
[2021-04-08T00:32:25.137+0000][19237][safepoint   ] Safepoint "Cleanup", Time since last: 2006141600 ns, Reaching safepoint: 9493600 ns, At safepoint: 29300 ns, Total: 9522900 ns
[2021-04-08T00:32:26.149+0000][19237][safepoint   ] Safepoint "Cleanup", Time since last: 1012239500 ns, Reaching safepoint: 157000 ns, At safepoint: 29600 ns, Total: 186600 ns
[2021-04-08T00:32:38.254+0000][19237][safepoint   ] Safepoint "Cleanup", Time since last: 12104530500 ns, Reaching safepoint: 110900 ns, At safepoint: 8300 ns, Total: 119200 ns
[2021-04-08T00:33:02.392+0000][19237][safepoint   ] Safepoint "Cleanup", Time since last: 24137770100 ns, Reaching safepoint: 159500 ns, At safepoint: 11800 ns, Total: 171300 ns
[2021-04-08T00:33:03.395+0000][19237][safepoint   ] Safepoint "Cleanup", Time since last: 1003311300 ns, Reaching safepoint: 154400 ns, At safepoint: 14900 ns, Total: 169300 ns
[2021-04-08T00:33:07.443+0000][19237][safepoint   ] Safepoint "Cleanup", Time since last: 4047484800 ns, Reaching safepoint: 299100 ns, At safepoint: 28100 ns, Total: 327200 ns
[2021-04-08T00:33:08.450+0000][19237][safepoint   ] Safepoint "Cleanup", Time since last: 1006381200 ns, Reaching safepoint: 176900 ns, At safepoint: 24500 ns, Total: 201400 ns
[2021-04-08T00:33:09.455+0000][19237][safepoint   ] Safepoint "Cleanup", Time since last: 1004847900 ns, Reaching safepoint: 132200 ns, At safepoint: 10800 ns, Total: 143000 ns
[2021-04-08T00:33:22.573+0000][19237][safepoint   ] Safepoint "Cleanup", Time since last: 13118483700 ns, Reaching safepoint: 134600 ns, At safepoint: 10200 ns, Total: 144800 ns
[2021-04-08T00:33:23.587+0000][19237][safepoint   ] Safepoint "Cleanup", Time since last: 1013979400 ns, Reaching safepoint: 115700 ns, At safepoint: 11000 ns, Total: 126700 ns
[2021-04-08T00:33:27.625+0000][19237][safepoint   ] Safepoint "Cleanup", Time since last: 4037022000 ns, Reaching safepoint: 536900 ns, At safepoint: 41400 ns, Total: 578300 ns
[2021-04-08T00:33:29.632+0000][19237][safepoint   ] Safepoint "Cleanup", Time since last: 2006851500 ns, Reaching safepoint: 233200 ns, At safepoint: 12700 ns, Total: 245900 ns
[2021-04-08T00:33:40.701+0000][19237][safepoint   ] Safepoint "Cleanup", Time since last: 11067879400 ns, Reaching safepoint: 1030600 ns, At safepoint: 26100 ns, Total: 1056700 ns
[2021-04-08T00:34:07.892+0000][19237][safepoint   ] Safepoint "Cleanup", Time since last: 27190839900 ns, Reaching safepoint: 240600 ns, At safepoint: 22600 ns, Total: 263200 ns
[2021-04-08T00:34:08.899+0000][19237][safepoint   ] Safepoint "Cleanup", Time since last: 1006270300 ns, Reaching safepoint: 1062700 ns, At safepoint: 26400 ns, Total: 1089100 ns
[2021-04-08T00:34:09.915+0000][19237][safepoint   ] Safepoint "Cleanup", Time since last: 1014673400 ns, Reaching safepoint: 1145700 ns, At safepoint: 43400 ns, Total: 1189100 ns
[2021-04-08T00:34:11.929+0000][19237][safepoint   ] Safepoint "Cleanup", Time since last: 2012696900 ns, Reaching safepoint: 1061600 ns, At safepoint: 12200 ns, Total: 1073800 ns
[2021-04-08T00:34:22.992+0000][19237][safepoint   ] Safepoint "Cleanup", Time since last: 11062432300 ns, Reaching safepoint: 759900 ns, At safepoint: 10400 ns, Total: 770300 ns
[2021-04-08T00:34:37.668+0000][19237][gc,start    ] GC(10) Pause Young (Concurrent Start) (G1 Evacuation Pause)
[2021-04-08T00:34:37.668+0000][19237][gc,task     ] GC(10) Using 8 workers of 8 for evacuation
[2021-04-08T00:34:37.668+0000][19237][gc,age      ] GC(10) Desired survivor size 44040192 bytes, new threshold 2 (max threshold 15)
[2021-04-08T00:34:37.722+0000][19237][gc,age      ] GC(10) Age table with threshold 2 (max threshold 15)
[2021-04-08T00:34:37.722+0000][19237][gc,age      ] GC(10) - age   1:   15750248 bytes,   15750248 total
[2021-04-08T00:34:37.722+0000][19237][gc,age      ] GC(10) - age   2:    9280800 bytes,   25031048 total
[2021-04-08T00:34:37.723+0000][19237][gc,phases   ] GC(10)   Pre Evacuate Collection Set: 0.9ms
[2021-04-08T00:34:37.723+0000][19237][gc,phases   ] GC(10)   Merge Heap Roots: 0.2ms
[2021-04-08T00:34:37.723+0000][19237][gc,phases   ] GC(10)   Evacuate Collection Set: 49.6ms
[2021-04-08T00:34:37.723+0000][19237][gc,phases   ] GC(10)   Post Evacuate Collection Set: 3.6ms
[2021-04-08T00:34:37.723+0000][19237][gc,phases   ] GC(10)   Other: 0.6ms
[2021-04-08T00:34:37.723+0000][19237][gc,heap     ] GC(10) Eden regions: 149->0(420)
[2021-04-08T00:34:37.723+0000][19237][gc,heap     ] GC(10) Survivor regions: 17->7(21)
[2021-04-08T00:34:37.723+0000][19237][gc,heap     ] GC(10) Old regions: 0->14
[2021-04-08T00:34:37.723+0000][19237][gc,heap     ] GC(10) Archive regions: 2->2
[2021-04-08T00:34:37.723+0000][19237][gc,heap     ] GC(10) Humongous regions: 2->2
[2021-04-08T00:34:37.723+0000][19237][gc,metaspace] GC(10) Metaspace: 94808K(98596K)->94808K(98596K) NonClass: 81888K(84388K)->81888K(84388K) Class: 12920K(14208K)->12920K(14208K)
[2021-04-08T00:34:37.723+0000][19237][gc          ] GC(10) Pause Young (Concurrent Start) (G1 Evacuation Pause) 675M->95M(8124M) 54.993ms
[2021-04-08T00:34:37.723+0000][19237][gc,cpu      ] GC(10) User=0.28s Sys=0.16s Real=0.05s
[2021-04-08T00:34:37.723+0000][19237][safepoint   ] Safepoint "G1CollectForAllocation", Time since last: 14675253400 ns, Reaching safepoint: 257400 ns, At safepoint: 55237000 ns, Total: 55494400 ns
[2021-04-08T00:34:37.723+0000][19237][gc          ] GC(11) Concurrent Cycle
[2021-04-08T00:34:37.723+0000][19237][gc,marking  ] GC(11) Concurrent Clear Claimed Marks
[2021-04-08T00:34:37.723+0000][19237][gc,marking  ] GC(11) Concurrent Clear Claimed Marks 0.108ms
[2021-04-08T00:34:37.723+0000][19237][gc,marking  ] GC(11) Concurrent Scan Root Regions
[2021-04-08T00:34:37.757+0000][19237][gc,marking  ] GC(11) Concurrent Scan Root Regions 33.398ms
[2021-04-08T00:34:37.757+0000][19237][gc,marking  ] GC(11) Concurrent Mark (358.377s)
[2021-04-08T00:34:37.757+0000][19237][gc,marking  ] GC(11) Concurrent Mark From Roots
[2021-04-08T00:34:37.757+0000][19237][gc,task     ] GC(11) Using 2 workers of 2 for marking
[2021-04-08T00:34:37.759+0000][19237][gc,marking  ] GC(11) Concurrent Mark From Roots 2.555ms
[2021-04-08T00:34:37.759+0000][19237][gc,marking  ] GC(11) Concurrent Preclean
[2021-04-08T00:34:37.760+0000][19237][gc,marking  ] GC(11) Concurrent Preclean 0.243ms
[2021-04-08T00:34:37.760+0000][19237][gc,marking  ] GC(11) Concurrent Mark (358.377s, 358.380s) 2.943ms
[2021-04-08T00:34:37.864+0000][19237][gc,start    ] GC(11) Pause Remark
[2021-04-08T00:34:37.870+0000][19237][gc          ] GC(11) Pause Remark 99M->99M(8124M) 5.711ms
[2021-04-08T00:34:37.870+0000][19237][gc,cpu      ] GC(11) User=0.00s Sys=0.00s Real=0.01s
[2021-04-08T00:34:37.870+0000][19237][safepoint   ] Safepoint "G1Concurrent", Time since last: 36706900 ns, Reaching safepoint: 104722500 ns, At safepoint: 5911700 ns, Total: 110634200 ns
[2021-04-08T00:34:37.870+0000][19237][gc,marking  ] GC(11) Concurrent Rebuild Remembered Sets
[2021-04-08T00:34:37.890+0000][19237][gc,marking  ] GC(11) Concurrent Rebuild Remembered Sets 19.761ms
[2021-04-08T00:34:37.894+0000][19237][gc,start    ] GC(11) Pause Cleanup
[2021-04-08T00:34:37.894+0000][19237][gc          ] GC(11) Pause Cleanup 99M->99M(8124M) 0.282ms
[2021-04-08T00:34:37.894+0000][19237][gc,cpu      ] GC(11) User=0.00s Sys=0.00s Real=0.00s
[2021-04-08T00:34:37.894+0000][19237][safepoint   ] Safepoint "G1Concurrent", Time since last: 19936300 ns, Reaching safepoint: 3727500 ns, At safepoint: 386700 ns, Total: 4114200 ns
[2021-04-08T00:34:37.894+0000][19237][gc,marking  ] GC(11) Concurrent Cleanup for Next Mark
[2021-04-08T00:34:37.907+0000][19237][gc,marking  ] GC(11) Concurrent Cleanup for Next Mark 12.517ms
[2021-04-08T00:34:37.907+0000][19237][gc          ] GC(11) Concurrent Cycle 184.041ms
[2021-04-08T00:34:41.917+0000][19237][safepoint   ] Safepoint "Cleanup", Time since last: 4022512900 ns, Reaching safepoint: 198600 ns, At safepoint: 8700 ns, Total: 207300 ns
[2021-04-08T00:35:10.115+0000][19237][safepoint   ] Safepoint "Cleanup", Time since last: 28197486200 ns, Reaching safepoint: 289100 ns, At safepoint: 25800 ns, Total: 314900 ns
[2021-04-08T00:35:37.263+0000][19237][safepoint   ] Safepoint "Cleanup", Time since last: 27148437700 ns, Reaching safepoint: 138200 ns, At safepoint: 11300 ns, Total: 149500 ns
[2021-04-08T00:35:39.293+0000][19237][safepoint   ] Safepoint "Cleanup", Time since last: 2028871600 ns, Reaching safepoint: 219200 ns, At safepoint: 11100 ns, Total: 230300 ns
[2021-04-08T00:35:41.313+0000][19237][safepoint   ] Safepoint "Cleanup", Time since last: 2020166600 ns, Reaching safepoint: 226500 ns, At safepoint: 11200 ns, Total: 237700 ns
[2021-04-08T00:36:06.542+0000][19237][safepoint   ] Safepoint "Cleanup", Time since last: 25228753400 ns, Reaching safepoint: 186800 ns, At safepoint: 12300 ns, Total: 199100 ns
[2021-04-08T00:36:11.605+0000][19237][safepoint   ] Safepoint "Cleanup", Time since last: 5063402300 ns, Reaching safepoint: 127900 ns, At safepoint: 9700 ns, Total: 137600 ns
[2021-04-08T00:36:36.795+0000][19237][safepoint   ] Safepoint "Cleanup", Time since last: 25189643700 ns, Reaching safepoint: 215700 ns, At safepoint: 10900 ns, Total: 226600 ns
[2021-04-08T00:36:40.815+0000][19237][safepoint   ] Safepoint "Cleanup", Time since last: 4019229500 ns, Reaching safepoint: 272700 ns, At safepoint: 12500 ns, Total: 285200 ns
[2021-04-08T00:37:11.094+0000][19237][safepoint   ] Safepoint "Cleanup", Time since last: 30279436000 ns, Reaching safepoint: 176000 ns, At safepoint: 14900 ns, Total: 190900 ns
[2021-04-08T00:37:32.277+0000][19237][safepoint   ] Safepoint "Cleanup", Time since last: 21182915400 ns, Reaching safepoint: 119700 ns, At safepoint: 11100 ns, Total: 130800 ns
[2021-04-08T00:37:48.447+0000][19237][safepoint   ] Safepoint "Cleanup", Time since last: 16168925100 ns, Reaching safepoint: 197300 ns, At safepoint: 15200 ns, Total: 212500 ns
[2021-04-08T00:38:09.636+0000][19237][safepoint   ] Safepoint "Cleanup", Time since last: 21188843900 ns, Reaching safepoint: 207400 ns, At safepoint: 19400 ns, Total: 226800 ns
[2021-04-08T00:38:11.654+0000][19237][safepoint   ] Safepoint "Cleanup", Time since last: 2017707100 ns, Reaching safepoint: 248400 ns, At safepoint: 9300 ns, Total: 257700 ns
[2021-04-08T00:38:41.867+0000][19237][safepoint   ] Safepoint "Cleanup", Time since last: 30213422300 ns, Reaching safepoint: 296100 ns, At safepoint: 12200 ns, Total: 308300 ns
[2021-04-08T00:39:09.075+0000][19237][safepoint   ] Safepoint "Cleanup", Time since last: 27207578100 ns, Reaching safepoint: 186400 ns, At safepoint: 17600 ns, Total: 204000 ns
[2021-04-08T00:39:17.128+0000][19237][safepoint   ] Safepoint "Cleanup", Time since last: 8052255200 ns, Reaching safepoint: 132600 ns, At safepoint: 20700 ns, Total: 153300 ns
[2021-04-08T00:39:18.144+0000][19237][safepoint   ] Safepoint "Cleanup", Time since last: 1015740100 ns, Reaching safepoint: 237200 ns, At safepoint: 15500 ns, Total: 252700 ns
[2021-04-08T00:40:10.528+0000][19237][safepoint   ] Safepoint "Cleanup", Time since last: 52383851000 ns, Reaching safepoint: 152400 ns, At safepoint: 12500 ns, Total: 164900 ns
[2021-04-08T00:40:11.542+0000][19237][safepoint   ] Safepoint "Cleanup", Time since last: 1014296700 ns, Reaching safepoint: 180000 ns, At safepoint: 10600 ns, Total: 190600 ns
[2021-04-08T00:40:41.767+0000][19237][safepoint   ] Safepoint "Cleanup", Time since last: 30224765400 ns, Reaching safepoint: 198100 ns, At safepoint: 25300 ns, Total: 223400 ns
[2021-04-08T00:41:11.014+0000][19237][safepoint   ] Safepoint "Cleanup", Time since last: 29246718800 ns, Reaching safepoint: 186100 ns, At safepoint: 10500 ns, Total: 196600 ns
[2021-04-08T00:43:30.153+0000][19237][safepoint   ] Safepoint "Cleanup", Time since last: 139139052900 ns, Reaching safepoint: 95500 ns, At safepoint: 9300 ns, Total: 104800 ns
[2021-04-08T00:43:52.307+0000][19237][safepoint   ] Safepoint "Cleanup", Time since last: 22153881500 ns, Reaching safepoint: 230900 ns, At safepoint: 49300 ns, Total: 280200 ns
[2021-04-08T00:43:55.328+0000][19237][safepoint   ] Safepoint "Cleanup", Time since last: 3020395800 ns, Reaching safepoint: 252600 ns, At safepoint: 11500 ns, Total: 264100 ns
[2021-04-08T00:44:10.479+0000][19237][safepoint   ] Safepoint "Cleanup", Time since last: 15150943300 ns, Reaching safepoint: 258300 ns, At safepoint: 24900 ns, Total: 283200 ns
[2021-04-08T00:44:12.496+0000][19237][safepoint   ] Safepoint "Cleanup", Time since last: 2016388700 ns, Reaching safepoint: 310500 ns, At safepoint: 12300 ns, Total: 322800 ns
[2021-04-08T00:44:22.589+0000][19237][safepoint   ] Safepoint "Cleanup", Time since last: 10093113800 ns, Reaching safepoint: 181100 ns, At safepoint: 24000 ns, Total: 205100 ns
[2021-04-08T00:44:25.626+0000][19237][safepoint   ] Safepoint "Cleanup", Time since last: 3036613300 ns, Reaching safepoint: 205700 ns, At safepoint: 10800 ns, Total: 216500 ns
[2021-04-08T00:44:57.940+0000][19237][safepoint   ] Safepoint "Cleanup", Time since last: 32314253800 ns, Reaching safepoint: 155600 ns, At safepoint: 24300 ns, Total: 179900 ns
[2021-04-08T00:45:40.312+0000][19237][safepoint   ] Safepoint "Cleanup", Time since last: 42371344200 ns, Reaching safepoint: 180000 ns, At safepoint: 11500 ns, Total: 191500 ns
[2021-04-08T00:46:11.493+0000][19237][safepoint   ] Safepoint "Cleanup", Time since last: 31180650400 ns, Reaching safepoint: 240500 ns, At safepoint: 29600 ns, Total: 270100 ns
[2021-04-08T00:46:40.709+0000][19237][safepoint   ] Safepoint "Cleanup", Time since last: 29215539700 ns, Reaching safepoint: 128500 ns, At safepoint: 29500 ns, Total: 158000 ns
[2021-04-08T00:47:08.961+0000][19237][safepoint   ] Safepoint "Cleanup", Time since last: 28252545100 ns, Reaching safepoint: 253800 ns, At safepoint: 10100 ns, Total: 263900 ns
[2021-04-08T00:48:08.390+0000][19237][safepoint   ] Safepoint "Cleanup", Time since last: 59427992800 ns, Reaching safepoint: 143900 ns, At safepoint: 11500 ns, Total: 155400 ns
[2021-04-08T00:48:11.405+0000][19237][safepoint   ] Safepoint "Cleanup", Time since last: 3014558300 ns, Reaching safepoint: 805600 ns, At safepoint: 31600 ns, Total: 837200 ns
[2021-04-08T00:48:27.538+0000][19237][safepoint   ] Safepoint "Cleanup", Time since last: 16133218500 ns, Reaching safepoint: 176900 ns, At safepoint: 15700 ns, Total: 192600 ns
[2021-04-08T00:48:39.633+0000][19237][safepoint   ] Safepoint "Cleanup", Time since last: 12094015000 ns, Reaching safepoint: 301900 ns, At safepoint: 13100 ns, Total: 315000 ns
[2021-04-08T00:49:10.918+0000][19237][safepoint   ] Safepoint "Cleanup", Time since last: 31285273000 ns, Reaching safepoint: 109900 ns, At safepoint: 8800 ns, Total: 118700 ns
[2021-04-08T00:49:29.068+0000][19237][safepoint   ] Safepoint "Cleanup", Time since last: 18149347400 ns, Reaching safepoint: 873300 ns, At safepoint: 12500 ns, Total: 885800 ns
[2021-04-08T00:50:10.435+0000][19237][safepoint   ] Safepoint "Cleanup", Time since last: 41366171200 ns, Reaching safepoint: 101200 ns, At safepoint: 14900 ns, Total: 116100 ns
[2021-04-08T00:50:33.637+0000][19237][safepoint   ] Safepoint "Cleanup", Time since last: 23202156000 ns, Reaching safepoint: 83200 ns, At safepoint: 8500 ns, Total: 91700 ns
[2021-04-08T00:53:41.265+0000][19237][safepoint   ] Safepoint "Cleanup", Time since last: 187626934700 ns, Reaching safepoint: 747000 ns, At safepoint: 23900 ns, Total: 770900 ns
[2021-04-08T00:53:50.312+0000][19237][safepoint   ] Safepoint "Cleanup", Time since last: 9047683000 ns, Reaching safepoint: 174900 ns, At safepoint: 33400 ns, Total: 208300 ns
[2021-04-08T00:54:10.441+0000][19237][safepoint   ] Safepoint "Cleanup", Time since last: 20128325500 ns, Reaching safepoint: 269500 ns, At safepoint: 36800 ns, Total: 306300 ns
