[2021-04-10T05:32:39.490+0000][220][gc] Using G1
[2021-04-10T05:32:39.560+0000][220][gc,init] Version: 15.0.1+9 (release)
[2021-04-10T05:32:39.560+0000][220][gc,init] CPUs: 8 total, 8 available
[2021-04-10T05:32:39.560+0000][220][gc,init] Memory: 16244M
[2021-04-10T05:32:39.560+0000][220][gc,init] Large Page Support: Disabled
[2021-04-10T05:32:39.560+0000][220][gc,init] NUMA Support: Disabled
[2021-04-10T05:32:39.560+0000][220][gc,init] Compressed Oops: Enabled (Zero based)
[2021-04-10T05:32:39.560+0000][220][gc,init] Heap Region Size: 4M
[2021-04-10T05:32:39.560+0000][220][gc,init] Heap Min Capacity: 8124M
[2021-04-10T05:32:39.560+0000][220][gc,init] Heap Initial Capacity: 8124M
[2021-04-10T05:32:39.560+0000][220][gc,init] Heap Max Capacity: 8124M
[2021-04-10T05:32:39.560+0000][220][gc,init] Pre-touch: Disabled
[2021-04-10T05:32:39.560+0000][220][gc,init] Parallel Workers: 8
[2021-04-10T05:32:39.560+0000][220][gc,init] Concurrent Workers: 2
[2021-04-10T05:32:39.560+0000][220][gc,init] Concurrent Refinement Workers: 8
[2021-04-10T05:32:39.560+0000][220][gc,init] Periodic GC: Disabled
[2021-04-10T05:32:39.561+0000][220][gc,metaspace] CDS disabled.
[2021-04-10T05:32:39.561+0000][220][gc,metaspace] Compressed class space mapped at: 0x00000007c0000000-0x0000000800000000, size: 1073741824
[2021-04-10T05:32:39.561+0000][220][gc,metaspace] Narrow klass base: 0x0000000000000000, Narrow klass shift: 3, Narrow klass range: 0x800000000
[2021-04-10T05:32:39.758+0000][220][gc,heap,exit] Heap
[2021-04-10T05:32:39.759+0000][220][gc,heap,exit]  garbage-first heap   total 8318976K, used 4096K [0x00000005c4400000, 0x00000007c0000000)
[2021-04-10T05:32:39.759+0000][220][gc,heap,exit]   region size 4096K, 2 young (8192K), 0 survivors (0K)
[2021-04-10T05:32:39.759+0000][220][gc,heap,exit]  Metaspace       used 3309K, capacity 4480K, committed 4480K, reserved 1056768K
[2021-04-10T05:32:39.759+0000][220][gc,heap,exit]   class space    used 266K, capacity 384K, committed 384K, reserved 1048576K
