[2021-04-08T00:57:11.052+0000][578][gc] Using G1
[2021-04-08T00:57:25.803+0000][578][gc,init] Version: 15.0.1+9 (release)
[2021-04-08T00:57:25.803+0000][578][gc,init] CPUs: 8 total, 8 available
[2021-04-08T00:57:25.803+0000][578][gc,init] Memory: 16244M
[2021-04-08T00:57:25.803+0000][578][gc,init] Large Page Support: Disabled
[2021-04-08T00:57:25.803+0000][578][gc,init] NUMA Support: Disabled
[2021-04-08T00:57:25.803+0000][578][gc,init] Compressed Oops: Enabled (Zero based)
[2021-04-08T00:57:25.803+0000][578][gc,init] Heap Region Size: 4M
[2021-04-08T00:57:25.803+0000][578][gc,init] Heap Min Capacity: 8124M
[2021-04-08T00:57:25.803+0000][578][gc,init] Heap Initial Capacity: 8124M
[2021-04-08T00:57:25.803+0000][578][gc,init] Heap Max Capacity: 8124M
[2021-04-08T00:57:25.806+0000][578][gc,init] Pre-touch: Enabled
[2021-04-08T00:57:25.806+0000][578][gc,init] Parallel Workers: 8
[2021-04-08T00:57:25.806+0000][578][gc,init] Concurrent Workers: 2
[2021-04-08T00:57:25.806+0000][578][gc,init] Concurrent Refinement Workers: 8
[2021-04-08T00:57:25.806+0000][578][gc,init] Periodic GC: Disabled
[2021-04-08T00:57:25.807+0000][578][gc,cds ] Mark closed archive regions in map: [0x00000007ffc00000, 0x00000007ffc7bff8]
[2021-04-08T00:57:25.827+0000][578][gc,cds ] Mark open archive regions in map: [0x00000007ffb00000, 0x00000007ffb51ff8]
[2021-04-08T00:57:25.848+0000][578][gc,metaspace] CDS archive(s) mapped at: [0x0000000800000000-0x0000000800b2a000-0x0000000800b2a000), size 11706368, SharedBaseAddress: 0x0000000800000000, ArchiveRelocationMode: 0.
[2021-04-08T00:57:25.848+0000][578][gc,metaspace] Compressed class space mapped at: 0x0000000800b2c000-0x0000000840b2c000, size: 1073741824
[2021-04-08T00:57:25.848+0000][578][gc,metaspace] Narrow klass base: 0x0000000800000000, Narrow klass shift: 3, Narrow klass range: 0x100000000
[2021-04-08T00:57:26.259+0000][578][safepoint   ] Safepoint "ICBufferFull", Time since last: 393735300 ns, Reaching safepoint: 228200 ns, At safepoint: 16400 ns, Total: 244600 ns
[2021-04-08T00:57:26.866+0000][578][safepoint   ] Safepoint "ICBufferFull", Time since last: 606720800 ns, Reaching safepoint: 739300 ns, At safepoint: 14500 ns, Total: 753800 ns
[2021-04-08T00:57:27.691+0000][578][safepoint   ] Safepoint "ICBufferFull", Time since last: 824450300 ns, Reaching safepoint: 203900 ns, At safepoint: 16000 ns, Total: 219900 ns
[2021-04-08T00:57:28.612+0000][578][safepoint   ] Safepoint "ICBufferFull", Time since last: 921002800 ns, Reaching safepoint: 176700 ns, At safepoint: 17200 ns, Total: 193900 ns
[2021-04-08T00:57:29.079+0000][578][safepoint   ] Safepoint "ICBufferFull", Time since last: 466344800 ns, Reaching safepoint: 137000 ns, At safepoint: 13000 ns, Total: 150000 ns
[2021-04-08T00:57:29.085+0000][578][safepoint   ] Safepoint "ICBufferFull", Time since last: 6305200 ns, Reaching safepoint: 69200 ns, At safepoint: 16200 ns, Total: 85400 ns
[2021-04-08T00:57:29.089+0000][578][safepoint   ] Safepoint "ICBufferFull", Time since last: 3705500 ns, Reaching safepoint: 187700 ns, At safepoint: 14300 ns, Total: 202000 ns
[2021-04-08T00:57:29.095+0000][578][safepoint   ] Safepoint "ICBufferFull", Time since last: 6264600 ns, Reaching safepoint: 101300 ns, At safepoint: 16000 ns, Total: 117300 ns
[2021-04-08T00:57:29.101+0000][578][safepoint   ] Safepoint "ICBufferFull", Time since last: 5114800 ns, Reaching safepoint: 70100 ns, At safepoint: 9800 ns, Total: 79900 ns
[2021-04-08T00:57:29.105+0000][578][safepoint   ] Safepoint "ICBufferFull", Time since last: 4438200 ns, Reaching safepoint: 64800 ns, At safepoint: 14400 ns, Total: 79200 ns
[2021-04-08T00:57:29.110+0000][578][safepoint   ] Safepoint "ICBufferFull", Time since last: 4967600 ns, Reaching safepoint: 67500 ns, At safepoint: 14600 ns, Total: 82100 ns
[2021-04-08T00:57:29.115+0000][578][safepoint   ] Safepoint "ICBufferFull", Time since last: 5224600 ns, Reaching safepoint: 101400 ns, At safepoint: 15300 ns, Total: 116700 ns
[2021-04-08T00:57:29.122+0000][578][safepoint   ] Safepoint "ICBufferFull", Time since last: 6529600 ns, Reaching safepoint: 65300 ns, At safepoint: 9900 ns, Total: 75200 ns
[2021-04-08T00:57:29.131+0000][578][safepoint   ] Safepoint "ICBufferFull", Time since last: 8641200 ns, Reaching safepoint: 69000 ns, At safepoint: 16200 ns, Total: 85200 ns
[2021-04-08T00:57:29.136+0000][578][safepoint   ] Safepoint "ICBufferFull", Time since last: 5483300 ns, Reaching safepoint: 63800 ns, At safepoint: 14400 ns, Total: 78200 ns
[2021-04-08T00:57:29.141+0000][578][safepoint   ] Safepoint "ICBufferFull", Time since last: 5002500 ns, Reaching safepoint: 84200 ns, At safepoint: 15600 ns, Total: 99800 ns
[2021-04-08T00:57:29.146+0000][578][safepoint   ] Safepoint "ICBufferFull", Time since last: 4008800 ns, Reaching safepoint: 97700 ns, At safepoint: 20100 ns, Total: 117800 ns
[2021-04-08T00:57:29.153+0000][578][safepoint   ] Safepoint "ICBufferFull", Time since last: 7139700 ns, Reaching safepoint: 85700 ns, At safepoint: 16600 ns, Total: 102300 ns
[2021-04-08T00:57:29.158+0000][578][safepoint   ] Safepoint "ICBufferFull", Time since last: 5206500 ns, Reaching safepoint: 87400 ns, At safepoint: 17400 ns, Total: 104800 ns
[2021-04-08T00:57:29.162+0000][578][safepoint   ] Safepoint "ICBufferFull", Time since last: 3358100 ns, Reaching safepoint: 71200 ns, At safepoint: 15700 ns, Total: 86900 ns
[2021-04-08T00:57:29.597+0000][578][safepoint   ] Safepoint "ICBufferFull", Time since last: 435046400 ns, Reaching safepoint: 212900 ns, At safepoint: 19400 ns, Total: 232300 ns
[2021-04-08T00:57:29.598+0000][578][safepoint   ] Safepoint "ICBufferFull", Time since last: 1267000 ns, Reaching safepoint: 83000 ns, At safepoint: 15700 ns, Total: 98700 ns
[2021-04-08T00:57:29.599+0000][578][safepoint   ] Safepoint "ICBufferFull", Time since last: 720300 ns, Reaching safepoint: 67200 ns, At safepoint: 15000 ns, Total: 82200 ns
[2021-04-08T00:57:29.600+0000][578][safepoint   ] Safepoint "ICBufferFull", Time since last: 1214100 ns, Reaching safepoint: 77400 ns, At safepoint: 12500 ns, Total: 89900 ns
[2021-04-08T00:57:29.685+0000][578][safepoint   ] Safepoint "ICBufferFull", Time since last: 84392900 ns, Reaching safepoint: 136300 ns, At safepoint: 19100 ns, Total: 155400 ns
[2021-04-08T00:57:29.686+0000][578][safepoint   ] Safepoint "ICBufferFull", Time since last: 1430600 ns, Reaching safepoint: 73500 ns, At safepoint: 30700 ns, Total: 104200 ns
[2021-04-08T00:57:29.688+0000][578][safepoint   ] Safepoint "ICBufferFull", Time since last: 1489800 ns, Reaching safepoint: 72800 ns, At safepoint: 12600 ns, Total: 85400 ns
[2021-04-08T00:57:29.690+0000][578][safepoint   ] Safepoint "ICBufferFull", Time since last: 1854100 ns, Reaching safepoint: 193400 ns, At safepoint: 10900 ns, Total: 204300 ns
[2021-04-08T00:57:29.692+0000][578][safepoint   ] Safepoint "ICBufferFull", Time since last: 1997900 ns, Reaching safepoint: 90400 ns, At safepoint: 18000 ns, Total: 108400 ns
[2021-04-08T00:57:29.694+0000][578][safepoint   ] Safepoint "ICBufferFull", Time since last: 1875600 ns, Reaching safepoint: 113400 ns, At safepoint: 15400 ns, Total: 128800 ns
[2021-04-08T00:57:29.696+0000][578][safepoint   ] Safepoint "ICBufferFull", Time since last: 1719900 ns, Reaching safepoint: 93300 ns, At safepoint: 19600 ns, Total: 112900 ns
[2021-04-08T00:57:29.698+0000][578][safepoint   ] Safepoint "ICBufferFull", Time since last: 1703600 ns, Reaching safepoint: 113400 ns, At safepoint: 17400 ns, Total: 130800 ns
[2021-04-08T00:57:29.699+0000][578][safepoint   ] Safepoint "ICBufferFull", Time since last: 1424500 ns, Reaching safepoint: 79400 ns, At safepoint: 13400 ns, Total: 92800 ns
[2021-04-08T00:57:29.701+0000][578][safepoint   ] Safepoint "ICBufferFull", Time since last: 1849400 ns, Reaching safepoint: 101400 ns, At safepoint: 19300 ns, Total: 120700 ns
[2021-04-08T00:57:29.703+0000][578][safepoint   ] Safepoint "ICBufferFull", Time since last: 1306600 ns, Reaching safepoint: 115000 ns, At safepoint: 18600 ns, Total: 133600 ns
[2021-04-08T00:57:29.704+0000][578][safepoint   ] Safepoint "ICBufferFull", Time since last: 1643100 ns, Reaching safepoint: 79700 ns, At safepoint: 15400 ns, Total: 95100 ns
[2021-04-08T00:57:29.707+0000][578][safepoint   ] Safepoint "ICBufferFull", Time since last: 2731200 ns, Reaching safepoint: 75100 ns, At safepoint: 13100 ns, Total: 88200 ns
[2021-04-08T00:57:29.709+0000][578][safepoint   ] Safepoint "ICBufferFull", Time since last: 1607800 ns, Reaching safepoint: 52100 ns, At safepoint: 10400 ns, Total: 62500 ns
[2021-04-08T00:57:29.710+0000][578][safepoint   ] Safepoint "ICBufferFull", Time since last: 1308000 ns, Reaching safepoint: 81200 ns, At safepoint: 11500 ns, Total: 92700 ns
[2021-04-08T00:57:29.714+0000][578][safepoint   ] Safepoint "ICBufferFull", Time since last: 3294400 ns, Reaching safepoint: 90600 ns, At safepoint: 14100 ns, Total: 104700 ns
[2021-04-08T00:57:29.715+0000][578][safepoint   ] Safepoint "ICBufferFull", Time since last: 1550400 ns, Reaching safepoint: 91100 ns, At safepoint: 18400 ns, Total: 109500 ns
[2021-04-08T00:57:29.717+0000][578][safepoint   ] Safepoint "ICBufferFull", Time since last: 1456000 ns, Reaching safepoint: 77500 ns, At safepoint: 10400 ns, Total: 87900 ns
[2021-04-08T00:57:29.719+0000][578][safepoint   ] Safepoint "ICBufferFull", Time since last: 2398000 ns, Reaching safepoint: 75900 ns, At safepoint: 15100 ns, Total: 91000 ns
[2021-04-08T00:57:29.720+0000][578][safepoint   ] Safepoint "ICBufferFull", Time since last: 854100 ns, Reaching safepoint: 66600 ns, At safepoint: 13200 ns, Total: 79800 ns
[2021-04-08T00:57:29.817+0000][578][safepoint   ] Safepoint "ICBufferFull", Time since last: 96144500 ns, Reaching safepoint: 81200 ns, At safepoint: 15800 ns, Total: 97000 ns
[2021-04-08T00:57:29.818+0000][578][safepoint   ] Safepoint "ICBufferFull", Time since last: 1244300 ns, Reaching safepoint: 70200 ns, At safepoint: 17000 ns, Total: 87200 ns
[2021-04-08T00:57:29.819+0000][578][safepoint   ] Safepoint "ICBufferFull", Time since last: 1412100 ns, Reaching safepoint: 75900 ns, At safepoint: 19800 ns, Total: 95700 ns
[2021-04-08T00:57:29.821+0000][578][safepoint   ] Safepoint "ICBufferFull", Time since last: 1297200 ns, Reaching safepoint: 75400 ns, At safepoint: 16500 ns, Total: 91900 ns
[2021-04-08T00:57:29.822+0000][578][safepoint   ] Safepoint "ICBufferFull", Time since last: 1458900 ns, Reaching safepoint: 107000 ns, At safepoint: 9700 ns, Total: 116700 ns
[2021-04-08T00:57:29.824+0000][578][safepoint   ] Safepoint "ICBufferFull", Time since last: 1566300 ns, Reaching safepoint: 140100 ns, At safepoint: 32900 ns, Total: 173000 ns
[2021-04-08T00:57:29.826+0000][578][safepoint   ] Safepoint "ICBufferFull", Time since last: 1811300 ns, Reaching safepoint: 146700 ns, At safepoint: 14500 ns, Total: 161200 ns
[2021-04-08T00:57:29.828+0000][578][safepoint   ] Safepoint "ICBufferFull", Time since last: 2102300 ns, Reaching safepoint: 145400 ns, At safepoint: 14700 ns, Total: 160100 ns
[2021-04-08T00:57:29.831+0000][578][safepoint   ] Safepoint "ICBufferFull", Time since last: 2168000 ns, Reaching safepoint: 105600 ns, At safepoint: 11200 ns, Total: 116800 ns
[2021-04-08T00:57:29.833+0000][578][safepoint   ] Safepoint "ICBufferFull", Time since last: 1838600 ns, Reaching safepoint: 136200 ns, At safepoint: 55500 ns, Total: 191700 ns
[2021-04-08T00:57:29.835+0000][578][safepoint   ] Safepoint "ICBufferFull", Time since last: 1781300 ns, Reaching safepoint: 101900 ns, At safepoint: 10100 ns, Total: 112000 ns
[2021-04-08T00:57:29.838+0000][578][safepoint   ] Safepoint "ICBufferFull", Time since last: 3360000 ns, Reaching safepoint: 97200 ns, At safepoint: 9200 ns, Total: 106400 ns
[2021-04-08T00:57:29.842+0000][578][safepoint   ] Safepoint "ICBufferFull", Time since last: 3593400 ns, Reaching safepoint: 669100 ns, At safepoint: 16000 ns, Total: 685100 ns
[2021-04-08T00:57:29.844+0000][578][safepoint   ] Safepoint "ICBufferFull", Time since last: 1481700 ns, Reaching safepoint: 87500 ns, At safepoint: 11000 ns, Total: 98500 ns
[2021-04-08T00:57:29.854+0000][578][safepoint   ] Safepoint "ICBufferFull", Time since last: 7701800 ns, Reaching safepoint: 1890100 ns, At safepoint: 15500 ns, Total: 1905600 ns
[2021-04-08T00:57:29.858+0000][578][safepoint   ] Safepoint "ICBufferFull", Time since last: 3495200 ns, Reaching safepoint: 470800 ns, At safepoint: 31000 ns, Total: 501800 ns
[2021-04-08T00:57:29.860+0000][578][safepoint   ] Safepoint "ICBufferFull", Time since last: 1921200 ns, Reaching safepoint: 205000 ns, At safepoint: 11500 ns, Total: 216500 ns
[2021-04-08T00:57:29.862+0000][578][safepoint   ] Safepoint "ICBufferFull", Time since last: 2610800 ns, Reaching safepoint: 156100 ns, At safepoint: 13900 ns, Total: 170000 ns
[2021-04-08T00:57:29.867+0000][578][safepoint   ] Safepoint "ICBufferFull", Time since last: 4428700 ns, Reaching safepoint: 71800 ns, At safepoint: 12200 ns, Total: 84000 ns
[2021-04-08T00:57:29.869+0000][578][safepoint   ] Safepoint "ICBufferFull", Time since last: 1513600 ns, Reaching safepoint: 76100 ns, At safepoint: 10300 ns, Total: 86400 ns
[2021-04-08T00:57:30.098+0000][578][gc,start    ] GC(0) Pause Young (Normal) (G1 Evacuation Pause)
[2021-04-08T00:57:30.099+0000][578][gc,task     ] GC(0) Using 8 workers of 8 for evacuation
[2021-04-08T00:57:30.099+0000][578][gc,age      ] GC(0) Desired survivor size 27262976 bytes, new threshold 15 (max threshold 15)
[2021-04-08T00:57:30.114+0000][578][gc,age      ] GC(0) Age table with threshold 15 (max threshold 15)
[2021-04-08T00:57:30.114+0000][578][gc,age      ] GC(0) - age   1:   12596640 bytes,   12596640 total
[2021-04-08T00:57:30.115+0000][578][gc,phases   ] GC(0)   Pre Evacuate Collection Set: 0.6ms
[2021-04-08T00:57:30.115+0000][578][gc,phases   ] GC(0)   Merge Heap Roots: 0.7ms
[2021-04-08T00:57:30.115+0000][578][gc,phases   ] GC(0)   Evacuate Collection Set: 12.3ms
[2021-04-08T00:57:30.115+0000][578][gc,phases   ] GC(0)   Post Evacuate Collection Set: 1.4ms
[2021-04-08T00:57:30.115+0000][578][gc,phases   ] GC(0)   Other: 1.4ms
[2021-04-08T00:57:30.115+0000][578][gc,heap     ] GC(0) Eden regions: 101->0(97)
[2021-04-08T00:57:30.115+0000][578][gc,heap     ] GC(0) Survivor regions: 0->4(13)
[2021-04-08T00:57:30.115+0000][578][gc,heap     ] GC(0) Old regions: 0->0
[2021-04-08T00:57:30.115+0000][578][gc,heap     ] GC(0) Archive regions: 2->2
[2021-04-08T00:57:30.115+0000][578][gc,heap     ] GC(0) Humongous regions: 0->0
[2021-04-08T00:57:30.115+0000][578][gc,metaspace] GC(0) Metaspace: 18664K(19328K)->18664K(19328K) NonClass: 16451K(16896K)->16451K(16896K) Class: 2212K(2432K)->2212K(2432K)
[2021-04-08T00:57:30.115+0000][578][gc          ] GC(0) Pause Young (Normal) (G1 Evacuation Pause) 407M->16M(8124M) 16.630ms
[2021-04-08T00:57:30.115+0000][578][gc,cpu      ] GC(0) User=0.06s Sys=0.00s Real=0.01s
[2021-04-08T00:57:30.115+0000][578][safepoint   ] Safepoint "G1CollectForAllocation", Time since last: 229320600 ns, Reaching safepoint: 126600 ns, At safepoint: 16935800 ns, Total: 17062400 ns
[2021-04-08T00:57:30.898+0000][578][gc,start    ] GC(1) Pause Young (Normal) (G1 Evacuation Pause)
[2021-04-08T00:57:30.898+0000][578][gc,task     ] GC(1) Using 8 workers of 8 for evacuation
[2021-04-08T00:57:30.898+0000][578][gc,age      ] GC(1) Desired survivor size 27262976 bytes, new threshold 15 (max threshold 15)
[2021-04-08T00:57:30.914+0000][578][gc,age      ] GC(1) Age table with threshold 15 (max threshold 15)
[2021-04-08T00:57:30.914+0000][578][gc,age      ] GC(1) - age   1:    1645480 bytes,    1645480 total
[2021-04-08T00:57:30.914+0000][578][gc,age      ] GC(1) - age   2:   12105896 bytes,   13751376 total
[2021-04-08T00:57:30.914+0000][578][gc,phases   ] GC(1)   Pre Evacuate Collection Set: 0.3ms
[2021-04-08T00:57:30.914+0000][578][gc,phases   ] GC(1)   Merge Heap Roots: 0.1ms
[2021-04-08T00:57:30.914+0000][578][gc,phases   ] GC(1)   Evacuate Collection Set: 13.3ms
[2021-04-08T00:57:30.914+0000][578][gc,phases   ] GC(1)   Post Evacuate Collection Set: 2.1ms
[2021-04-08T00:57:30.914+0000][578][gc,phases   ] GC(1)   Other: 0.5ms
[2021-04-08T00:57:30.914+0000][578][gc,heap     ] GC(1) Eden regions: 97->0(97)
[2021-04-08T00:57:30.914+0000][578][gc,heap     ] GC(1) Survivor regions: 4->4(13)
[2021-04-08T00:57:30.914+0000][578][gc,heap     ] GC(1) Old regions: 0->0
[2021-04-08T00:57:30.914+0000][578][gc,heap     ] GC(1) Archive regions: 2->2
[2021-04-08T00:57:30.914+0000][578][gc,heap     ] GC(1) Humongous regions: 0->0
[2021-04-08T00:57:30.914+0000][578][gc,metaspace] GC(1) Metaspace: 19261K(20224K)->19261K(20224K) NonClass: 16958K(17664K)->16958K(17664K) Class: 2302K(2560K)->2302K(2560K)
[2021-04-08T00:57:30.914+0000][578][gc          ] GC(1) Pause Young (Normal) (G1 Evacuation Pause) 404M->17M(8124M) 16.466ms
[2021-04-08T00:57:30.915+0000][578][gc,cpu      ] GC(1) User=0.07s Sys=0.00s Real=0.01s
[2021-04-08T00:57:30.915+0000][578][safepoint   ] Safepoint "G1CollectForAllocation", Time since last: 782905000 ns, Reaching safepoint: 105900 ns, At safepoint: 16600600 ns, Total: 16706500 ns
[2021-04-08T00:57:31.613+0000][578][gc,start    ] GC(2) Pause Young (Normal) (G1 Evacuation Pause)
[2021-04-08T00:57:31.613+0000][578][gc,task     ] GC(2) Using 8 workers of 8 for evacuation
[2021-04-08T00:57:31.613+0000][578][gc,age      ] GC(2) Desired survivor size 27262976 bytes, new threshold 15 (max threshold 15)
[2021-04-08T00:57:31.631+0000][578][gc,age      ] GC(2) Age table with threshold 15 (max threshold 15)
[2021-04-08T00:57:31.631+0000][578][gc,age      ] GC(2) - age   1:    3731216 bytes,    3731216 total
[2021-04-08T00:57:31.631+0000][578][gc,age      ] GC(2) - age   2:    1278072 bytes,    5009288 total
[2021-04-08T00:57:31.631+0000][578][gc,age      ] GC(2) - age   3:   12101864 bytes,   17111152 total
[2021-04-08T00:57:31.631+0000][578][gc,phases   ] GC(2)   Pre Evacuate Collection Set: 1.2ms
[2021-04-08T00:57:31.631+0000][578][gc,phases   ] GC(2)   Merge Heap Roots: 0.2ms
[2021-04-08T00:57:31.631+0000][578][gc,phases   ] GC(2)   Evacuate Collection Set: 13.5ms
[2021-04-08T00:57:31.631+0000][578][gc,phases   ] GC(2)   Post Evacuate Collection Set: 2.5ms
[2021-04-08T00:57:31.631+0000][578][gc,phases   ] GC(2)   Other: 1.0ms
[2021-04-08T00:57:31.631+0000][578][gc,heap     ] GC(2) Eden regions: 97->0(110)
[2021-04-08T00:57:31.631+0000][578][gc,heap     ] GC(2) Survivor regions: 4->5(13)
[2021-04-08T00:57:31.631+0000][578][gc,heap     ] GC(2) Old regions: 0->0
[2021-04-08T00:57:31.632+0000][578][gc,heap     ] GC(2) Archive regions: 2->2
[2021-04-08T00:57:31.632+0000][578][gc,heap     ] GC(2) Humongous regions: 0->0
[2021-04-08T00:57:31.632+0000][578][gc,metaspace] GC(2) Metaspace: 19598K(20480K)->19598K(20480K) NonClass: 17258K(17920K)->17258K(17920K) Class: 2339K(2560K)->2339K(2560K)
[2021-04-08T00:57:31.632+0000][578][gc          ] GC(2) Pause Young (Normal) (G1 Evacuation Pause) 405M->21M(8124M) 18.833ms
[2021-04-08T00:57:31.632+0000][578][gc,cpu      ] GC(2) User=0.11s Sys=0.00s Real=0.02s
[2021-04-08T00:57:31.632+0000][578][safepoint   ] Safepoint "G1CollectForAllocation", Time since last: 697779700 ns, Reaching safepoint: 301900 ns, At safepoint: 19098000 ns, Total: 19399900 ns
[2021-04-08T00:57:32.386+0000][578][gc,start    ] GC(3) Pause Young (Normal) (G1 Evacuation Pause)
[2021-04-08T00:57:32.386+0000][578][gc,task     ] GC(3) Using 8 workers of 8 for evacuation
[2021-04-08T00:57:32.386+0000][578][gc,age      ] GC(3) Desired survivor size 31457280 bytes, new threshold 15 (max threshold 15)
[2021-04-08T00:57:32.396+0000][578][gc,age      ] GC(3) Age table with threshold 15 (max threshold 15)
[2021-04-08T00:57:32.396+0000][578][gc,age      ] GC(3) - age   1:     562840 bytes,     562840 total
[2021-04-08T00:57:32.396+0000][578][gc,age      ] GC(3) - age   2:    2065720 bytes,    2628560 total
[2021-04-08T00:57:32.396+0000][578][gc,age      ] GC(3) - age   3:    1277784 bytes,    3906344 total
[2021-04-08T00:57:32.396+0000][578][gc,age      ] GC(3) - age   4:   12101512 bytes,   16007856 total
[2021-04-08T00:57:32.396+0000][578][gc,phases   ] GC(3)   Pre Evacuate Collection Set: 0.4ms
[2021-04-08T00:57:32.396+0000][578][gc,phases   ] GC(3)   Merge Heap Roots: 0.1ms
[2021-04-08T00:57:32.396+0000][578][gc,phases   ] GC(3)   Evacuate Collection Set: 8.8ms
[2021-04-08T00:57:32.396+0000][578][gc,phases   ] GC(3)   Post Evacuate Collection Set: 1.0ms
[2021-04-08T00:57:32.396+0000][578][gc,phases   ] GC(3)   Other: 0.4ms
[2021-04-08T00:57:32.396+0000][578][gc,heap     ] GC(3) Eden regions: 110->0(1213)
[2021-04-08T00:57:32.396+0000][578][gc,heap     ] GC(3) Survivor regions: 5->5(15)
[2021-04-08T00:57:32.396+0000][578][gc,heap     ] GC(3) Old regions: 0->0
[2021-04-08T00:57:32.396+0000][578][gc,heap     ] GC(3) Archive regions: 2->2
[2021-04-08T00:57:32.396+0000][578][gc,heap     ] GC(3) Humongous regions: 0->0
[2021-04-08T00:57:32.396+0000][578][gc,metaspace] GC(3) Metaspace: 19967K(21120K)->19967K(21120K) NonClass: 17558K(18432K)->17558K(18432K) Class: 2408K(2688K)->2408K(2688K)
[2021-04-08T00:57:32.396+0000][578][gc          ] GC(3) Pause Young (Normal) (G1 Evacuation Pause) 461M->20M(8124M) 10.923ms
[2021-04-08T00:57:32.397+0000][578][gc,cpu      ] GC(3) User=0.09s Sys=0.00s Real=0.01s
[2021-04-08T00:57:32.397+0000][578][safepoint   ] Safepoint "G1CollectForAllocation", Time since last: 753601000 ns, Reaching safepoint: 98700 ns, At safepoint: 11074200 ns, Total: 11172900 ns
[2021-04-08T00:57:32.908+0000][578][gc,start    ] GC(4) Pause Young (Concurrent Start) (Metadata GC Threshold)
[2021-04-08T00:57:32.908+0000][578][gc,task     ] GC(4) Using 8 workers of 8 for evacuation
[2021-04-08T00:57:32.908+0000][578][gc,age      ] GC(4) Desired survivor size 320864256 bytes, new threshold 15 (max threshold 15)
[2021-04-08T00:57:32.918+0000][578][gc,age      ] GC(4) Age table with threshold 15 (max threshold 15)
[2021-04-08T00:57:32.919+0000][578][gc,age      ] GC(4) - age   1:    1675952 bytes,    1675952 total
[2021-04-08T00:57:32.919+0000][578][gc,age      ] GC(4) - age   2:     535976 bytes,    2211928 total
[2021-04-08T00:57:32.919+0000][578][gc,age      ] GC(4) - age   3:    2065720 bytes,    4277648 total
[2021-04-08T00:57:32.919+0000][578][gc,age      ] GC(4) - age   4:    1276072 bytes,    5553720 total
[2021-04-08T00:57:32.919+0000][578][gc,age      ] GC(4) - age   5:   12101304 bytes,   17655024 total
[2021-04-08T00:57:32.919+0000][578][gc,phases   ] GC(4)   Pre Evacuate Collection Set: 0.3ms
[2021-04-08T00:57:32.919+0000][578][gc,phases   ] GC(4)   Merge Heap Roots: 0.1ms
[2021-04-08T00:57:32.919+0000][578][gc,phases   ] GC(4)   Evacuate Collection Set: 8.5ms
[2021-04-08T00:57:32.919+0000][578][gc,phases   ] GC(4)   Post Evacuate Collection Set: 0.8ms
[2021-04-08T00:57:32.919+0000][578][gc,phases   ] GC(4)   Other: 0.7ms
[2021-04-08T00:57:32.919+0000][578][gc,heap     ] GC(4) Eden regions: 88->0(1139)
[2021-04-08T00:57:32.919+0000][578][gc,heap     ] GC(4) Survivor regions: 5->5(153)
[2021-04-08T00:57:32.919+0000][578][gc,heap     ] GC(4) Old regions: 0->0
[2021-04-08T00:57:32.919+0000][578][gc,heap     ] GC(4) Archive regions: 2->2
[2021-04-08T00:57:32.919+0000][578][gc,heap     ] GC(4) Humongous regions: 0->0
[2021-04-08T00:57:32.919+0000][578][gc,metaspace] GC(4) Metaspace: 20050K(21248K)->20050K(21248K) NonClass: 17625K(18432K)->17625K(18432K) Class: 2425K(2816K)->2425K(2816K)
[2021-04-08T00:57:32.919+0000][578][gc          ] GC(4) Pause Young (Concurrent Start) (Metadata GC Threshold) 370M->22M(8124M) 10.635ms
[2021-04-08T00:57:32.919+0000][578][gc,cpu      ] GC(4) User=0.00s Sys=0.00s Real=0.01s
[2021-04-08T00:57:32.919+0000][578][gc          ] GC(5) Concurrent Cycle
[2021-04-08T00:57:32.919+0000][578][gc,marking  ] GC(5) Concurrent Clear Claimed Marks
[2021-04-08T00:57:32.919+0000][578][gc,marking  ] GC(5) Concurrent Clear Claimed Marks 0.056ms
[2021-04-08T00:57:32.919+0000][578][gc,marking  ] GC(5) Concurrent Scan Root Regions
[2021-04-08T00:57:32.919+0000][578][safepoint   ] Safepoint "CollectForMetadataAllocation", Time since last: 511565100 ns, Reaching safepoint: 103300 ns, At safepoint: 11271700 ns, Total: 11375000 ns
[2021-04-08T00:57:32.923+0000][578][gc,marking  ] GC(5) Concurrent Scan Root Regions 3.871ms
[2021-04-08T00:57:32.923+0000][578][gc,marking  ] GC(5) Concurrent Mark (21.901s)
[2021-04-08T00:57:32.923+0000][578][gc,marking  ] GC(5) Concurrent Mark From Roots
[2021-04-08T00:57:32.923+0000][578][gc,task     ] GC(5) Using 2 workers of 2 for marking
[2021-04-08T00:57:32.927+0000][578][gc,marking  ] GC(5) Concurrent Mark From Roots 3.741ms
[2021-04-08T00:57:32.927+0000][578][gc,marking  ] GC(5) Concurrent Preclean
[2021-04-08T00:57:32.927+0000][578][gc,marking  ] GC(5) Concurrent Preclean 0.314ms
[2021-04-08T00:57:32.927+0000][578][gc,marking  ] GC(5) Concurrent Mark (21.901s, 21.905s) 4.190ms
[2021-04-08T00:57:32.928+0000][578][gc,start    ] GC(5) Pause Remark
[2021-04-08T00:57:32.930+0000][578][gc          ] GC(5) Pause Remark 24M->24M(8124M) 2.005ms
[2021-04-08T00:57:32.930+0000][578][gc,cpu      ] GC(5) User=0.00s Sys=0.00s Real=0.00s
[2021-04-08T00:57:32.930+0000][578][safepoint   ] Safepoint "G1Concurrent", Time since last: 7911200 ns, Reaching safepoint: 620400 ns, At safepoint: 2116400 ns, Total: 2736800 ns
[2021-04-08T00:57:32.930+0000][578][gc,marking  ] GC(5) Concurrent Rebuild Remembered Sets
[2021-04-08T00:57:32.931+0000][578][gc,marking  ] GC(5) Concurrent Rebuild Remembered Sets 0.868ms
[2021-04-08T00:57:32.932+0000][578][gc,start    ] GC(5) Pause Cleanup
[2021-04-08T00:57:32.932+0000][578][gc          ] GC(5) Pause Cleanup 24M->24M(8124M) 0.291ms
[2021-04-08T00:57:32.932+0000][578][gc,cpu      ] GC(5) User=0.00s Sys=0.00s Real=0.00s
[2021-04-08T00:57:32.933+0000][578][safepoint   ] Safepoint "G1Concurrent", Time since last: 1028700 ns, Reaching safepoint: 972600 ns, At safepoint: 378600 ns, Total: 1351200 ns
[2021-04-08T00:57:32.933+0000][578][gc,marking  ] GC(5) Concurrent Cleanup for Next Mark
[2021-04-08T00:57:32.946+0000][578][gc,marking  ] GC(5) Concurrent Cleanup for Next Mark 13.020ms
[2021-04-08T00:57:32.946+0000][578][gc          ] GC(5) Concurrent Cycle 26.686ms
[2021-04-08T00:57:33.938+0000][578][safepoint   ] Safepoint "Cleanup", Time since last: 1004238200 ns, Reaching safepoint: 901100 ns, At safepoint: 10100 ns, Total: 911200 ns
[2021-04-08T00:57:34.605+0000][578][safepoint   ] Safepoint "ICBufferFull", Time since last: 667270800 ns, Reaching safepoint: 172800 ns, At safepoint: 11100 ns, Total: 183900 ns
[2021-04-08T00:57:35.174+0000][578][safepoint   ] Safepoint "ICBufferFull", Time since last: 568247000 ns, Reaching safepoint: 236600 ns, At safepoint: 18700 ns, Total: 255300 ns
[2021-04-08T00:57:36.176+0000][578][safepoint   ] Safepoint "Cleanup", Time since last: 1001207200 ns, Reaching safepoint: 739700 ns, At safepoint: 11600 ns, Total: 751300 ns
[2021-04-08T00:57:36.652+0000][578][gc,start    ] GC(6) Pause Young (Concurrent Start) (Metadata GC Threshold)
[2021-04-08T00:57:36.652+0000][578][gc,task     ] GC(6) Using 8 workers of 8 for evacuation
[2021-04-08T00:57:36.652+0000][578][gc,age      ] GC(6) Desired survivor size 320864256 bytes, new threshold 15 (max threshold 15)
[2021-04-08T00:57:36.684+0000][578][gc,age      ] GC(6) Age table with threshold 15 (max threshold 15)
[2021-04-08T00:57:36.684+0000][578][gc,age      ] GC(6) - age   1:   40065832 bytes,   40065832 total
[2021-04-08T00:57:36.684+0000][578][gc,age      ] GC(6) - age   2:    1542904 bytes,   41608736 total
[2021-04-08T00:57:36.684+0000][578][gc,age      ] GC(6) - age   3:     522720 bytes,   42131456 total
[2021-04-08T00:57:36.684+0000][578][gc,age      ] GC(6) - age   4:    2049712 bytes,   44181168 total
[2021-04-08T00:57:36.684+0000][578][gc,age      ] GC(6) - age   5:    1259784 bytes,   45440952 total
[2021-04-08T00:57:36.684+0000][578][gc,age      ] GC(6) - age   6:   11970784 bytes,   57411736 total
[2021-04-08T00:57:36.684+0000][578][gc,phases   ] GC(6)   Pre Evacuate Collection Set: 0.2ms
[2021-04-08T00:57:36.684+0000][578][gc,phases   ] GC(6)   Merge Heap Roots: 0.1ms
[2021-04-08T00:57:36.684+0000][578][gc,phases   ] GC(6)   Evacuate Collection Set: 29.8ms
[2021-04-08T00:57:36.684+0000][578][gc,phases   ] GC(6)   Post Evacuate Collection Set: 1.8ms
[2021-04-08T00:57:36.685+0000][578][gc,phases   ] GC(6)   Other: 0.5ms
[2021-04-08T00:57:36.685+0000][578][gc,heap     ] GC(6) Eden regions: 263->0(316)
[2021-04-08T00:57:36.685+0000][578][gc,heap     ] GC(6) Survivor regions: 5->14(153)
[2021-04-08T00:57:36.685+0000][578][gc,heap     ] GC(6) Old regions: 0->0
[2021-04-08T00:57:36.685+0000][578][gc,heap     ] GC(6) Archive regions: 2->2
[2021-04-08T00:57:36.685+0000][578][gc,heap     ] GC(6) Humongous regions: 0->0
[2021-04-08T00:57:36.685+0000][578][gc,metaspace] GC(6) Metaspace: 33612K(35840K)->33612K(35840K) NonClass: 29311K(30848K)->29311K(30848K) Class: 4301K(4992K)->4301K(4992K)
[2021-04-08T00:57:36.685+0000][578][gc          ] GC(6) Pause Young (Concurrent Start) (Metadata GC Threshold) 1072M->59M(8124M) 32.600ms
[2021-04-08T00:57:36.685+0000][578][gc,cpu      ] GC(6) User=0.25s Sys=0.00s Real=0.03s
[2021-04-08T00:57:36.685+0000][578][gc          ] GC(7) Concurrent Cycle
[2021-04-08T00:57:36.685+0000][578][gc,marking  ] GC(7) Concurrent Clear Claimed Marks
[2021-04-08T00:57:36.685+0000][578][gc,marking  ] GC(7) Concurrent Clear Claimed Marks 0.064ms
[2021-04-08T00:57:36.685+0000][578][gc,marking  ] GC(7) Concurrent Scan Root Regions
[2021-04-08T00:57:36.685+0000][578][safepoint   ] Safepoint "CollectForMetadataAllocation", Time since last: 476270800 ns, Reaching safepoint: 162700 ns, At safepoint: 33102400 ns, Total: 33265100 ns
[2021-04-08T00:57:36.710+0000][578][gc,marking  ] GC(7) Concurrent Scan Root Regions 24.921ms
[2021-04-08T00:57:36.710+0000][578][gc,marking  ] GC(7) Concurrent Mark (25.688s)
[2021-04-08T00:57:36.710+0000][578][gc,marking  ] GC(7) Concurrent Mark From Roots
[2021-04-08T00:57:36.710+0000][578][gc,task     ] GC(7) Using 2 workers of 2 for marking
[2021-04-08T00:57:36.713+0000][578][safepoint   ] Safepoint "CollectForMetadataAllocation", Time since last: 27716500 ns, Reaching safepoint: 185800 ns, At safepoint: 415400 ns, Total: 601200 ns
[2021-04-08T00:57:36.715+0000][578][gc,marking  ] GC(7) Concurrent Mark From Roots 4.726ms
[2021-04-08T00:57:36.715+0000][578][gc,marking  ] GC(7) Concurrent Preclean
[2021-04-08T00:57:36.715+0000][578][gc,marking  ] GC(7) Concurrent Preclean 0.308ms
[2021-04-08T00:57:36.715+0000][578][gc,marking  ] GC(7) Concurrent Mark (25.688s, 25.693s) 5.143ms
[2021-04-08T00:57:36.716+0000][578][gc,start    ] GC(7) Pause Remark
[2021-04-08T00:57:36.718+0000][578][gc          ] GC(7) Pause Remark 63M->63M(8124M) 2.130ms
[2021-04-08T00:57:36.718+0000][578][gc,cpu      ] GC(7) User=0.00s Sys=0.00s Real=0.01s
[2021-04-08T00:57:36.718+0000][578][safepoint   ] Safepoint "G1Concurrent", Time since last: 1659200 ns, Reaching safepoint: 648500 ns, At safepoint: 2250900 ns, Total: 2899400 ns
[2021-04-08T00:57:36.718+0000][578][gc,marking  ] GC(7) Concurrent Rebuild Remembered Sets
[2021-04-08T00:57:36.719+0000][578][gc,marking  ] GC(7) Concurrent Rebuild Remembered Sets 0.712ms
[2021-04-08T00:57:36.721+0000][578][gc,start    ] GC(7) Pause Cleanup
[2021-04-08T00:57:36.722+0000][578][gc          ] GC(7) Pause Cleanup 63M->63M(8124M) 0.313ms
[2021-04-08T00:57:36.722+0000][578][gc,cpu      ] GC(7) User=0.00s Sys=0.00s Real=0.00s
[2021-04-08T00:57:36.722+0000][578][safepoint   ] Safepoint "G1Concurrent", Time since last: 840300 ns, Reaching safepoint: 2390300 ns, At safepoint: 411600 ns, Total: 2801900 ns
[2021-04-08T00:57:36.722+0000][578][gc,marking  ] GC(7) Concurrent Cleanup for Next Mark
[2021-04-08T00:57:36.733+0000][578][gc,marking  ] GC(7) Concurrent Cleanup for Next Mark 11.671ms
[2021-04-08T00:57:36.733+0000][578][gc          ] GC(7) Concurrent Cycle 48.670ms
[2021-04-08T00:57:37.470+0000][578][safepoint   ] Safepoint "ICBufferFull", Time since last: 748040300 ns, Reaching safepoint: 188800 ns, At safepoint: 12700 ns, Total: 201500 ns
[2021-04-08T00:57:38.456+0000][578][safepoint   ] Safepoint "ICBufferFull", Time since last: 986009000 ns, Reaching safepoint: 284000 ns, At safepoint: 17000 ns, Total: 301000 ns
[2021-04-08T00:57:39.082+0000][578][gc,start    ] GC(8) Pause Young (Concurrent Start) (Metadata GC Threshold)
[2021-04-08T00:57:39.082+0000][578][gc,task     ] GC(8) Using 8 workers of 8 for evacuation
[2021-04-08T00:57:39.082+0000][578][gc,age      ] GC(8) Desired survivor size 92274688 bytes, new threshold 15 (max threshold 15)
[2021-04-08T00:57:39.126+0000][578][gc,age      ] GC(8) Age table with threshold 15 (max threshold 15)
[2021-04-08T00:57:39.126+0000][578][gc,age      ] GC(8) - age   1:    9112096 bytes,    9112096 total
[2021-04-08T00:57:39.126+0000][578][gc,age      ] GC(8) - age   2:   39720656 bytes,   48832752 total
[2021-04-08T00:57:39.126+0000][578][gc,age      ] GC(8) - age   3:    1537520 bytes,   50370272 total
[2021-04-08T00:57:39.126+0000][578][gc,age      ] GC(8) - age   4:     509672 bytes,   50879944 total
[2021-04-08T00:57:39.126+0000][578][gc,age      ] GC(8) - age   5:    2048104 bytes,   52928048 total
[2021-04-08T00:57:39.126+0000][578][gc,age      ] GC(8) - age   6:    1244768 bytes,   54172816 total
[2021-04-08T00:57:39.126+0000][578][gc,age      ] GC(8) - age   7:   11915208 bytes,   66088024 total
[2021-04-08T00:57:39.126+0000][578][gc,phases   ] GC(8)   Pre Evacuate Collection Set: 0.5ms
[2021-04-08T00:57:39.126+0000][578][gc,phases   ] GC(8)   Merge Heap Roots: 0.2ms
[2021-04-08T00:57:39.127+0000][578][gc,phases   ] GC(8)   Evacuate Collection Set: 40.9ms
[2021-04-08T00:57:39.127+0000][578][gc,phases   ] GC(8)   Post Evacuate Collection Set: 2.2ms
[2021-04-08T00:57:39.127+0000][578][gc,phases   ] GC(8)   Other: 0.6ms
[2021-04-08T00:57:39.127+0000][578][gc,heap     ] GC(8) Eden regions: 82->0(156)
[2021-04-08T00:57:39.127+0000][578][gc,heap     ] GC(8) Survivor regions: 14->17(44)
[2021-04-08T00:57:39.127+0000][578][gc,heap     ] GC(8) Old regions: 0->0
[2021-04-08T00:57:39.127+0000][578][gc,heap     ] GC(8) Archive regions: 2->2
[2021-04-08T00:57:39.127+0000][578][gc,heap     ] GC(8) Humongous regions: 0->0
[2021-04-08T00:57:39.127+0000][578][gc,metaspace] GC(8) Metaspace: 57582K(60716K)->57582K(60716K) NonClass: 50000K(52192K)->50000K(52192K) Class: 7582K(8524K)->7582K(8524K)
[2021-04-08T00:57:39.127+0000][578][gc          ] GC(8) Pause Young (Concurrent Start) (Metadata GC Threshold) 385M->70M(8124M) 44.585ms
[2021-04-08T00:57:39.127+0000][578][gc,cpu      ] GC(8) User=0.28s Sys=0.00s Real=0.04s
[2021-04-08T00:57:39.127+0000][578][gc          ] GC(9) Concurrent Cycle
[2021-04-08T00:57:39.127+0000][578][gc,marking  ] GC(9) Concurrent Clear Claimed Marks
[2021-04-08T00:57:39.127+0000][578][gc,marking  ] GC(9) Concurrent Clear Claimed Marks 0.074ms
[2021-04-08T00:57:39.127+0000][578][gc,marking  ] GC(9) Concurrent Scan Root Regions
[2021-04-08T00:57:39.127+0000][578][safepoint   ] Safepoint "CollectForMetadataAllocation", Time since last: 625624300 ns, Reaching safepoint: 265700 ns, At safepoint: 45226300 ns, Total: 45492000 ns
[2021-04-08T00:57:39.160+0000][578][gc,marking  ] GC(9) Concurrent Scan Root Regions 33.316ms
[2021-04-08T00:57:39.160+0000][578][gc,marking  ] GC(9) Concurrent Mark (28.138s)
[2021-04-08T00:57:39.160+0000][578][gc,marking  ] GC(9) Concurrent Mark From Roots
[2021-04-08T00:57:39.160+0000][578][gc,task     ] GC(9) Using 2 workers of 2 for marking
[2021-04-08T00:57:39.164+0000][578][gc,marking  ] GC(9) Concurrent Mark From Roots 4.023ms
[2021-04-08T00:57:39.164+0000][578][gc,marking  ] GC(9) Concurrent Preclean
[2021-04-08T00:57:39.165+0000][578][gc,marking  ] GC(9) Concurrent Preclean 0.300ms
[2021-04-08T00:57:39.165+0000][578][gc,marking  ] GC(9) Concurrent Mark (28.138s, 28.142s) 4.447ms
[2021-04-08T00:57:39.165+0000][578][gc,start    ] GC(9) Pause Remark
[2021-04-08T00:57:39.169+0000][578][gc          ] GC(9) Pause Remark 74M->74M(8124M) 4.080ms
[2021-04-08T00:57:39.169+0000][578][gc,cpu      ] GC(9) User=0.00s Sys=0.00s Real=0.01s
[2021-04-08T00:57:39.169+0000][578][safepoint   ] Safepoint "G1Concurrent", Time since last: 37523200 ns, Reaching safepoint: 85400 ns, At safepoint: 4246500 ns, Total: 4331900 ns
[2021-04-08T00:57:39.169+0000][578][gc,marking  ] GC(9) Concurrent Rebuild Remembered Sets
[2021-04-08T00:57:39.170+0000][578][gc,marking  ] GC(9) Concurrent Rebuild Remembered Sets 1.011ms
[2021-04-08T00:57:39.172+0000][578][gc,start    ] GC(9) Pause Cleanup
[2021-04-08T00:57:39.172+0000][578][gc          ] GC(9) Pause Cleanup 74M->74M(8124M) 0.415ms
[2021-04-08T00:57:39.172+0000][578][gc,cpu      ] GC(9) User=0.00s Sys=0.00s Real=0.00s
[2021-04-08T00:57:39.172+0000][578][safepoint   ] Safepoint "G1Concurrent", Time since last: 1138400 ns, Reaching safepoint: 1263800 ns, At safepoint: 532700 ns, Total: 1796500 ns
[2021-04-08T00:57:39.172+0000][578][gc,marking  ] GC(9) Concurrent Cleanup for Next Mark
[2021-04-08T00:57:39.181+0000][578][gc,marking  ] GC(9) Concurrent Cleanup for Next Mark 8.406ms
[2021-04-08T00:57:39.181+0000][578][gc          ] GC(9) Concurrent Cycle 53.866ms
[2021-04-08T00:57:40.188+0000][578][safepoint   ] Safepoint "Cleanup", Time since last: 1014613300 ns, Reaching safepoint: 1184400 ns, At safepoint: 10600 ns, Total: 1195000 ns
[2021-04-08T00:57:41.205+0000][578][safepoint   ] Safepoint "Cleanup", Time since last: 1015386600 ns, Reaching safepoint: 1427200 ns, At safepoint: 14800 ns, Total: 1442000 ns
[2021-04-08T00:57:42.341+0000][578][safepoint   ] Safepoint "Cleanup", Time since last: 1136396000 ns, Reaching safepoint: 220000 ns, At safepoint: 10200 ns, Total: 230200 ns
[2021-04-08T00:57:43.101+0000][578][safepoint   ] Safepoint "ICBufferFull", Time since last: 758871500 ns, Reaching safepoint: 296500 ns, At safepoint: 18900 ns, Total: 315400 ns
[2021-04-08T00:57:43.598+0000][578][safepoint   ] Safepoint "ICBufferFull", Time since last: 496907700 ns, Reaching safepoint: 828500 ns, At safepoint: 20500 ns, Total: 849000 ns
[2021-04-08T00:57:44.260+0000][578][safepoint   ] Safepoint "ICBufferFull", Time since last: 661294100 ns, Reaching safepoint: 249800 ns, At safepoint: 23500 ns, Total: 273300 ns
[2021-04-08T00:57:44.892+0000][578][safepoint   ] Safepoint "ICBufferFull", Time since last: 631612100 ns, Reaching safepoint: 222400 ns, At safepoint: 22100 ns, Total: 244500 ns
[2021-04-08T00:57:45.904+0000][578][safepoint   ] Safepoint "Cleanup", Time since last: 1012011500 ns, Reaching safepoint: 149200 ns, At safepoint: 13400 ns, Total: 162600 ns
[2021-04-08T00:57:47.906+0000][578][safepoint   ] Safepoint "Cleanup", Time since last: 2001782100 ns, Reaching safepoint: 183200 ns, At safepoint: 22900 ns, Total: 206100 ns
[2021-04-08T00:57:49.759+0000][578][safepoint   ] Safepoint "Cleanup", Time since last: 1853074300 ns, Reaching safepoint: 241100 ns, At safepoint: 10600 ns, Total: 251700 ns
[2021-04-08T00:57:50.761+0000][578][safepoint   ] Safepoint "Cleanup", Time since last: 1001869500 ns, Reaching safepoint: 155900 ns, At safepoint: 12900 ns, Total: 168800 ns
[2021-04-08T00:57:53.779+0000][578][safepoint   ] Safepoint "Cleanup", Time since last: 3017867300 ns, Reaching safepoint: 141000 ns, At safepoint: 10000 ns, Total: 151000 ns
[2021-04-08T00:57:57.814+0000][578][safepoint   ] Safepoint "Cleanup", Time since last: 4033847300 ns, Reaching safepoint: 626700 ns, At safepoint: 17300 ns, Total: 644000 ns
[2021-04-08T00:57:59.837+0000][578][safepoint   ] Safepoint "Cleanup", Time since last: 2022743300 ns, Reaching safepoint: 105600 ns, At safepoint: 13700 ns, Total: 119300 ns
[2021-04-08T00:58:01.852+0000][578][safepoint   ] Safepoint "Cleanup", Time since last: 2015470700 ns, Reaching safepoint: 237200 ns, At safepoint: 36000 ns, Total: 273200 ns
[2021-04-08T00:58:02.856+0000][578][safepoint   ] Safepoint "Cleanup", Time since last: 1003629300 ns, Reaching safepoint: 137800 ns, At safepoint: 30600 ns, Total: 168400 ns
[2021-04-08T00:58:03.858+0000][578][safepoint   ] Safepoint "Cleanup", Time since last: 1001797200 ns, Reaching safepoint: 120200 ns, At safepoint: 18900 ns, Total: 139100 ns
[2021-04-08T00:58:04.865+0000][578][safepoint   ] Safepoint "Cleanup", Time since last: 1007028700 ns, Reaching safepoint: 187400 ns, At safepoint: 26600 ns, Total: 214000 ns
[2021-04-08T00:58:06.877+0000][578][safepoint   ] Safepoint "Cleanup", Time since last: 2011636300 ns, Reaching safepoint: 306200 ns, At safepoint: 15200 ns, Total: 321400 ns
[2021-04-08T00:58:08.061+0000][578][safepoint   ] Safepoint "Cleanup", Time since last: 1183303200 ns, Reaching safepoint: 222700 ns, At safepoint: 9800 ns, Total: 232500 ns
[2021-04-08T00:58:10.072+0000][578][safepoint   ] Safepoint "Cleanup", Time since last: 2011270400 ns, Reaching safepoint: 158400 ns, At safepoint: 14100 ns, Total: 172500 ns
[2021-04-08T00:58:11.088+0000][578][safepoint   ] Safepoint "Cleanup", Time since last: 1015453200 ns, Reaching safepoint: 179700 ns, At safepoint: 14900 ns, Total: 194600 ns
[2021-04-08T00:58:14.116+0000][578][safepoint   ] Safepoint "Cleanup", Time since last: 3028246800 ns, Reaching safepoint: 113900 ns, At safepoint: 12400 ns, Total: 126300 ns
[2021-04-08T00:58:15.137+0000][578][safepoint   ] Safepoint "Cleanup", Time since last: 1020195800 ns, Reaching safepoint: 314000 ns, At safepoint: 15500 ns, Total: 329500 ns
[2021-04-08T00:58:19.171+0000][578][safepoint   ] Safepoint "Cleanup", Time since last: 4033471500 ns, Reaching safepoint: 309800 ns, At safepoint: 77200 ns, Total: 387000 ns
[2021-04-08T00:58:21.191+0000][578][safepoint   ] Safepoint "Cleanup", Time since last: 2020500300 ns, Reaching safepoint: 174200 ns, At safepoint: 24500 ns, Total: 198700 ns
[2021-04-08T00:58:24.222+0000][578][safepoint   ] Safepoint "Cleanup", Time since last: 3030286300 ns, Reaching safepoint: 233200 ns, At safepoint: 9800 ns, Total: 243000 ns
[2021-04-08T00:58:26.237+0000][578][safepoint   ] Safepoint "Cleanup", Time since last: 2014614100 ns, Reaching safepoint: 155300 ns, At safepoint: 12000 ns, Total: 167300 ns
[2021-04-08T00:58:32.256+0000][578][safepoint   ] Safepoint "Cleanup", Time since last: 6018731200 ns, Reaching safepoint: 129700 ns, At safepoint: 13000 ns, Total: 142700 ns
[2021-04-08T00:58:33.265+0000][578][safepoint   ] Safepoint "Cleanup", Time since last: 1009129900 ns, Reaching safepoint: 128800 ns, At safepoint: 11000 ns, Total: 139800 ns
[2021-04-08T00:58:39.290+0000][578][safepoint   ] Safepoint "Cleanup", Time since last: 6024826300 ns, Reaching safepoint: 157300 ns, At safepoint: 13800 ns, Total: 171100 ns
[2021-04-08T00:58:40.303+0000][578][safepoint   ] Safepoint "Cleanup", Time since last: 1013131300 ns, Reaching safepoint: 211500 ns, At safepoint: 19200 ns, Total: 230700 ns
[2021-04-08T00:58:41.307+0000][578][safepoint   ] Safepoint "Cleanup", Time since last: 1003377400 ns, Reaching safepoint: 301900 ns, At safepoint: 10700 ns, Total: 312600 ns
[2021-04-08T00:58:43.314+0000][578][safepoint   ] Safepoint "Cleanup", Time since last: 2006895800 ns, Reaching safepoint: 212300 ns, At safepoint: 9700 ns, Total: 222000 ns
[2021-04-08T00:58:44.317+0000][578][safepoint   ] Safepoint "Cleanup", Time since last: 1002723800 ns, Reaching safepoint: 146400 ns, At safepoint: 14400 ns, Total: 160800 ns
[2021-04-08T00:58:45.322+0000][578][safepoint   ] Safepoint "Cleanup", Time since last: 1004522300 ns, Reaching safepoint: 202800 ns, At safepoint: 28300 ns, Total: 231100 ns
[2021-04-08T00:59:02.415+0000][578][safepoint   ] Safepoint "Cleanup", Time since last: 17093297600 ns, Reaching safepoint: 194900 ns, At safepoint: 13300 ns, Total: 208200 ns
[2021-04-08T00:59:04.447+0000][578][safepoint   ] Safepoint "Cleanup", Time since last: 2030374500 ns, Reaching safepoint: 1142100 ns, At safepoint: 31000 ns, Total: 1173100 ns
[2021-04-08T00:59:15.500+0000][578][safepoint   ] Safepoint "Cleanup", Time since last: 11052681200 ns, Reaching safepoint: 252700 ns, At safepoint: 9500 ns, Total: 262200 ns
[2021-04-08T00:59:20.533+0000][578][safepoint   ] Safepoint "Cleanup", Time since last: 5032994600 ns, Reaching safepoint: 142800 ns, At safepoint: 9600 ns, Total: 152400 ns
[2021-04-08T00:59:24.566+0000][578][safepoint   ] Safepoint "Cleanup", Time since last: 4033409800 ns, Reaching safepoint: 217200 ns, At safepoint: 37900 ns, Total: 255100 ns
[2021-04-08T00:59:25.575+0000][578][safepoint   ] Safepoint "Cleanup", Time since last: 1007911100 ns, Reaching safepoint: 184700 ns, At safepoint: 12200 ns, Total: 196900 ns
[2021-04-08T00:59:44.708+0000][578][safepoint   ] Safepoint "Cleanup", Time since last: 19133833800 ns, Reaching safepoint: 100400 ns, At safepoint: 12100 ns, Total: 112500 ns
[2021-04-08T00:59:50.742+0000][578][safepoint   ] Safepoint "Cleanup", Time since last: 6032874100 ns, Reaching safepoint: 131000 ns, At safepoint: 10100 ns, Total: 141100 ns
[2021-04-08T00:59:51.757+0000][578][safepoint   ] Safepoint "Cleanup", Time since last: 1015512300 ns, Reaching safepoint: 159600 ns, At safepoint: 10400 ns, Total: 170000 ns
[2021-04-08T00:59:54.775+0000][578][safepoint   ] Safepoint "Cleanup", Time since last: 3017584100 ns, Reaching safepoint: 196800 ns, At safepoint: 22800 ns, Total: 219600 ns
[2021-04-08T00:59:59.794+0000][578][safepoint   ] Safepoint "Cleanup", Time since last: 5018317300 ns, Reaching safepoint: 200900 ns, At safepoint: 22300 ns, Total: 223200 ns
[2021-04-08T01:00:13.891+0000][578][safepoint   ] Safepoint "Cleanup", Time since last: 14096973000 ns, Reaching safepoint: 143300 ns, At safepoint: 11500 ns, Total: 154800 ns
[2021-04-08T01:00:14.904+0000][578][safepoint   ] Safepoint "Cleanup", Time since last: 1012806200 ns, Reaching safepoint: 184400 ns, At safepoint: 14500 ns, Total: 198900 ns
[2021-04-08T01:00:21.960+0000][578][safepoint   ] Safepoint "Cleanup", Time since last: 7055629800 ns, Reaching safepoint: 201300 ns, At safepoint: 22900 ns, Total: 224200 ns
[2021-04-08T01:00:35.122+0000][578][safepoint   ] Safepoint "Cleanup", Time since last: 13162818500 ns, Reaching safepoint: 101100 ns, At safepoint: 10200 ns, Total: 111300 ns
[2021-04-08T01:00:40.152+0000][578][safepoint   ] Safepoint "Cleanup", Time since last: 5028831400 ns, Reaching safepoint: 398100 ns, At safepoint: 10600 ns, Total: 408700 ns
[2021-04-08T01:00:42.176+0000][578][safepoint   ] Safepoint "Cleanup", Time since last: 2024248900 ns, Reaching safepoint: 114000 ns, At safepoint: 11800 ns, Total: 125800 ns
[2021-04-08T01:00:43.184+0000][578][safepoint   ] Safepoint "Cleanup", Time since last: 1007505600 ns, Reaching safepoint: 224000 ns, At safepoint: 28300 ns, Total: 252300 ns
[2021-04-08T01:00:44.199+0000][578][safepoint   ] Safepoint "Cleanup", Time since last: 1015257000 ns, Reaching safepoint: 150900 ns, At safepoint: 9800 ns, Total: 160700 ns
[2021-04-08T01:00:49.234+0000][578][safepoint   ] Safepoint "Cleanup", Time since last: 5034759600 ns, Reaching safepoint: 245400 ns, At safepoint: 23300 ns, Total: 268700 ns
[2021-04-08T01:00:56.291+0000][578][safepoint   ] Safepoint "Cleanup", Time since last: 7056622500 ns, Reaching safepoint: 271300 ns, At safepoint: 17800 ns, Total: 289100 ns
[2021-04-08T01:00:58.303+0000][578][safepoint   ] Safepoint "Cleanup", Time since last: 2011170200 ns, Reaching safepoint: 178100 ns, At safepoint: 10900 ns, Total: 189000 ns
[2021-04-08T01:00:59.303+0000][578][safepoint   ] Safepoint "Cleanup", Time since last: 1000208100 ns, Reaching safepoint: 185200 ns, At safepoint: 10000 ns, Total: 195200 ns
[2021-04-08T01:01:10.389+0000][578][safepoint   ] Safepoint "Cleanup", Time since last: 11085706100 ns, Reaching safepoint: 445600 ns, At safepoint: 10600 ns, Total: 456200 ns
[2021-04-08T01:01:14.408+0000][578][safepoint   ] Safepoint "Cleanup", Time since last: 4018911200 ns, Reaching safepoint: 257400 ns, At safepoint: 9500 ns, Total: 266900 ns
[2021-04-08T01:01:19.457+0000][578][safepoint   ] Safepoint "Cleanup", Time since last: 5048954900 ns, Reaching safepoint: 104300 ns, At safepoint: 25500 ns, Total: 129800 ns
[2021-04-08T01:01:20.458+0000][578][safepoint   ] Safepoint "Cleanup", Time since last: 1000395100 ns, Reaching safepoint: 93400 ns, At safepoint: 11600 ns, Total: 105000 ns
[2021-04-08T01:01:21.465+0000][578][safepoint   ] Safepoint "Cleanup", Time since last: 1006523300 ns, Reaching safepoint: 163200 ns, At safepoint: 12400 ns, Total: 175600 ns
[2021-04-08T01:01:26.503+0000][578][safepoint   ] Safepoint "Cleanup", Time since last: 5038105000 ns, Reaching safepoint: 135100 ns, At safepoint: 33500 ns, Total: 168600 ns
[2021-04-08T01:01:37.625+0000][578][safepoint   ] Safepoint "Cleanup", Time since last: 11122316900 ns, Reaching safepoint: 232100 ns, At safepoint: 10500 ns, Total: 242600 ns
