[2021-04-27T15:41:08.180+0000][2399][gc] Using G1
[2021-04-27T15:41:10.400+0000][2399][gc,init] Version: 16.0.1+9-24 (release)
[2021-04-27T15:41:10.400+0000][2399][gc,init] CPUs: 16 total, 16 available
[2021-04-27T15:41:10.400+0000][2399][gc,init] Memory: 32768M
[2021-04-27T15:41:10.400+0000][2399][gc,init] Large Page Support: Disabled
[2021-04-27T15:41:10.400+0000][2399][gc,init] NUMA Support: Disabled
[2021-04-27T15:41:10.400+0000][2399][gc,init] Compressed Oops: Enabled (Zero based)
[2021-04-27T15:41:10.400+0000][2399][gc,init] Heap Region Size: 8M
[2021-04-27T15:41:10.400+0000][2399][gc,init] Heap Min Capacity: 16G
[2021-04-27T15:41:10.400+0000][2399][gc,init] Heap Initial Capacity: 16G
[2021-04-27T15:41:10.400+0000][2399][gc,init] Heap Max Capacity: 16G
[2021-04-27T15:41:10.400+0000][2399][gc,init] Pre-touch: Enabled
[2021-04-27T15:41:10.400+0000][2399][gc,init] Parallel Workers: 13
[2021-04-27T15:41:10.400+0000][2399][gc,init] Concurrent Workers: 3
[2021-04-27T15:41:10.400+0000][2399][gc,init] Concurrent Refinement Workers: 13
[2021-04-27T15:41:10.400+0000][2399][gc,init] Periodic GC: Disabled
[2021-04-27T15:41:10.401+0000][2399][gc,metaspace] CDS archive(s) mapped at: [0x0000000800000000-0x0000000800bbb000-0x0000000800bbb000), size 12300288, SharedBaseAddress: 0x0000000800000000, ArchiveRelocationMode: 0.
[2021-04-27T15:41:10.401+0000][2399][gc,metaspace] Compressed class space mapped at: 0x0000000800c00000-0x0000000840c00000, reserved size: 1073741824
[2021-04-27T15:41:10.401+0000][2399][gc,metaspace] Narrow klass base: 0x0000000800000000, Narrow klass shift: 3, Narrow klass range: 0x100000000
[2021-04-27T15:41:10.628+0000][2399][safepoint   ] Safepoint "ICBufferFull", Time since last: 222668936 ns, Reaching safepoint: 85464 ns, At safepoint: 66729 ns, Total: 152193 ns
[2021-04-27T15:41:11.050+0000][2399][safepoint   ] Safepoint "ICBufferFull", Time since last: 421625296 ns, Reaching safepoint: 199163 ns, At safepoint: 26665 ns, Total: 225828 ns
[2021-04-27T15:41:11.534+0000][2399][safepoint   ] Safepoint "ICBufferFull", Time since last: 483702774 ns, Reaching safepoint: 82789 ns, At safepoint: 33165 ns, Total: 115954 ns
[2021-04-27T15:41:12.021+0000][2399][safepoint   ] Safepoint "ICBufferFull", Time since last: 486470209 ns, Reaching safepoint: 147721 ns, At safepoint: 28237 ns, Total: 175958 ns
[2021-04-27T15:41:12.024+0000][2399][safepoint   ] Safepoint "ICBufferFull", Time since last: 3248815 ns, Reaching safepoint: 35180 ns, At safepoint: 1363 ns, Total: 36543 ns
[2021-04-27T15:41:12.026+0000][2399][safepoint   ] Safepoint "ICBufferFull", Time since last: 2081979 ns, Reaching safepoint: 33128 ns, At safepoint: 1147 ns, Total: 34275 ns
[2021-04-27T15:41:12.029+0000][2399][safepoint   ] Safepoint "ICBufferFull", Time since last: 2655043 ns, Reaching safepoint: 12732 ns, At safepoint: 1158 ns, Total: 13890 ns
[2021-04-27T15:41:12.031+0000][2399][safepoint   ] Safepoint "ICBufferFull", Time since last: 2646008 ns, Reaching safepoint: 33751 ns, At safepoint: 1149 ns, Total: 34900 ns
[2021-04-27T15:41:12.033+0000][2399][safepoint   ] Safepoint "ICBufferFull", Time since last: 1716440 ns, Reaching safepoint: 33312 ns, At safepoint: 76272 ns, Total: 109584 ns
[2021-04-27T15:41:12.036+0000][2399][safepoint   ] Safepoint "ICBufferFull", Time since last: 2856303 ns, Reaching safepoint: 34915 ns, At safepoint: 1126 ns, Total: 36041 ns
[2021-04-27T15:41:12.038+0000][2399][safepoint   ] Safepoint "ICBufferFull", Time since last: 1286830 ns, Reaching safepoint: 34632 ns, At safepoint: 1134 ns, Total: 35766 ns
[2021-04-27T15:41:12.039+0000][2399][safepoint   ] Safepoint "ICBufferFull", Time since last: 1787209 ns, Reaching safepoint: 34709 ns, At safepoint: 1117 ns, Total: 35826 ns
[2021-04-27T15:41:12.042+0000][2399][safepoint   ] Safepoint "ICBufferFull", Time since last: 2963848 ns, Reaching safepoint: 35420 ns, At safepoint: 1183 ns, Total: 36603 ns
[2021-04-27T15:41:12.045+0000][2399][safepoint   ] Safepoint "ICBufferFull", Time since last: 2481159 ns, Reaching safepoint: 34103 ns, At safepoint: 22451 ns, Total: 56554 ns
[2021-04-27T15:41:12.047+0000][2399][safepoint   ] Safepoint "ICBufferFull", Time since last: 2065562 ns, Reaching safepoint: 34621 ns, At safepoint: 1111 ns, Total: 35732 ns
[2021-04-27T15:41:12.049+0000][2399][safepoint   ] Safepoint "ICBufferFull", Time since last: 2048999 ns, Reaching safepoint: 33813 ns, At safepoint: 1087 ns, Total: 34900 ns
[2021-04-27T15:41:12.052+0000][2399][safepoint   ] Safepoint "ICBufferFull", Time since last: 2878071 ns, Reaching safepoint: 31673 ns, At safepoint: 1195 ns, Total: 32868 ns
[2021-04-27T15:41:12.054+0000][2399][safepoint   ] Safepoint "ICBufferFull", Time since last: 1586467 ns, Reaching safepoint: 32258 ns, At safepoint: 23200 ns, Total: 55458 ns
[2021-04-27T15:41:12.056+0000][2399][safepoint   ] Safepoint "ICBufferFull", Time since last: 2429323 ns, Reaching safepoint: 48237 ns, At safepoint: 7633 ns, Total: 55870 ns
[2021-04-27T15:41:12.058+0000][2399][safepoint   ] Safepoint "ICBufferFull", Time since last: 1551649 ns, Reaching safepoint: 11000 ns, At safepoint: 1115 ns, Total: 12115 ns
[2021-04-27T15:41:12.060+0000][2399][safepoint   ] Safepoint "ICBufferFull", Time since last: 2203061 ns, Reaching safepoint: 10489 ns, At safepoint: 1068 ns, Total: 11557 ns
[2021-04-27T15:41:12.065+0000][2399][safepoint   ] Safepoint "ICBufferFull", Time since last: 5006244 ns, Reaching safepoint: 10554 ns, At safepoint: 1122 ns, Total: 11676 ns
[2021-04-27T15:41:12.067+0000][2399][safepoint   ] Safepoint "ICBufferFull", Time since last: 1966372 ns, Reaching safepoint: 34415 ns, At safepoint: 1140 ns, Total: 35555 ns
[2021-04-27T15:41:12.068+0000][2399][safepoint   ] Safepoint "ICBufferFull", Time since last: 633666 ns, Reaching safepoint: 13205 ns, At safepoint: 1329 ns, Total: 14534 ns
[2021-04-27T15:41:12.068+0000][2399][safepoint   ] Safepoint "ICBufferFull", Time since last: 757882 ns, Reaching safepoint: 29723 ns, At safepoint: 6878 ns, Total: 36601 ns
[2021-04-27T15:41:12.069+0000][2399][safepoint   ] Safepoint "ICBufferFull", Time since last: 760574 ns, Reaching safepoint: 10075 ns, At safepoint: 4927 ns, Total: 15002 ns
[2021-04-27T15:41:12.070+0000][2399][safepoint   ] Safepoint "ICBufferFull", Time since last: 463192 ns, Reaching safepoint: 8517 ns, At safepoint: 1000 ns, Total: 9517 ns
[2021-04-27T15:41:12.070+0000][2399][safepoint   ] Safepoint "ICBufferFull", Time since last: 576990 ns, Reaching safepoint: 9854 ns, At safepoint: 1078 ns, Total: 10932 ns
[2021-04-27T15:41:12.071+0000][2399][safepoint   ] Safepoint "ICBufferFull", Time since last: 541056 ns, Reaching safepoint: 12011 ns, At safepoint: 1338 ns, Total: 13349 ns
[2021-04-27T15:41:12.071+0000][2399][safepoint   ] Safepoint "ICBufferFull", Time since last: 595585 ns, Reaching safepoint: 31328 ns, At safepoint: 1043 ns, Total: 32371 ns
[2021-04-27T15:41:12.072+0000][2399][safepoint   ] Safepoint "ICBufferFull", Time since last: 561333 ns, Reaching safepoint: 43840 ns, At safepoint: 2611 ns, Total: 46451 ns
[2021-04-27T15:41:12.073+0000][2399][safepoint   ] Safepoint "ICBufferFull", Time since last: 566048 ns, Reaching safepoint: 28417 ns, At safepoint: 22916 ns, Total: 51333 ns
[2021-04-27T15:41:12.073+0000][2399][safepoint   ] Safepoint "ICBufferFull", Time since last: 546703 ns, Reaching safepoint: 30276 ns, At safepoint: 1049 ns, Total: 31325 ns
[2021-04-27T15:41:12.074+0000][2399][safepoint   ] Safepoint "ICBufferFull", Time since last: 632517 ns, Reaching safepoint: 30769 ns, At safepoint: 989 ns, Total: 31758 ns
[2021-04-27T15:41:12.074+0000][2399][safepoint   ] Safepoint "ICBufferFull", Time since last: 565529 ns, Reaching safepoint: 31299 ns, At safepoint: 1351 ns, Total: 32650 ns
[2021-04-27T15:41:12.075+0000][2399][safepoint   ] Safepoint "ICBufferFull", Time since last: 536241 ns, Reaching safepoint: 31776 ns, At safepoint: 1050 ns, Total: 32826 ns
[2021-04-27T15:41:12.076+0000][2399][safepoint   ] Safepoint "ICBufferFull", Time since last: 523735 ns, Reaching safepoint: 27710 ns, At safepoint: 64853 ns, Total: 92563 ns
[2021-04-27T15:41:12.076+0000][2399][safepoint   ] Safepoint "ICBufferFull", Time since last: 545137 ns, Reaching safepoint: 11172 ns, At safepoint: 74680 ns, Total: 85852 ns
[2021-04-27T15:41:12.077+0000][2399][safepoint   ] Safepoint "ICBufferFull", Time since last: 666566 ns, Reaching safepoint: 9956 ns, At safepoint: 17642 ns, Total: 27598 ns
[2021-04-27T15:41:12.077+0000][2399][safepoint   ] Safepoint "ICBufferFull", Time since last: 489264 ns, Reaching safepoint: 26388 ns, At safepoint: 1057 ns, Total: 27445 ns
[2021-04-27T15:41:12.081+0000][2399][safepoint   ] Safepoint "ICBufferFull", Time since last: 3921660 ns, Reaching safepoint: 60538 ns, At safepoint: 27834 ns, Total: 88372 ns
[2021-04-27T15:41:12.085+0000][2399][safepoint   ] Safepoint "ICBufferFull", Time since last: 3581305 ns, Reaching safepoint: 67045 ns, At safepoint: 29698 ns, Total: 96743 ns
[2021-04-27T15:41:12.086+0000][2399][safepoint   ] Safepoint "ICBufferFull", Time since last: 581758 ns, Reaching safepoint: 14350 ns, At safepoint: 1359 ns, Total: 15709 ns
[2021-04-27T15:41:12.110+0000][2399][safepoint   ] Safepoint "ICBufferFull", Time since last: 24161573 ns, Reaching safepoint: 20020 ns, At safepoint: 1454 ns, Total: 21474 ns
[2021-04-27T15:41:12.111+0000][2399][safepoint   ] Safepoint "ICBufferFull", Time since last: 813818 ns, Reaching safepoint: 11095 ns, At safepoint: 1018 ns, Total: 12113 ns
[2021-04-27T15:41:12.111+0000][2399][safepoint   ] Safepoint "ICBufferFull", Time since last: 510785 ns, Reaching safepoint: 62727 ns, At safepoint: 2209 ns, Total: 64936 ns
[2021-04-27T15:41:12.112+0000][2399][safepoint   ] Safepoint "ICBufferFull", Time since last: 647301 ns, Reaching safepoint: 31314 ns, At safepoint: 1052 ns, Total: 32366 ns
[2021-04-27T15:41:12.113+0000][2399][safepoint   ] Safepoint "ICBufferFull", Time since last: 554027 ns, Reaching safepoint: 9580 ns, At safepoint: 960 ns, Total: 10540 ns
[2021-04-27T15:41:12.113+0000][2399][safepoint   ] Safepoint "ICBufferFull", Time since last: 471246 ns, Reaching safepoint: 55269 ns, At safepoint: 53072 ns, Total: 108341 ns
[2021-04-27T15:41:12.114+0000][2399][safepoint   ] Safepoint "ICBufferFull", Time since last: 424158 ns, Reaching safepoint: 8641 ns, At safepoint: 992 ns, Total: 9633 ns
[2021-04-27T15:41:12.114+0000][2399][safepoint   ] Safepoint "ICBufferFull", Time since last: 556910 ns, Reaching safepoint: 12853 ns, At safepoint: 1274 ns, Total: 14127 ns
[2021-04-27T15:41:12.348+0000][2399][safepoint   ] Safepoint "ICBufferFull", Time since last: 233966737 ns, Reaching safepoint: 108548 ns, At safepoint: 1672 ns, Total: 110220 ns
[2021-04-27T15:41:12.795+0000][2399][gc,start    ] GC(0) Pause Young (Normal) (G1 Evacuation Pause)
[2021-04-27T15:41:12.795+0000][2399][gc,task     ] GC(0) Using 13 workers of 13 for evacuation
[2021-04-27T15:41:12.795+0000][2399][gc,age      ] GC(0) Desired survivor size 54525952 bytes, new threshold 15 (max threshold 15)
[2021-04-27T15:41:12.801+0000][2399][gc,age      ] GC(0) Age table with threshold 15 (max threshold 15)
[2021-04-27T15:41:12.801+0000][2399][gc,age      ] GC(0) - age   1:   15774056 bytes,   15774056 total
[2021-04-27T15:41:12.801+0000][2399][gc,phases   ] GC(0)   Pre Evacuate Collection Set: 0.1ms
[2021-04-27T15:41:12.801+0000][2399][gc,phases   ] GC(0)   Merge Heap Roots: 0.1ms
[2021-04-27T15:41:12.801+0000][2399][gc,phases   ] GC(0)   Evacuate Collection Set: 3.9ms
[2021-04-27T15:41:12.801+0000][2399][gc,phases   ] GC(0)   Post Evacuate Collection Set: 1.2ms
[2021-04-27T15:41:12.801+0000][2399][gc,phases   ] GC(0)   Other: 0.2ms
[2021-04-27T15:41:12.801+0000][2399][gc,heap     ] GC(0) Eden regions: 102->0(100)
[2021-04-27T15:41:12.801+0000][2399][gc,heap     ] GC(0) Survivor regions: 0->2(13)
[2021-04-27T15:41:12.801+0000][2399][gc,heap     ] GC(0) Old regions: 0->0
[2021-04-27T15:41:12.801+0000][2399][gc,heap     ] GC(0) Archive regions: 2->2
[2021-04-27T15:41:12.801+0000][2399][gc,heap     ] GC(0) Humongous regions: 0->0
[2021-04-27T15:41:12.801+0000][2399][gc,metaspace] GC(0) Metaspace: 18888K(19264K)->18888K(19264K) NonClass: 16591K(16768K)->16591K(16768K) Class: 2296K(2496K)->2296K(2496K)
[2021-04-27T15:41:12.801+0000][2399][gc          ] GC(0) Pause Young (Normal) (G1 Evacuation Pause) 823M->23M(16384M) 5.654ms
[2021-04-27T15:41:12.801+0000][2399][gc,cpu      ] GC(0) User=0.04s Sys=0.01s Real=0.01s
[2021-04-27T15:41:12.801+0000][2399][safepoint   ] Safepoint "G1CollectForAllocation", Time since last: 446990969 ns, Reaching safepoint: 28502 ns, At safepoint: 5785739 ns, Total: 5814241 ns
[2021-04-27T15:41:13.459+0000][2399][gc,start    ] GC(1) Pause Young (Normal) (G1 Evacuation Pause)
[2021-04-27T15:41:13.459+0000][2399][gc,task     ] GC(1) Using 13 workers of 13 for evacuation
[2021-04-27T15:41:13.459+0000][2399][gc,age      ] GC(1) Desired survivor size 54525952 bytes, new threshold 15 (max threshold 15)
[2021-04-27T15:41:13.464+0000][2399][gc,age      ] GC(1) Age table with threshold 15 (max threshold 15)
[2021-04-27T15:41:13.464+0000][2399][gc,age      ] GC(1) - age   1:    3184768 bytes,    3184768 total
[2021-04-27T15:41:13.464+0000][2399][gc,age      ] GC(1) - age   2:   15223176 bytes,   18407944 total
[2021-04-27T15:41:13.464+0000][2399][gc,phases   ] GC(1)   Pre Evacuate Collection Set: 0.1ms
[2021-04-27T15:41:13.464+0000][2399][gc,phases   ] GC(1)   Merge Heap Roots: 0.1ms
[2021-04-27T15:41:13.464+0000][2399][gc,phases   ] GC(1)   Evacuate Collection Set: 3.8ms
[2021-04-27T15:41:13.464+0000][2399][gc,phases   ] GC(1)   Post Evacuate Collection Set: 0.8ms
[2021-04-27T15:41:13.464+0000][2399][gc,phases   ] GC(1)   Other: 0.2ms
[2021-04-27T15:41:13.464+0000][2399][gc,heap     ] GC(1) Eden regions: 100->0(99)
[2021-04-27T15:41:13.464+0000][2399][gc,heap     ] GC(1) Survivor regions: 2->3(13)
[2021-04-27T15:41:13.464+0000][2399][gc,heap     ] GC(1) Old regions: 0->0
[2021-04-27T15:41:13.464+0000][2399][gc,heap     ] GC(1) Archive regions: 2->2
[2021-04-27T15:41:13.464+0000][2399][gc,heap     ] GC(1) Humongous regions: 0->0
[2021-04-27T15:41:13.464+0000][2399][gc,metaspace] GC(1) Metaspace: 20638K(21184K)->20638K(21184K) NonClass: 18090K(18432K)->18090K(18432K) Class: 2547K(2752K)->2547K(2752K)
[2021-04-27T15:41:13.464+0000][2399][gc          ] GC(1) Pause Young (Normal) (G1 Evacuation Pause) 823M->26M(16384M) 5.076ms
[2021-04-27T15:41:13.464+0000][2399][gc,cpu      ] GC(1) User=0.04s Sys=0.01s Real=0.01s
[2021-04-27T15:41:13.464+0000][2399][safepoint   ] Safepoint "G1CollectForAllocation", Time since last: 657691515 ns, Reaching safepoint: 183493 ns, At safepoint: 5170949 ns, Total: 5354442 ns
[2021-04-27T15:41:13.725+0000][2399][gc,start    ] GC(2) Pause Young (Concurrent Start) (Metadata GC Threshold)
[2021-04-27T15:41:13.725+0000][2399][gc,task     ] GC(2) Using 13 workers of 13 for evacuation
[2021-04-27T15:41:13.725+0000][2399][gc,age      ] GC(2) Desired survivor size 54525952 bytes, new threshold 15 (max threshold 15)
[2021-04-27T15:41:13.730+0000][2399][gc,age      ] GC(2) Age table with threshold 15 (max threshold 15)
[2021-04-27T15:41:13.730+0000][2399][gc,age      ] GC(2) - age   1:    1063880 bytes,    1063880 total
[2021-04-27T15:41:13.730+0000][2399][gc,age      ] GC(2) - age   2:    3157976 bytes,    4221856 total
[2021-04-27T15:41:13.730+0000][2399][gc,age      ] GC(2) - age   3:   15220896 bytes,   19442752 total
[2021-04-27T15:41:13.730+0000][2399][gc,phases   ] GC(2)   Pre Evacuate Collection Set: 0.1ms
[2021-04-27T15:41:13.730+0000][2399][gc,phases   ] GC(2)   Merge Heap Roots: 0.0ms
[2021-04-27T15:41:13.730+0000][2399][gc,phases   ] GC(2)   Evacuate Collection Set: 3.6ms
[2021-04-27T15:41:13.730+0000][2399][gc,phases   ] GC(2)   Post Evacuate Collection Set: 0.5ms
[2021-04-27T15:41:13.730+0000][2399][gc,phases   ] GC(2)   Other: 0.3ms
[2021-04-27T15:41:13.730+0000][2399][gc,heap     ] GC(2) Eden regions: 45->0(99)
[2021-04-27T15:41:13.730+0000][2399][gc,heap     ] GC(2) Survivor regions: 3->3(13)
[2021-04-27T15:41:13.730+0000][2399][gc,heap     ] GC(2) Old regions: 0->0
[2021-04-27T15:41:13.730+0000][2399][gc,heap     ] GC(2) Archive regions: 2->2
[2021-04-27T15:41:13.730+0000][2399][gc,heap     ] GC(2) Humongous regions: 0->0
[2021-04-27T15:41:13.730+0000][2399][gc,metaspace] GC(2) Metaspace: 20772K(21248K)->20772K(21248K) NonClass: 18193K(18496K)->18193K(18496K) Class: 2579K(2752K)->2579K(2752K)
[2021-04-27T15:41:13.730+0000][2399][gc          ] GC(2) Pause Young (Concurrent Start) (Metadata GC Threshold) 386M->27M(16384M) 4.708ms
[2021-04-27T15:41:13.730+0000][2399][gc,cpu      ] GC(2) User=0.04s Sys=0.00s Real=0.01s
[2021-04-27T15:41:13.730+0000][2399][safepoint   ] Safepoint "CollectForMetadataAllocation", Time since last: 260890201 ns, Reaching safepoint: 112335 ns, At safepoint: 4805964 ns, Total: 4918299 ns
[2021-04-27T15:41:13.730+0000][2399][gc          ] GC(3) Concurrent Mark Cycle
[2021-04-27T15:41:13.730+0000][2399][gc,marking  ] GC(3) Concurrent Clear Claimed Marks
[2021-04-27T15:41:13.730+0000][2399][gc,marking  ] GC(3) Concurrent Clear Claimed Marks 0.022ms
[2021-04-27T15:41:13.730+0000][2399][gc,marking  ] GC(3) Concurrent Scan Root Regions
[2021-04-27T15:41:13.733+0000][2399][gc,marking  ] GC(3) Concurrent Scan Root Regions 2.951ms
[2021-04-27T15:41:13.733+0000][2399][gc,marking  ] GC(3) Concurrent Mark
[2021-04-27T15:41:13.733+0000][2399][gc,marking  ] GC(3) Concurrent Mark From Roots
[2021-04-27T15:41:13.733+0000][2399][gc,task     ] GC(3) Using 3 workers of 3 for marking
[2021-04-27T15:41:13.734+0000][2399][gc,marking  ] GC(3) Concurrent Mark From Roots 1.113ms
[2021-04-27T15:41:13.734+0000][2399][gc,marking  ] GC(3) Concurrent Preclean
[2021-04-27T15:41:13.734+0000][2399][gc,marking  ] GC(3) Concurrent Preclean 0.034ms
[2021-04-27T15:41:13.734+0000][2399][gc,start    ] GC(3) Pause Remark
[2021-04-27T15:41:13.735+0000][2399][gc          ] GC(3) Pause Remark 31M->31M(16384M) 1.159ms
[2021-04-27T15:41:13.735+0000][2399][gc,cpu      ] GC(3) User=0.01s Sys=0.00s Real=0.00s
[2021-04-27T15:41:13.735+0000][2399][safepoint   ] Safepoint "G1Concurrent", Time since last: 4236052 ns, Reaching safepoint: 65951 ns, At safepoint: 1238304 ns, Total: 1304255 ns
[2021-04-27T15:41:13.736+0000][2399][gc,marking  ] GC(3) Concurrent Mark 2.518ms
[2021-04-27T15:41:13.736+0000][2399][gc,marking  ] GC(3) Concurrent Rebuild Remembered Sets
[2021-04-27T15:41:13.736+0000][2399][gc,marking  ] GC(3) Concurrent Rebuild Remembered Sets 0.694ms
[2021-04-27T15:41:13.736+0000][2399][gc,start    ] GC(3) Pause Cleanup
[2021-04-27T15:41:13.736+0000][2399][gc          ] GC(3) Pause Cleanup 31M->31M(16384M) 0.133ms
[2021-04-27T15:41:13.736+0000][2399][gc,cpu      ] GC(3) User=0.00s Sys=0.00s Real=0.00s
[2021-04-27T15:41:13.736+0000][2399][safepoint   ] Safepoint "G1Concurrent", Time since last: 750756 ns, Reaching safepoint: 44554 ns, At safepoint: 184506 ns, Total: 229060 ns
[2021-04-27T15:41:13.736+0000][2399][gc,marking  ] GC(3) Concurrent Cleanup for Next Mark
[2021-04-27T15:41:13.755+0000][2399][gc,marking  ] GC(3) Concurrent Cleanup for Next Mark 18.150ms
[2021-04-27T15:41:13.755+0000][2399][gc          ] GC(3) Concurrent Mark Cycle 24.728ms
[2021-04-27T15:41:14.237+0000][2399][safepoint   ] Safepoint "ICBufferFull", Time since last: 500167237 ns, Reaching safepoint: 166818 ns, At safepoint: 3635 ns, Total: 170453 ns
[2021-04-27T15:41:15.586+0000][2399][safepoint   ] Safepoint "Cleanup", Time since last: 1349359135 ns, Reaching safepoint: 161319 ns, At safepoint: 57287 ns, Total: 218606 ns
[2021-04-27T15:41:15.682+0000][2399][gc,start    ] GC(4) Pause Young (Concurrent Start) (Metadata GC Threshold)
[2021-04-27T15:41:15.683+0000][2399][gc,task     ] GC(4) Using 13 workers of 13 for evacuation
[2021-04-27T15:41:15.683+0000][2399][gc,age      ] GC(4) Desired survivor size 54525952 bytes, new threshold 15 (max threshold 15)
[2021-04-27T15:41:15.696+0000][2399][gc,age      ] GC(4) Age table with threshold 15 (max threshold 15)
[2021-04-27T15:41:15.696+0000][2399][gc,age      ] GC(4) - age   1:   38862536 bytes,   38862536 total
[2021-04-27T15:41:15.696+0000][2399][gc,age      ] GC(4) - age   2:    1039288 bytes,   39901824 total
[2021-04-27T15:41:15.696+0000][2399][gc,age      ] GC(4) - age   3:    3103808 bytes,   43005632 total
[2021-04-27T15:41:15.696+0000][2399][gc,age      ] GC(4) - age   4:   15077656 bytes,   58083288 total
[2021-04-27T15:41:15.696+0000][2399][gc,phases   ] GC(4)   Pre Evacuate Collection Set: 0.1ms
[2021-04-27T15:41:15.696+0000][2399][gc,phases   ] GC(4)   Merge Heap Roots: 0.0ms
[2021-04-27T15:41:15.696+0000][2399][gc,phases   ] GC(4)   Evacuate Collection Set: 11.9ms
[2021-04-27T15:41:15.696+0000][2399][gc,phases   ] GC(4)   Post Evacuate Collection Set: 1.0ms
[2021-04-27T15:41:15.696+0000][2399][gc,phases   ] GC(4)   Other: 0.2ms
[2021-04-27T15:41:15.696+0000][2399][gc,heap     ] GC(4) Eden regions: 39->0(94)
[2021-04-27T15:41:15.696+0000][2399][gc,heap     ] GC(4) Survivor regions: 3->8(13)
[2021-04-27T15:41:15.696+0000][2399][gc,heap     ] GC(4) Old regions: 0->0
[2021-04-27T15:41:15.696+0000][2399][gc,heap     ] GC(4) Archive regions: 2->2
[2021-04-27T15:41:15.696+0000][2399][gc,heap     ] GC(4) Humongous regions: 0->0
[2021-04-27T15:41:15.696+0000][2399][gc,metaspace] GC(4) Metaspace: 34794K(35648K)->34794K(35648K) NonClass: 30243K(30720K)->30243K(30720K) Class: 4551K(4928K)->4551K(4928K)
[2021-04-27T15:41:15.696+0000][2399][gc          ] GC(4) Pause Young (Concurrent Start) (Metadata GC Threshold) 339M->64M(16384M) 13.447ms
[2021-04-27T15:41:15.696+0000][2399][gc,cpu      ] GC(4) User=0.17s Sys=0.00s Real=0.01s
[2021-04-27T15:41:15.696+0000][2399][gc          ] GC(5) Concurrent Mark Cycle
[2021-04-27T15:41:15.696+0000][2399][gc,marking  ] GC(5) Concurrent Clear Claimed Marks
[2021-04-27T15:41:15.696+0000][2399][gc,marking  ] GC(5) Concurrent Clear Claimed Marks 0.043ms
[2021-04-27T15:41:15.696+0000][2399][safepoint   ] Safepoint "CollectForMetadataAllocation", Time since last: 95962198 ns, Reaching safepoint: 40191 ns, At safepoint: 13588427 ns, Total: 13628618 ns
[2021-04-27T15:41:15.696+0000][2399][gc,marking  ] GC(5) Concurrent Scan Root Regions
[2021-04-27T15:41:15.707+0000][2399][safepoint   ] Safepoint "CollectForMetadataAllocation", Time since last: 11393559 ns, Reaching safepoint: 29649 ns, At safepoint: 31780 ns, Total: 61429 ns
[2021-04-27T15:41:15.709+0000][2399][gc,marking  ] GC(5) Concurrent Scan Root Regions 12.559ms
[2021-04-27T15:41:15.709+0000][2399][gc,marking  ] GC(5) Concurrent Mark
[2021-04-27T15:41:15.709+0000][2399][gc,marking  ] GC(5) Concurrent Mark From Roots
[2021-04-27T15:41:15.709+0000][2399][gc,task     ] GC(5) Using 3 workers of 3 for marking
[2021-04-27T15:41:15.710+0000][2399][gc,marking  ] GC(5) Concurrent Mark From Roots 1.029ms
[2021-04-27T15:41:15.710+0000][2399][gc,marking  ] GC(5) Concurrent Preclean
[2021-04-27T15:41:15.710+0000][2399][gc,marking  ] GC(5) Concurrent Preclean 0.028ms
[2021-04-27T15:41:15.710+0000][2399][gc,start    ] GC(5) Pause Remark
[2021-04-27T15:41:15.711+0000][2399][gc          ] GC(5) Pause Remark 68M->68M(16384M) 1.347ms
[2021-04-27T15:41:15.711+0000][2399][gc,cpu      ] GC(5) User=0.01s Sys=0.00s Real=0.00s
[2021-04-27T15:41:15.711+0000][2399][safepoint   ] Safepoint "G1Concurrent", Time since last: 2231829 ns, Reaching safepoint: 99015 ns, At safepoint: 1435253 ns, Total: 1534268 ns
[2021-04-27T15:41:15.711+0000][2399][gc,marking  ] GC(5) Concurrent Mark 2.653ms
[2021-04-27T15:41:15.711+0000][2399][gc,marking  ] GC(5) Concurrent Rebuild Remembered Sets
[2021-04-27T15:41:15.712+0000][2399][gc,marking  ] GC(5) Concurrent Rebuild Remembered Sets 0.630ms
[2021-04-27T15:41:15.713+0000][2399][gc,start    ] GC(5) Pause Cleanup
[2021-04-27T15:41:15.713+0000][2399][gc          ] GC(5) Pause Cleanup 68M->68M(16384M) 0.142ms
[2021-04-27T15:41:15.713+0000][2399][gc,cpu      ] GC(5) User=0.00s Sys=0.00s Real=0.00s
[2021-04-27T15:41:15.713+0000][2399][safepoint   ] Safepoint "G1Concurrent", Time since last: 674470 ns, Reaching safepoint: 912361 ns, At safepoint: 239997 ns, Total: 1152358 ns
[2021-04-27T15:41:15.713+0000][2399][gc,marking  ] GC(5) Concurrent Cleanup for Next Mark
[2021-04-27T15:41:15.731+0000][2399][gc,marking  ] GC(5) Concurrent Cleanup for Next Mark 17.824ms
[2021-04-27T15:41:15.731+0000][2399][gc          ] GC(5) Concurrent Mark Cycle 35.010ms
[2021-04-27T15:41:16.121+0000][2399][safepoint   ] Safepoint "ICBufferFull", Time since last: 407912363 ns, Reaching safepoint: 179835 ns, At safepoint: 2164 ns, Total: 181999 ns
[2021-04-27T15:41:16.870+0000][2399][safepoint   ] Safepoint "ICBufferFull", Time since last: 748288630 ns, Reaching safepoint: 96598 ns, At safepoint: 4700 ns, Total: 101298 ns
[2021-04-27T15:41:17.071+0000][2399][safepoint   ] Safepoint "ICBufferFull", Time since last: 201309718 ns, Reaching safepoint: 186332 ns, At safepoint: 33501 ns, Total: 219833 ns
[2021-04-27T15:41:17.555+0000][2399][gc,start    ] GC(6) Pause Young (Concurrent Start) (Metadata GC Threshold)
[2021-04-27T15:41:17.555+0000][2399][gc,task     ] GC(6) Using 13 workers of 13 for evacuation
[2021-04-27T15:41:17.555+0000][2399][gc,age      ] GC(6) Desired survivor size 54525952 bytes, new threshold 4 (max threshold 15)
[2021-04-27T15:41:17.573+0000][2399][gc,age      ] GC(6) Age table with threshold 4 (max threshold 15)
[2021-04-27T15:41:17.573+0000][2399][gc,age      ] GC(6) - age   1:   12131232 bytes,   12131232 total
[2021-04-27T15:41:17.573+0000][2399][gc,age      ] GC(6) - age   2:   38561352 bytes,   50692584 total
[2021-04-27T15:41:17.573+0000][2399][gc,age      ] GC(6) - age   3:    1035336 bytes,   51727920 total
[2021-04-27T15:41:17.573+0000][2399][gc,age      ] GC(6) - age   4:    3072560 bytes,   54800480 total
[2021-04-27T15:41:17.573+0000][2399][gc,phases   ] GC(6)   Pre Evacuate Collection Set: 0.1ms
[2021-04-27T15:41:17.573+0000][2399][gc,phases   ] GC(6)   Merge Heap Roots: 0.0ms
[2021-04-27T15:41:17.573+0000][2399][gc,phases   ] GC(6)   Evacuate Collection Set: 16.3ms
[2021-04-27T15:41:17.573+0000][2399][gc,phases   ] GC(6)   Post Evacuate Collection Set: 1.4ms
[2021-04-27T15:41:17.573+0000][2399][gc,phases   ] GC(6)   Other: 0.2ms
[2021-04-27T15:41:17.573+0000][2399][gc,heap     ] GC(6) Eden regions: 50->0(95)
[2021-04-27T15:41:17.573+0000][2399][gc,heap     ] GC(6) Survivor regions: 8->7(13)
[2021-04-27T15:41:17.573+0000][2399][gc,heap     ] GC(6) Old regions: 0->2
[2021-04-27T15:41:17.573+0000][2399][gc,heap     ] GC(6) Archive regions: 2->2
[2021-04-27T15:41:17.573+0000][2399][gc,heap     ] GC(6) Humongous regions: 0->0
[2021-04-27T15:41:17.573+0000][2399][gc,metaspace] GC(6) Metaspace: 58869K(60096K)->58869K(60096K) NonClass: 50894K(51584K)->50894K(51584K) Class: 7974K(8512K)->7974K(8512K)
[2021-04-27T15:41:17.573+0000][2399][gc          ] GC(6) Pause Young (Concurrent Start) (Metadata GC Threshold) 464M->78M(16384M) 18.214ms
[2021-04-27T15:41:17.573+0000][2399][gc,cpu      ] GC(6) User=0.20s Sys=0.01s Real=0.02s
[2021-04-27T15:41:17.573+0000][2399][gc          ] GC(7) Concurrent Mark Cycle
[2021-04-27T15:41:17.573+0000][2399][gc,marking  ] GC(7) Concurrent Clear Claimed Marks
[2021-04-27T15:41:17.573+0000][2399][safepoint   ] Safepoint "CollectForMetadataAllocation", Time since last: 483163285 ns, Reaching safepoint: 432742 ns, At safepoint: 18330122 ns, Total: 18762864 ns
[2021-04-27T15:41:17.573+0000][2399][gc,marking  ] GC(7) Concurrent Clear Claimed Marks 0.061ms
[2021-04-27T15:41:17.573+0000][2399][gc,marking  ] GC(7) Concurrent Scan Root Regions
[2021-04-27T15:41:17.586+0000][2399][gc,marking  ] GC(7) Concurrent Scan Root Regions 13.339ms
[2021-04-27T15:41:17.587+0000][2399][gc,marking  ] GC(7) Concurrent Mark
[2021-04-27T15:41:17.587+0000][2399][gc,marking  ] GC(7) Concurrent Mark From Roots
[2021-04-27T15:41:17.587+0000][2399][gc,task     ] GC(7) Using 3 workers of 3 for marking
[2021-04-27T15:41:17.588+0000][2399][gc,marking  ] GC(7) Concurrent Mark From Roots 1.066ms
[2021-04-27T15:41:17.588+0000][2399][gc,marking  ] GC(7) Concurrent Preclean
[2021-04-27T15:41:17.588+0000][2399][gc,marking  ] GC(7) Concurrent Preclean 0.031ms
[2021-04-27T15:41:17.588+0000][2399][gc,start    ] GC(7) Pause Remark
[2021-04-27T15:41:17.589+0000][2399][gc          ] GC(7) Pause Remark 83M->83M(16384M) 1.426ms
[2021-04-27T15:41:17.589+0000][2399][gc,cpu      ] GC(7) User=0.01s Sys=0.00s Real=0.00s
[2021-04-27T15:41:17.589+0000][2399][safepoint   ] Safepoint "G1Concurrent", Time since last: 14590140 ns, Reaching safepoint: 38591 ns, At safepoint: 1521144 ns, Total: 1559735 ns
[2021-04-27T15:41:17.589+0000][2399][gc,marking  ] GC(7) Concurrent Mark 2.744ms
[2021-04-27T15:41:17.589+0000][2399][gc,marking  ] GC(7) Concurrent Rebuild Remembered Sets
[2021-04-27T15:41:17.593+0000][2399][gc,marking  ] GC(7) Concurrent Rebuild Remembered Sets 3.641ms
[2021-04-27T15:41:17.593+0000][2399][gc,start    ] GC(7) Pause Cleanup
[2021-04-27T15:41:17.593+0000][2399][gc          ] GC(7) Pause Cleanup 83M->83M(16384M) 0.132ms
[2021-04-27T15:41:17.593+0000][2399][gc,cpu      ] GC(7) User=0.00s Sys=0.00s Real=0.00s
[2021-04-27T15:41:17.593+0000][2399][safepoint   ] Safepoint "G1Concurrent", Time since last: 3715306 ns, Reaching safepoint: 26161 ns, At safepoint: 210361 ns, Total: 236522 ns
[2021-04-27T15:41:17.593+0000][2399][gc,marking  ] GC(7) Concurrent Cleanup for Next Mark
[2021-04-27T15:41:17.609+0000][2399][gc,marking  ] GC(7) Concurrent Cleanup for Next Mark 16.256ms
[2021-04-27T15:41:17.609+0000][2399][gc          ] GC(7) Concurrent Mark Cycle 36.461ms
[2021-04-27T15:41:18.344+0000][2399][safepoint   ] Safepoint "ICBufferFull", Time since last: 750986773 ns, Reaching safepoint: 143744 ns, At safepoint: 28861 ns, Total: 172605 ns
[2021-04-27T15:41:18.902+0000][2399][safepoint   ] Safepoint "ICBufferFull", Time since last: 557023569 ns, Reaching safepoint: 137895 ns, At safepoint: 2638 ns, Total: 140533 ns
[2021-04-27T15:41:19.327+0000][2399][safepoint   ] Safepoint "ICBufferFull", Time since last: 425723203 ns, Reaching safepoint: 157171 ns, At safepoint: 31738 ns, Total: 188909 ns
[2021-04-27T15:41:19.807+0000][2399][safepoint   ] Safepoint "ICBufferFull", Time since last: 479054093 ns, Reaching safepoint: 127381 ns, At safepoint: 31343 ns, Total: 158724 ns
[2021-04-27T15:41:20.531+0000][2399][safepoint   ] Safepoint "ICBufferFull", Time since last: 723981877 ns, Reaching safepoint: 191707 ns, At safepoint: 56048 ns, Total: 247755 ns
[2021-04-27T15:41:21.535+0000][2399][safepoint   ] Safepoint "Cleanup", Time since last: 1003775294 ns, Reaching safepoint: 120702 ns, At safepoint: 85392 ns, Total: 206094 ns
[2021-04-27T15:41:23.543+0000][2399][safepoint   ] Safepoint "Cleanup", Time since last: 2007721168 ns, Reaching safepoint: 66872 ns, At safepoint: 5207 ns, Total: 72079 ns
[2021-04-27T15:41:24.016+0000][2399][safepoint   ] Safepoint "ICBufferFull", Time since last: 472556306 ns, Reaching safepoint: 161278 ns, At safepoint: 37465 ns, Total: 198743 ns
[2021-04-27T15:41:25.029+0000][2399][safepoint   ] Safepoint "Cleanup", Time since last: 1013521096 ns, Reaching safepoint: 98214 ns, At safepoint: 19316 ns, Total: 117530 ns
[2021-04-27T15:41:26.032+0000][2399][safepoint   ] Safepoint "Cleanup", Time since last: 1002222051 ns, Reaching safepoint: 93552 ns, At safepoint: 5045 ns, Total: 98597 ns
[2021-04-27T15:41:27.034+0000][2399][safepoint   ] Safepoint "Cleanup", Time since last: 1002403939 ns, Reaching safepoint: 104647 ns, At safepoint: 6252 ns, Total: 110899 ns
[2021-04-27T15:41:28.038+0000][2399][safepoint   ] Safepoint "Cleanup", Time since last: 1003987008 ns, Reaching safepoint: 73099 ns, At safepoint: 10812 ns, Total: 83911 ns
[2021-04-27T15:41:29.042+0000][2399][safepoint   ] Safepoint "Cleanup", Time since last: 1003915724 ns, Reaching safepoint: 114247 ns, At safepoint: 7859 ns, Total: 122106 ns
[2021-04-27T15:41:33.053+0000][2399][safepoint   ] Safepoint "Cleanup", Time since last: 4010483983 ns, Reaching safepoint: 105068 ns, At safepoint: 2141 ns, Total: 107209 ns
[2021-04-27T15:41:34.056+0000][2399][safepoint   ] Safepoint "Cleanup", Time since last: 1002893238 ns, Reaching safepoint: 102400 ns, At safepoint: 22998 ns, Total: 125398 ns
[2021-04-27T15:41:36.064+0000][2399][safepoint   ] Safepoint "Cleanup", Time since last: 2007395997 ns, Reaching safepoint: 97103 ns, At safepoint: 12007 ns, Total: 109110 ns
[2021-04-27T15:41:37.527+0000][2399][safepoint   ] Safepoint "Cleanup", Time since last: 1462856492 ns, Reaching safepoint: 143789 ns, At safepoint: 22393 ns, Total: 166182 ns
[2021-04-27T15:41:38.531+0000][2399][safepoint   ] Safepoint "Cleanup", Time since last: 1004671806 ns, Reaching safepoint: 71397 ns, At safepoint: 9364 ns, Total: 80761 ns
[2021-04-27T15:41:39.533+0000][2399][safepoint   ] Safepoint "Cleanup", Time since last: 1001063007 ns, Reaching safepoint: 72070 ns, At safepoint: 6630 ns, Total: 78700 ns
[2021-04-27T15:41:42.543+0000][2399][safepoint   ] Safepoint "Cleanup", Time since last: 3009841184 ns, Reaching safepoint: 72450 ns, At safepoint: 6439 ns, Total: 78889 ns
[2021-04-27T15:41:49.567+0000][2399][safepoint   ] Safepoint "Cleanup", Time since last: 7023680454 ns, Reaching safepoint: 57500 ns, At safepoint: 9500 ns, Total: 67000 ns
[2021-04-27T15:41:50.570+0000][2399][safepoint   ] Safepoint "Cleanup", Time since last: 1003181394 ns, Reaching safepoint: 90389 ns, At safepoint: 10620 ns, Total: 101009 ns
[2021-04-27T15:41:51.572+0000][2399][safepoint   ] Safepoint "Cleanup", Time since last: 1001923057 ns, Reaching safepoint: 122816 ns, At safepoint: 5322 ns, Total: 128138 ns
[2021-04-27T15:41:52.576+0000][2399][safepoint   ] Safepoint "Cleanup", Time since last: 1003480231 ns, Reaching safepoint: 83975 ns, At safepoint: 5718 ns, Total: 89693 ns
[2021-04-27T15:41:53.578+0000][2399][safepoint   ] Safepoint "Cleanup", Time since last: 1002124855 ns, Reaching safepoint: 71132 ns, At safepoint: 8477 ns, Total: 79609 ns
[2021-04-27T15:41:54.582+0000][2399][safepoint   ] Safepoint "Cleanup", Time since last: 1003549284 ns, Reaching safepoint: 69499 ns, At safepoint: 28395 ns, Total: 97894 ns
[2021-04-27T15:41:55.586+0000][2399][safepoint   ] Safepoint "Cleanup", Time since last: 1004595008 ns, Reaching safepoint: 102585 ns, At safepoint: 12057 ns, Total: 114642 ns
[2021-04-27T15:41:56.590+0000][2399][safepoint   ] Safepoint "Cleanup", Time since last: 1003396118 ns, Reaching safepoint: 74445 ns, At safepoint: 5290 ns, Total: 79735 ns
[2021-04-27T15:41:57.593+0000][2399][safepoint   ] Safepoint "Cleanup", Time since last: 1003230304 ns, Reaching safepoint: 59155 ns, At safepoint: 10069 ns, Total: 69224 ns
[2021-04-27T15:41:59.600+0000][2399][safepoint   ] Safepoint "Cleanup", Time since last: 2006402140 ns, Reaching safepoint: 79488 ns, At safepoint: 8620 ns, Total: 88108 ns
[2021-04-27T15:42:01.610+0000][2399][safepoint   ] Safepoint "Cleanup", Time since last: 2009855007 ns, Reaching safepoint: 52569 ns, At safepoint: 4014 ns, Total: 56583 ns
[2021-04-27T15:42:02.615+0000][2399][safepoint   ] Safepoint "Cleanup", Time since last: 1004861488 ns, Reaching safepoint: 125751 ns, At safepoint: 20745 ns, Total: 146496 ns
[2021-04-27T15:42:03.619+0000][2399][safepoint   ] Safepoint "Cleanup", Time since last: 1003847332 ns, Reaching safepoint: 121230 ns, At safepoint: 5172 ns, Total: 126402 ns
[2021-04-27T15:42:05.625+0000][2399][safepoint   ] Safepoint "Cleanup", Time since last: 2006064933 ns, Reaching safepoint: 109664 ns, At safepoint: 5534 ns, Total: 115198 ns
[2021-04-27T15:42:06.629+0000][2399][safepoint   ] Safepoint "Cleanup", Time since last: 1003573945 ns, Reaching safepoint: 107780 ns, At safepoint: 5681 ns, Total: 113461 ns
[2021-04-27T15:42:07.634+0000][2399][safepoint   ] Safepoint "Cleanup", Time since last: 1005022142 ns, Reaching safepoint: 76423 ns, At safepoint: 6850 ns, Total: 83273 ns
[2021-04-27T15:42:08.637+0000][2399][safepoint   ] Safepoint "Cleanup", Time since last: 1002871784 ns, Reaching safepoint: 72855 ns, At safepoint: 5022 ns, Total: 77877 ns
[2021-04-27T15:42:10.644+0000][2399][safepoint   ] Safepoint "Cleanup", Time since last: 2006640974 ns, Reaching safepoint: 77565 ns, At safepoint: 10945 ns, Total: 88510 ns
[2021-04-27T15:42:12.646+0000][2399][safepoint   ] Safepoint "Cleanup", Time since last: 2002507697 ns, Reaching safepoint: 70169 ns, At safepoint: 10460 ns, Total: 80629 ns
[2021-04-27T15:42:14.654+0000][2399][safepoint   ] Safepoint "Cleanup", Time since last: 2008047903 ns, Reaching safepoint: 77168 ns, At safepoint: 5489 ns, Total: 82657 ns
[2021-04-27T15:42:15.659+0000][2399][safepoint   ] Safepoint "Cleanup", Time since last: 1004165099 ns, Reaching safepoint: 108509 ns, At safepoint: 7010 ns, Total: 115519 ns
[2021-04-27T15:42:16.663+0000][2399][safepoint   ] Safepoint "Cleanup", Time since last: 1003953828 ns, Reaching safepoint: 127613 ns, At safepoint: 14326 ns, Total: 141939 ns
[2021-04-27T15:42:19.673+0000][2399][safepoint   ] Safepoint "Cleanup", Time since last: 3009834434 ns, Reaching safepoint: 141224 ns, At safepoint: 13617 ns, Total: 154841 ns
[2021-04-27T15:42:20.678+0000][2399][safepoint   ] Safepoint "Cleanup", Time since last: 1004651332 ns, Reaching safepoint: 111866 ns, At safepoint: 21435 ns, Total: 133301 ns
[2021-04-27T15:42:25.694+0000][2399][safepoint   ] Safepoint "Cleanup", Time since last: 5016031479 ns, Reaching safepoint: 122584 ns, At safepoint: 14323 ns, Total: 136907 ns
[2021-04-27T15:42:34.725+0000][2399][safepoint   ] Safepoint "Cleanup", Time since last: 9030507240 ns, Reaching safepoint: 109165 ns, At safepoint: 4746 ns, Total: 113911 ns
[2021-04-27T15:42:36.733+0000][2399][safepoint   ] Safepoint "Cleanup", Time since last: 2007703751 ns, Reaching safepoint: 76175 ns, At safepoint: 10321 ns, Total: 86496 ns
[2021-04-27T15:42:37.735+0000][2399][safepoint   ] Safepoint "Cleanup", Time since last: 1002016314 ns, Reaching safepoint: 78021 ns, At safepoint: 12381 ns, Total: 90402 ns
[2021-04-27T15:42:38.737+0000][2399][safepoint   ] Safepoint "Cleanup", Time since last: 1001432476 ns, Reaching safepoint: 120107 ns, At safepoint: 18118 ns, Total: 138225 ns
[2021-04-27T15:42:40.746+0000][2399][safepoint   ] Safepoint "Cleanup", Time since last: 2008963661 ns, Reaching safepoint: 81945 ns, At safepoint: 8018 ns, Total: 89963 ns
[2021-04-27T15:42:44.759+0000][2399][safepoint   ] Safepoint "Cleanup", Time since last: 4012869402 ns, Reaching safepoint: 88970 ns, At safepoint: 13227 ns, Total: 102197 ns
[2021-04-27T15:42:50.030+0000][2399][safepoint   ] Safepoint "Cleanup", Time since last: 5270795834 ns, Reaching safepoint: 153590 ns, At safepoint: 8629 ns, Total: 162219 ns
[2021-04-27T15:42:51.035+0000][2399][safepoint   ] Safepoint "Cleanup", Time since last: 1004679515 ns, Reaching safepoint: 78018 ns, At safepoint: 9512 ns, Total: 87530 ns
[2021-04-27T15:42:52.054+0000][2399][safepoint   ] Safepoint "Cleanup", Time since last: 1018942969 ns, Reaching safepoint: 94159 ns, At safepoint: 12279 ns, Total: 106438 ns
[2021-04-27T15:42:57.502+0000][2399][safepoint   ] Safepoint "Cleanup", Time since last: 5447514226 ns, Reaching safepoint: 89076 ns, At safepoint: 67558 ns, Total: 156634 ns
[2021-04-27T15:42:58.506+0000][2399][safepoint   ] Safepoint "Cleanup", Time since last: 1003968384 ns, Reaching safepoint: 80302 ns, At safepoint: 49510 ns, Total: 129812 ns
[2021-04-27T15:43:00.514+0000][2399][safepoint   ] Safepoint "Cleanup", Time since last: 2008576604 ns, Reaching safepoint: 90467 ns, At safepoint: 9401 ns, Total: 99868 ns
[2021-04-27T15:43:02.522+0000][2399][safepoint   ] Safepoint "Cleanup", Time since last: 2007177093 ns, Reaching safepoint: 47102 ns, At safepoint: 47337 ns, Total: 94439 ns
[2021-04-27T15:43:04.529+0000][2399][safepoint   ] Safepoint "Cleanup", Time since last: 2006887691 ns, Reaching safepoint: 120703 ns, At safepoint: 24281 ns, Total: 144984 ns
[2021-04-27T15:43:05.530+0000][2399][safepoint   ] Safepoint "Cleanup", Time since last: 1001194424 ns, Reaching safepoint: 74499 ns, At safepoint: 17192 ns, Total: 91691 ns
[2021-04-27T15:43:14.562+0000][2399][safepoint   ] Safepoint "Cleanup", Time since last: 9031142787 ns, Reaching safepoint: 64077 ns, At safepoint: 23103 ns, Total: 87180 ns
[2021-04-27T15:43:21.584+0000][2399][safepoint   ] Safepoint "Cleanup", Time since last: 7021708201 ns, Reaching safepoint: 70614 ns, At safepoint: 9021 ns, Total: 79635 ns
[2021-04-27T15:43:25.597+0000][2399][safepoint   ] Safepoint "Cleanup", Time since last: 4013353399 ns, Reaching safepoint: 72704 ns, At safepoint: 8584 ns, Total: 81288 ns
[2021-04-27T15:43:26.601+0000][2399][safepoint   ] Safepoint "Cleanup", Time since last: 1003299784 ns, Reaching safepoint: 81259 ns, At safepoint: 9763 ns, Total: 91022 ns
[2021-04-27T15:43:42.650+0000][2399][safepoint   ] Safepoint "Cleanup", Time since last: 16048457021 ns, Reaching safepoint: 122090 ns, At safepoint: 10653 ns, Total: 132743 ns
[2021-04-27T15:43:43.656+0000][2399][safepoint   ] Safepoint "Cleanup", Time since last: 1005809292 ns, Reaching safepoint: 96956 ns, At safepoint: 9833 ns, Total: 106789 ns
[2021-04-27T15:43:46.663+0000][2399][safepoint   ] Safepoint "Cleanup", Time since last: 3006723652 ns, Reaching safepoint: 74359 ns, At safepoint: 4660 ns, Total: 79019 ns
[2021-04-27T15:43:47.664+0000][2399][safepoint   ] Safepoint "Cleanup", Time since last: 1000994740 ns, Reaching safepoint: 104223 ns, At safepoint: 9515 ns, Total: 113738 ns
[2021-04-27T15:43:55.694+0000][2399][safepoint   ] Safepoint "Cleanup", Time since last: 8030029258 ns, Reaching safepoint: 169180 ns, At safepoint: 50964 ns, Total: 220144 ns
[2021-04-27T15:43:56.700+0000][2399][safepoint   ] Safepoint "Cleanup", Time since last: 1005480219 ns, Reaching safepoint: 76988 ns, At safepoint: 8602 ns, Total: 85590 ns
[2021-04-27T15:43:57.705+0000][2399][safepoint   ] Safepoint "Cleanup", Time since last: 1004635697 ns, Reaching safepoint: 81024 ns, At safepoint: 9060 ns, Total: 90084 ns
[2021-04-27T15:43:58.709+0000][2399][safepoint   ] Safepoint "Cleanup", Time since last: 1004638657 ns, Reaching safepoint: 84886 ns, At safepoint: 4591 ns, Total: 89477 ns
[2021-04-27T15:44:03.730+0000][2399][safepoint   ] Safepoint "Cleanup", Time since last: 5020134007 ns, Reaching safepoint: 78002 ns, At safepoint: 12986 ns, Total: 90988 ns
[2021-04-27T15:44:04.731+0000][2399][safepoint   ] Safepoint "Cleanup", Time since last: 1001146625 ns, Reaching safepoint: 76602 ns, At safepoint: 5101 ns, Total: 81703 ns
[2021-04-27T15:44:05.735+0000][2399][safepoint   ] Safepoint "Cleanup", Time since last: 1004077866 ns, Reaching safepoint: 76329 ns, At safepoint: 13141 ns, Total: 89470 ns
[2021-04-27T15:44:08.743+0000][2399][safepoint   ] Safepoint "Cleanup", Time since last: 3007236970 ns, Reaching safepoint: 76883 ns, At safepoint: 6013 ns, Total: 82896 ns
[2021-04-27T15:44:09.747+0000][2399][safepoint   ] Safepoint "Cleanup", Time since last: 1004493424 ns, Reaching safepoint: 79301 ns, At safepoint: 11500 ns, Total: 90801 ns
[2021-04-27T15:44:10.751+0000][2399][safepoint   ] Safepoint "Cleanup", Time since last: 1003261603 ns, Reaching safepoint: 84745 ns, At safepoint: 11231 ns, Total: 95976 ns
[2021-04-27T15:44:13.764+0000][2399][safepoint   ] Safepoint "Cleanup", Time since last: 3013067183 ns, Reaching safepoint: 97719 ns, At safepoint: 6145 ns, Total: 103864 ns
[2021-04-27T15:44:16.773+0000][2399][safepoint   ] Safepoint "Cleanup", Time since last: 3008725675 ns, Reaching safepoint: 74228 ns, At safepoint: 36509 ns, Total: 110737 ns
[2021-04-27T15:44:18.782+0000][2399][safepoint   ] Safepoint "Cleanup", Time since last: 2009146664 ns, Reaching safepoint: 83830 ns, At safepoint: 11206 ns, Total: 95036 ns
[2021-04-27T15:44:19.782+0000][2399][safepoint   ] Safepoint "Cleanup", Time since last: 1000343268 ns, Reaching safepoint: 87927 ns, At safepoint: 11964 ns, Total: 99891 ns
[2021-04-27T15:44:30.819+0000][2399][safepoint   ] Safepoint "Cleanup", Time since last: 11035982187 ns, Reaching safepoint: 151654 ns, At safepoint: 6879 ns, Total: 158533 ns
[2021-04-27T15:44:31.823+0000][2399][safepoint   ] Safepoint "Cleanup", Time since last: 1003589388 ns, Reaching safepoint: 220198 ns, At safepoint: 5371 ns, Total: 225569 ns
[2021-04-27T15:44:32.827+0000][2399][safepoint   ] Safepoint "Cleanup", Time since last: 1003860150 ns, Reaching safepoint: 50758 ns, At safepoint: 33778 ns, Total: 84536 ns
[2021-04-27T15:44:38.847+0000][2399][safepoint   ] Safepoint "Cleanup", Time since last: 6019599791 ns, Reaching safepoint: 127790 ns, At safepoint: 5659 ns, Total: 133449 ns
[2021-04-27T15:44:41.857+0000][2399][safepoint   ] Safepoint "Cleanup", Time since last: 3009767685 ns, Reaching safepoint: 70430 ns, At safepoint: 9554 ns, Total: 79984 ns
[2021-04-27T15:44:42.861+0000][2399][safepoint   ] Safepoint "Cleanup", Time since last: 1003886086 ns, Reaching safepoint: 87413 ns, At safepoint: 30522 ns, Total: 117935 ns
[2021-04-27T15:44:47.849+0000][2399][gc,start    ] GC(8) Pause Young (Normal) (G1 Evacuation Pause)
[2021-04-27T15:44:47.849+0000][2399][gc,task     ] GC(8) Using 13 workers of 13 for evacuation
[2021-04-27T15:44:47.849+0000][2399][gc,age      ] GC(8) Desired survivor size 54525952 bytes, new threshold 4 (max threshold 15)
[2021-04-27T15:44:47.871+0000][2399][gc,age      ] GC(8) Age table with threshold 4 (max threshold 15)
[2021-04-27T15:44:47.871+0000][2399][gc,age      ] GC(8) - age   1:   30015248 bytes,   30015248 total
[2021-04-27T15:44:47.871+0000][2399][gc,age      ] GC(8) - age   2:   11424864 bytes,   41440112 total
[2021-04-27T15:44:47.871+0000][2399][gc,age      ] GC(8) - age   3:   38484952 bytes,   79925064 total
[2021-04-27T15:44:47.871+0000][2399][gc,age      ] GC(8) - age   4:    1027992 bytes,   80953056 total
[2021-04-27T15:44:47.871+0000][2399][gc,phases   ] GC(8)   Pre Evacuate Collection Set: 0.1ms
[2021-04-27T15:44:47.871+0000][2399][gc,phases   ] GC(8)   Merge Heap Roots: 0.1ms
[2021-04-27T15:44:47.871+0000][2399][gc,phases   ] GC(8)   Evacuate Collection Set: 19.7ms
[2021-04-27T15:44:47.871+0000][2399][gc,phases   ] GC(8)   Post Evacuate Collection Set: 2.0ms
[2021-04-27T15:44:47.871+0000][2399][gc,phases   ] GC(8)   Other: 0.5ms
[2021-04-27T15:44:47.871+0000][2399][gc,heap     ] GC(8) Eden regions: 95->0(91)
[2021-04-27T15:44:47.871+0000][2399][gc,heap     ] GC(8) Survivor regions: 7->11(13)
[2021-04-27T15:44:47.871+0000][2399][gc,heap     ] GC(8) Old regions: 2->3
[2021-04-27T15:44:47.871+0000][2399][gc,heap     ] GC(8) Archive regions: 2->2
[2021-04-27T15:44:47.871+0000][2399][gc,heap     ] GC(8) Humongous regions: 0->0
[2021-04-27T15:44:47.871+0000][2399][gc,metaspace] GC(8) Metaspace: 96571K(97984K)->96571K(97984K) NonClass: 83027K(83840K)->83027K(83840K) Class: 13543K(14144K)->13543K(14144K)
[2021-04-27T15:44:47.872+0000][2399][gc          ] GC(8) Pause Young (Normal) (G1 Evacuation Pause) 838M->111M(16384M) 22.492ms
[2021-04-27T15:44:47.872+0000][2399][gc,cpu      ] GC(8) User=0.21s Sys=0.00s Real=0.03s
[2021-04-27T15:44:47.872+0000][2399][safepoint   ] Safepoint "G1CollectForAllocation", Time since last: 4988115515 ns, Reaching safepoint: 63303 ns, At safepoint: 22597119 ns, Total: 22660422 ns
[2021-04-27T15:44:48.872+0000][2399][safepoint   ] Safepoint "Cleanup", Time since last: 1000633437 ns, Reaching safepoint: 112509 ns, At safepoint: 5250 ns, Total: 117759 ns
[2021-04-27T15:44:49.877+0000][2399][safepoint   ] Safepoint "Cleanup", Time since last: 1004885558 ns, Reaching safepoint: 125099 ns, At safepoint: 19249 ns, Total: 144348 ns
[2021-04-27T15:44:58.911+0000][2399][safepoint   ] Safepoint "Cleanup", Time since last: 9033284826 ns, Reaching safepoint: 57612 ns, At safepoint: 3292 ns, Total: 60904 ns
[2021-04-27T15:44:59.915+0000][2399][safepoint   ] Safepoint "Cleanup", Time since last: 1003350817 ns, Reaching safepoint: 79191 ns, At safepoint: 5690 ns, Total: 84881 ns
[2021-04-27T15:45:00.919+0000][2399][safepoint   ] Safepoint "Cleanup", Time since last: 1004085139 ns, Reaching safepoint: 109754 ns, At safepoint: 6569 ns, Total: 116323 ns
[2021-04-27T15:45:01.922+0000][2399][safepoint   ] Safepoint "Cleanup", Time since last: 1002803037 ns, Reaching safepoint: 77206 ns, At safepoint: 12121 ns, Total: 89327 ns
[2021-04-27T15:45:04.933+0000][2399][safepoint   ] Safepoint "Cleanup", Time since last: 3010691269 ns, Reaching safepoint: 79723 ns, At safepoint: 10137 ns, Total: 89860 ns
[2021-04-27T15:45:09.947+0000][2399][safepoint   ] Safepoint "Cleanup", Time since last: 5013822799 ns, Reaching safepoint: 47327 ns, At safepoint: 6398 ns, Total: 53725 ns
[2021-04-27T15:45:10.951+0000][2399][safepoint   ] Safepoint "Cleanup", Time since last: 1004734425 ns, Reaching safepoint: 74953 ns, At safepoint: 6546 ns, Total: 81499 ns
[2021-04-27T15:45:11.954+0000][2399][safepoint   ] Safepoint "Cleanup", Time since last: 1002291501 ns, Reaching safepoint: 85897 ns, At safepoint: 13468 ns, Total: 99365 ns
[2021-04-27T15:45:17.977+0000][2399][safepoint   ] Safepoint "Cleanup", Time since last: 6023102274 ns, Reaching safepoint: 120710 ns, At safepoint: 7046 ns, Total: 127756 ns
[2021-04-27T15:45:18.980+0000][2399][safepoint   ] Safepoint "Cleanup", Time since last: 1002659261 ns, Reaching safepoint: 75967 ns, At safepoint: 14248 ns, Total: 90215 ns
[2021-04-27T15:45:19.985+0000][2399][safepoint   ] Safepoint "Cleanup", Time since last: 1004512755 ns, Reaching safepoint: 87806 ns, At safepoint: 11170 ns, Total: 98976 ns
[2021-04-27T15:45:37.043+0000][2399][safepoint   ] Safepoint "Cleanup", Time since last: 17058161921 ns, Reaching safepoint: 93217 ns, At safepoint: 12754 ns, Total: 105971 ns
[2021-04-27T15:45:38.046+0000][2399][safepoint   ] Safepoint "Cleanup", Time since last: 1002910543 ns, Reaching safepoint: 72455 ns, At safepoint: 6270 ns, Total: 78725 ns
[2021-04-27T15:45:50.087+0000][2399][safepoint   ] Safepoint "Cleanup", Time since last: 12039744565 ns, Reaching safepoint: 78043 ns, At safepoint: 4965 ns, Total: 83008 ns
[2021-04-27T15:45:51.091+0000][2399][safepoint   ] Safepoint "Cleanup", Time since last: 1003989362 ns, Reaching safepoint: 110287 ns, At safepoint: 9348 ns, Total: 119635 ns
[2021-04-27T15:45:52.095+0000][2399][safepoint   ] Safepoint "Cleanup", Time since last: 1004082545 ns, Reaching safepoint: 52476 ns, At safepoint: 4655 ns, Total: 57131 ns
[2021-04-27T15:45:53.098+0000][2399][safepoint   ] Safepoint "Cleanup", Time since last: 1002440850 ns, Reaching safepoint: 85987 ns, At safepoint: 15018 ns, Total: 101005 ns
[2021-04-27T15:45:56.110+0000][2399][safepoint   ] Safepoint "Cleanup", Time since last: 3012162080 ns, Reaching safepoint: 54613 ns, At safepoint: 10239 ns, Total: 64852 ns
[2021-04-27T15:45:57.114+0000][2399][safepoint   ] Safepoint "Cleanup", Time since last: 1003780346 ns, Reaching safepoint: 53012 ns, At safepoint: 6044 ns, Total: 59056 ns
[2021-04-27T15:45:58.118+0000][2399][safepoint   ] Safepoint "Cleanup", Time since last: 1004245599 ns, Reaching safepoint: 54761 ns, At safepoint: 65395 ns, Total: 120156 ns
[2021-04-27T15:45:59.121+0000][2399][safepoint   ] Safepoint "Cleanup", Time since last: 1002903409 ns, Reaching safepoint: 101539 ns, At safepoint: 5991 ns, Total: 107530 ns
[2021-04-27T15:46:01.130+0000][2399][safepoint   ] Safepoint "Cleanup", Time since last: 2008186290 ns, Reaching safepoint: 127059 ns, At safepoint: 18344 ns, Total: 145403 ns
[2021-04-27T15:46:10.163+0000][2399][safepoint   ] Safepoint "Cleanup", Time since last: 9033308823 ns, Reaching safepoint: 131963 ns, At safepoint: 7790 ns, Total: 139753 ns
[2021-04-27T15:46:14.173+0000][2399][safepoint   ] Safepoint "Cleanup", Time since last: 4009184868 ns, Reaching safepoint: 110299 ns, At safepoint: 7567 ns, Total: 117866 ns
[2021-04-27T15:46:20.189+0000][2399][safepoint   ] Safepoint "Cleanup", Time since last: 6015702521 ns, Reaching safepoint: 81482 ns, At safepoint: 8955 ns, Total: 90437 ns
[2021-04-27T15:46:57.320+0000][2399][safepoint   ] Safepoint "Cleanup", Time since last: 37130114575 ns, Reaching safepoint: 68399 ns, At safepoint: 7349 ns, Total: 75748 ns
[2021-04-27T15:46:59.326+0000][2399][safepoint   ] Safepoint "Cleanup", Time since last: 2005547809 ns, Reaching safepoint: 116418 ns, At safepoint: 15321 ns, Total: 131739 ns
[2021-04-27T15:47:01.334+0000][2399][safepoint   ] Safepoint "Cleanup", Time since last: 2007812347 ns, Reaching safepoint: 83658 ns, At safepoint: 10518 ns, Total: 94176 ns
[2021-04-27T15:47:02.337+0000][2399][safepoint   ] Safepoint "Cleanup", Time since last: 1002850172 ns, Reaching safepoint: 71137 ns, At safepoint: 5172 ns, Total: 76309 ns
[2021-04-27T15:47:48.496+0000][2399][safepoint   ] Safepoint "Cleanup", Time since last: 46158191958 ns, Reaching safepoint: 149825 ns, At safepoint: 12924 ns, Total: 162749 ns
[2021-04-27T15:47:50.504+0000][2399][safepoint   ] Safepoint "Cleanup", Time since last: 2007216027 ns, Reaching safepoint: 71764 ns, At safepoint: 5651 ns, Total: 77415 ns
[2021-04-27T15:47:52.510+0000][2399][safepoint   ] Safepoint "Cleanup", Time since last: 2005791014 ns, Reaching safepoint: 87448 ns, At safepoint: 3314 ns, Total: 90762 ns
[2021-04-27T15:48:03.554+0000][2399][safepoint   ] Safepoint "Cleanup", Time since last: 11044031193 ns, Reaching safepoint: 52617 ns, At safepoint: 5171 ns, Total: 57788 ns
[2021-04-27T15:48:04.559+0000][2399][safepoint   ] Safepoint "Cleanup", Time since last: 1004443743 ns, Reaching safepoint: 115580 ns, At safepoint: 7199 ns, Total: 122779 ns
[2021-04-27T15:48:05.562+0000][2399][safepoint   ] Safepoint "Cleanup", Time since last: 1003610758 ns, Reaching safepoint: 128228 ns, At safepoint: 6000 ns, Total: 134228 ns
[2021-04-27T15:48:07.570+0000][2399][safepoint   ] Safepoint "Cleanup", Time since last: 2007036971 ns, Reaching safepoint: 122824 ns, At safepoint: 5471 ns, Total: 128295 ns
[2021-04-27T15:48:12.588+0000][2399][safepoint   ] Safepoint "Cleanup", Time since last: 5018081000 ns, Reaching safepoint: 72244 ns, At safepoint: 8337 ns, Total: 80581 ns
[2021-04-27T15:48:13.593+0000][2399][safepoint   ] Safepoint "Cleanup", Time since last: 1005022408 ns, Reaching safepoint: 90522 ns, At safepoint: 9356 ns, Total: 99878 ns
[2021-04-27T15:48:19.614+0000][2399][safepoint   ] Safepoint "Cleanup", Time since last: 6020473497 ns, Reaching safepoint: 65465 ns, At safepoint: 6086 ns, Total: 71551 ns
[2021-04-27T15:48:27.641+0000][2399][safepoint   ] Safepoint "Cleanup", Time since last: 8026427234 ns, Reaching safepoint: 100478 ns, At safepoint: 9565 ns, Total: 110043 ns
[2021-04-27T15:48:33.664+0000][2399][safepoint   ] Safepoint "Cleanup", Time since last: 6022704086 ns, Reaching safepoint: 68448 ns, At safepoint: 19571 ns, Total: 88019 ns
[2021-04-27T15:48:34.668+0000][2399][safepoint   ] Safepoint "Cleanup", Time since last: 1003841658 ns, Reaching safepoint: 149568 ns, At safepoint: 2310 ns, Total: 151878 ns
[2021-04-27T15:48:37.681+0000][2399][safepoint   ] Safepoint "Cleanup", Time since last: 3012833376 ns, Reaching safepoint: 141394 ns, At safepoint: 15780 ns, Total: 157174 ns
[2021-04-27T15:48:39.685+0000][2399][safepoint   ] Safepoint "Cleanup", Time since last: 2004419857 ns, Reaching safepoint: 87544 ns, At safepoint: 26375 ns, Total: 113919 ns
[2021-04-27T15:48:42.699+0000][2399][safepoint   ] Safepoint "Cleanup", Time since last: 3013326503 ns, Reaching safepoint: 78158 ns, At safepoint: 8490 ns, Total: 86648 ns
[2021-04-27T15:48:43.699+0000][2399][safepoint   ] Safepoint "Cleanup", Time since last: 1000079630 ns, Reaching safepoint: 79659 ns, At safepoint: 13816 ns, Total: 93475 ns
[2021-04-27T15:48:47.712+0000][2399][safepoint   ] Safepoint "Cleanup", Time since last: 4012394198 ns, Reaching safepoint: 85351 ns, At safepoint: 10365 ns, Total: 95716 ns
[2021-04-27T15:49:03.760+0000][2399][safepoint   ] Safepoint "Cleanup", Time since last: 16054556616 ns, Reaching safepoint: 84279 ns, At safepoint: 19419 ns, Total: 103698 ns
[2021-04-27T15:49:08.778+0000][2399][safepoint   ] Safepoint "Cleanup", Time since last: 5018914219 ns, Reaching safepoint: 131458 ns, At safepoint: 12384 ns, Total: 143842 ns
[2021-04-27T15:49:09.783+0000][2399][safepoint   ] Safepoint "Cleanup", Time since last: 1004816677 ns, Reaching safepoint: 65411 ns, At safepoint: 7536 ns, Total: 72947 ns
[2021-04-27T15:49:15.802+0000][2399][safepoint   ] Safepoint "Cleanup", Time since last: 6019463045 ns, Reaching safepoint: 91390 ns, At safepoint: 10313 ns, Total: 101703 ns
[2021-04-27T15:49:19.818+0000][2399][safepoint   ] Safepoint "Cleanup", Time since last: 4016403839 ns, Reaching safepoint: 105063 ns, At safepoint: 9704 ns, Total: 114767 ns
[2021-04-27T15:49:33.864+0000][2399][safepoint   ] Safepoint "Cleanup", Time since last: 14046173159 ns, Reaching safepoint: 163861 ns, At safepoint: 20221 ns, Total: 184082 ns
[2021-04-27T15:50:03.956+0000][2399][safepoint   ] Safepoint "Cleanup", Time since last: 30091515405 ns, Reaching safepoint: 130395 ns, At safepoint: 4969 ns, Total: 135364 ns
[2021-04-27T15:50:42.088+0000][2399][safepoint   ] Safepoint "Cleanup", Time since last: 38130946513 ns, Reaching safepoint: 76583 ns, At safepoint: 9378 ns, Total: 85961 ns
[2021-04-27T15:50:43.092+0000][2399][safepoint   ] Safepoint "Cleanup", Time since last: 1003725954 ns, Reaching safepoint: 83053 ns, At safepoint: 9888 ns, Total: 92941 ns
[2021-04-27T15:50:48.111+0000][2399][safepoint   ] Safepoint "Cleanup", Time since last: 5018659847 ns, Reaching safepoint: 80543 ns, At safepoint: 5831 ns, Total: 86374 ns
[2021-04-27T15:50:50.116+0000][2399][safepoint   ] Safepoint "Cleanup", Time since last: 2004952065 ns, Reaching safepoint: 40935 ns, At safepoint: 2948 ns, Total: 43883 ns
[2021-04-27T15:50:51.117+0000][2399][safepoint   ] Safepoint "Cleanup", Time since last: 1000997251 ns, Reaching safepoint: 131767 ns, At safepoint: 18031 ns, Total: 149798 ns
[2021-04-27T15:50:56.130+0000][2399][safepoint   ] Safepoint "Cleanup", Time since last: 5012668648 ns, Reaching safepoint: 93770 ns, At safepoint: 10985 ns, Total: 104755 ns
[2021-04-27T15:50:57.134+0000][2399][safepoint   ] Safepoint "Cleanup", Time since last: 1003957483 ns, Reaching safepoint: 79384 ns, At safepoint: 12965 ns, Total: 92349 ns
[2021-04-27T15:51:10.183+0000][2399][safepoint   ] Safepoint "Cleanup", Time since last: 13048391929 ns, Reaching safepoint: 92131 ns, At safepoint: 5306 ns, Total: 97437 ns
[2021-04-27T15:51:11.188+0000][2399][safepoint   ] Safepoint "Cleanup", Time since last: 1004737929 ns, Reaching safepoint: 76210 ns, At safepoint: 8614 ns, Total: 84824 ns
[2021-04-27T15:51:21.218+0000][2399][safepoint   ] Safepoint "Cleanup", Time since last: 10030099720 ns, Reaching safepoint: 123764 ns, At safepoint: 7854 ns, Total: 131618 ns
[2021-04-27T15:51:22.222+0000][2399][safepoint   ] Safepoint "Cleanup", Time since last: 1003334213 ns, Reaching safepoint: 152279 ns, At safepoint: 20545 ns, Total: 172824 ns
[2021-04-27T15:51:23.225+0000][2399][safepoint   ] Safepoint "Cleanup", Time since last: 1003126172 ns, Reaching safepoint: 143112 ns, At safepoint: 18022 ns, Total: 161134 ns
[2021-04-27T15:51:29.245+0000][2399][safepoint   ] Safepoint "Cleanup", Time since last: 6020284883 ns, Reaching safepoint: 87250 ns, At safepoint: 14517 ns, Total: 101767 ns
[2021-04-27T15:51:34.265+0000][2399][safepoint   ] Safepoint "Cleanup", Time since last: 5019497895 ns, Reaching safepoint: 53546 ns, At safepoint: 4914 ns, Total: 58460 ns
[2021-04-27T15:51:36.271+0000][2399][safepoint   ] Safepoint "Cleanup", Time since last: 2005353866 ns, Reaching safepoint: 115545 ns, At safepoint: 6079 ns, Total: 121624 ns
[2021-04-27T15:52:15.413+0000][2399][safepoint   ] Safepoint "Cleanup", Time since last: 39141439255 ns, Reaching safepoint: 75898 ns, At safepoint: 8037 ns, Total: 83935 ns
[2021-04-27T15:52:52.552+0000][2399][safepoint   ] Safepoint "Cleanup", Time since last: 37137211935 ns, Reaching safepoint: 128641 ns, At safepoint: 7533 ns, Total: 136174 ns
[2021-04-27T15:53:09.601+0000][2399][safepoint   ] Safepoint "Cleanup", Time since last: 17048765593 ns, Reaching safepoint: 96827 ns, At safepoint: 9143 ns, Total: 105970 ns
[2021-04-27T15:53:12.611+0000][2399][safepoint   ] Safepoint "Cleanup", Time since last: 3009964322 ns, Reaching safepoint: 79679 ns, At safepoint: 12536 ns, Total: 92215 ns
[2021-04-27T15:54:19.847+0000][2399][safepoint   ] Safepoint "Cleanup", Time since last: 67233150170 ns, Reaching safepoint: 94222 ns, At safepoint: 12425 ns, Total: 106647 ns
[2021-04-27T15:54:32.899+0000][2399][safepoint   ] Safepoint "Cleanup", Time since last: 13051862451 ns, Reaching safepoint: 82064 ns, At safepoint: 8641 ns, Total: 90705 ns
[2021-04-27T15:55:30.104+0000][2399][safepoint   ] Safepoint "Cleanup", Time since last: 57202847136 ns, Reaching safepoint: 73500 ns, At safepoint: 8449 ns, Total: 81949 ns
[2021-04-27T15:56:05.094+0000][2399][gc,start    ] GC(9) Pause Young (Normal) (G1 Evacuation Pause)
[2021-04-27T15:56:05.095+0000][2399][gc,task     ] GC(9) Using 13 workers of 13 for evacuation
[2021-04-27T15:56:05.095+0000][2399][gc,age      ] GC(9) Desired survivor size 54525952 bytes, new threshold 3 (max threshold 15)
[2021-04-27T15:56:05.113+0000][2399][gc,age      ] GC(9) Age table with threshold 3 (max threshold 15)
[2021-04-27T15:56:05.113+0000][2399][gc,age      ] GC(9) - age   1:   10041176 bytes,   10041176 total
[2021-04-27T15:56:05.114+0000][2399][gc,age      ] GC(9) - age   2:   29292240 bytes,   39333416 total
[2021-04-27T15:56:05.114+0000][2399][gc,age      ] GC(9) - age   3:   11424864 bytes,   50758280 total
[2021-04-27T15:56:05.114+0000][2399][gc,phases   ] GC(9)   Pre Evacuate Collection Set: 0.1ms
[2021-04-27T15:56:05.114+0000][2399][gc,phases   ] GC(9)   Merge Heap Roots: 0.1ms
[2021-04-27T15:56:05.114+0000][2399][gc,phases   ] GC(9)   Evacuate Collection Set: 17.1ms
[2021-04-27T15:56:05.114+0000][2399][gc,phases   ] GC(9)   Post Evacuate Collection Set: 1.3ms
[2021-04-27T15:56:05.114+0000][2399][gc,phases   ] GC(9)   Other: 1.0ms
[2021-04-27T15:56:05.114+0000][2399][gc,heap     ] GC(9) Eden regions: 91->0(103)
[2021-04-27T15:56:05.114+0000][2399][gc,heap     ] GC(9) Survivor regions: 11->7(13)
[2021-04-27T15:56:05.114+0000][2399][gc,heap     ] GC(9) Old regions: 3->7
[2021-04-27T15:56:05.114+0000][2399][gc,heap     ] GC(9) Archive regions: 2->2
[2021-04-27T15:56:05.114+0000][2399][gc,heap     ] GC(9) Humongous regions: 0->0
[2021-04-27T15:56:05.114+0000][2399][gc,metaspace] GC(9) Metaspace: 97308K(98816K)->97308K(98816K) NonClass: 83762K(84672K)->83762K(84672K) Class: 13546K(14144K)->13546K(14144K)
[2021-04-27T15:56:05.114+0000][2399][gc          ] GC(9) Pause Young (Normal) (G1 Evacuation Pause) 839M->118M(16384M) 19.660ms
[2021-04-27T15:56:05.114+0000][2399][gc,cpu      ] GC(9) User=0.21s Sys=0.01s Real=0.02s
[2021-04-27T15:56:05.114+0000][2399][safepoint   ] Safepoint "G1CollectForAllocation", Time since last: 34989208796 ns, Reaching safepoint: 66881 ns, At safepoint: 19750279 ns, Total: 19817160 ns
[2021-04-27T15:56:11.129+0000][2399][safepoint   ] Safepoint "Cleanup", Time since last: 6014616979 ns, Reaching safepoint: 58826 ns, At safepoint: 5588 ns, Total: 64414 ns
[2021-04-27T15:56:15.144+0000][2399][safepoint   ] Safepoint "Cleanup", Time since last: 4015519152 ns, Reaching safepoint: 116163 ns, At safepoint: 23634 ns, Total: 139797 ns
[2021-04-27T15:56:19.154+0000][2399][safepoint   ] Safepoint "Cleanup", Time since last: 4009161713 ns, Reaching safepoint: 87784 ns, At safepoint: 12539 ns, Total: 100323 ns
[2021-04-27T15:56:20.158+0000][2399][safepoint   ] Safepoint "Cleanup", Time since last: 1004133400 ns, Reaching safepoint: 72172 ns, At safepoint: 2838 ns, Total: 75010 ns
[2021-04-27T15:56:21.162+0000][2399][safepoint   ] Safepoint "Cleanup", Time since last: 1003527318 ns, Reaching safepoint: 64791 ns, At safepoint: 8777 ns, Total: 73568 ns
[2021-04-27T15:56:23.171+0000][2399][safepoint   ] Safepoint "Cleanup", Time since last: 2008867802 ns, Reaching safepoint: 123076 ns, At safepoint: 8464 ns, Total: 131540 ns
[2021-04-27T15:56:24.175+0000][2399][safepoint   ] Safepoint "Cleanup", Time since last: 1004118446 ns, Reaching safepoint: 102823 ns, At safepoint: 28171 ns, Total: 130994 ns
[2021-04-27T15:56:35.216+0000][2399][safepoint   ] Safepoint "Cleanup", Time since last: 11040663795 ns, Reaching safepoint: 48038 ns, At safepoint: 6763 ns, Total: 54801 ns
[2021-04-27T15:56:36.221+0000][2399][safepoint   ] Safepoint "Cleanup", Time since last: 1004850323 ns, Reaching safepoint: 87523 ns, At safepoint: 11333 ns, Total: 98856 ns
[2021-04-27T15:56:38.230+0000][2399][safepoint   ] Safepoint "Cleanup", Time since last: 2008670921 ns, Reaching safepoint: 121734 ns, At safepoint: 19029 ns, Total: 140763 ns
[2021-04-27T15:57:20.380+0000][2399][safepoint   ] Safepoint "Cleanup", Time since last: 42148257252 ns, Reaching safepoint: 140691 ns, At safepoint: 14244 ns, Total: 154935 ns
[2021-04-27T15:57:28.402+0000][2399][safepoint   ] Safepoint "Cleanup", Time since last: 8022401765 ns, Reaching safepoint: 94288 ns, At safepoint: 5380 ns, Total: 99668 ns
[2021-04-27T15:58:21.580+0000][2399][safepoint   ] Safepoint "Cleanup", Time since last: 53176225156 ns, Reaching safepoint: 75340 ns, At safepoint: 6726 ns, Total: 82066 ns
[2021-04-27T15:58:22.584+0000][2399][safepoint   ] Safepoint "Cleanup", Time since last: 1003423902 ns, Reaching safepoint: 135745 ns, At safepoint: 3060 ns, Total: 138805 ns
[2021-04-27T15:58:34.625+0000][2399][safepoint   ] Safepoint "Cleanup", Time since last: 12040292783 ns, Reaching safepoint: 116130 ns, At safepoint: 5514 ns, Total: 121644 ns
[2021-04-27T15:58:35.636+0000][2399][safepoint   ] Safepoint "Cleanup", Time since last: 1011567689 ns, Reaching safepoint: 161395 ns, At safepoint: 26648 ns, Total: 188043 ns
[2021-04-27T15:58:37.645+0000][2399][safepoint   ] Safepoint "Cleanup", Time since last: 2008123046 ns, Reaching safepoint: 104912 ns, At safepoint: 13034 ns, Total: 117946 ns
[2021-04-27T15:58:41.658+0000][2399][safepoint   ] Safepoint "Cleanup", Time since last: 4012922722 ns, Reaching safepoint: 68836 ns, At safepoint: 8161 ns, Total: 76997 ns
[2021-04-27T15:58:42.662+0000][2399][safepoint   ] Safepoint "Cleanup", Time since last: 1004389632 ns, Reaching safepoint: 94682 ns, At safepoint: 5811 ns, Total: 100493 ns
[2021-04-27T15:58:43.666+0000][2399][safepoint   ] Safepoint "Cleanup", Time since last: 1003585976 ns, Reaching safepoint: 91253 ns, At safepoint: 5904 ns, Total: 97157 ns
[2021-04-27T15:58:44.670+0000][2399][safepoint   ] Safepoint "Cleanup", Time since last: 1003523917 ns, Reaching safepoint: 94454 ns, At safepoint: 7160 ns, Total: 101614 ns
[2021-04-27T15:58:45.675+0000][2399][safepoint   ] Safepoint "Cleanup", Time since last: 1004870915 ns, Reaching safepoint: 109531 ns, At safepoint: 30450 ns, Total: 139981 ns
[2021-04-27T15:58:46.679+0000][2399][safepoint   ] Safepoint "Cleanup", Time since last: 1004275016 ns, Reaching safepoint: 81728 ns, At safepoint: 2943 ns, Total: 84671 ns
[2021-04-27T15:58:49.691+0000][2399][safepoint   ] Safepoint "Cleanup", Time since last: 3012228237 ns, Reaching safepoint: 76801 ns, At safepoint: 5848 ns, Total: 82649 ns
[2021-04-27T15:58:51.699+0000][2399][safepoint   ] Safepoint "Cleanup", Time since last: 2007476373 ns, Reaching safepoint: 94571 ns, At safepoint: 7447 ns, Total: 102018 ns
[2021-04-27T15:58:57.716+0000][2399][safepoint   ] Safepoint "Cleanup", Time since last: 6016645621 ns, Reaching safepoint: 153221 ns, At safepoint: 4773 ns, Total: 157994 ns
[2021-04-27T15:59:04.747+0000][2399][safepoint   ] Safepoint "Cleanup", Time since last: 7030442817 ns, Reaching safepoint: 136005 ns, At safepoint: 3274 ns, Total: 139279 ns
[2021-04-27T15:59:35.857+0000][2399][safepoint   ] Safepoint "Cleanup", Time since last: 31108807691 ns, Reaching safepoint: 140610 ns, At safepoint: 5663 ns, Total: 146273 ns
[2021-04-27T15:59:48.900+0000][2399][safepoint   ] Safepoint "Cleanup", Time since last: 13042404329 ns, Reaching safepoint: 169554 ns, At safepoint: 6670 ns, Total: 176224 ns
[2021-04-27T15:59:49.900+0000][2399][safepoint   ] Safepoint "Cleanup", Time since last: 1000279533 ns, Reaching safepoint: 64266 ns, At safepoint: 12888 ns, Total: 77154 ns
[2021-04-27T15:59:50.904+0000][2399][safepoint   ] Safepoint "Cleanup", Time since last: 1003350202 ns, Reaching safepoint: 94656 ns, At safepoint: 6608 ns, Total: 101264 ns
[2021-04-27T15:59:53.910+0000][2399][safepoint   ] Safepoint "Cleanup", Time since last: 3006598212 ns, Reaching safepoint: 145016 ns, At safepoint: 24868 ns, Total: 169884 ns
[2021-04-27T16:00:12.982+0000][2399][safepoint   ] Safepoint "Cleanup", Time since last: 19070542992 ns, Reaching safepoint: 120920 ns, At safepoint: 15610 ns, Total: 136530 ns
[2021-04-27T16:00:16.994+0000][2399][safepoint   ] Safepoint "Cleanup", Time since last: 4011668516 ns, Reaching safepoint: 56671 ns, At safepoint: 3150 ns, Total: 59821 ns
[2021-04-27T16:00:35.052+0000][2399][safepoint   ] Safepoint "Cleanup", Time since last: 18058123549 ns, Reaching safepoint: 115786 ns, At safepoint: 10339 ns, Total: 126125 ns
[2021-04-27T16:01:20.212+0000][2399][safepoint   ] Safepoint "Cleanup", Time since last: 45157830900 ns, Reaching safepoint: 85899 ns, At safepoint: 8081 ns, Total: 93980 ns
[2021-04-27T16:02:04.347+0000][2399][safepoint   ] Safepoint "Cleanup", Time since last: 44134324828 ns, Reaching safepoint: 129821 ns, At safepoint: 15878 ns, Total: 145699 ns
[2021-04-27T16:02:34.462+0000][2399][safepoint   ] Safepoint "Cleanup", Time since last: 30113288906 ns, Reaching safepoint: 108960 ns, At safepoint: 8520 ns, Total: 117480 ns
[2021-04-27T16:02:43.495+0000][2399][safepoint   ] Safepoint "Cleanup", Time since last: 9032543527 ns, Reaching safepoint: 107723 ns, At safepoint: 7410 ns, Total: 115133 ns
[2021-04-27T16:02:50.524+0000][2399][safepoint   ] Safepoint "Cleanup", Time since last: 7029270523 ns, Reaching safepoint: 76177 ns, At safepoint: 11129 ns, Total: 87306 ns
[2021-04-27T16:03:34.657+0000][2399][safepoint   ] Safepoint "Cleanup", Time since last: 44131158516 ns, Reaching safepoint: 93891 ns, At safepoint: 11411 ns, Total: 105302 ns
[2021-04-27T16:03:47.706+0000][2399][safepoint   ] Safepoint "Cleanup", Time since last: 13048827454 ns, Reaching safepoint: 76342 ns, At safepoint: 9433 ns, Total: 85775 ns
[2021-04-27T16:04:36.864+0000][2399][safepoint   ] Safepoint "Cleanup", Time since last: 49156631797 ns, Reaching safepoint: 120444 ns, At safepoint: 2431 ns, Total: 122875 ns
[2021-04-27T16:04:39.877+0000][2399][safepoint   ] Safepoint "Cleanup", Time since last: 3012063044 ns, Reaching safepoint: 52583 ns, At safepoint: 3080 ns, Total: 55663 ns
[2021-04-27T16:04:49.914+0000][2399][safepoint   ] Safepoint "Cleanup", Time since last: 10036694952 ns, Reaching safepoint: 117142 ns, At safepoint: 7150 ns, Total: 124292 ns
[2021-04-27T16:04:52.924+0000][2399][safepoint   ] Safepoint "Cleanup", Time since last: 3009991323 ns, Reaching safepoint: 165197 ns, At safepoint: 7233 ns, Total: 172430 ns
[2021-04-27T16:04:53.927+0000][2399][safepoint   ] Safepoint "Cleanup", Time since last: 1002986041 ns, Reaching safepoint: 117243 ns, At safepoint: 6026 ns, Total: 123269 ns
[2021-04-27T16:04:55.936+0000][2399][safepoint   ] Safepoint "Cleanup", Time since last: 2008715981 ns, Reaching safepoint: 64714 ns, At safepoint: 11460 ns, Total: 76174 ns
[2021-04-27T16:05:04.966+0000][2399][safepoint   ] Safepoint "Cleanup", Time since last: 9029306688 ns, Reaching safepoint: 78516 ns, At safepoint: 6982 ns, Total: 85498 ns
[2021-04-27T16:06:50.329+0000][2399][safepoint   ] Safepoint "Cleanup", Time since last: 105359766856 ns, Reaching safepoint: 84956 ns, At safepoint: 12242 ns, Total: 97198 ns
[2021-04-27T16:07:20.413+0000][2399][safepoint   ] Safepoint "Cleanup", Time since last: 30093032785 ns, Reaching safepoint: 81773 ns, At safepoint: 13014 ns, Total: 94787 ns
[2021-04-27T16:09:04.748+0000][2399][safepoint   ] Safepoint "Cleanup", Time since last: 104337231509 ns, Reaching safepoint: 83172 ns, At safepoint: 6252 ns, Total: 89424 ns
[2021-04-27T16:10:16.244+0000][2399][gc,start    ] GC(10) Pause Young (Normal) (G1 Evacuation Pause)
[2021-04-27T16:10:16.245+0000][2399][gc,task     ] GC(10) Using 13 workers of 13 for evacuation
[2021-04-27T16:10:16.245+0000][2399][gc,age      ] GC(10) Desired survivor size 58720256 bytes, new threshold 15 (max threshold 15)
[2021-04-27T16:10:16.256+0000][2399][gc,age      ] GC(10) Age table with threshold 15 (max threshold 15)
[2021-04-27T16:10:16.256+0000][2399][gc,age      ] GC(10) - age   1:     648120 bytes,     648120 total
[2021-04-27T16:10:16.256+0000][2399][gc,age      ] GC(10) - age   2:    8754584 bytes,    9402704 total
[2021-04-27T16:10:16.256+0000][2399][gc,age      ] GC(10) - age   3:   29285272 bytes,   38687976 total
[2021-04-27T16:10:16.256+0000][2399][gc,age      ] GC(10) - age   4:   11424848 bytes,   50112824 total
[2021-04-27T16:10:16.257+0000][2399][gc,phases   ] GC(10)   Pre Evacuate Collection Set: 0.2ms
[2021-04-27T16:10:16.257+0000][2399][gc,phases   ] GC(10)   Merge Heap Roots: 0.1ms
[2021-04-27T16:10:16.257+0000][2399][gc,phases   ] GC(10)   Evacuate Collection Set: 9.8ms
[2021-04-27T16:10:16.257+0000][2399][gc,phases   ] GC(10)   Post Evacuate Collection Set: 1.1ms
[2021-04-27T16:10:16.257+0000][2399][gc,phases   ] GC(10)   Other: 1.0ms
[2021-04-27T16:10:16.257+0000][2399][gc,heap     ] GC(10) Eden regions: 103->0(1221)
[2021-04-27T16:10:16.257+0000][2399][gc,heap     ] GC(10) Survivor regions: 7->7(14)
[2021-04-27T16:10:16.257+0000][2399][gc,heap     ] GC(10) Old regions: 7->7
[2021-04-27T16:10:16.257+0000][2399][gc,heap     ] GC(10) Archive regions: 2->2
[2021-04-27T16:10:16.257+0000][2399][gc,heap     ] GC(10) Humongous regions: 0->0
[2021-04-27T16:10:16.257+0000][2399][gc,metaspace] GC(10) Metaspace: 98216K(99648K)->98216K(99648K) NonClass: 84631K(85440K)->84631K(85440K) Class: 13585K(14208K)->13585K(14208K)
[2021-04-27T16:10:16.257+0000][2399][gc          ] GC(10) Pause Young (Normal) (G1 Evacuation Pause) 942M->117M(16384M) 12.243ms
[2021-04-27T16:10:16.257+0000][2399][gc,cpu      ] GC(10) User=0.10s Sys=0.01s Real=0.01s
[2021-04-27T16:10:16.257+0000][2399][safepoint   ] Safepoint "G1CollectForAllocation", Time since last: 71494515673 ns, Reaching safepoint: 81529 ns, At safepoint: 12344006 ns, Total: 12425535 ns
[2021-04-27T16:11:34.558+0000][2399][safepoint   ] Safepoint "Cleanup", Time since last: 78298587724 ns, Reaching safepoint: 55307 ns, At safepoint: 6443 ns, Total: 61750 ns
[2021-04-27T16:11:59.637+0000][2399][safepoint   ] Safepoint "Cleanup", Time since last: 25078298549 ns, Reaching safepoint: 104402 ns, At safepoint: 7971 ns, Total: 112373 ns
[2021-04-27T16:12:50.824+0000][2399][safepoint   ] Safepoint "Cleanup", Time since last: 51185130380 ns, Reaching safepoint: 57216 ns, At safepoint: 8580 ns, Total: 65796 ns
[2021-04-27T16:16:20.666+0000][2399][safepoint   ] Safepoint "Cleanup", Time since last: 209835990875 ns, Reaching safepoint: 69541 ns, At safepoint: 12902 ns, Total: 82443 ns
[2021-04-27T16:16:59.823+0000][2399][safepoint   ] Safepoint "Cleanup", Time since last: 39155543311 ns, Reaching safepoint: 53987 ns, At safepoint: 6920 ns, Total: 60907 ns
[2021-04-27T16:17:04.844+0000][2399][safepoint   ] Safepoint "Cleanup", Time since last: 5020965324 ns, Reaching safepoint: 51008 ns, At safepoint: 7659 ns, Total: 58667 ns
[2021-04-27T16:17:19.907+0000][2399][safepoint   ] Safepoint "Cleanup", Time since last: 15062506452 ns, Reaching safepoint: 43404 ns, At safepoint: 7936 ns, Total: 51340 ns
[2021-04-27T16:18:18.142+0000][2399][safepoint   ] Safepoint "Cleanup", Time since last: 58233545354 ns, Reaching safepoint: 53708 ns, At safepoint: 2927 ns, Total: 56635 ns
[2021-04-27T16:18:34.204+0000][2399][safepoint   ] Safepoint "Cleanup", Time since last: 16061027452 ns, Reaching safepoint: 43633 ns, At safepoint: 2831 ns, Total: 46464 ns
[2021-04-27T16:18:50.269+0000][2399][safepoint   ] Safepoint "Cleanup", Time since last: 16064523647 ns, Reaching safepoint: 52731 ns, At safepoint: 8470 ns, Total: 61201 ns
[2021-04-27T16:19:20.391+0000][2399][safepoint   ] Safepoint "Cleanup", Time since last: 30121315148 ns, Reaching safepoint: 181071 ns, At safepoint: 29976 ns, Total: 211047 ns
[2021-04-27T16:23:35.239+0000][2399][safepoint   ] Safepoint "Cleanup", Time since last: 254839802915 ns, Reaching safepoint: 53558 ns, At safepoint: 6191 ns, Total: 59749 ns
[2021-04-27T16:23:50.287+0000][2399][safepoint   ] Safepoint "Cleanup", Time since last: 15047757270 ns, Reaching safepoint: 58247 ns, At safepoint: 6391 ns, Total: 64638 ns
[2021-04-27T16:24:09.352+0000][2399][safepoint   ] Safepoint "Cleanup", Time since last: 19063953091 ns, Reaching safepoint: 80719 ns, At safepoint: 6393 ns, Total: 87112 ns
[2021-04-27T16:24:10.357+0000][2399][safepoint   ] Safepoint "Cleanup", Time since last: 1004913549 ns, Reaching safepoint: 49599 ns, At safepoint: 7818 ns, Total: 57417 ns
[2021-04-27T16:25:50.653+0000][2399][safepoint   ] Safepoint "Cleanup", Time since last: 100311510761 ns, Reaching safepoint: 53249 ns, At safepoint: 6946 ns, Total: 60195 ns
[2021-04-27T16:26:13.619+0000][2399][safepoint   ] Safepoint "Cleanup", Time since last: 22965766437 ns, Reaching safepoint: 122724 ns, At safepoint: 10607 ns, Total: 133331 ns
[2021-04-27T16:26:15.633+0000][2399][safepoint   ] Safepoint "Cleanup", Time since last: 2013950521 ns, Reaching safepoint: 111149 ns, At safepoint: 50829 ns, Total: 161978 ns
[2021-04-27T16:26:19.664+0000][2399][safepoint   ] Safepoint "Cleanup", Time since last: 4030557664 ns, Reaching safepoint: 54165 ns, At safepoint: 23798 ns, Total: 77963 ns
[2021-04-27T16:26:24.701+0000][2399][safepoint   ] Safepoint "Cleanup", Time since last: 5036021176 ns, Reaching safepoint: 123770 ns, At safepoint: 72716 ns, Total: 196486 ns
[2021-04-27T16:27:50.264+0000][2399][safepoint   ] Safepoint "Cleanup", Time since last: 85560422149 ns, Reaching safepoint: 77711 ns, At safepoint: 12164 ns, Total: 89875 ns
[2021-04-27T16:28:03.340+0000][2399][safepoint   ] Safepoint "Cleanup", Time since last: 13075593575 ns, Reaching safepoint: 82506 ns, At safepoint: 20341 ns, Total: 102847 ns
[2021-04-27T16:28:04.349+0000][2399][safepoint   ] Safepoint "Cleanup", Time since last: 1008862342 ns, Reaching safepoint: 86591 ns, At safepoint: 47545 ns, Total: 134136 ns
[2021-04-27T16:28:20.452+0000][2399][safepoint   ] Safepoint "Cleanup", Time since last: 16102392476 ns, Reaching safepoint: 95425 ns, At safepoint: 22532 ns, Total: 117957 ns
[2021-04-27T16:29:50.947+0000][2399][safepoint   ] Safepoint "Cleanup", Time since last: 90492134381 ns, Reaching safepoint: 87157 ns, At safepoint: 14981 ns, Total: 102138 ns
[2021-04-27T16:32:34.939+0000][2399][safepoint   ] Safepoint "Cleanup", Time since last: 163987393255 ns, Reaching safepoint: 58567 ns, At safepoint: 9378 ns, Total: 67945 ns
[2021-04-27T16:33:24.097+0000][2399][safepoint   ] Safepoint "Cleanup", Time since last: 49156342018 ns, Reaching safepoint: 120634 ns, At safepoint: 13131 ns, Total: 133765 ns
[2021-04-27T16:34:20.281+0000][2399][safepoint   ] Safepoint "Cleanup", Time since last: 56182434630 ns, Reaching safepoint: 53520 ns, At safepoint: 20435 ns, Total: 73955 ns
[2021-04-27T16:37:48.973+0000][2399][safepoint   ] Safepoint "Cleanup", Time since last: 208685181746 ns, Reaching safepoint: 147362 ns, At safepoint: 14454 ns, Total: 161816 ns
[2021-04-27T16:37:50.982+0000][2399][safepoint   ] Safepoint "Cleanup", Time since last: 2008836176 ns, Reaching safepoint: 49229 ns, At safepoint: 8058 ns, Total: 57287 ns
[2021-04-27T16:41:09.662+0000][2399][safepoint   ] Safepoint "Cleanup", Time since last: 198673880148 ns, Reaching safepoint: 88840 ns, At safepoint: 5401 ns, Total: 94241 ns
[2021-04-27T16:42:20.898+0000][2399][safepoint   ] Safepoint "Cleanup", Time since last: 71234000327 ns, Reaching safepoint: 87110 ns, At safepoint: 12149 ns, Total: 99259 ns
[2021-04-27T16:43:45.156+0000][2399][safepoint   ] Safepoint "Cleanup", Time since last: 84271951676 ns, Reaching safepoint: 99427 ns, At safepoint: 9917 ns, Total: 109344 ns
[2021-04-27T16:44:50.373+0000][2399][safepoint   ] Safepoint "Cleanup", Time since last: 65215888136 ns, Reaching safepoint: 75504 ns, At safepoint: 5440 ns, Total: 80944 ns
[2021-04-27T16:45:29.495+0000][2399][safepoint   ] Safepoint "Cleanup", Time since last: 39120641477 ns, Reaching safepoint: 91786 ns, At safepoint: 15934 ns, Total: 107720 ns
[2021-04-27T16:45:30.501+0000][2399][safepoint   ] Safepoint "Cleanup", Time since last: 1005746240 ns, Reaching safepoint: 85785 ns, At safepoint: 14156 ns, Total: 99941 ns
[2021-04-27T16:46:50.755+0000][2399][safepoint   ] Safepoint "Cleanup", Time since last: 80251566599 ns, Reaching safepoint: 91491 ns, At safepoint: 21752 ns, Total: 113243 ns
[2021-04-27T16:51:50.782+0000][2399][safepoint   ] Safepoint "Cleanup", Time since last: 300018303497 ns, Reaching safepoint: 56757 ns, At safepoint: 12593 ns, Total: 69350 ns
[2021-04-27T16:53:50.265+0000][2399][safepoint   ] Safepoint "Cleanup", Time since last: 119478907754 ns, Reaching safepoint: 53016 ns, At safepoint: 2901 ns, Total: 55917 ns
[2021-04-27T16:54:20.385+0000][2399][safepoint   ] Safepoint "Cleanup", Time since last: 30119193480 ns, Reaching safepoint: 83250 ns, At safepoint: 7832 ns, Total: 91082 ns
[2021-04-27T16:55:15.611+0000][2399][safepoint   ] Safepoint "Cleanup", Time since last: 55224063996 ns, Reaching safepoint: 56963 ns, At safepoint: 3447 ns, Total: 60410 ns
[2021-04-27T16:55:45.729+0000][2399][safepoint   ] Safepoint "Cleanup", Time since last: 30117116201 ns, Reaching safepoint: 52281 ns, At safepoint: 2999 ns, Total: 55280 ns
[2021-04-27T16:56:19.865+0000][2399][safepoint   ] Safepoint "Cleanup", Time since last: 34135611600 ns, Reaching safepoint: 52364 ns, At safepoint: 2389 ns, Total: 54753 ns
[2021-04-27T16:58:20.349+0000][2399][safepoint   ] Safepoint "Cleanup", Time since last: 120479672815 ns, Reaching safepoint: 69770 ns, At safepoint: 3960 ns, Total: 73730 ns
[2021-04-27T16:59:26.602+0000][2399][safepoint   ] Safepoint "Cleanup", Time since last: 66251110109 ns, Reaching safepoint: 66188 ns, At safepoint: 11839 ns, Total: 78027 ns
[2021-04-27T17:04:50.911+0000][2399][safepoint   ] Safepoint "Cleanup", Time since last: 324314744537 ns, Reaching safepoint: 64763 ns, At safepoint: 4321 ns, Total: 69084 ns
[2021-04-27T17:11:20.497+0000][2399][safepoint   ] Safepoint "Cleanup", Time since last: 389574369683 ns, Reaching safepoint: 51125 ns, At safepoint: 2455 ns, Total: 53580 ns
[2021-04-27T17:13:25.994+0000][2399][safepoint   ] Safepoint "Cleanup", Time since last: 125492735074 ns, Reaching safepoint: 72712 ns, At safepoint: 11389 ns, Total: 84101 ns
[2021-04-27T17:14:01.140+0000][2399][safepoint   ] Safepoint "Cleanup", Time since last: 35145331077 ns, Reaching safepoint: 63263 ns, At safepoint: 5130 ns, Total: 68393 ns
[2021-04-27T17:15:20.461+0000][2399][safepoint   ] Safepoint "Cleanup", Time since last: 79318377071 ns, Reaching safepoint: 54811 ns, At safepoint: 4313 ns, Total: 59124 ns
[2021-04-27T17:17:20.955+0000][2399][safepoint   ] Safepoint "Cleanup", Time since last: 120490198398 ns, Reaching safepoint: 55531 ns, At safepoint: 8043 ns, Total: 63574 ns
[2021-04-27T17:17:38.022+0000][2399][safepoint   ] Safepoint "Cleanup", Time since last: 17066679925 ns, Reaching safepoint: 58451 ns, At safepoint: 3393 ns, Total: 61844 ns
[2021-04-27T17:17:51.071+0000][2399][safepoint   ] Safepoint "Cleanup", Time since last: 13048941253 ns, Reaching safepoint: 58298 ns, At safepoint: 7506 ns, Total: 65804 ns
[2021-04-27T17:25:18.875+0000][2399][safepoint   ] Safepoint "Cleanup", Time since last: 447808671764 ns, Reaching safepoint: 49073 ns, At safepoint: 9949 ns, Total: 59022 ns
[2021-04-27T17:31:21.350+0000][2399][safepoint   ] Safepoint "Cleanup", Time since last: 362463399087 ns, Reaching safepoint: 77504 ns, At safepoint: 3320 ns, Total: 80824 ns
[2021-04-27T17:41:20.486+0000][2399][safepoint   ] Safepoint "Cleanup", Time since last: 599134840963 ns, Reaching safepoint: 83722 ns, At safepoint: 6441 ns, Total: 90163 ns
[2021-04-27T17:41:21.495+0000][2399][safepoint   ] Safepoint "Cleanup", Time since last: 1008777681 ns, Reaching safepoint: 105769 ns, At safepoint: 8866 ns, Total: 114635 ns
[2021-04-27T17:48:15.977+0000][2399][safepoint   ] Safepoint "Cleanup", Time since last: 414469403583 ns, Reaching safepoint: 70951 ns, At safepoint: 41831 ns, Total: 112782 ns
[2021-04-27T17:48:20.993+0000][2399][safepoint   ] Safepoint "Cleanup", Time since last: 5015712985 ns, Reaching safepoint: 85428 ns, At safepoint: 21386 ns, Total: 106814 ns
[2021-04-27T17:48:51.096+0000][2399][safepoint   ] Safepoint "Cleanup", Time since last: 30102038857 ns, Reaching safepoint: 83099 ns, At safepoint: 50114 ns, Total: 133213 ns
[2021-04-27T17:49:51.302+0000][2399][safepoint   ] Safepoint "Cleanup", Time since last: 60204697956 ns, Reaching safepoint: 87762 ns, At safepoint: 19802 ns, Total: 107564 ns
[2021-04-27T17:50:37.464+0000][2399][safepoint   ] Safepoint "Cleanup", Time since last: 46159869040 ns, Reaching safepoint: 73189 ns, At safepoint: 57213 ns, Total: 130402 ns
[2021-04-27T17:55:25.406+0000][2399][safepoint   ] Safepoint "Cleanup", Time since last: 287950157702 ns, Reaching safepoint: 87335 ns, At safepoint: 18003 ns, Total: 105338 ns
[2021-04-27T17:56:20.581+0000][2399][safepoint   ] Safepoint "Cleanup", Time since last: 55174880697 ns, Reaching safepoint: 135266 ns, At safepoint: 23897 ns, Total: 159163 ns
[2021-04-27T18:00:21.372+0000][2399][safepoint   ] Safepoint "Cleanup", Time since last: 240783109378 ns, Reaching safepoint: 88792 ns, At safepoint: 17740 ns, Total: 106532 ns
[2021-04-27T18:04:51.420+0000][2399][safepoint   ] Safepoint "Cleanup", Time since last: 270039972917 ns, Reaching safepoint: 113213 ns, At safepoint: 15714 ns, Total: 128927 ns
[2021-04-27T18:10:53.621+0000][2399][safepoint   ] Safepoint "Cleanup", Time since last: 362190419614 ns, Reaching safepoint: 115056 ns, At safepoint: 8148 ns, Total: 123204 ns
[2021-04-27T18:11:19.714+0000][2399][safepoint   ] Safepoint "Cleanup", Time since last: 26091557735 ns, Reaching safepoint: 81918 ns, At safepoint: 8205 ns, Total: 90123 ns
[2021-04-27T18:37:51.576+0000][2399][safepoint   ] Safepoint "Cleanup", Time since last: 1591853006654 ns, Reaching safepoint: 89477 ns, At safepoint: 9715 ns, Total: 99192 ns
[2021-04-27T18:38:46.770+0000][2399][safepoint   ] Safepoint "Cleanup", Time since last: 55192716877 ns, Reaching safepoint: 178614 ns, At safepoint: 25958 ns, Total: 204572 ns
[2021-04-27T18:40:52.180+0000][2399][safepoint   ] Safepoint "Cleanup", Time since last: 125405773662 ns, Reaching safepoint: 61444 ns, At safepoint: 5160 ns, Total: 66604 ns
[2021-04-27T18:52:21.975+0000][2399][safepoint   ] Safepoint "Cleanup", Time since last: 689793289051 ns, Reaching safepoint: 62174 ns, At safepoint: 8363 ns, Total: 70537 ns
[2021-04-27T18:52:52.170+0000][2399][safepoint   ] Safepoint "Cleanup", Time since last: 30193109194 ns, Reaching safepoint: 52270 ns, At safepoint: 8560 ns, Total: 60830 ns
[2021-04-27T18:53:21.347+0000][2399][safepoint   ] Safepoint "Cleanup", Time since last: 29175965862 ns, Reaching safepoint: 117756 ns, At safepoint: 53917 ns, Total: 171673 ns
[2021-04-27T18:53:51.550+0000][2399][safepoint   ] Safepoint "Cleanup", Time since last: 30202223282 ns, Reaching safepoint: 78579 ns, At safepoint: 75928 ns, Total: 154507 ns
[2021-04-27T19:38:48.192+0000][2399][gc,start    ] GC(11) Pause Young (Normal) (G1 Evacuation Pause)
[2021-04-27T19:38:48.192+0000][2399][gc,task     ] GC(11) Using 13 workers of 13 for evacuation
[2021-04-27T19:38:48.192+0000][2399][gc,age      ] GC(11) Desired survivor size 645922816 bytes, new threshold 15 (max threshold 15)
[2021-04-27T19:38:48.274+0000][2399][gc,age      ] GC(11) Age table with threshold 15 (max threshold 15)
[2021-04-27T19:38:48.274+0000][2399][gc,age      ] GC(11) - age   1:      60864 bytes,      60864 total
[2021-04-27T19:38:48.274+0000][2399][gc,age      ] GC(11) - age   2:     207840 bytes,     268704 total
[2021-04-27T19:38:48.274+0000][2399][gc,age      ] GC(11) - age   3:    8753792 bytes,    9022496 total
[2021-04-27T19:38:48.274+0000][2399][gc,age      ] GC(11) - age   4:   29284288 bytes,   38306784 total
[2021-04-27T19:38:48.274+0000][2399][gc,age      ] GC(11) - age   5:   11424848 bytes,   49731632 total
[2021-04-27T19:38:48.274+0000][2399][gc,phases   ] GC(11)   Pre Evacuate Collection Set: 0.2ms
[2021-04-27T19:38:48.274+0000][2399][gc,phases   ] GC(11)   Merge Heap Roots: 0.2ms
[2021-04-27T19:38:48.274+0000][2399][gc,phases   ] GC(11)   Evacuate Collection Set: 78.4ms
[2021-04-27T19:38:48.275+0000][2399][gc,phases   ] GC(11)   Post Evacuate Collection Set: 2.3ms
[2021-04-27T19:38:48.275+0000][2399][gc,phases   ] GC(11)   Other: 1.8ms
[2021-04-27T19:38:48.275+0000][2399][gc,heap     ] GC(11) Eden regions: 1221->0(1221)
[2021-04-27T19:38:48.275+0000][2399][gc,heap     ] GC(11) Survivor regions: 7->7(154)
[2021-04-27T19:38:48.275+0000][2399][gc,heap     ] GC(11) Old regions: 7->7
[2021-04-27T19:38:48.275+0000][2399][gc,heap     ] GC(11) Archive regions: 2->2
[2021-04-27T19:38:48.275+0000][2399][gc,heap     ] GC(11) Humongous regions: 0->0
[2021-04-27T19:38:48.275+0000][2399][gc,metaspace] GC(11) Metaspace: 98507K(99968K)->98507K(99968K) NonClass: 84921K(85760K)->84921K(85760K) Class: 13585K(14208K)->13585K(14208K)
[2021-04-27T19:38:48.275+0000][2399][gc          ] GC(11) Pause Young (Normal) (G1 Evacuation Pause) 9885M->116M(16384M) 82.930ms
[2021-04-27T19:38:48.275+0000][2399][gc,cpu      ] GC(11) User=0.15s Sys=0.41s Real=0.08s
[2021-04-27T19:38:48.275+0000][2399][safepoint   ] Safepoint "G1CollectForAllocation", Time since last: 2696595473954 ns, Reaching safepoint: 78956 ns, At safepoint: 83039158 ns, Total: 83118114 ns
[2021-04-27T19:51:19.262+0000][2399][safepoint   ] Safepoint "Cleanup", Time since last: 750979364751 ns, Reaching safepoint: 151845 ns, At safepoint: 6158 ns, Total: 158003 ns
[2021-04-27T19:54:25.940+0000][2399][safepoint   ] Safepoint "Cleanup", Time since last: 186672511906 ns, Reaching safepoint: 109868 ns, At safepoint: 14339 ns, Total: 124207 ns
[2021-04-27T19:56:52.433+0000][2399][safepoint   ] Safepoint "Cleanup", Time since last: 146488294465 ns, Reaching safepoint: 76767 ns, At safepoint: 6877 ns, Total: 83644 ns
[2021-04-27T19:57:22.540+0000][2399][safepoint   ] Safepoint "Cleanup", Time since last: 30106450213 ns, Reaching safepoint: 53543 ns, At safepoint: 6360 ns, Total: 59903 ns
[2021-04-27T19:58:18.749+0000][2399][safepoint   ] Safepoint "Cleanup", Time since last: 56206955081 ns, Reaching safepoint: 90128 ns, At safepoint: 18789 ns, Total: 108917 ns
[2021-04-27T20:18:52.260+0000][2399][safepoint   ] Safepoint "Cleanup", Time since last: 1233492283666 ns, Reaching safepoint: 161538 ns, At safepoint: 21605 ns, Total: 183143 ns
[2021-04-27T20:26:19.904+0000][2399][safepoint   ] Safepoint "Cleanup", Time since last: 447648420315 ns, Reaching safepoint: 136531 ns, At safepoint: 13654 ns, Total: 150185 ns
[2021-04-27T21:56:30.762+0000][2399][safepoint   ] Safepoint "Cleanup", Time since last: 5410785375519 ns, Reaching safepoint: 71763 ns, At safepoint: 10918 ns, Total: 82681 ns
[2021-04-27T21:56:53.923+0000][2399][safepoint   ] Safepoint "Cleanup", Time since last: 23160235741 ns, Reaching safepoint: 78929 ns, At safepoint: 44641 ns, Total: 123570 ns
[2021-04-27T22:03:23.683+0000][2399][safepoint   ] Safepoint "Cleanup", Time since last: 389748832876 ns, Reaching safepoint: 158711 ns, At safepoint: 30954 ns, Total: 189665 ns
[2021-04-27T22:06:54.149+0000][2399][safepoint   ] Safepoint "Cleanup", Time since last: 210458583191 ns, Reaching safepoint: 144453 ns, At safepoint: 26677 ns, Total: 171130 ns
[2021-04-27T22:13:19.730+0000][2399][safepoint   ] Safepoint "Cleanup", Time since last: 385585054651 ns, Reaching safepoint: 65881 ns, At safepoint: 6007 ns, Total: 71888 ns
[2021-04-27T22:17:24.425+0000][2399][safepoint   ] Safepoint "Cleanup", Time since last: 244687380833 ns, Reaching safepoint: 59340 ns, At safepoint: 7551 ns, Total: 66891 ns
[2021-04-27T22:28:11.965+0000][2399][safepoint   ] Safepoint "Cleanup", Time since last: 647540526932 ns, Reaching safepoint: 206860 ns, At safepoint: 16449 ns, Total: 223309 ns
[2021-04-27T22:36:31.418+0000][2399][safepoint   ] Safepoint "Cleanup", Time since last: 499437652680 ns, Reaching safepoint: 126288 ns, At safepoint: 22922 ns, Total: 149210 ns
[2021-04-27T22:36:54.595+0000][2399][safepoint   ] Safepoint "Cleanup", Time since last: 23176262590 ns, Reaching safepoint: 117196 ns, At safepoint: 15640 ns, Total: 132836 ns
[2021-04-27T23:06:04.557+0000][2399][safepoint   ] Safepoint "Cleanup", Time since last: 1749945062733 ns, Reaching safepoint: 143904 ns, At safepoint: 7433 ns, Total: 151337 ns
[2021-04-27T23:08:02.394+0000][2399][safepoint   ] Safepoint "Cleanup", Time since last: 117833561202 ns, Reaching safepoint: 137659 ns, At safepoint: 27126 ns, Total: 164785 ns
[2021-04-27T23:08:14.192+0000][2399][gc,start    ] GC(12) Pause Young (Normal) (G1 Evacuation Pause)
[2021-04-27T23:08:14.192+0000][2399][gc,task     ] GC(12) Using 13 workers of 13 for evacuation
[2021-04-27T23:08:14.192+0000][2399][gc,age      ] GC(12) Desired survivor size 645922816 bytes, new threshold 15 (max threshold 15)
[2021-04-27T23:08:14.293+0000][2399][gc,age      ] GC(12) Age table with threshold 15 (max threshold 15)
[2021-04-27T23:08:14.293+0000][2399][gc,age      ] GC(12) - age   1:      17560 bytes,      17560 total
[2021-04-27T23:08:14.293+0000][2399][gc,age      ] GC(12) - age   2:      51064 bytes,      68624 total
[2021-04-27T23:08:14.293+0000][2399][gc,age      ] GC(12) - age   3:     207840 bytes,     276464 total
[2021-04-27T23:08:14.293+0000][2399][gc,age      ] GC(12) - age   4:    8753792 bytes,    9030256 total
[2021-04-27T23:08:14.293+0000][2399][gc,age      ] GC(12) - age   5:   29284288 bytes,   38314544 total
[2021-04-27T23:08:14.293+0000][2399][gc,age      ] GC(12) - age   6:   11424848 bytes,   49739392 total
[2021-04-27T23:08:14.293+0000][2399][gc,phases   ] GC(12)   Pre Evacuate Collection Set: 0.2ms
[2021-04-27T23:08:14.293+0000][2399][gc,phases   ] GC(12)   Merge Heap Roots: 0.2ms
[2021-04-27T23:08:14.293+0000][2399][gc,phases   ] GC(12)   Evacuate Collection Set: 97.1ms
[2021-04-27T23:08:14.293+0000][2399][gc,phases   ] GC(12)   Post Evacuate Collection Set: 3.4ms
[2021-04-27T23:08:14.293+0000][2399][gc,phases   ] GC(12)   Other: 0.5ms
[2021-04-27T23:08:14.293+0000][2399][gc,heap     ] GC(12) Eden regions: 1221->0(1221)
[2021-04-27T23:08:14.293+0000][2399][gc,heap     ] GC(12) Survivor regions: 7->7(154)
[2021-04-27T23:08:14.293+0000][2399][gc,heap     ] GC(12) Old regions: 7->7
[2021-04-27T23:08:14.293+0000][2399][gc,heap     ] GC(12) Archive regions: 2->2
[2021-04-27T23:08:14.293+0000][2399][gc,heap     ] GC(12) Humongous regions: 0->0
[2021-04-27T23:08:14.293+0000][2399][gc,metaspace] GC(12) Metaspace: 98587K(100032K)->98587K(100032K) NonClass: 85001K(85824K)->85001K(85824K) Class: 13585K(14208K)->13585K(14208K)
[2021-04-27T23:08:14.293+0000][2399][gc          ] GC(12) Pause Young (Normal) (G1 Evacuation Pause) 9884M->116M(16384M) 101.382ms
[2021-04-27T23:08:14.293+0000][2399][gc,cpu      ] GC(12) User=0.14s Sys=0.52s Real=0.10s
[2021-04-27T23:08:14.293+0000][2399][safepoint   ] Safepoint "G1CollectForAllocation", Time since last: 11797781993 ns, Reaching safepoint: 77249 ns, At safepoint: 101504468 ns, Total: 101581717 ns
[2021-04-28T00:21:55.239+0000][2399][safepoint   ] Safepoint "Cleanup", Time since last: 4420886563677 ns, Reaching safepoint: 55408 ns, At safepoint: 4995 ns, Total: 60403 ns
[2021-04-28T00:21:56.248+0000][2399][safepoint   ] Safepoint "Cleanup", Time since last: 1008514038 ns, Reaching safepoint: 139382 ns, At safepoint: 23466 ns, Total: 162848 ns
[2021-04-28T01:02:27.292+0000][2399][safepoint   ] Safepoint "Cleanup", Time since last: 2431004883817 ns, Reaching safepoint: 87109 ns, At safepoint: 10987 ns, Total: 98096 ns
[2021-04-28T01:30:00.733+0000][2399][safepoint   ] Safepoint "Cleanup", Time since last: 1653425886786 ns, Reaching safepoint: 233719 ns, At safepoint: 33409 ns, Total: 267128 ns
[2021-04-28T02:03:58.069+0000][2399][safepoint   ] Safepoint "Cleanup", Time since last: 2037309555798 ns, Reaching safepoint: 135721 ns, At safepoint: 27045 ns, Total: 162766 ns
[2021-04-28T02:04:23.250+0000][2399][safepoint   ] Safepoint "Cleanup", Time since last: 25180111046 ns, Reaching safepoint: 50250 ns, At safepoint: 8051 ns, Total: 58301 ns
[2021-04-28T02:37:38.775+0000][2399][gc,start    ] GC(13) Pause Young (Normal) (G1 Evacuation Pause)
[2021-04-28T02:37:38.776+0000][2399][gc,task     ] GC(13) Using 13 workers of 13 for evacuation
[2021-04-28T02:37:38.776+0000][2399][gc,age      ] GC(13) Desired survivor size 645922816 bytes, new threshold 15 (max threshold 15)
[2021-04-28T02:37:38.791+0000][2399][gc,age      ] GC(13) Age table with threshold 15 (max threshold 15)
[2021-04-28T02:37:38.791+0000][2399][gc,age      ] GC(13) - age   1:      67784 bytes,      67784 total
[2021-04-28T02:37:38.791+0000][2399][gc,age      ] GC(13) - age   2:       7784 bytes,      75568 total
[2021-04-28T02:37:38.791+0000][2399][gc,age      ] GC(13) - age   3:      49264 bytes,     124832 total
[2021-04-28T02:37:38.791+0000][2399][gc,age      ] GC(13) - age   4:     145864 bytes,     270696 total
[2021-04-28T02:37:38.791+0000][2399][gc,age      ] GC(13) - age   5:    8409384 bytes,    8680080 total
[2021-04-28T02:37:38.791+0000][2399][gc,age      ] GC(13) - age   6:   27519808 bytes,   36199888 total
[2021-04-28T02:37:38.791+0000][2399][gc,age      ] GC(13) - age   7:   10873624 bytes,   47073512 total
[2021-04-28T02:37:38.791+0000][2399][gc,phases   ] GC(13)   Pre Evacuate Collection Set: 0.2ms
[2021-04-28T02:37:38.791+0000][2399][gc,phases   ] GC(13)   Merge Heap Roots: 0.2ms
[2021-04-28T02:37:38.791+0000][2399][gc,phases   ] GC(13)   Evacuate Collection Set: 11.4ms
[2021-04-28T02:37:38.791+0000][2399][gc,phases   ] GC(13)   Post Evacuate Collection Set: 2.8ms
[2021-04-28T02:37:38.791+0000][2399][gc,phases   ] GC(13)   Other: 1.5ms
[2021-04-28T02:37:38.791+0000][2399][gc,heap     ] GC(13) Eden regions: 1221->0(1221)
[2021-04-28T02:37:38.791+0000][2399][gc,heap     ] GC(13) Survivor regions: 7->7(154)
[2021-04-28T02:37:38.791+0000][2399][gc,heap     ] GC(13) Old regions: 7->7
[2021-04-28T02:37:38.791+0000][2399][gc,heap     ] GC(13) Archive regions: 2->2
[2021-04-28T02:37:38.791+0000][2399][gc,heap     ] GC(13) Humongous regions: 0->0
[2021-04-28T02:37:38.791+0000][2399][gc,metaspace] GC(13) Metaspace: 98640K(100096K)->98640K(100096K) NonClass: 85049K(85888K)->85049K(85888K) Class: 13591K(14208K)->13591K(14208K)
[2021-04-28T02:37:38.791+0000][2399][gc          ] GC(13) Pause Young (Normal) (G1 Evacuation Pause) 9884M->113M(16384M) 16.231ms
[2021-04-28T02:37:38.792+0000][2399][gc,cpu      ] GC(13) User=0.13s Sys=0.03s Real=0.02s
[2021-04-28T02:37:38.792+0000][2399][safepoint   ] Safepoint "G1CollectForAllocation", Time since last: 1995504814587 ns, Reaching safepoint: 157057 ns, At safepoint: 16363870 ns, Total: 16520927 ns
[2021-04-28T03:24:59.570+0000][2399][safepoint   ] Safepoint "Cleanup", Time since last: 2840727762984 ns, Reaching safepoint: 162288 ns, At safepoint: 12960 ns, Total: 175248 ns
[2021-04-28T04:17:24.532+0000][2399][safepoint   ] Safepoint "Cleanup", Time since last: 3144919211104 ns, Reaching safepoint: 146352 ns, At safepoint: 14777 ns, Total: 161129 ns
[2021-04-28T04:21:30.296+0000][2399][safepoint   ] Safepoint "Cleanup", Time since last: 245773758874 ns, Reaching safepoint: 64160 ns, At safepoint: 17050 ns, Total: 81210 ns
[2021-04-28T04:25:29.959+0000][2399][safepoint   ] Safepoint "Cleanup", Time since last: 239657155252 ns, Reaching safepoint: 154762 ns, At safepoint: 30275 ns, Total: 185037 ns
[2021-04-28T04:36:30.515+0000][2399][safepoint   ] Safepoint "Cleanup", Time since last: 660536225423 ns, Reaching safepoint: 136050 ns, At safepoint: 24489 ns, Total: 160539 ns
[2021-04-28T04:57:33.277+0000][2399][safepoint   ] Safepoint "Cleanup", Time since last: 1262760276247 ns, Reaching safepoint: 208124 ns, At safepoint: 31568 ns, Total: 239692 ns
[2021-04-28T05:00:01.291+0000][2399][safepoint   ] Safepoint "Cleanup", Time since last: 148010026998 ns, Reaching safepoint: 195882 ns, At safepoint: 80841 ns, Total: 276723 ns
[2021-04-28T05:30:00.759+0000][2399][gc,start    ] GC(14) Pause Young (Concurrent Start) (Metadata GC Threshold)
[2021-04-28T05:30:00.760+0000][2399][gc,task     ] GC(14) Using 13 workers of 13 for evacuation
[2021-04-28T05:30:00.760+0000][2399][gc,age      ] GC(14) Desired survivor size 645922816 bytes, new threshold 15 (max threshold 15)
[2021-04-28T05:30:00.772+0000][2399][gc,age      ] GC(14) Age table with threshold 15 (max threshold 15)
[2021-04-28T05:30:00.772+0000][2399][gc,age      ] GC(14) - age   1:     218344 bytes,     218344 total
[2021-04-28T05:30:00.772+0000][2399][gc,age      ] GC(14) - age   2:      57368 bytes,     275712 total
[2021-04-28T05:30:00.772+0000][2399][gc,age      ] GC(14) - age   3:       7784 bytes,     283496 total
[2021-04-28T05:30:00.772+0000][2399][gc,age      ] GC(14) - age   4:      49264 bytes,     332760 total
[2021-04-28T05:30:00.772+0000][2399][gc,age      ] GC(14) - age   5:     145392 bytes,     478152 total
[2021-04-28T05:30:00.772+0000][2399][gc,age      ] GC(14) - age   6:    8409384 bytes,    8887536 total
[2021-04-28T05:30:00.772+0000][2399][gc,age      ] GC(14) - age   7:   27518928 bytes,   36406464 total
[2021-04-28T05:30:00.772+0000][2399][gc,age      ] GC(14) - age   8:   10873408 bytes,   47279872 total
[2021-04-28T05:30:00.772+0000][2399][gc,phases   ] GC(14)   Pre Evacuate Collection Set: 0.2ms
[2021-04-28T05:30:00.772+0000][2399][gc,phases   ] GC(14)   Merge Heap Roots: 0.2ms
[2021-04-28T05:30:00.772+0000][2399][gc,phases   ] GC(14)   Evacuate Collection Set: 9.1ms
[2021-04-28T05:30:00.772+0000][2399][gc,phases   ] GC(14)   Post Evacuate Collection Set: 2.3ms
[2021-04-28T05:30:00.772+0000][2399][gc,phases   ] GC(14)   Other: 1.1ms
[2021-04-28T05:30:00.772+0000][2399][gc,heap     ] GC(14) Eden regions: 1007->0(1221)
[2021-04-28T05:30:00.772+0000][2399][gc,heap     ] GC(14) Survivor regions: 7->7(154)
[2021-04-28T05:30:00.772+0000][2399][gc,heap     ] GC(14) Old regions: 7->7
[2021-04-28T05:30:00.772+0000][2399][gc,heap     ] GC(14) Archive regions: 2->2
[2021-04-28T05:30:00.772+0000][2399][gc,heap     ] GC(14) Humongous regions: 0->0
[2021-04-28T05:30:00.772+0000][2399][gc,metaspace] GC(14) Metaspace: 99188K(100608K)->99188K(100608K) NonClass: 85503K(86336K)->85503K(86336K) Class: 13684K(14272K)->13684K(14272K)
[2021-04-28T05:30:00.772+0000][2399][gc          ] GC(14) Pause Young (Concurrent Start) (Metadata GC Threshold) 8167M->112M(16384M) 13.034ms
[2021-04-28T05:30:00.772+0000][2399][gc,cpu      ] GC(14) User=0.11s Sys=0.01s Real=0.02s
[2021-04-28T05:30:00.772+0000][2399][safepoint   ] Safepoint "CollectForMetadataAllocation", Time since last: 1799433109629 ns, Reaching safepoint: 50299 ns, At safepoint: 13193659 ns, Total: 13243958 ns
[2021-04-28T05:30:00.772+0000][2399][gc          ] GC(15) Concurrent Mark Cycle
[2021-04-28T05:30:00.772+0000][2399][gc,marking  ] GC(15) Concurrent Clear Claimed Marks
[2021-04-28T05:30:00.773+0000][2399][gc,marking  ] GC(15) Concurrent Clear Claimed Marks 0.093ms
[2021-04-28T05:30:00.773+0000][2399][gc,marking  ] GC(15) Concurrent Scan Root Regions
[2021-04-28T05:30:00.782+0000][2399][gc,marking  ] GC(15) Concurrent Scan Root Regions 9.887ms
[2021-04-28T05:30:00.782+0000][2399][gc,marking  ] GC(15) Concurrent Mark
[2021-04-28T05:30:00.782+0000][2399][gc,marking  ] GC(15) Concurrent Mark From Roots
[2021-04-28T05:30:00.782+0000][2399][gc,task     ] GC(15) Using 3 workers of 3 for marking
[2021-04-28T05:30:00.839+0000][2399][gc,marking  ] GC(15) Concurrent Mark From Roots 56.164ms
[2021-04-28T05:30:00.839+0000][2399][gc,marking  ] GC(15) Concurrent Preclean
[2021-04-28T05:30:00.839+0000][2399][gc,marking  ] GC(15) Concurrent Preclean 0.293ms
[2021-04-28T05:30:00.839+0000][2399][gc,start    ] GC(15) Pause Remark
[2021-04-28T05:30:00.916+0000][2399][gc          ] GC(15) Pause Remark 122M->122M(16384M) 76.693ms
[2021-04-28T05:30:00.916+0000][2399][gc,cpu      ] GC(15) User=0.12s Sys=0.59s Real=0.08s
[2021-04-28T05:30:00.916+0000][2399][safepoint   ] Safepoint "G1Concurrent", Time since last: 66634014 ns, Reaching safepoint: 78714 ns, At safepoint: 76818569 ns, Total: 76897283 ns
[2021-04-28T05:30:00.916+0000][2399][gc,marking  ] GC(15) Concurrent Mark 133.464ms
[2021-04-28T05:30:00.916+0000][2399][gc,marking  ] GC(15) Concurrent Rebuild Remembered Sets
[2021-04-28T05:30:00.935+0000][2399][gc,marking  ] GC(15) Concurrent Rebuild Remembered Sets 18.942ms
[2021-04-28T05:30:00.935+0000][2399][gc,start    ] GC(15) Pause Cleanup
[2021-04-28T05:30:00.935+0000][2399][gc          ] GC(15) Pause Cleanup 124M->124M(16384M) 0.381ms
[2021-04-28T05:30:00.935+0000][2399][gc,cpu      ] GC(15) User=0.00s Sys=0.00s Real=0.00s
[2021-04-28T05:30:00.935+0000][2399][safepoint   ] Safepoint "G1Concurrent", Time since last: 19047662 ns, Reaching safepoint: 44956 ns, At safepoint: 455753 ns, Total: 500709 ns
[2021-04-28T05:30:00.935+0000][2399][gc,marking  ] GC(15) Concurrent Cleanup for Next Mark
[2021-04-28T05:30:01.005+0000][2399][gc,marking  ] GC(15) Concurrent Cleanup for Next Mark 69.796ms
[2021-04-28T05:30:01.005+0000][2399][gc          ] GC(15) Concurrent Mark Cycle 232.976ms
[2021-04-28T05:30:01.941+0000][2399][safepoint   ] Safepoint "Cleanup", Time since last: 1005136065 ns, Reaching safepoint: 140861 ns, At safepoint: 17449 ns, Total: 158310 ns
[2021-04-28T05:30:02.948+0000][2399][safepoint   ] Safepoint "Cleanup", Time since last: 1007050614 ns, Reaching safepoint: 116995 ns, At safepoint: 14535 ns, Total: 131530 ns
[2021-04-28T05:30:25.091+0000][2399][safepoint   ] Safepoint "Cleanup", Time since last: 22142475833 ns, Reaching safepoint: 151315 ns, At safepoint: 17340 ns, Total: 168655 ns
[2021-04-28T05:30:31.129+0000][2399][safepoint   ] Safepoint "Cleanup", Time since last: 6037339049 ns, Reaching safepoint: 79325 ns, At safepoint: 9280 ns, Total: 88605 ns
[2021-04-28T05:31:33.562+0000][2399][safepoint   ] Safepoint "Cleanup", Time since last: 62431445808 ns, Reaching safepoint: 168560 ns, At safepoint: 33256 ns, Total: 201816 ns
[2021-04-28T05:34:00.541+0000][2399][safepoint   ] Safepoint "Cleanup", Time since last: 146989192733 ns, Reaching safepoint: 145121 ns, At safepoint: 24636 ns, Total: 169757 ns
[2021-04-28T05:41:20.621+0000][2399][safepoint   ] Safepoint "Cleanup", Time since last: 440069234045 ns, Reaching safepoint: 156026 ns, At safepoint: 20584 ns, Total: 176610 ns
[2021-04-28T05:59:34.290+0000][2399][safepoint   ] Safepoint "Cleanup", Time since last: 1093654454913 ns, Reaching safepoint: 135822 ns, At safepoint: 15316 ns, Total: 151138 ns
[2021-04-28T06:02:01.299+0000][2399][safepoint   ] Safepoint "Cleanup", Time since last: 147004446046 ns, Reaching safepoint: 145115 ns, At safepoint: 25794 ns, Total: 170909 ns
[2021-04-28T06:54:32.273+0000][2399][safepoint   ] Safepoint "Cleanup", Time since last: 3150934689110 ns, Reaching safepoint: 52377 ns, At safepoint: 4664 ns, Total: 57041 ns
[2021-04-28T07:06:32.301+0000][2399][safepoint   ] Safepoint "Cleanup", Time since last: 720022692484 ns, Reaching safepoint: 163253 ns, At safepoint: 56300 ns, Total: 219553 ns
[2021-04-28T08:48:33.992+0000][2399][safepoint   ] Safepoint "Cleanup", Time since last: 6121596585513 ns, Reaching safepoint: 122295 ns, At safepoint: 16218 ns, Total: 138513 ns
[2021-04-28T08:59:34.546+0000][2399][safepoint   ] Safepoint "Cleanup", Time since last: 660552786622 ns, Reaching safepoint: 61737 ns, At safepoint: 16885 ns, Total: 78622 ns
[2021-04-28T09:00:03.748+0000][2399][safepoint   ] Safepoint "Cleanup", Time since last: 29201026009 ns, Reaching safepoint: 135245 ns, At safepoint: 83233 ns, Total: 218478 ns
[2021-04-28T09:00:04.917+0000][2399][gc,start    ] GC(16) Pause Young (Normal) (G1 Evacuation Pause)
[2021-04-28T09:00:04.917+0000][2399][gc,task     ] GC(16) Using 13 workers of 13 for evacuation
[2021-04-28T09:00:04.917+0000][2399][gc,age      ] GC(16) Desired survivor size 645922816 bytes, new threshold 15 (max threshold 15)
[2021-04-28T09:00:04.929+0000][2399][gc,age      ] GC(16) Age table with threshold 15 (max threshold 15)
[2021-04-28T09:00:04.929+0000][2399][gc,age      ] GC(16) - age   1:     132480 bytes,     132480 total
[2021-04-28T09:00:04.929+0000][2399][gc,age      ] GC(16) - age   2:     187880 bytes,     320360 total
[2021-04-28T09:00:04.929+0000][2399][gc,age      ] GC(16) - age   3:      56696 bytes,     377056 total
[2021-04-28T09:00:04.929+0000][2399][gc,age      ] GC(16) - age   4:       7784 bytes,     384840 total
[2021-04-28T09:00:04.929+0000][2399][gc,age      ] GC(16) - age   5:      49264 bytes,     434104 total
[2021-04-28T09:00:04.929+0000][2399][gc,age      ] GC(16) - age   6:     145392 bytes,     579496 total
[2021-04-28T09:00:04.929+0000][2399][gc,age      ] GC(16) - age   7:    8409384 bytes,    8988880 total
[2021-04-28T09:00:04.929+0000][2399][gc,age      ] GC(16) - age   8:   27313032 bytes,   36301912 total
[2021-04-28T09:00:04.929+0000][2399][gc,age      ] GC(16) - age   9:   10832256 bytes,   47134168 total
[2021-04-28T09:00:04.929+0000][2399][gc,phases   ] GC(16)   Pre Evacuate Collection Set: 0.1ms
[2021-04-28T09:00:04.929+0000][2399][gc,phases   ] GC(16)   Merge Heap Roots: 0.2ms
[2021-04-28T09:00:04.929+0000][2399][gc,phases   ] GC(16)   Evacuate Collection Set: 8.5ms
[2021-04-28T09:00:04.929+0000][2399][gc,phases   ] GC(16)   Post Evacuate Collection Set: 2.4ms
[2021-04-28T09:00:04.929+0000][2399][gc,phases   ] GC(16)   Other: 0.4ms
[2021-04-28T09:00:04.929+0000][2399][gc,heap     ] GC(16) Eden regions: 1221->0(1221)
[2021-04-28T09:00:04.929+0000][2399][gc,heap     ] GC(16) Survivor regions: 7->7(154)
[2021-04-28T09:00:04.929+0000][2399][gc,heap     ] GC(16) Old regions: 7->7
[2021-04-28T09:00:04.929+0000][2399][gc,heap     ] GC(16) Archive regions: 2->2
[2021-04-28T09:00:04.929+0000][2399][gc,heap     ] GC(16) Humongous regions: 0->0
[2021-04-28T09:00:04.929+0000][2399][gc,metaspace] GC(16) Metaspace: 99235K(100800K)->99235K(100800K) NonClass: 85538K(86464K)->85538K(86464K) Class: 13697K(14336K)->13697K(14336K)
[2021-04-28T09:00:04.929+0000][2399][gc          ] GC(16) Pause Young (Normal) (G1 Evacuation Pause) 9880M->113M(16384M) 11.680ms
[2021-04-28T09:00:04.929+0000][2399][gc,cpu      ] GC(16) User=0.11s Sys=0.01s Real=0.01s
[2021-04-28T09:00:04.929+0000][2399][safepoint   ] Safepoint "G1CollectForAllocation", Time since last: 1169392471 ns, Reaching safepoint: 48674 ns, At safepoint: 11776666 ns, Total: 11825340 ns
[2021-04-28T09:10:26.263+0000][2399][safepoint   ] Safepoint "Cleanup", Time since last: 621333596349 ns, Reaching safepoint: 129270 ns, At safepoint: 23301 ns, Total: 152571 ns
[2021-04-28T09:25:26.606+0000][2399][safepoint   ] Safepoint "Cleanup", Time since last: 900315945976 ns, Reaching safepoint: 98861 ns, At safepoint: 16257 ns, Total: 115118 ns
[2021-04-28T09:44:34.490+0000][2399][safepoint   ] Safepoint "Cleanup", Time since last: 1147867171344 ns, Reaching safepoint: 146711 ns, At safepoint: 26324 ns, Total: 173035 ns
[2021-04-28T10:34:06.056+0000][2399][safepoint   ] Safepoint "Cleanup", Time since last: 2971532490977 ns, Reaching safepoint: 150825 ns, At safepoint: 68177 ns, Total: 219002 ns
[2021-04-28T10:41:05.929+0000][2399][safepoint   ] Safepoint "Cleanup", Time since last: 419878374255 ns, Reaching safepoint: 143398 ns, At safepoint: 27783 ns, Total: 171181 ns
[2021-04-28T11:18:36.495+0000][2399][safepoint   ] Safepoint "Cleanup", Time since last: 2250536154380 ns, Reaching safepoint: 180480 ns, At safepoint: 43175 ns, Total: 223655 ns
[2021-04-28T12:30:27.036+0000][2399][gc,start    ] GC(17) Pause Young (Normal) (G1 Evacuation Pause)
[2021-04-28T12:30:27.037+0000][2399][gc,task     ] GC(17) Using 13 workers of 13 for evacuation
[2021-04-28T12:30:27.038+0000][2399][gc,age      ] GC(17) Desired survivor size 645922816 bytes, new threshold 15 (max threshold 15)
[2021-04-28T12:30:27.049+0000][2399][gc,age      ] GC(17) Age table with threshold 15 (max threshold 15)
[2021-04-28T12:30:27.049+0000][2399][gc,age      ] GC(17) - age   1:       9584 bytes,       9584 total
[2021-04-28T12:30:27.049+0000][2399][gc,age      ] GC(17) - age   2:     120776 bytes,     130360 total
[2021-04-28T12:30:27.049+0000][2399][gc,age      ] GC(17) - age   3:     174848 bytes,     305208 total
[2021-04-28T12:30:27.049+0000][2399][gc,age      ] GC(17) - age   4:      56696 bytes,     361904 total
[2021-04-28T12:30:27.049+0000][2399][gc,age      ] GC(17) - age   5:       7784 bytes,     369688 total
[2021-04-28T12:30:27.049+0000][2399][gc,age      ] GC(17) - age   6:      49264 bytes,     418952 total
[2021-04-28T12:30:27.049+0000][2399][gc,age      ] GC(17) - age   7:     145392 bytes,     564344 total
[2021-04-28T12:30:27.049+0000][2399][gc,age      ] GC(17) - age   8:    8409384 bytes,    8973728 total
[2021-04-28T12:30:27.049+0000][2399][gc,age      ] GC(17) - age   9:   27312744 bytes,   36286472 total
[2021-04-28T12:30:27.049+0000][2399][gc,age      ] GC(17) - age  10:   10832256 bytes,   47118728 total
[2021-04-28T12:30:27.049+0000][2399][gc,phases   ] GC(17)   Pre Evacuate Collection Set: 0.2ms
[2021-04-28T12:30:27.049+0000][2399][gc,phases   ] GC(17)   Merge Heap Roots: 0.2ms
[2021-04-28T12:30:27.049+0000][2399][gc,phases   ] GC(17)   Evacuate Collection Set: 8.0ms
[2021-04-28T12:30:27.049+0000][2399][gc,phases   ] GC(17)   Post Evacuate Collection Set: 2.5ms
[2021-04-28T12:30:27.049+0000][2399][gc,phases   ] GC(17)   Other: 2.1ms
[2021-04-28T12:30:27.049+0000][2399][gc,heap     ] GC(17) Eden regions: 1221->0(1221)
[2021-04-28T12:30:27.049+0000][2399][gc,heap     ] GC(17) Survivor regions: 7->7(154)
[2021-04-28T12:30:27.049+0000][2399][gc,heap     ] GC(17) Old regions: 7->7
[2021-04-28T12:30:27.049+0000][2399][gc,heap     ] GC(17) Archive regions: 2->2
[2021-04-28T12:30:27.049+0000][2399][gc,heap     ] GC(17) Humongous regions: 0->0
[2021-04-28T12:30:27.049+0000][2399][gc,metaspace] GC(17) Metaspace: 99235K(100800K)->99235K(100800K) NonClass: 85538K(86464K)->85538K(86464K) Class: 13697K(14336K)->13697K(14336K)
[2021-04-28T12:30:27.049+0000][2399][gc          ] GC(17) Pause Young (Normal) (G1 Evacuation Pause) 9881M->113M(16384M) 13.106ms
[2021-04-28T12:30:27.049+0000][2399][gc,cpu      ] GC(17) User=0.11s Sys=0.01s Real=0.01s
[2021-04-28T12:30:27.049+0000][2399][safepoint   ] Safepoint "G1CollectForAllocation", Time since last: 4310487167837 ns, Reaching safepoint: 78227 ns, At safepoint: 13265955 ns, Total: 13344182 ns
[2021-04-28T12:41:21.553+0000][2399][safepoint   ] Safepoint "Cleanup", Time since last: 654484331091 ns, Reaching safepoint: 123348 ns, At safepoint: 16917 ns, Total: 140265 ns
[2021-04-28T12:41:37.677+0000][2399][safepoint   ] Safepoint "Cleanup", Time since last: 16123038548 ns, Reaching safepoint: 158693 ns, At safepoint: 25045 ns, Total: 183738 ns
[2021-04-28T12:50:07.256+0000][2399][safepoint   ] Safepoint "Cleanup", Time since last: 509576675916 ns, Reaching safepoint: 151710 ns, At safepoint: 32180 ns, Total: 183890 ns
[2021-04-28T12:51:07.685+0000][2399][safepoint   ] Safepoint "Cleanup", Time since last: 60427187565 ns, Reaching safepoint: 137105 ns, At safepoint: 25180 ns, Total: 162285 ns
[2021-04-28T12:51:37.902+0000][2399][safepoint   ] Safepoint "Cleanup", Time since last: 30215213328 ns, Reaching safepoint: 140873 ns, At safepoint: 19866 ns, Total: 160739 ns
[2021-04-28T12:54:07.958+0000][2399][safepoint   ] Safepoint "Cleanup", Time since last: 150051360020 ns, Reaching safepoint: 80967 ns, At safepoint: 9120 ns, Total: 90087 ns
[2021-04-28T12:54:38.151+0000][2399][safepoint   ] Safepoint "Cleanup", Time since last: 30192351376 ns, Reaching safepoint: 135227 ns, At safepoint: 22848 ns, Total: 158075 ns
[2021-04-28T12:56:21.869+0000][2399][safepoint   ] Safepoint "Cleanup", Time since last: 103714722476 ns, Reaching safepoint: 128424 ns, At safepoint: 23977 ns, Total: 152401 ns
[2021-04-28T13:22:08.579+0000][2399][safepoint   ] Safepoint "Cleanup", Time since last: 1546719332004 ns, Reaching safepoint: 160738 ns, At safepoint: 16835 ns, Total: 177573 ns
[2021-04-28T13:26:21.301+0000][2399][safepoint   ] Safepoint "Cleanup", Time since last: 252715390066 ns, Reaching safepoint: 151492 ns, At safepoint: 24364 ns, Total: 175856 ns
[2021-04-28T13:36:38.569+0000][2399][safepoint   ] Safepoint "Cleanup", Time since last: 617244008041 ns, Reaching safepoint: 54302 ns, At safepoint: 4780 ns, Total: 59082 ns
[2021-04-28T13:55:38.362+0000][2399][safepoint   ] Safepoint "Cleanup", Time since last: 1139777429507 ns, Reaching safepoint: 135969 ns, At safepoint: 23750 ns, Total: 159719 ns
[2021-04-28T14:22:39.267+0000][2399][safepoint   ] Safepoint "Cleanup", Time since last: 1620874931097 ns, Reaching safepoint: 156795 ns, At safepoint: 16377 ns, Total: 173172 ns
[2021-04-28T14:55:44.010+0000][2399][safepoint   ] Safepoint "Cleanup", Time since last: 1984718818920 ns, Reaching safepoint: 153756 ns, At safepoint: 23360 ns, Total: 177116 ns
[2021-04-28T15:18:37.232+0000][2399][safepoint   ] Safepoint "Cleanup", Time since last: 1373196896601 ns, Reaching safepoint: 84100 ns, At safepoint: 69621 ns, Total: 153721 ns
[2021-04-28T15:18:37.345+0000][2399][gc,heap,exit] Heap
[2021-04-28T15:18:37.345+0000][2399][gc,heap,exit]  garbage-first heap   total 16777216K, used 8316625K [0x0000000400000000, 0x0000000800000000)
[2021-04-28T15:18:37.345+0000][2399][gc,heap,exit]   region size 8192K, 1009 young (8265728K), 7 survivors (57344K)
[2021-04-28T15:18:37.345+0000][2399][gc,heap,exit]  Metaspace       used 99353K, committed 100800K, reserved 1138688K
[2021-04-28T15:18:37.345+0000][2399][gc,heap,exit]   class space    used 13725K, committed 14336K, reserved 1048576K
