[2021-04-08T00:21:30.650+0000][17921][gc] Using G1
[2021-04-08T00:21:45.864+0000][17921][gc,init] Version: 15.0.1+9 (release)
[2021-04-08T00:21:45.864+0000][17921][gc,init] CPUs: 8 total, 8 available
[2021-04-08T00:21:45.864+0000][17921][gc,init] Memory: 16244M
[2021-04-08T00:21:45.864+0000][17921][gc,init] Large Page Support: Disabled
[2021-04-08T00:21:45.864+0000][17921][gc,init] NUMA Support: Disabled
[2021-04-08T00:21:45.864+0000][17921][gc,init] Compressed Oops: Enabled (Zero based)
[2021-04-08T00:21:45.864+0000][17921][gc,init] Heap Region Size: 4M
[2021-04-08T00:21:45.864+0000][17921][gc,init] Heap Min Capacity: 8124M
[2021-04-08T00:21:45.864+0000][17921][gc,init] Heap Initial Capacity: 8124M
[2021-04-08T00:21:45.864+0000][17921][gc,init] Heap Max Capacity: 8124M
[2021-04-08T00:21:45.868+0000][17921][gc,init] Pre-touch: Enabled
[2021-04-08T00:21:45.868+0000][17921][gc,init] Parallel Workers: 8
[2021-04-08T00:21:45.868+0000][17921][gc,init] Concurrent Workers: 2
[2021-04-08T00:21:45.868+0000][17921][gc,init] Concurrent Refinement Workers: 8
[2021-04-08T00:21:45.868+0000][17921][gc,init] Periodic GC: Disabled
[2021-04-08T00:21:45.869+0000][17921][gc,cds ] Mark closed archive regions in map: [0x00000007ffc00000, 0x00000007ffc7bff8]
[2021-04-08T00:21:45.889+0000][17921][gc,cds ] Mark open archive regions in map: [0x00000007ffb00000, 0x00000007ffb51ff8]
[2021-04-08T00:21:45.914+0000][17921][gc,metaspace] CDS archive(s) mapped at: [0x0000000800000000-0x0000000800b2a000-0x0000000800b2a000), size 11706368, SharedBaseAddress: 0x0000000800000000, ArchiveRelocationMode: 0.
[2021-04-08T00:21:45.914+0000][17921][gc,metaspace] Compressed class space mapped at: 0x0000000800b2c000-0x0000000840b2c000, size: 1073741824
[2021-04-08T00:21:45.914+0000][17921][gc,metaspace] Narrow klass base: 0x0000000800000000, Narrow klass shift: 3, Narrow klass range: 0x100000000
[2021-04-08T00:21:46.567+0000][17921][safepoint   ] Safepoint "ICBufferFull", Time since last: 632796300 ns, Reaching safepoint: 204700 ns, At safepoint: 14600 ns, Total: 219300 ns
[2021-04-08T00:21:47.048+0000][17921][safepoint   ] Safepoint "ICBufferFull", Time since last: 480482100 ns, Reaching safepoint: 181700 ns, At safepoint: 21200 ns, Total: 202900 ns
[2021-04-08T00:21:47.994+0000][17921][safepoint   ] Safepoint "ICBufferFull", Time since last: 946144600 ns, Reaching safepoint: 192600 ns, At safepoint: 11300 ns, Total: 203900 ns
[2021-04-08T00:21:48.847+0000][17921][safepoint   ] Safepoint "ICBufferFull", Time since last: 847767100 ns, Reaching safepoint: 5290800 ns, At safepoint: 113000 ns, Total: 5403800 ns
[2021-04-08T00:21:49.511+0000][17921][safepoint   ] Safepoint "ICBufferFull", Time since last: 663231200 ns, Reaching safepoint: 222000 ns, At safepoint: 22200 ns, Total: 244200 ns
[2021-04-08T00:21:49.518+0000][17921][safepoint   ] Safepoint "ICBufferFull", Time since last: 7125400 ns, Reaching safepoint: 311000 ns, At safepoint: 11100 ns, Total: 322100 ns
[2021-04-08T00:21:49.524+0000][17921][safepoint   ] Safepoint "ICBufferFull", Time since last: 6206600 ns, Reaching safepoint: 116500 ns, At safepoint: 14800 ns, Total: 131300 ns
[2021-04-08T00:21:49.530+0000][17921][safepoint   ] Safepoint "ICBufferFull", Time since last: 5862400 ns, Reaching safepoint: 77300 ns, At safepoint: 12500 ns, Total: 89800 ns
[2021-04-08T00:21:49.537+0000][17921][safepoint   ] Safepoint "ICBufferFull", Time since last: 6274000 ns, Reaching safepoint: 96700 ns, At safepoint: 12900 ns, Total: 109600 ns
[2021-04-08T00:21:49.541+0000][17921][safepoint   ] Safepoint "ICBufferFull", Time since last: 4795800 ns, Reaching safepoint: 63100 ns, At safepoint: 9100 ns, Total: 72200 ns
[2021-04-08T00:21:49.547+0000][17921][safepoint   ] Safepoint "ICBufferFull", Time since last: 5686700 ns, Reaching safepoint: 89900 ns, At safepoint: 9600 ns, Total: 99500 ns
[2021-04-08T00:21:49.553+0000][17921][safepoint   ] Safepoint "ICBufferFull", Time since last: 5093400 ns, Reaching safepoint: 323000 ns, At safepoint: 12100 ns, Total: 335100 ns
[2021-04-08T00:21:49.558+0000][17921][safepoint   ] Safepoint "ICBufferFull", Time since last: 4912300 ns, Reaching safepoint: 132500 ns, At safepoint: 11100 ns, Total: 143600 ns
[2021-04-08T00:21:49.564+0000][17921][safepoint   ] Safepoint "ICBufferFull", Time since last: 6450000 ns, Reaching safepoint: 82600 ns, At safepoint: 10900 ns, Total: 93500 ns
[2021-04-08T00:21:49.570+0000][17921][safepoint   ] Safepoint "ICBufferFull", Time since last: 5445400 ns, Reaching safepoint: 77900 ns, At safepoint: 9200 ns, Total: 87100 ns
[2021-04-08T00:21:49.575+0000][17921][safepoint   ] Safepoint "ICBufferFull", Time since last: 4757700 ns, Reaching safepoint: 62100 ns, At safepoint: 10600 ns, Total: 72700 ns
[2021-04-08T00:21:49.580+0000][17921][safepoint   ] Safepoint "ICBufferFull", Time since last: 4750500 ns, Reaching safepoint: 76300 ns, At safepoint: 16100 ns, Total: 92400 ns
[2021-04-08T00:21:49.585+0000][17921][safepoint   ] Safepoint "ICBufferFull", Time since last: 5563400 ns, Reaching safepoint: 70800 ns, At safepoint: 16100 ns, Total: 86900 ns
[2021-04-08T00:21:49.589+0000][17921][safepoint   ] Safepoint "ICBufferFull", Time since last: 3533300 ns, Reaching safepoint: 77200 ns, At safepoint: 16400 ns, Total: 93600 ns
[2021-04-08T00:21:49.593+0000][17921][safepoint   ] Safepoint "ICBufferFull", Time since last: 3145100 ns, Reaching safepoint: 624200 ns, At safepoint: 17300 ns, Total: 641500 ns
[2021-04-08T00:21:49.597+0000][17921][safepoint   ] Safepoint "ICBufferFull", Time since last: 4415000 ns, Reaching safepoint: 80200 ns, At safepoint: 15300 ns, Total: 95500 ns
[2021-04-08T00:21:49.603+0000][17921][safepoint   ] Safepoint "ICBufferFull", Time since last: 5658300 ns, Reaching safepoint: 103200 ns, At safepoint: 15300 ns, Total: 118500 ns
[2021-04-08T00:21:49.610+0000][17921][safepoint   ] Safepoint "ICBufferFull", Time since last: 7117500 ns, Reaching safepoint: 70700 ns, At safepoint: 9500 ns, Total: 80200 ns
[2021-04-08T00:21:49.614+0000][17921][safepoint   ] Safepoint "ICBufferFull", Time since last: 4288500 ns, Reaching safepoint: 90400 ns, At safepoint: 17000 ns, Total: 107400 ns
[2021-04-08T00:21:49.616+0000][17921][safepoint   ] Safepoint "ICBufferFull", Time since last: 1368100 ns, Reaching safepoint: 66100 ns, At safepoint: 11300 ns, Total: 77400 ns
[2021-04-08T00:21:49.618+0000][17921][safepoint   ] Safepoint "ICBufferFull", Time since last: 1639000 ns, Reaching safepoint: 79800 ns, At safepoint: 16400 ns, Total: 96200 ns
[2021-04-08T00:21:49.619+0000][17921][safepoint   ] Safepoint "ICBufferFull", Time since last: 1419500 ns, Reaching safepoint: 89000 ns, At safepoint: 21300 ns, Total: 110300 ns
[2021-04-08T00:21:49.621+0000][17921][safepoint   ] Safepoint "ICBufferFull", Time since last: 1351900 ns, Reaching safepoint: 75800 ns, At safepoint: 15700 ns, Total: 91500 ns
[2021-04-08T00:21:49.622+0000][17921][safepoint   ] Safepoint "ICBufferFull", Time since last: 1312900 ns, Reaching safepoint: 76500 ns, At safepoint: 14400 ns, Total: 90900 ns
[2021-04-08T00:21:49.623+0000][17921][safepoint   ] Safepoint "ICBufferFull", Time since last: 1291500 ns, Reaching safepoint: 83900 ns, At safepoint: 14100 ns, Total: 98000 ns
[2021-04-08T00:21:49.625+0000][17921][safepoint   ] Safepoint "ICBufferFull", Time since last: 1310500 ns, Reaching safepoint: 72300 ns, At safepoint: 15200 ns, Total: 87500 ns
[2021-04-08T00:21:49.626+0000][17921][safepoint   ] Safepoint "ICBufferFull", Time since last: 1344500 ns, Reaching safepoint: 72000 ns, At safepoint: 13700 ns, Total: 85700 ns
[2021-04-08T00:21:49.628+0000][17921][safepoint   ] Safepoint "ICBufferFull", Time since last: 1386900 ns, Reaching safepoint: 613000 ns, At safepoint: 19500 ns, Total: 632500 ns
[2021-04-08T00:21:49.629+0000][17921][safepoint   ] Safepoint "ICBufferFull", Time since last: 887200 ns, Reaching safepoint: 63900 ns, At safepoint: 14100 ns, Total: 78000 ns
[2021-04-08T00:21:49.630+0000][17921][safepoint   ] Safepoint "ICBufferFull", Time since last: 726700 ns, Reaching safepoint: 59800 ns, At safepoint: 13600 ns, Total: 73400 ns
[2021-04-08T00:21:49.631+0000][17921][safepoint   ] Safepoint "ICBufferFull", Time since last: 746200 ns, Reaching safepoint: 83300 ns, At safepoint: 12800 ns, Total: 96100 ns
[2021-04-08T00:21:49.632+0000][17921][safepoint   ] Safepoint "ICBufferFull", Time since last: 832300 ns, Reaching safepoint: 63000 ns, At safepoint: 12700 ns, Total: 75700 ns
[2021-04-08T00:21:49.633+0000][17921][safepoint   ] Safepoint "ICBufferFull", Time since last: 730100 ns, Reaching safepoint: 68000 ns, At safepoint: 12200 ns, Total: 80200 ns
[2021-04-08T00:21:49.634+0000][17921][safepoint   ] Safepoint "ICBufferFull", Time since last: 905300 ns, Reaching safepoint: 64700 ns, At safepoint: 12900 ns, Total: 77600 ns
[2021-04-08T00:21:49.634+0000][17921][safepoint   ] Safepoint "ICBufferFull", Time since last: 805500 ns, Reaching safepoint: 60600 ns, At safepoint: 14700 ns, Total: 75300 ns
[2021-04-08T00:21:49.638+0000][17921][safepoint   ] Safepoint "ICBufferFull", Time since last: 3134700 ns, Reaching safepoint: 70500 ns, At safepoint: 15300 ns, Total: 85800 ns
[2021-04-08T00:21:49.643+0000][17921][safepoint   ] Safepoint "ICBufferFull", Time since last: 4791300 ns, Reaching safepoint: 81400 ns, At safepoint: 14300 ns, Total: 95700 ns
[2021-04-08T00:21:49.649+0000][17921][safepoint   ] Safepoint "ICBufferFull", Time since last: 5944500 ns, Reaching safepoint: 74900 ns, At safepoint: 15000 ns, Total: 89900 ns
[2021-04-08T00:21:49.650+0000][17921][safepoint   ] Safepoint "ICBufferFull", Time since last: 1409300 ns, Reaching safepoint: 76800 ns, At safepoint: 18800 ns, Total: 95600 ns
[2021-04-08T00:21:49.979+0000][17921][safepoint   ] Safepoint "ICBufferFull", Time since last: 328790200 ns, Reaching safepoint: 199300 ns, At safepoint: 21900 ns, Total: 221200 ns
[2021-04-08T00:21:50.362+0000][17921][gc,start    ] GC(0) Pause Young (Normal) (G1 Evacuation Pause)
[2021-04-08T00:21:50.363+0000][17921][gc,task     ] GC(0) Using 8 workers of 8 for evacuation
[2021-04-08T00:21:50.364+0000][17921][gc,age      ] GC(0) Desired survivor size 27262976 bytes, new threshold 15 (max threshold 15)
[2021-04-08T00:21:50.376+0000][17921][gc,age      ] GC(0) Age table with threshold 15 (max threshold 15)
[2021-04-08T00:21:50.376+0000][17921][gc,age      ] GC(0) - age   1:   12595152 bytes,   12595152 total
[2021-04-08T00:21:50.376+0000][17921][gc,phases   ] GC(0)   Pre Evacuate Collection Set: 0.7ms
[2021-04-08T00:21:50.376+0000][17921][gc,phases   ] GC(0)   Merge Heap Roots: 0.2ms
[2021-04-08T00:21:50.376+0000][17921][gc,phases   ] GC(0)   Evacuate Collection Set: 9.6ms
[2021-04-08T00:21:50.376+0000][17921][gc,phases   ] GC(0)   Post Evacuate Collection Set: 1.8ms
[2021-04-08T00:21:50.377+0000][17921][gc,phases   ] GC(0)   Other: 1.8ms
[2021-04-08T00:21:50.377+0000][17921][gc,heap     ] GC(0) Eden regions: 101->0(97)
[2021-04-08T00:21:50.377+0000][17921][gc,heap     ] GC(0) Survivor regions: 0->4(13)
[2021-04-08T00:21:50.377+0000][17921][gc,heap     ] GC(0) Old regions: 0->0
[2021-04-08T00:21:50.377+0000][17921][gc,heap     ] GC(0) Archive regions: 2->2
[2021-04-08T00:21:50.377+0000][17921][gc,heap     ] GC(0) Humongous regions: 0->0
[2021-04-08T00:21:50.377+0000][17921][gc,metaspace] GC(0) Metaspace: 18560K(19072K)->18560K(19072K) NonClass: 16350K(16640K)->16350K(16640K) Class: 2209K(2432K)->2209K(2432K)
[2021-04-08T00:21:50.377+0000][17921][gc          ] GC(0) Pause Young (Normal) (G1 Evacuation Pause) 407M->15M(8124M) 14.331ms
[2021-04-08T00:21:50.377+0000][17921][gc,cpu      ] GC(0) User=0.09s Sys=0.02s Real=0.01s
[2021-04-08T00:21:50.377+0000][17921][safepoint   ] Safepoint "G1CollectForAllocation", Time since last: 383006000 ns, Reaching safepoint: 168800 ns, At safepoint: 14634000 ns, Total: 14802800 ns
[2021-04-08T00:21:51.051+0000][17921][gc,start    ] GC(1) Pause Young (Normal) (G1 Evacuation Pause)
[2021-04-08T00:21:51.051+0000][17921][gc,task     ] GC(1) Using 8 workers of 8 for evacuation
[2021-04-08T00:21:51.051+0000][17921][gc,age      ] GC(1) Desired survivor size 27262976 bytes, new threshold 15 (max threshold 15)
[2021-04-08T00:21:51.060+0000][17921][gc,age      ] GC(1) Age table with threshold 15 (max threshold 15)
[2021-04-08T00:21:51.060+0000][17921][gc,age      ] GC(1) - age   1:    1474328 bytes,    1474328 total
[2021-04-08T00:21:51.060+0000][17921][gc,age      ] GC(1) - age   2:   12068712 bytes,   13543040 total
[2021-04-08T00:21:51.060+0000][17921][gc,phases   ] GC(1)   Pre Evacuate Collection Set: 0.3ms
[2021-04-08T00:21:51.060+0000][17921][gc,phases   ] GC(1)   Merge Heap Roots: 0.1ms
[2021-04-08T00:21:51.060+0000][17921][gc,phases   ] GC(1)   Evacuate Collection Set: 7.3ms
[2021-04-08T00:21:51.060+0000][17921][gc,phases   ] GC(1)   Post Evacuate Collection Set: 1.2ms
[2021-04-08T00:21:51.060+0000][17921][gc,phases   ] GC(1)   Other: 0.4ms
[2021-04-08T00:21:51.060+0000][17921][gc,heap     ] GC(1) Eden regions: 97->0(97)
[2021-04-08T00:21:51.060+0000][17921][gc,heap     ] GC(1) Survivor regions: 4->4(13)
[2021-04-08T00:21:51.060+0000][17921][gc,heap     ] GC(1) Old regions: 0->0
[2021-04-08T00:21:51.060+0000][17921][gc,heap     ] GC(1) Archive regions: 2->2
[2021-04-08T00:21:51.060+0000][17921][gc,heap     ] GC(1) Humongous regions: 0->0
[2021-04-08T00:21:51.060+0000][17921][gc,metaspace] GC(1) Metaspace: 19158K(19968K)->19158K(19968K) NonClass: 16859K(17408K)->16859K(17408K) Class: 2298K(2560K)->2298K(2560K)
[2021-04-08T00:21:51.060+0000][17921][gc          ] GC(1) Pause Young (Normal) (G1 Evacuation Pause) 403M->17M(8124M) 9.543ms
[2021-04-08T00:21:51.060+0000][17921][gc,cpu      ] GC(1) User=0.04s Sys=0.00s Real=0.01s
[2021-04-08T00:21:51.060+0000][17921][safepoint   ] Safepoint "G1CollectForAllocation", Time since last: 673473500 ns, Reaching safepoint: 125500 ns, At safepoint: 9712000 ns, Total: 9837500 ns
[2021-04-08T00:21:51.761+0000][17921][gc,start    ] GC(2) Pause Young (Normal) (G1 Evacuation Pause)
[2021-04-08T00:21:51.761+0000][17921][gc,task     ] GC(2) Using 8 workers of 8 for evacuation
[2021-04-08T00:21:51.761+0000][17921][gc,age      ] GC(2) Desired survivor size 27262976 bytes, new threshold 15 (max threshold 15)
[2021-04-08T00:21:51.777+0000][17921][gc,age      ] GC(2) Age table with threshold 15 (max threshold 15)
[2021-04-08T00:21:51.777+0000][17921][gc,age      ] GC(2) - age   1:    3062024 bytes,    3062024 total
[2021-04-08T00:21:51.777+0000][17921][gc,age      ] GC(2) - age   2:    1278520 bytes,    4340544 total
[2021-04-08T00:21:51.777+0000][17921][gc,age      ] GC(2) - age   3:   12064680 bytes,   16405224 total
[2021-04-08T00:21:51.777+0000][17921][gc,phases   ] GC(2)   Pre Evacuate Collection Set: 0.4ms
[2021-04-08T00:21:51.778+0000][17921][gc,phases   ] GC(2)   Merge Heap Roots: 0.1ms
[2021-04-08T00:21:51.778+0000][17921][gc,phases   ] GC(2)   Evacuate Collection Set: 14.2ms
[2021-04-08T00:21:51.778+0000][17921][gc,phases   ] GC(2)   Post Evacuate Collection Set: 1.2ms
[2021-04-08T00:21:51.778+0000][17921][gc,phases   ] GC(2)   Other: 0.4ms
[2021-04-08T00:21:51.778+0000][17921][gc,heap     ] GC(2) Eden regions: 97->0(111)
[2021-04-08T00:21:51.778+0000][17921][gc,heap     ] GC(2) Survivor regions: 4->5(13)
[2021-04-08T00:21:51.778+0000][17921][gc,heap     ] GC(2) Old regions: 0->0
[2021-04-08T00:21:51.778+0000][17921][gc,heap     ] GC(2) Archive regions: 2->2
[2021-04-08T00:21:51.778+0000][17921][gc,heap     ] GC(2) Humongous regions: 0->0
[2021-04-08T00:21:51.778+0000][17921][gc,metaspace] GC(2) Metaspace: 19490K(20480K)->19490K(20480K) NonClass: 17155K(17920K)->17155K(17920K) Class: 2335K(2560K)->2335K(2560K)
[2021-04-08T00:21:51.778+0000][17921][gc          ] GC(2) Pause Young (Normal) (G1 Evacuation Pause) 405M->20M(8124M) 16.609ms
[2021-04-08T00:21:51.778+0000][17921][gc,cpu      ] GC(2) User=0.07s Sys=0.00s Real=0.02s
[2021-04-08T00:21:51.778+0000][17921][safepoint   ] Safepoint "G1CollectForAllocation", Time since last: 700714500 ns, Reaching safepoint: 201200 ns, At safepoint: 16770800 ns, Total: 16972000 ns
[2021-04-08T00:21:52.811+0000][17921][safepoint   ] Safepoint "Cleanup", Time since last: 1030452600 ns, Reaching safepoint: 3004000 ns, At safepoint: 121100 ns, Total: 3125100 ns
[2021-04-08T00:21:53.129+0000][17921][gc,start    ] GC(3) Pause Young (Normal) (G1 Evacuation Pause)
[2021-04-08T00:21:53.130+0000][17921][gc,task     ] GC(3) Using 8 workers of 8 for evacuation
[2021-04-08T00:21:53.131+0000][17921][gc,age      ] GC(3) Desired survivor size 31457280 bytes, new threshold 15 (max threshold 15)
[2021-04-08T00:21:53.186+0000][17921][gc,age      ] GC(3) Age table with threshold 15 (max threshold 15)
[2021-04-08T00:21:53.186+0000][17921][gc,age      ] GC(3) - age   1:     569824 bytes,     569824 total
[2021-04-08T00:21:53.187+0000][17921][gc,age      ] GC(3) - age   2:    2065256 bytes,    2635080 total
[2021-04-08T00:21:53.187+0000][17921][gc,age      ] GC(3) - age   3:    1278232 bytes,    3913312 total
[2021-04-08T00:21:53.187+0000][17921][gc,age      ] GC(3) - age   4:   12064328 bytes,   15977640 total
[2021-04-08T00:21:53.188+0000][17921][gc,phases   ] GC(3)   Pre Evacuate Collection Set: 20.1ms
[2021-04-08T00:21:53.188+0000][17921][gc,phases   ] GC(3)   Merge Heap Roots: 3.7ms
[2021-04-08T00:21:53.189+0000][17921][gc,phases   ] GC(3)   Evacuate Collection Set: 20.3ms
[2021-04-08T00:21:53.189+0000][17921][gc,phases   ] GC(3)   Post Evacuate Collection Set: 9.8ms
[2021-04-08T00:21:53.190+0000][17921][gc,phases   ] GC(3)   Other: 4.9ms
[2021-04-08T00:21:53.190+0000][17921][gc,heap     ] GC(3) Eden regions: 111->0(1213)
[2021-04-08T00:21:53.190+0000][17921][gc,heap     ] GC(3) Survivor regions: 5->5(15)
[2021-04-08T00:21:53.190+0000][17921][gc,heap     ] GC(3) Old regions: 0->0
[2021-04-08T00:21:53.190+0000][17921][gc,heap     ] GC(3) Archive regions: 2->2
[2021-04-08T00:21:53.190+0000][17921][gc,heap     ] GC(3) Humongous regions: 0->0
[2021-04-08T00:21:53.191+0000][17921][gc,metaspace] GC(3) Metaspace: 19861K(20864K)->19861K(20864K) NonClass: 17456K(18176K)->17456K(18176K) Class: 2404K(2688K)->2404K(2688K)
[2021-04-08T00:21:53.191+0000][17921][gc          ] GC(3) Pause Young (Normal) (G1 Evacuation Pause) 464M->20M(8124M) 62.283ms
[2021-04-08T00:21:53.192+0000][17921][gc,cpu      ] GC(3) User=0.06s Sys=0.01s Real=0.06s
[2021-04-08T00:21:53.192+0000][17921][safepoint   ] Safepoint "G1CollectForAllocation", Time since last: 314314100 ns, Reaching safepoint: 2853300 ns, At safepoint: 63261200 ns, Total: 66114500 ns
[2021-04-08T00:21:53.961+0000][17921][gc,start    ] GC(4) Pause Young (Concurrent Start) (Metadata GC Threshold)
[2021-04-08T00:21:53.961+0000][17921][gc,task     ] GC(4) Using 8 workers of 8 for evacuation
[2021-04-08T00:21:53.961+0000][17921][gc,age      ] GC(4) Desired survivor size 320864256 bytes, new threshold 15 (max threshold 15)
[2021-04-08T00:21:53.977+0000][17921][gc,age      ] GC(4) Age table with threshold 15 (max threshold 15)
[2021-04-08T00:21:53.977+0000][17921][gc,age      ] GC(4) - age   1:    1609992 bytes,    1609992 total
[2021-04-08T00:21:53.977+0000][17921][gc,age      ] GC(4) - age   2:     542936 bytes,    2152928 total
[2021-04-08T00:21:53.977+0000][17921][gc,age      ] GC(4) - age   3:    2065168 bytes,    4218096 total
[2021-04-08T00:21:53.977+0000][17921][gc,age      ] GC(4) - age   4:    1276520 bytes,    5494616 total
[2021-04-08T00:21:53.977+0000][17921][gc,age      ] GC(4) - age   5:   12064120 bytes,   17558736 total
[2021-04-08T00:21:53.977+0000][17921][gc,phases   ] GC(4)   Pre Evacuate Collection Set: 0.6ms
[2021-04-08T00:21:53.978+0000][17921][gc,phases   ] GC(4)   Merge Heap Roots: 0.2ms
[2021-04-08T00:21:53.978+0000][17921][gc,phases   ] GC(4)   Evacuate Collection Set: 12.9ms
[2021-04-08T00:21:53.978+0000][17921][gc,phases   ] GC(4)   Post Evacuate Collection Set: 1.3ms
[2021-04-08T00:21:53.978+0000][17921][gc,phases   ] GC(4)   Other: 1.6ms
[2021-04-08T00:21:53.978+0000][17921][gc,heap     ] GC(4) Eden regions: 88->0(1213)
[2021-04-08T00:21:53.978+0000][17921][gc,heap     ] GC(4) Survivor regions: 5->5(153)
[2021-04-08T00:21:53.978+0000][17921][gc,heap     ] GC(4) Old regions: 0->0
[2021-04-08T00:21:53.978+0000][17921][gc,heap     ] GC(4) Archive regions: 2->2
[2021-04-08T00:21:53.978+0000][17921][gc,heap     ] GC(4) Humongous regions: 0->0
[2021-04-08T00:21:53.978+0000][17921][gc,metaspace] GC(4) Metaspace: 20082K(21248K)->20082K(21248K) NonClass: 17634K(18432K)->17634K(18432K) Class: 2448K(2816K)->2448K(2816K)
[2021-04-08T00:21:53.978+0000][17921][gc          ] GC(4) Pause Young (Concurrent Start) (Metadata GC Threshold) 370M->21M(8124M) 16.881ms
[2021-04-08T00:21:53.978+0000][17921][gc,cpu      ] GC(4) User=0.05s Sys=0.00s Real=0.02s
[2021-04-08T00:21:53.979+0000][17921][gc          ] GC(5) Concurrent Cycle
[2021-04-08T00:21:53.979+0000][17921][gc,marking  ] GC(5) Concurrent Clear Claimed Marks
[2021-04-08T00:21:53.979+0000][17921][gc,marking  ] GC(5) Concurrent Clear Claimed Marks 0.377ms
[2021-04-08T00:21:53.979+0000][17921][gc,marking  ] GC(5) Concurrent Scan Root Regions
[2021-04-08T00:21:53.979+0000][17921][safepoint   ] Safepoint "CollectForMetadataAllocation", Time since last: 768584200 ns, Reaching safepoint: 499900 ns, At safepoint: 18395400 ns, Total: 18895300 ns
[2021-04-08T00:21:53.988+0000][17921][gc,marking  ] GC(5) Concurrent Scan Root Regions 9.112ms
[2021-04-08T00:21:53.988+0000][17921][gc,marking  ] GC(5) Concurrent Mark (23.367s)
[2021-04-08T00:21:53.988+0000][17921][gc,marking  ] GC(5) Concurrent Mark From Roots
[2021-04-08T00:21:53.989+0000][17921][gc,task     ] GC(5) Using 2 workers of 2 for marking
[2021-04-08T00:21:53.994+0000][17921][gc,marking  ] GC(5) Concurrent Mark From Roots 5.465ms
[2021-04-08T00:21:53.994+0000][17921][gc,marking  ] GC(5) Concurrent Preclean
[2021-04-08T00:21:53.994+0000][17921][gc,marking  ] GC(5) Concurrent Preclean 0.623ms
[2021-04-08T00:21:53.995+0000][17921][gc,marking  ] GC(5) Concurrent Mark (23.367s, 23.373s) 6.214ms
[2021-04-08T00:21:53.997+0000][17921][gc,start    ] GC(5) Pause Remark
[2021-04-08T00:21:54.019+0000][17921][gc          ] GC(5) Pause Remark 23M->23M(8124M) 21.934ms
[2021-04-08T00:21:54.019+0000][17921][gc,cpu      ] GC(5) User=0.02s Sys=0.00s Real=0.03s
[2021-04-08T00:21:54.019+0000][17921][safepoint   ] Safepoint "G1Concurrent", Time since last: 17320000 ns, Reaching safepoint: 184800 ns, At safepoint: 22105200 ns, Total: 22290000 ns
[2021-04-08T00:21:54.019+0000][17921][gc,marking  ] GC(5) Concurrent Rebuild Remembered Sets
[2021-04-08T00:21:54.020+0000][17921][gc,marking  ] GC(5) Concurrent Rebuild Remembered Sets 1.023ms
[2021-04-08T00:21:54.021+0000][17921][gc,start    ] GC(5) Pause Cleanup
[2021-04-08T00:21:54.021+0000][17921][gc          ] GC(5) Pause Cleanup 23M->23M(8124M) 0.510ms
[2021-04-08T00:21:54.021+0000][17921][gc,cpu      ] GC(5) User=0.00s Sys=0.00s Real=0.00s
[2021-04-08T00:21:54.021+0000][17921][safepoint   ] Safepoint "G1Concurrent", Time since last: 1162300 ns, Reaching safepoint: 569300 ns, At safepoint: 677200 ns, Total: 1246500 ns
[2021-04-08T00:21:54.022+0000][17921][gc,marking  ] GC(5) Concurrent Cleanup for Next Mark
[2021-04-08T00:21:54.038+0000][17921][gc,marking  ] GC(5) Concurrent Cleanup for Next Mark 16.041ms
[2021-04-08T00:21:54.038+0000][17921][gc          ] GC(5) Concurrent Cycle 58.991ms
[2021-04-08T00:21:55.024+0000][17921][safepoint   ] Safepoint "Cleanup", Time since last: 1001471300 ns, Reaching safepoint: 1093700 ns, At safepoint: 6700 ns, Total: 1100400 ns
[2021-04-08T00:21:56.029+0000][17921][safepoint   ] Safepoint "Cleanup", Time since last: 1004189000 ns, Reaching safepoint: 733600 ns, At safepoint: 27100 ns, Total: 760700 ns
[2021-04-08T00:21:57.124+0000][17921][safepoint   ] Safepoint "Cleanup", Time since last: 1093383300 ns, Reaching safepoint: 1878700 ns, At safepoint: 11800 ns, Total: 1890500 ns
[2021-04-08T00:21:58.132+0000][17921][safepoint   ] Safepoint "Cleanup", Time since last: 1007210200 ns, Reaching safepoint: 197900 ns, At safepoint: 11800 ns, Total: 209700 ns
[2021-04-08T00:21:59.282+0000][17921][safepoint   ] Safepoint "Cleanup", Time since last: 1148680600 ns, Reaching safepoint: 1625900 ns, At safepoint: 8900 ns, Total: 1634800 ns
[2021-04-08T00:22:00.293+0000][17921][safepoint   ] Safepoint "Cleanup", Time since last: 1010414300 ns, Reaching safepoint: 508300 ns, At safepoint: 9500 ns, Total: 517800 ns
[2021-04-08T00:22:00.890+0000][17921][gc,start    ] GC(6) Pause Young (Concurrent Start) (Metadata GC Threshold)
[2021-04-08T00:22:00.890+0000][17921][gc,task     ] GC(6) Using 8 workers of 8 for evacuation
[2021-04-08T00:22:00.891+0000][17921][gc,age      ] GC(6) Desired survivor size 320864256 bytes, new threshold 15 (max threshold 15)
[2021-04-08T00:22:00.938+0000][17921][gc,age      ] GC(6) Age table with threshold 15 (max threshold 15)
[2021-04-08T00:22:00.938+0000][17921][gc,age      ] GC(6) - age   1:   40075312 bytes,   40075312 total
[2021-04-08T00:22:00.938+0000][17921][gc,age      ] GC(6) - age   2:    1576848 bytes,   41652160 total
[2021-04-08T00:22:00.938+0000][17921][gc,age      ] GC(6) - age   3:     529680 bytes,   42181840 total
[2021-04-08T00:22:00.938+0000][17921][gc,age      ] GC(6) - age   4:    2049216 bytes,   44231056 total
[2021-04-08T00:22:00.938+0000][17921][gc,age      ] GC(6) - age   5:    1260152 bytes,   45491208 total
[2021-04-08T00:22:00.938+0000][17921][gc,age      ] GC(6) - age   6:   11934176 bytes,   57425384 total
[2021-04-08T00:22:00.938+0000][17921][gc,phases   ] GC(6)   Pre Evacuate Collection Set: 1.2ms
[2021-04-08T00:22:00.938+0000][17921][gc,phases   ] GC(6)   Merge Heap Roots: 0.2ms
[2021-04-08T00:22:00.938+0000][17921][gc,phases   ] GC(6)   Evacuate Collection Set: 42.8ms
[2021-04-08T00:22:00.938+0000][17921][gc,phases   ] GC(6)   Post Evacuate Collection Set: 3.0ms
[2021-04-08T00:22:00.938+0000][17921][gc,phases   ] GC(6)   Other: 0.8ms
[2021-04-08T00:22:00.939+0000][17921][gc,heap     ] GC(6) Eden regions: 264->0(299)
[2021-04-08T00:22:00.939+0000][17921][gc,heap     ] GC(6) Survivor regions: 5->14(153)
[2021-04-08T00:22:00.939+0000][17921][gc,heap     ] GC(6) Old regions: 0->0
[2021-04-08T00:22:00.939+0000][17921][gc,heap     ] GC(6) Archive regions: 2->2
[2021-04-08T00:22:00.939+0000][17921][gc,heap     ] GC(6) Humongous regions: 0->0
[2021-04-08T00:22:00.939+0000][17921][gc,metaspace] GC(6) Metaspace: 33637K(35840K)->33637K(35840K) NonClass: 29324K(30848K)->29324K(30848K) Class: 4312K(4992K)->4312K(4992K)
[2021-04-08T00:22:00.939+0000][17921][gc          ] GC(6) Pause Young (Concurrent Start) (Metadata GC Threshold) 1077M->59M(8124M) 48.322ms
[2021-04-08T00:22:00.939+0000][17921][gc,cpu      ] GC(6) User=0.22s Sys=0.00s Real=0.05s
[2021-04-08T00:22:00.939+0000][17921][gc          ] GC(7) Concurrent Cycle
[2021-04-08T00:22:00.939+0000][17921][gc,marking  ] GC(7) Concurrent Clear Claimed Marks
[2021-04-08T00:22:00.939+0000][17921][gc,marking  ] GC(7) Concurrent Clear Claimed Marks 0.087ms
[2021-04-08T00:22:00.939+0000][17921][gc,marking  ] GC(7) Concurrent Scan Root Regions
[2021-04-08T00:22:00.940+0000][17921][safepoint   ] Safepoint "CollectForMetadataAllocation", Time since last: 596472400 ns, Reaching safepoint: 969700 ns, At safepoint: 49596700 ns, Total: 50566400 ns
[2021-04-08T00:22:00.970+0000][17921][gc,marking  ] GC(7) Concurrent Scan Root Regions 30.963ms
[2021-04-08T00:22:00.970+0000][17921][gc,marking  ] GC(7) Concurrent Mark (30.349s)
[2021-04-08T00:22:00.970+0000][17921][gc,marking  ] GC(7) Concurrent Mark From Roots
[2021-04-08T00:22:00.970+0000][17921][gc,task     ] GC(7) Using 2 workers of 2 for marking
[2021-04-08T00:22:00.975+0000][17921][gc,marking  ] GC(7) Concurrent Mark From Roots 4.630ms
[2021-04-08T00:22:00.975+0000][17921][gc,marking  ] GC(7) Concurrent Preclean
[2021-04-08T00:22:00.975+0000][17921][gc,marking  ] GC(7) Concurrent Preclean 0.333ms
[2021-04-08T00:22:00.975+0000][17921][gc,marking  ] GC(7) Concurrent Mark (30.349s, 30.354s) 5.095ms
[2021-04-08T00:22:00.976+0000][17921][gc,start    ] GC(7) Pause Remark
[2021-04-08T00:22:00.978+0000][17921][gc          ] GC(7) Pause Remark 61M->61M(8124M) 2.739ms
[2021-04-08T00:22:00.978+0000][17921][gc,cpu      ] GC(7) User=0.00s Sys=0.00s Real=0.01s
[2021-04-08T00:22:00.978+0000][17921][safepoint   ] Safepoint "G1Concurrent", Time since last: 35560500 ns, Reaching safepoint: 111000 ns, At safepoint: 2899600 ns, Total: 3010600 ns
[2021-04-08T00:22:00.979+0000][17921][gc,marking  ] GC(7) Concurrent Rebuild Remembered Sets
[2021-04-08T00:22:00.980+0000][17921][gc,marking  ] GC(7) Concurrent Rebuild Remembered Sets 1.039ms
[2021-04-08T00:22:00.981+0000][17921][gc,start    ] GC(7) Pause Cleanup
[2021-04-08T00:22:00.982+0000][17921][gc          ] GC(7) Pause Cleanup 61M->61M(8124M) 0.472ms
[2021-04-08T00:22:00.982+0000][17921][gc,cpu      ] GC(7) User=0.00s Sys=0.00s Real=0.00s
[2021-04-08T00:22:00.982+0000][17921][safepoint   ] Safepoint "G1Concurrent", Time since last: 1210500 ns, Reaching safepoint: 1487000 ns, At safepoint: 604700 ns, Total: 2091700 ns
[2021-04-08T00:22:00.982+0000][17921][gc,marking  ] GC(7) Concurrent Cleanup for Next Mark
[2021-04-08T00:22:00.995+0000][17921][gc,marking  ] GC(7) Concurrent Cleanup for Next Mark 12.744ms
[2021-04-08T00:22:00.995+0000][17921][gc          ] GC(7) Concurrent Cycle 55.850ms
[2021-04-08T00:22:01.753+0000][17921][safepoint   ] Safepoint "ICBufferFull", Time since last: 771294800 ns, Reaching safepoint: 182600 ns, At safepoint: 19500 ns, Total: 202100 ns
[2021-04-08T00:22:03.448+0000][17921][safepoint   ] Safepoint "Cleanup", Time since last: 1694078600 ns, Reaching safepoint: 409100 ns, At safepoint: 9500 ns, Total: 418600 ns
[2021-04-08T00:22:04.104+0000][17921][safepoint   ] Safepoint "ICBufferFull", Time since last: 656333300 ns, Reaching safepoint: 303800 ns, At safepoint: 16700 ns, Total: 320500 ns
[2021-04-08T00:22:04.865+0000][17921][gc,start    ] GC(8) Pause Young (Concurrent Start) (Metadata GC Threshold)
[2021-04-08T00:22:04.865+0000][17921][gc,task     ] GC(8) Using 8 workers of 8 for evacuation
[2021-04-08T00:22:04.865+0000][17921][gc,age      ] GC(8) Desired survivor size 85983232 bytes, new threshold 15 (max threshold 15)
[2021-04-08T00:22:04.905+0000][17921][gc,age      ] GC(8) Age table with threshold 15 (max threshold 15)
[2021-04-08T00:22:04.905+0000][17921][gc,age      ] GC(8) - age   1:    8994024 bytes,    8994024 total
[2021-04-08T00:22:04.905+0000][17921][gc,age      ] GC(8) - age   2:   39741336 bytes,   48735360 total
[2021-04-08T00:22:04.905+0000][17921][gc,age      ] GC(8) - age   3:    1570176 bytes,   50305536 total
[2021-04-08T00:22:04.905+0000][17921][gc,age      ] GC(8) - age   4:     516776 bytes,   50822312 total
[2021-04-08T00:22:04.905+0000][17921][gc,age      ] GC(8) - age   5:    2047544 bytes,   52869856 total
[2021-04-08T00:22:04.905+0000][17921][gc,age      ] GC(8) - age   6:    1245184 bytes,   54115040 total
[2021-04-08T00:22:04.905+0000][17921][gc,age      ] GC(8) - age   7:   11878568 bytes,   65993608 total
[2021-04-08T00:22:04.905+0000][17921][gc,phases   ] GC(8)   Pre Evacuate Collection Set: 0.3ms
[2021-04-08T00:22:04.905+0000][17921][gc,phases   ] GC(8)   Merge Heap Roots: 0.1ms
[2021-04-08T00:22:04.905+0000][17921][gc,phases   ] GC(8)   Evacuate Collection Set: 37.3ms
[2021-04-08T00:22:04.905+0000][17921][gc,phases   ] GC(8)   Post Evacuate Collection Set: 2.3ms
[2021-04-08T00:22:04.905+0000][17921][gc,phases   ] GC(8)   Other: 0.5ms
[2021-04-08T00:22:04.905+0000][17921][gc,heap     ] GC(8) Eden regions: 81->0(123)
[2021-04-08T00:22:04.905+0000][17921][gc,heap     ] GC(8) Survivor regions: 14->17(41)
[2021-04-08T00:22:04.905+0000][17921][gc,heap     ] GC(8) Old regions: 0->0
[2021-04-08T00:22:04.905+0000][17921][gc,heap     ] GC(8) Archive regions: 2->2
[2021-04-08T00:22:04.905+0000][17921][gc,heap     ] GC(8) Humongous regions: 0->0
[2021-04-08T00:22:04.905+0000][17921][gc,metaspace] GC(8) Metaspace: 57205K(60160K)->57205K(60160K) NonClass: 49670K(51712K)->49670K(51712K) Class: 7535K(8448K)->7535K(8448K)
[2021-04-08T00:22:04.905+0000][17921][gc          ] GC(8) Pause Young (Concurrent Start) (Metadata GC Threshold) 381M->70M(8124M) 40.635ms
[2021-04-08T00:22:04.906+0000][17921][gc,cpu      ] GC(8) User=0.25s Sys=0.02s Real=0.04s
[2021-04-08T00:22:04.906+0000][17921][gc          ] GC(9) Concurrent Cycle
[2021-04-08T00:22:04.906+0000][17921][gc,marking  ] GC(9) Concurrent Clear Claimed Marks
[2021-04-08T00:22:04.906+0000][17921][gc,marking  ] GC(9) Concurrent Clear Claimed Marks 0.082ms
[2021-04-08T00:22:04.906+0000][17921][gc,marking  ] GC(9) Concurrent Scan Root Regions
[2021-04-08T00:22:04.907+0000][17921][safepoint   ] Safepoint "CollectForMetadataAllocation", Time since last: 760124500 ns, Reaching safepoint: 232400 ns, At safepoint: 41986600 ns, Total: 42219000 ns
[2021-04-08T00:22:04.935+0000][17921][safepoint   ] Safepoint "CollectForMetadataAllocation", Time since last: 27139700 ns, Reaching safepoint: 212000 ns, At safepoint: 1350200 ns, Total: 1562200 ns
[2021-04-08T00:22:04.940+0000][17921][gc,marking  ] GC(9) Concurrent Scan Root Regions 34.454ms
[2021-04-08T00:22:04.940+0000][17921][gc,marking  ] GC(9) Concurrent Mark (34.319s)
[2021-04-08T00:22:04.940+0000][17921][gc,marking  ] GC(9) Concurrent Mark From Roots
[2021-04-08T00:22:04.940+0000][17921][gc,task     ] GC(9) Using 2 workers of 2 for marking
[2021-04-08T00:22:04.944+0000][17921][gc,marking  ] GC(9) Concurrent Mark From Roots 3.797ms
[2021-04-08T00:22:04.944+0000][17921][gc,marking  ] GC(9) Concurrent Preclean
[2021-04-08T00:22:04.944+0000][17921][gc,marking  ] GC(9) Concurrent Preclean 0.320ms
[2021-04-08T00:22:04.945+0000][17921][gc,marking  ] GC(9) Concurrent Mark (34.319s, 34.323s) 4.270ms
[2021-04-08T00:22:04.945+0000][17921][gc,start    ] GC(9) Pause Remark
[2021-04-08T00:22:04.948+0000][17921][gc          ] GC(9) Pause Remark 74M->74M(8124M) 3.225ms
[2021-04-08T00:22:04.948+0000][17921][gc,cpu      ] GC(9) User=0.00s Sys=0.00s Real=0.01s
[2021-04-08T00:22:04.948+0000][17921][safepoint   ] Safepoint "G1Concurrent", Time since last: 9129400 ns, Reaching safepoint: 71700 ns, At safepoint: 3347400 ns, Total: 3419100 ns
[2021-04-08T00:22:04.948+0000][17921][gc,marking  ] GC(9) Concurrent Rebuild Remembered Sets
[2021-04-08T00:22:04.949+0000][17921][gc,marking  ] GC(9) Concurrent Rebuild Remembered Sets 0.961ms
[2021-04-08T00:22:04.950+0000][17921][gc,start    ] GC(9) Pause Cleanup
[2021-04-08T00:22:04.950+0000][17921][gc          ] GC(9) Pause Cleanup 74M->74M(8124M) 0.415ms
[2021-04-08T00:22:04.950+0000][17921][gc,cpu      ] GC(9) User=0.00s Sys=0.00s Real=0.00s
[2021-04-08T00:22:04.950+0000][17921][safepoint   ] Safepoint "G1Concurrent", Time since last: 1083300 ns, Reaching safepoint: 708900 ns, At safepoint: 528800 ns, Total: 1237700 ns
[2021-04-08T00:22:04.950+0000][17921][gc,marking  ] GC(9) Concurrent Cleanup for Next Mark
[2021-04-08T00:22:04.963+0000][17921][gc,marking  ] GC(9) Concurrent Cleanup for Next Mark 12.205ms
[2021-04-08T00:22:04.963+0000][17921][gc          ] GC(9) Concurrent Cycle 57.086ms
[2021-04-08T00:22:05.955+0000][17921][safepoint   ] Safepoint "Cleanup", Time since last: 1004227500 ns, Reaching safepoint: 667800 ns, At safepoint: 12800 ns, Total: 680600 ns
[2021-04-08T00:22:07.220+0000][17921][safepoint   ] Safepoint "Cleanup", Time since last: 1262778700 ns, Reaching safepoint: 1865800 ns, At safepoint: 17300 ns, Total: 1883100 ns
[2021-04-08T00:22:08.232+0000][17921][safepoint   ] Safepoint "Cleanup", Time since last: 1010239400 ns, Reaching safepoint: 1682400 ns, At safepoint: 15200 ns, Total: 1697600 ns
[2021-04-08T00:22:09.348+0000][17921][safepoint   ] Safepoint "Cleanup", Time since last: 1115981800 ns, Reaching safepoint: 201700 ns, At safepoint: 11600 ns, Total: 213300 ns
[2021-04-08T00:22:10.361+0000][17921][safepoint   ] Safepoint "ICBufferFull", Time since last: 1012515400 ns, Reaching safepoint: 224600 ns, At safepoint: 15300 ns, Total: 239900 ns
[2021-04-08T00:22:11.576+0000][17921][safepoint   ] Safepoint "Cleanup", Time since last: 1214203200 ns, Reaching safepoint: 862800 ns, At safepoint: 13400 ns, Total: 876200 ns
[2021-04-08T00:22:13.022+0000][17921][safepoint   ] Safepoint "ICBufferFull", Time since last: 1446008400 ns, Reaching safepoint: 266300 ns, At safepoint: 23900 ns, Total: 290200 ns
[2021-04-08T00:22:14.034+0000][17921][safepoint   ] Safepoint "Cleanup", Time since last: 1011208200 ns, Reaching safepoint: 823900 ns, At safepoint: 42700 ns, Total: 866600 ns
[2021-04-08T00:22:15.046+0000][17921][safepoint   ] Safepoint "Cleanup", Time since last: 1011689800 ns, Reaching safepoint: 101200 ns, At safepoint: 9500 ns, Total: 110700 ns
[2021-04-08T00:22:16.055+0000][17921][safepoint   ] Safepoint "Cleanup", Time since last: 1008565700 ns, Reaching safepoint: 264600 ns, At safepoint: 11900 ns, Total: 276500 ns
[2021-04-08T00:22:17.063+0000][17921][safepoint   ] Safepoint "Cleanup", Time since last: 1008208000 ns, Reaching safepoint: 165300 ns, At safepoint: 13100 ns, Total: 178400 ns
[2021-04-08T00:22:18.069+0000][17921][safepoint   ] Safepoint "Cleanup", Time since last: 1005240000 ns, Reaching safepoint: 290400 ns, At safepoint: 9800 ns, Total: 300200 ns
[2021-04-08T00:22:21.106+0000][17921][safepoint   ] Safepoint "Cleanup", Time since last: 3037080700 ns, Reaching safepoint: 160900 ns, At safepoint: 6500 ns, Total: 167400 ns
[2021-04-08T00:22:25.145+0000][17921][safepoint   ] Safepoint "Cleanup", Time since last: 4038337900 ns, Reaching safepoint: 120600 ns, At safepoint: 10300 ns, Total: 130900 ns
[2021-04-08T00:22:27.172+0000][17921][safepoint   ] Safepoint "Cleanup", Time since last: 2027123700 ns, Reaching safepoint: 111600 ns, At safepoint: 10400 ns, Total: 122000 ns
[2021-04-08T00:22:29.183+0000][17921][safepoint   ] Safepoint "Cleanup", Time since last: 2011240200 ns, Reaching safepoint: 176200 ns, At safepoint: 25300 ns, Total: 201500 ns
[2021-04-08T00:22:30.198+0000][17921][safepoint   ] Safepoint "Cleanup", Time since last: 1014419600 ns, Reaching safepoint: 143700 ns, At safepoint: 13400 ns, Total: 157100 ns
[2021-04-08T00:22:32.213+0000][17921][safepoint   ] Safepoint "Cleanup", Time since last: 2014738700 ns, Reaching safepoint: 281000 ns, At safepoint: 12900 ns, Total: 293900 ns
[2021-04-08T00:22:35.236+0000][17921][safepoint   ] Safepoint "Cleanup", Time since last: 3022958200 ns, Reaching safepoint: 148700 ns, At safepoint: 10800 ns, Total: 159500 ns
[2021-04-08T00:22:36.237+0000][17921][safepoint   ] Safepoint "Cleanup", Time since last: 1001179300 ns, Reaching safepoint: 302100 ns, At safepoint: 10900 ns, Total: 313000 ns
[2021-04-08T00:22:42.286+0000][17921][safepoint   ] Safepoint "Cleanup", Time since last: 6047940700 ns, Reaching safepoint: 291600 ns, At safepoint: 12800 ns, Total: 304400 ns
[2021-04-08T00:22:43.301+0000][17921][safepoint   ] Safepoint "Cleanup", Time since last: 1015100100 ns, Reaching safepoint: 80300 ns, At safepoint: 9900 ns, Total: 90200 ns
[2021-04-08T00:22:47.328+0000][17921][safepoint   ] Safepoint "Cleanup", Time since last: 4027361300 ns, Reaching safepoint: 201200 ns, At safepoint: 18300 ns, Total: 219500 ns
[2021-04-08T00:22:48.333+0000][17921][safepoint   ] Safepoint "Cleanup", Time since last: 1004178000 ns, Reaching safepoint: 178000 ns, At safepoint: 15900 ns, Total: 193900 ns
[2021-04-08T00:22:49.335+0000][17921][safepoint   ] Safepoint "Cleanup", Time since last: 1001828000 ns, Reaching safepoint: 123800 ns, At safepoint: 18000 ns, Total: 141800 ns
[2021-04-08T00:22:51.339+0000][17921][safepoint   ] Safepoint "Cleanup", Time since last: 2003673800 ns, Reaching safepoint: 99900 ns, At safepoint: 15800 ns, Total: 115700 ns
[2021-04-08T00:22:53.351+0000][17921][safepoint   ] Safepoint "Cleanup", Time since last: 2012152300 ns, Reaching safepoint: 193300 ns, At safepoint: 14900 ns, Total: 208200 ns
[2021-04-08T00:23:00.397+0000][17921][safepoint   ] Safepoint "Cleanup", Time since last: 7045766400 ns, Reaching safepoint: 171000 ns, At safepoint: 12000 ns, Total: 183000 ns
[2021-04-08T00:23:01.400+0000][17921][safepoint   ] Safepoint "Cleanup", Time since last: 1003317700 ns, Reaching safepoint: 171600 ns, At safepoint: 10600 ns, Total: 182200 ns
[2021-04-08T00:23:05.415+0000][17921][safepoint   ] Safepoint "Cleanup", Time since last: 4014311000 ns, Reaching safepoint: 259500 ns, At safepoint: 10000 ns, Total: 269500 ns
[2021-04-08T00:23:06.420+0000][17921][safepoint   ] Safepoint "Cleanup", Time since last: 1004962600 ns, Reaching safepoint: 188600 ns, At safepoint: 10300 ns, Total: 198900 ns
[2021-04-08T00:23:08.324+0000][17921][safepoint   ] Safepoint "Cleanup", Time since last: 1903608300 ns, Reaching safepoint: 415600 ns, At safepoint: 41200 ns, Total: 456800 ns
[2021-04-08T00:23:09.329+0000][17921][safepoint   ] Safepoint "Cleanup", Time since last: 1004701800 ns, Reaching safepoint: 201900 ns, At safepoint: 26800 ns, Total: 228700 ns
[2021-04-08T00:23:10.335+0000][17921][safepoint   ] Safepoint "Cleanup", Time since last: 1005441200 ns, Reaching safepoint: 160900 ns, At safepoint: 22200 ns, Total: 183100 ns
[2021-04-08T00:23:11.339+0000][17921][safepoint   ] Safepoint "Cleanup", Time since last: 1003560000 ns, Reaching safepoint: 231200 ns, At safepoint: 29600 ns, Total: 260800 ns
[2021-04-08T00:23:12.345+0000][17921][safepoint   ] Safepoint "Cleanup", Time since last: 1005981900 ns, Reaching safepoint: 151800 ns, At safepoint: 12600 ns, Total: 164400 ns
[2021-04-08T00:23:30.459+0000][17921][safepoint   ] Safepoint "Cleanup", Time since last: 18113280600 ns, Reaching safepoint: 792900 ns, At safepoint: 45200 ns, Total: 838100 ns
[2021-04-08T00:23:35.514+0000][17921][safepoint   ] Safepoint "Cleanup", Time since last: 5054472300 ns, Reaching safepoint: 429200 ns, At safepoint: 26300 ns, Total: 455500 ns
[2021-04-08T00:23:40.556+0000][17921][safepoint   ] Safepoint "Cleanup", Time since last: 5041668400 ns, Reaching safepoint: 443700 ns, At safepoint: 10400 ns, Total: 454100 ns
[2021-04-08T00:23:51.627+0000][17921][safepoint   ] Safepoint "Cleanup", Time since last: 11071353600 ns, Reaching safepoint: 117700 ns, At safepoint: 8100 ns, Total: 125800 ns
[2021-04-08T00:24:16.863+0000][17921][safepoint   ] Safepoint "Cleanup", Time since last: 25235184100 ns, Reaching safepoint: 783100 ns, At safepoint: 12500 ns, Total: 795600 ns
[2021-04-08T00:24:17.873+0000][17921][safepoint   ] Safepoint "Cleanup", Time since last: 1009315100 ns, Reaching safepoint: 668200 ns, At safepoint: 11800 ns, Total: 680000 ns
[2021-04-08T00:24:19.044+0000][17921][safepoint   ] Safepoint "Cleanup", Time since last: 1010607900 ns, Reaching safepoint: 160054200 ns, At safepoint: 29000 ns, Total: 160083200 ns
[2021-04-08T00:24:20.192+0000][17921][safepoint   ] Safepoint "Cleanup", Time since last: 1003782400 ns, Reaching safepoint: 143744700 ns, At safepoint: 21000 ns, Total: 143765700 ns
[2021-04-08T00:24:49.377+0000][17921][safepoint   ] Safepoint "Cleanup", Time since last: 29185110900 ns, Reaching safepoint: 454800 ns, At safepoint: 26500 ns, Total: 481300 ns
[2021-04-08T00:24:54.402+0000][17921][safepoint   ] Safepoint "Cleanup", Time since last: 5024604000 ns, Reaching safepoint: 332400 ns, At safepoint: 44200 ns, Total: 376600 ns
[2021-04-08T00:24:57.412+0000][17921][safepoint   ] Safepoint "Cleanup", Time since last: 3008195500 ns, Reaching safepoint: 1184600 ns, At safepoint: 15800 ns, Total: 1200400 ns
[2021-04-08T00:25:02.440+0000][17921][safepoint   ] Safepoint "Cleanup", Time since last: 5027071800 ns, Reaching safepoint: 1134900 ns, At safepoint: 32400 ns, Total: 1167300 ns
[2021-04-08T00:25:11.479+0000][17921][safepoint   ] Safepoint "Cleanup", Time since last: 9038728200 ns, Reaching safepoint: 317000 ns, At safepoint: 26400 ns, Total: 343400 ns
[2021-04-08T00:25:12.483+0000][17921][safepoint   ] Safepoint "Cleanup", Time since last: 1002788900 ns, Reaching safepoint: 1005500 ns, At safepoint: 17700 ns, Total: 1023200 ns
[2021-04-08T00:25:23.568+0000][17921][safepoint   ] Safepoint "Cleanup", Time since last: 11084897400 ns, Reaching safepoint: 314600 ns, At safepoint: 13700 ns, Total: 328300 ns
[2021-04-08T00:25:25.574+0000][17921][safepoint   ] Safepoint "Cleanup", Time since last: 2005439000 ns, Reaching safepoint: 982200 ns, At safepoint: 40800 ns, Total: 1023000 ns
[2021-04-08T00:25:27.581+0000][17921][safepoint   ] Safepoint "Cleanup", Time since last: 2005263400 ns, Reaching safepoint: 1158200 ns, At safepoint: 15300 ns, Total: 1173500 ns
[2021-04-08T00:25:32.617+0000][17921][safepoint   ] Safepoint "Cleanup", Time since last: 5034588600 ns, Reaching safepoint: 1107900 ns, At safepoint: 14500 ns, Total: 1122400 ns
[2021-04-08T00:25:37.672+0000][17921][safepoint   ] Safepoint "Cleanup", Time since last: 5055397500 ns, Reaching safepoint: 301000 ns, At safepoint: 16800 ns, Total: 317800 ns
[2021-04-08T00:25:42.680+0000][17921][safepoint   ] Safepoint "Cleanup", Time since last: 5007864100 ns, Reaching safepoint: 253900 ns, At safepoint: 26000 ns, Total: 279900 ns
[2021-04-08T00:26:00.748+0000][17921][safepoint   ] Safepoint "Cleanup", Time since last: 18066720800 ns, Reaching safepoint: 839000 ns, At safepoint: 27700 ns, Total: 866700 ns
[2021-04-08T00:26:06.786+0000][17921][safepoint   ] Safepoint "Cleanup", Time since last: 6037600300 ns, Reaching safepoint: 779300 ns, At safepoint: 13000 ns, Total: 792300 ns
[2021-04-08T00:26:10.809+0000][17921][safepoint   ] Safepoint "Cleanup", Time since last: 4021304000 ns, Reaching safepoint: 847800 ns, At safepoint: 31500 ns, Total: 879300 ns
[2021-04-08T00:26:11.818+0000][17921][safepoint   ] Safepoint "Cleanup", Time since last: 1008097000 ns, Reaching safepoint: 1205400 ns, At safepoint: 27100 ns, Total: 1232500 ns
[2021-04-08T00:26:25.869+0000][17921][safepoint   ] Safepoint "Cleanup", Time since last: 14049531500 ns, Reaching safepoint: 1206900 ns, At safepoint: 14300 ns, Total: 1221200 ns
[2021-04-08T00:26:26.881+0000][17921][safepoint   ] Safepoint "Cleanup", Time since last: 1010900300 ns, Reaching safepoint: 1014600 ns, At safepoint: 21000 ns, Total: 1035600 ns
[2021-04-08T00:26:29.902+0000][17921][safepoint   ] Safepoint "Cleanup", Time since last: 3020980600 ns, Reaching safepoint: 800700 ns, At safepoint: 15000 ns, Total: 815700 ns
[2021-04-08T00:26:30.919+0000][17921][safepoint   ] Safepoint "Cleanup", Time since last: 1015850800 ns, Reaching safepoint: 1032800 ns, At safepoint: 17300 ns, Total: 1050100 ns
[2021-04-08T00:26:32.938+0000][17921][safepoint   ] Safepoint "Cleanup", Time since last: 2018048200 ns, Reaching safepoint: 747800 ns, At safepoint: 24400 ns, Total: 772200 ns
[2021-04-08T00:26:36.930+0000][17921][gc,start    ] GC(10) Pause Young (Concurrent Start) (G1 Evacuation Pause)
[2021-04-08T00:26:36.930+0000][17921][gc,task     ] GC(10) Using 8 workers of 8 for evacuation
[2021-04-08T00:26:36.930+0000][17921][gc,age      ] GC(10) Desired survivor size 54525952 bytes, new threshold 7 (max threshold 15)
[2021-04-08T00:26:36.970+0000][17921][gc,age      ] GC(10) Age table with threshold 7 (max threshold 15)
[2021-04-08T00:26:36.970+0000][17921][gc,age      ] GC(10) - age   1:   19161704 bytes,   19161704 total
[2021-04-08T00:26:36.970+0000][17921][gc,age      ] GC(10) - age   2:    8437488 bytes,   27599192 total
[2021-04-08T00:26:36.970+0000][17921][gc,age      ] GC(10) - age   3:   39663016 bytes,   67262208 total
[2021-04-08T00:26:36.970+0000][17921][gc,age      ] GC(10) - age   4:    1560656 bytes,   68822864 total
[2021-04-08T00:26:36.970+0000][17921][gc,age      ] GC(10) - age   5:     511216 bytes,   69334080 total
[2021-04-08T00:26:36.970+0000][17921][gc,age      ] GC(10) - age   6:    2042160 bytes,   71376240 total
[2021-04-08T00:26:36.970+0000][17921][gc,age      ] GC(10) - age   7:    1230144 bytes,   72606384 total
[2021-04-08T00:26:36.970+0000][17921][gc,phases   ] GC(10)   Pre Evacuate Collection Set: 0.2ms
[2021-04-08T00:26:36.970+0000][17921][gc,phases   ] GC(10)   Merge Heap Roots: 0.2ms
[2021-04-08T00:26:36.970+0000][17921][gc,phases   ] GC(10)   Evacuate Collection Set: 36.3ms
[2021-04-08T00:26:36.970+0000][17921][gc,phases   ] GC(10)   Post Evacuate Collection Set: 3.1ms
[2021-04-08T00:26:36.970+0000][17921][gc,phases   ] GC(10)   Other: 0.6ms
[2021-04-08T00:26:36.970+0000][17921][gc,heap     ] GC(10) Eden regions: 191->0(181)
[2021-04-08T00:26:36.970+0000][17921][gc,heap     ] GC(10) Survivor regions: 17->19(26)
[2021-04-08T00:26:36.970+0000][17921][gc,heap     ] GC(10) Old regions: 0->3
[2021-04-08T00:26:36.970+0000][17921][gc,heap     ] GC(10) Archive regions: 2->2
[2021-04-08T00:26:36.970+0000][17921][gc,heap     ] GC(10) Humongous regions: 2->2
[2021-04-08T00:26:36.970+0000][17921][gc,metaspace] GC(10) Metaspace: 96165K(100044K)->96165K(100044K) NonClass: 83080K(85760K)->83080K(85760K) Class: 13085K(14284K)->13085K(14284K)
[2021-04-08T00:26:36.970+0000][17921][gc          ] GC(10) Pause Young (Concurrent Start) (G1 Evacuation Pause) 842M->98M(8124M) 40.400ms
[2021-04-08T00:26:36.970+0000][17921][gc,cpu      ] GC(10) User=0.24s Sys=0.00s Real=0.04s
[2021-04-08T00:26:36.970+0000][17921][safepoint   ] Safepoint "G1CollectForAllocation", Time since last: 3991355900 ns, Reaching safepoint: 140400 ns, At safepoint: 40613400 ns, Total: 40753800 ns
[2021-04-08T00:26:36.970+0000][17921][gc          ] GC(11) Concurrent Cycle
[2021-04-08T00:26:36.970+0000][17921][gc,marking  ] GC(11) Concurrent Clear Claimed Marks
[2021-04-08T00:26:36.970+0000][17921][gc,marking  ] GC(11) Concurrent Clear Claimed Marks 0.133ms
[2021-04-08T00:26:36.970+0000][17921][gc,marking  ] GC(11) Concurrent Scan Root Regions
[2021-04-08T00:26:36.994+0000][17921][gc,marking  ] GC(11) Concurrent Scan Root Regions 23.759ms
[2021-04-08T00:26:36.994+0000][17921][gc,marking  ] GC(11) Concurrent Mark (306.373s)
[2021-04-08T00:26:36.994+0000][17921][gc,marking  ] GC(11) Concurrent Mark From Roots
[2021-04-08T00:26:36.994+0000][17921][gc,task     ] GC(11) Using 2 workers of 2 for marking
[2021-04-08T00:26:36.997+0000][17921][gc,marking  ] GC(11) Concurrent Mark From Roots 2.670ms
[2021-04-08T00:26:36.997+0000][17921][gc,marking  ] GC(11) Concurrent Preclean
[2021-04-08T00:26:36.997+0000][17921][gc,marking  ] GC(11) Concurrent Preclean 0.182ms
[2021-04-08T00:26:36.997+0000][17921][gc,marking  ] GC(11) Concurrent Mark (306.373s, 306.376s) 2.912ms
[2021-04-08T00:26:36.997+0000][17921][gc,start    ] GC(11) Pause Remark
[2021-04-08T00:26:37.000+0000][17921][gc          ] GC(11) Pause Remark 104M->104M(8124M) 2.687ms
[2021-04-08T00:26:37.000+0000][17921][gc,cpu      ] GC(11) User=0.00s Sys=0.02s Real=0.00s
[2021-04-08T00:26:37.000+0000][17921][safepoint   ] Safepoint "G1Concurrent", Time since last: 27026900 ns, Reaching safepoint: 182600 ns, At safepoint: 2859700 ns, Total: 3042300 ns
[2021-04-08T00:26:37.000+0000][17921][gc,marking  ] GC(11) Concurrent Rebuild Remembered Sets
[2021-04-08T00:26:37.008+0000][17921][gc,marking  ] GC(11) Concurrent Rebuild Remembered Sets 7.312ms
[2021-04-08T00:26:37.008+0000][17921][gc,start    ] GC(11) Pause Cleanup
[2021-04-08T00:26:37.008+0000][17921][gc          ] GC(11) Pause Cleanup 106M->106M(8124M) 0.285ms
[2021-04-08T00:26:37.008+0000][17921][gc,cpu      ] GC(11) User=0.00s Sys=0.00s Real=0.00s
[2021-04-08T00:26:37.009+0000][17921][safepoint   ] Safepoint "G1Concurrent", Time since last: 7470900 ns, Reaching safepoint: 406100 ns, At safepoint: 383100 ns, Total: 789200 ns
[2021-04-08T00:26:37.009+0000][17921][gc,marking  ] GC(11) Concurrent Cleanup for Next Mark
[2021-04-08T00:26:37.018+0000][17921][gc,marking  ] GC(11) Concurrent Cleanup for Next Mark 9.101ms
[2021-04-08T00:26:37.018+0000][17921][gc          ] GC(11) Concurrent Cycle 47.543ms
[2021-04-08T00:26:42.025+0000][17921][safepoint   ] Safepoint "Cleanup", Time since last: 5015985400 ns, Reaching safepoint: 773000 ns, At safepoint: 23800 ns, Total: 796800 ns
[2021-04-08T00:26:43.036+0000][17921][safepoint   ] Safepoint "Cleanup", Time since last: 1010182500 ns, Reaching safepoint: 819500 ns, At safepoint: 54800 ns, Total: 874300 ns
[2021-04-08T00:27:02.144+0000][17921][safepoint   ] Safepoint "Cleanup", Time since last: 19107431900 ns, Reaching safepoint: 257700 ns, At safepoint: 12800 ns, Total: 270500 ns
[2021-04-08T00:27:07.149+0000][17921][safepoint   ] Safepoint "Cleanup", Time since last: 5003972200 ns, Reaching safepoint: 1000300 ns, At safepoint: 29000 ns, Total: 1029300 ns
[2021-04-08T00:27:09.166+0000][17921][safepoint   ] Safepoint "Cleanup", Time since last: 2016492800 ns, Reaching safepoint: 270100 ns, At safepoint: 40300 ns, Total: 310400 ns
[2021-04-08T00:27:10.167+0000][17921][safepoint   ] Safepoint "Cleanup", Time since last: 1000889700 ns, Reaching safepoint: 308000 ns, At safepoint: 13100 ns, Total: 321100 ns
[2021-04-08T00:27:12.168+0000][17921][safepoint   ] Safepoint "Cleanup", Time since last: 2000678200 ns, Reaching safepoint: 161100 ns, At safepoint: 10000 ns, Total: 171100 ns
[2021-04-08T00:27:22.217+0000][17921][safepoint   ] Safepoint "Cleanup", Time since last: 10049186100 ns, Reaching safepoint: 150700 ns, At safepoint: 10400 ns, Total: 161100 ns
[2021-04-08T00:27:29.241+0000][17921][safepoint   ] Safepoint "Cleanup", Time since last: 7023410500 ns, Reaching safepoint: 113500 ns, At safepoint: 14400 ns, Total: 127900 ns
[2021-04-08T00:27:30.241+0000][17921][safepoint   ] Safepoint "Cleanup", Time since last: 1000258000 ns, Reaching safepoint: 260400 ns, At safepoint: 10500 ns, Total: 270900 ns
[2021-04-08T00:27:42.329+0000][17921][safepoint   ] Safepoint "Cleanup", Time since last: 12087142000 ns, Reaching safepoint: 144600 ns, At safepoint: 14100 ns, Total: 158700 ns
[2021-04-08T00:27:45.348+0000][17921][safepoint   ] Safepoint "Cleanup", Time since last: 3019192200 ns, Reaching safepoint: 133100 ns, At safepoint: 24400 ns, Total: 157500 ns
[2021-04-08T00:28:19.547+0000][17921][safepoint   ] Safepoint "Cleanup", Time since last: 34197860500 ns, Reaching safepoint: 676800 ns, At safepoint: 13600 ns, Total: 690400 ns
[2021-04-08T00:28:20.560+0000][17921][safepoint   ] Safepoint "Cleanup", Time since last: 1012898500 ns, Reaching safepoint: 151200 ns, At safepoint: 12700 ns, Total: 163900 ns
[2021-04-08T00:28:39.696+0000][17921][safepoint   ] Safepoint "Cleanup", Time since last: 19136560400 ns, Reaching safepoint: 167200 ns, At safepoint: 10200 ns, Total: 177400 ns
[2021-04-08T00:28:41.713+0000][17921][safepoint   ] Safepoint "Cleanup", Time since last: 2016817300 ns, Reaching safepoint: 122100 ns, At safepoint: 10400 ns, Total: 132500 ns
[2021-04-08T00:28:52.794+0000][17921][safepoint   ] Safepoint "Cleanup", Time since last: 11080227400 ns, Reaching safepoint: 623100 ns, At safepoint: 11700 ns, Total: 634800 ns
[2021-04-08T00:29:10.929+0000][17921][safepoint   ] Safepoint "Cleanup", Time since last: 18134834900 ns, Reaching safepoint: 105200 ns, At safepoint: 13300 ns, Total: 118500 ns
[2021-04-08T00:29:13.935+0000][17921][safepoint   ] Safepoint "Cleanup", Time since last: 3004723300 ns, Reaching safepoint: 1017300 ns, At safepoint: 11900 ns, Total: 1029200 ns
[2021-04-08T00:29:14.950+0000][17921][safepoint   ] Safepoint "Cleanup", Time since last: 1013850500 ns, Reaching safepoint: 1017300 ns, At safepoint: 28300 ns, Total: 1045600 ns
[2021-04-08T00:29:36.056+0000][17921][safepoint   ] Safepoint "Cleanup", Time since last: 21105229100 ns, Reaching safepoint: 1034900 ns, At safepoint: 27200 ns, Total: 1062100 ns
[2021-04-08T00:29:42.110+0000][17921][safepoint   ] Safepoint "Cleanup", Time since last: 6053652400 ns, Reaching safepoint: 338100 ns, At safepoint: 12000 ns, Total: 350100 ns
[2021-04-08T00:30:13.353+0000][17921][safepoint   ] Safepoint "Cleanup", Time since last: 31242263400 ns, Reaching safepoint: 763600 ns, At safepoint: 11800 ns, Total: 775400 ns
[2021-04-08T00:30:35.524+0000][17921][safepoint   ] Safepoint "Cleanup", Time since last: 22169719800 ns, Reaching safepoint: 1134900 ns, At safepoint: 26400 ns, Total: 1161300 ns
[2021-04-08T00:30:50.636+0000][17921][safepoint   ] Safepoint "Cleanup", Time since last: 15111505900 ns, Reaching safepoint: 829800 ns, At safepoint: 11000 ns, Total: 840800 ns
[2021-04-08T00:31:12.779+0000][17921][safepoint   ] Safepoint "Cleanup", Time since last: 22137938800 ns, Reaching safepoint: 4526700 ns, At safepoint: 29500 ns, Total: 4556200 ns
[2021-04-08T00:31:25.942+0000][17921][safepoint   ] Safepoint "Cleanup", Time since last: 13162872700 ns, Reaching safepoint: 409800 ns, At safepoint: 10400 ns, Total: 420200 ns
[2021-04-08T00:31:26.959+0000][17921][safepoint   ] Safepoint "Cleanup", Time since last: 1016130400 ns, Reaching safepoint: 284900 ns, At safepoint: 24800 ns, Total: 309700 ns
[2021-04-08T00:31:42.074+0000][17921][safepoint   ] Safepoint "Cleanup", Time since last: 15114858400 ns, Reaching safepoint: 289100 ns, At safepoint: 11800 ns, Total: 300900 ns
[2021-04-08T00:31:53.141+0000][17921][safepoint   ] Safepoint "Cleanup", Time since last: 11066181500 ns, Reaching safepoint: 722400 ns, At safepoint: 15300 ns, Total: 737700 ns
[2021-04-08T00:32:14.301+0000][17921][safepoint   ] Safepoint "Cleanup", Time since last: 21160519500 ns, Reaching safepoint: 255800 ns, At safepoint: 25600 ns, Total: 281400 ns
[2021-04-08T00:32:52.591+0000][17921][safepoint   ] Safepoint "Cleanup", Time since last: 38288469000 ns, Reaching safepoint: 1025500 ns, At safepoint: 27200 ns, Total: 1052700 ns
[2021-04-08T00:33:13.755+0000][17921][safepoint   ] Safepoint "Cleanup", Time since last: 21163387900 ns, Reaching safepoint: 264100 ns, At safepoint: 12000 ns, Total: 276100 ns
[2021-04-08T00:34:13.195+0000][17921][safepoint   ] Safepoint "Cleanup", Time since last: 59439921300 ns, Reaching safepoint: 867200 ns, At safepoint: 16000 ns, Total: 883200 ns
[2021-04-08T00:34:14.201+0000][17921][safepoint   ] Safepoint "Cleanup", Time since last: 1004597800 ns, Reaching safepoint: 1010200 ns, At safepoint: 16100 ns, Total: 1026300 ns
[2021-04-08T00:34:48.478+0000][17921][safepoint   ] Safepoint "Cleanup", Time since last: 34276075000 ns, Reaching safepoint: 1042200 ns, At safepoint: 28300 ns, Total: 1070500 ns
[2021-04-08T00:36:38.256+0000][17921][safepoint   ] Safepoint "Cleanup", Time since last: 109777189300 ns, Reaching safepoint: 147600 ns, At safepoint: 15200 ns, Total: 162800 ns
[2021-04-08T00:36:53.379+0000][17921][safepoint   ] Safepoint "Cleanup", Time since last: 15123707800 ns, Reaching safepoint: 100700 ns, At safepoint: 10900 ns, Total: 111600 ns
[2021-04-08T00:36:58.395+0000][17921][safepoint   ] Safepoint "Cleanup", Time since last: 5015066200 ns, Reaching safepoint: 156500 ns, At safepoint: 11700 ns, Total: 168200 ns
[2021-04-08T00:37:12.479+0000][17921][safepoint   ] Safepoint "Cleanup", Time since last: 14083988700 ns, Reaching safepoint: 99200 ns, At safepoint: 15700 ns, Total: 114900 ns
[2021-04-08T00:37:13.502+0000][17921][safepoint   ] Safepoint "Cleanup", Time since last: 1023237400 ns, Reaching safepoint: 107600 ns, At safepoint: 12300 ns, Total: 119900 ns
[2021-04-08T00:37:25.636+0000][17921][safepoint   ] Safepoint "Cleanup", Time since last: 12133443000 ns, Reaching safepoint: 339200 ns, At safepoint: 12500 ns, Total: 351700 ns
[2021-04-08T00:37:31.671+0000][17921][safepoint   ] Safepoint "Cleanup", Time since last: 6033960600 ns, Reaching safepoint: 733000 ns, At safepoint: 25200 ns, Total: 758200 ns
[2021-04-08T00:37:32.681+0000][17921][safepoint   ] Safepoint "Cleanup", Time since last: 1009924000 ns, Reaching safepoint: 160300 ns, At safepoint: 16700 ns, Total: 177000 ns
[2021-04-08T00:37:44.779+0000][17921][safepoint   ] Safepoint "Cleanup", Time since last: 12098347100 ns, Reaching safepoint: 327700 ns, At safepoint: 28600 ns, Total: 356300 ns
[2021-04-08T00:37:58.905+0000][17921][safepoint   ] Safepoint "Cleanup", Time since last: 14125197400 ns, Reaching safepoint: 544600 ns, At safepoint: 20500 ns, Total: 565100 ns
[2021-04-08T00:38:43.209+0000][17921][safepoint   ] Safepoint "Cleanup", Time since last: 44303118800 ns, Reaching safepoint: 512100 ns, At safepoint: 16400 ns, Total: 528500 ns
[2021-04-08T00:38:44.221+0000][17921][safepoint   ] Safepoint "Cleanup", Time since last: 1012299200 ns, Reaching safepoint: 134800 ns, At safepoint: 12600 ns, Total: 147400 ns
[2021-04-08T00:38:54.654+0000][17921][gc,start    ] GC(12) Pause Young (Normal) (G1 Evacuation Pause)
[2021-04-08T00:38:54.655+0000][17921][gc,task     ] GC(12) Using 8 workers of 8 for evacuation
[2021-04-08T00:38:54.658+0000][17921][gc,age      ] GC(12) Desired survivor size 67108864 bytes, new threshold 3 (max threshold 15)
[2021-04-08T00:38:55.092+0000][17921][gc,age      ] GC(12) Age table with threshold 3 (max threshold 15)
[2021-04-08T00:38:55.092+0000][17921][gc,age      ] GC(12) - age   1:    4687760 bytes,    4687760 total
[2021-04-08T00:38:55.092+0000][17921][gc,age      ] GC(12) - age   2:   18853136 bytes,   23540896 total
[2021-04-08T00:38:55.092+0000][17921][gc,age      ] GC(12) - age   3:    8437488 bytes,   31978384 total
[2021-04-08T00:38:55.092+0000][17921][gc,mmu      ] GC(12) MMU target violated: 201.0ms (200.0ms/201.0ms)
[2021-04-08T00:38:55.093+0000][17921][gc,phases   ] GC(12)   Pre Evacuate Collection Set: 15.0ms
[2021-04-08T00:38:55.093+0000][17921][gc,phases   ] GC(12)   Merge Heap Roots: 4.8ms
[2021-04-08T00:38:55.093+0000][17921][gc,phases   ] GC(12)   Evacuate Collection Set: 404.8ms
[2021-04-08T00:38:55.093+0000][17921][gc,phases   ] GC(12)   Post Evacuate Collection Set: 12.2ms
[2021-04-08T00:38:55.093+0000][17921][gc,phases   ] GC(12)   Other: 3.2ms
[2021-04-08T00:38:55.093+0000][17921][gc,heap     ] GC(12) Eden regions: 235->0(205)
[2021-04-08T00:38:55.093+0000][17921][gc,heap     ] GC(12) Survivor regions: 19->10(32)
[2021-04-08T00:38:55.093+0000][17921][gc,heap     ] GC(12) Old regions: 3->14
[2021-04-08T00:38:55.093+0000][17921][gc,heap     ] GC(12) Archive regions: 2->2
[2021-04-08T00:38:55.093+0000][17921][gc,heap     ] GC(12) Humongous regions: 2->2
[2021-04-08T00:38:55.094+0000][17921][gc,metaspace] GC(12) Metaspace: 96318K(100044K)->96318K(100044K) NonClass: 83224K(85760K)->83224K(85760K) Class: 13093K(14284K)->13093K(14284K)
[2021-04-08T00:38:55.094+0000][17921][gc          ] GC(12) Pause Young (Normal) (G1 Evacuation Pause) 1038M->106M(8124M) 439.104ms
[2021-04-08T00:38:55.094+0000][17921][gc,cpu      ] GC(12) User=0.16s Sys=0.66s Real=0.44s
[2021-04-08T00:38:55.094+0000][17921][safepoint   ] Safepoint "G1CollectForAllocation", Time since last: 10429435300 ns, Reaching safepoint: 1860300 ns, At safepoint: 441115800 ns, Total: 442976100 ns
[2021-04-08T00:38:56.100+0000][17921][safepoint   ] Safepoint "Cleanup", Time since last: 1006218000 ns, Reaching safepoint: 147100 ns, At safepoint: 11600 ns, Total: 158700 ns
[2021-04-08T00:39:43.475+0000][17921][safepoint   ] Safepoint "Cleanup", Time since last: 47374504400 ns, Reaching safepoint: 135800 ns, At safepoint: 17700 ns, Total: 153500 ns
[2021-04-08T00:40:07.677+0000][17921][safepoint   ] Safepoint "Cleanup", Time since last: 24202179900 ns, Reaching safepoint: 126900 ns, At safepoint: 20600 ns, Total: 147500 ns
[2021-04-08T00:41:12.198+0000][17921][safepoint   ] Safepoint "Cleanup", Time since last: 64520601300 ns, Reaching safepoint: 219400 ns, At safepoint: 19200 ns, Total: 238600 ns
[2021-04-08T00:41:13.210+0000][17921][safepoint   ] Safepoint "Cleanup", Time since last: 1012506200 ns, Reaching safepoint: 104600 ns, At safepoint: 15100 ns, Total: 119700 ns
[2021-04-08T00:41:37.403+0000][17921][safepoint   ] Safepoint "Cleanup", Time since last: 24192536800 ns, Reaching safepoint: 230000 ns, At safepoint: 11400 ns, Total: 241400 ns
[2021-04-08T00:41:44.462+0000][17921][safepoint   ] Safepoint "Cleanup", Time since last: 7058651000 ns, Reaching safepoint: 125200 ns, At safepoint: 10700 ns, Total: 135900 ns
[2021-04-08T00:42:13.666+0000][17921][safepoint   ] Safepoint "Cleanup", Time since last: 29203282100 ns, Reaching safepoint: 316500 ns, At safepoint: 11900 ns, Total: 328400 ns
[2021-04-08T00:42:53.005+0000][17921][safepoint   ] Safepoint "Cleanup", Time since last: 39338809000 ns, Reaching safepoint: 111000 ns, At safepoint: 13200 ns, Total: 124200 ns
[2021-04-08T00:43:38.342+0000][17921][safepoint   ] Safepoint "Cleanup", Time since last: 45337196000 ns, Reaching safepoint: 154700 ns, At safepoint: 13700 ns, Total: 168400 ns
[2021-04-08T00:43:43.402+0000][17921][safepoint   ] Safepoint "Cleanup", Time since last: 5060067500 ns, Reaching safepoint: 146200 ns, At safepoint: 14800 ns, Total: 161000 ns
[2021-04-08T00:45:43.392+0000][17921][safepoint   ] Safepoint "Cleanup", Time since last: 119989573800 ns, Reaching safepoint: 136200 ns, At safepoint: 15900 ns, Total: 152100 ns
[2021-04-08T00:46:13.584+0000][17921][safepoint   ] Safepoint "Cleanup", Time since last: 30191999900 ns, Reaching safepoint: 243200 ns, At safepoint: 11500 ns, Total: 254700 ns
[2021-04-08T00:46:19.649+0000][17921][safepoint   ] Safepoint "Cleanup", Time since last: 6063861200 ns, Reaching safepoint: 1082600 ns, At safepoint: 14000 ns, Total: 1096600 ns
[2021-04-08T00:46:30.774+0000][17921][safepoint   ] Safepoint "Cleanup", Time since last: 11123478300 ns, Reaching safepoint: 1143200 ns, At safepoint: 31400 ns, Total: 1174600 ns
[2021-04-08T00:46:43.903+0000][17921][safepoint   ] Safepoint "Cleanup", Time since last: 13128463800 ns, Reaching safepoint: 698300 ns, At safepoint: 12300 ns, Total: 710600 ns
[2021-04-08T00:46:45.918+0000][17921][safepoint   ] Safepoint "Cleanup", Time since last: 2014479500 ns, Reaching safepoint: 167900 ns, At safepoint: 23300 ns, Total: 191200 ns
[2021-04-08T00:46:53.966+0000][17921][safepoint   ] Safepoint "Cleanup", Time since last: 8048535100 ns, Reaching safepoint: 128200 ns, At safepoint: 15200 ns, Total: 143400 ns
[2021-04-08T00:47:13.123+0000][17921][safepoint   ] Safepoint "Cleanup", Time since last: 19156150700 ns, Reaching safepoint: 973400 ns, At safepoint: 14100 ns, Total: 987500 ns
[2021-04-08T00:48:44.116+0000][17921][gc,start    ] GC(13) Pause Young (Normal) (G1 Evacuation Pause)
[2021-04-08T00:48:44.116+0000][17921][gc,task     ] GC(13) Using 8 workers of 8 for evacuation
[2021-04-08T00:48:44.116+0000][17921][gc,age      ] GC(13) Desired survivor size 52428800 bytes, new threshold 15 (max threshold 15)
[2021-04-08T00:48:44.137+0000][17921][gc,age      ] GC(13) Age table with threshold 15 (max threshold 15)
[2021-04-08T00:48:44.138+0000][17921][gc,age      ] GC(13) - age   1:    2425568 bytes,    2425568 total
[2021-04-08T00:48:44.138+0000][17921][gc,age      ] GC(13) - age   2:    4677296 bytes,    7102864 total
[2021-04-08T00:48:44.138+0000][17921][gc,age      ] GC(13) - age   3:   18852584 bytes,   25955448 total
[2021-04-08T00:48:44.138+0000][17921][gc,age      ] GC(13) - age   4:    8437408 bytes,   34392856 total
[2021-04-08T00:48:44.138+0000][17921][gc,phases   ] GC(13)   Pre Evacuate Collection Set: 0.3ms
[2021-04-08T00:48:44.138+0000][17921][gc,phases   ] GC(13)   Merge Heap Roots: 0.1ms
[2021-04-08T00:48:44.138+0000][17921][gc,phases   ] GC(13)   Evacuate Collection Set: 19.3ms
[2021-04-08T00:48:44.138+0000][17921][gc,phases   ] GC(13)   Post Evacuate Collection Set: 1.7ms
[2021-04-08T00:48:44.138+0000][17921][gc,phases   ] GC(13)   Other: 0.4ms
[2021-04-08T00:48:44.138+0000][17921][gc,heap     ] GC(13) Eden regions: 187->0(371)
[2021-04-08T00:48:44.138+0000][17921][gc,heap     ] GC(13) Survivor regions: 10->9(25)
[2021-04-08T00:48:44.138+0000][17921][gc,heap     ] GC(13) Old regions: 14->14
[2021-04-08T00:48:44.138+0000][17921][gc,heap     ] GC(13) Archive regions: 2->2
[2021-04-08T00:48:44.138+0000][17921][gc,heap     ] GC(13) Humongous regions: 2->2
[2021-04-08T00:48:44.138+0000][17921][gc,metaspace] GC(13) Metaspace: 96428K(100300K)->96428K(100300K) NonClass: 83330K(86016K)->83330K(86016K) Class: 13098K(14284K)->13098K(14284K)
[2021-04-08T00:48:44.138+0000][17921][gc          ] GC(13) Pause Young (Normal) (G1 Evacuation Pause) 854M->102M(8124M) 21.947ms
[2021-04-08T00:48:44.138+0000][17921][gc,cpu      ] GC(13) User=0.08s Sys=0.01s Real=0.03s
[2021-04-08T00:48:44.138+0000][17921][safepoint   ] Safepoint "G1CollectForAllocation", Time since last: 90992223400 ns, Reaching safepoint: 169100 ns, At safepoint: 22123500 ns, Total: 22292600 ns
[2021-04-08T00:48:45.143+0000][17921][safepoint   ] Safepoint "Cleanup", Time since last: 1004958100 ns, Reaching safepoint: 90500 ns, At safepoint: 10700 ns, Total: 101200 ns
[2021-04-08T00:48:48.181+0000][17921][safepoint   ] Safepoint "Cleanup", Time since last: 3037646800 ns, Reaching safepoint: 121700 ns, At safepoint: 9000 ns, Total: 130700 ns
[2021-04-08T00:49:03.296+0000][17921][safepoint   ] Safepoint "Cleanup", Time since last: 15115178100 ns, Reaching safepoint: 361000 ns, At safepoint: 12500 ns, Total: 373500 ns
[2021-04-08T00:49:53.755+0000][17921][safepoint   ] Safepoint "Cleanup", Time since last: 50458349000 ns, Reaching safepoint: 191300 ns, At safepoint: 30000 ns, Total: 221300 ns
[2021-04-08T00:50:06.843+0000][17921][safepoint   ] Safepoint "Cleanup", Time since last: 13087472400 ns, Reaching safepoint: 853200 ns, At safepoint: 19600 ns, Total: 872800 ns
[2021-04-08T00:50:07.853+0000][17921][safepoint   ] Safepoint "Cleanup", Time since last: 1008603900 ns, Reaching safepoint: 869100 ns, At safepoint: 10900 ns, Total: 880000 ns
[2021-04-08T00:50:13.899+0000][17921][safepoint   ] Safepoint "Cleanup", Time since last: 6046087500 ns, Reaching safepoint: 285000 ns, At safepoint: 12000 ns, Total: 297000 ns
[2021-04-08T00:50:30.057+0000][17921][safepoint   ] Safepoint "Cleanup", Time since last: 16157327100 ns, Reaching safepoint: 93300 ns, At safepoint: 14100 ns, Total: 107400 ns
[2021-04-08T00:50:34.103+0000][17921][safepoint   ] Safepoint "Cleanup", Time since last: 4046223100 ns, Reaching safepoint: 114800 ns, At safepoint: 12800 ns, Total: 127600 ns
[2021-04-08T00:50:43.205+0000][17921][safepoint   ] Safepoint "Cleanup", Time since last: 9102259200 ns, Reaching safepoint: 254900 ns, At safepoint: 12900 ns, Total: 267800 ns
[2021-04-08T00:51:43.677+0000][17921][safepoint   ] Safepoint "Cleanup", Time since last: 60470821200 ns, Reaching safepoint: 741900 ns, At safepoint: 24600 ns, Total: 766500 ns
[2021-04-08T00:51:47.710+0000][17921][safepoint   ] Safepoint "Cleanup", Time since last: 4032325400 ns, Reaching safepoint: 175300 ns, At safepoint: 13000 ns, Total: 188300 ns
[2021-04-08T00:51:51.734+0000][17921][safepoint   ] Safepoint "Cleanup", Time since last: 4024129800 ns, Reaching safepoint: 157400 ns, At safepoint: 12900 ns, Total: 170300 ns
[2021-04-08T00:51:52.744+0000][17921][safepoint   ] Safepoint "Cleanup", Time since last: 1010297300 ns, Reaching safepoint: 112900 ns, At safepoint: 24200 ns, Total: 137100 ns
[2021-04-08T00:52:06.841+0000][17921][safepoint   ] Safepoint "Cleanup", Time since last: 14093689200 ns, Reaching safepoint: 2742100 ns, At safepoint: 15800 ns, Total: 2757900 ns
[2021-04-08T00:52:11.872+0000][17921][safepoint   ] Safepoint "Cleanup", Time since last: 5030778500 ns, Reaching safepoint: 143900 ns, At safepoint: 8900 ns, Total: 152800 ns
[2021-04-08T00:52:16.927+0000][17921][safepoint   ] Safepoint "Cleanup", Time since last: 5055292500 ns, Reaching safepoint: 105100 ns, At safepoint: 11800 ns, Total: 116900 ns
[2021-04-08T00:52:22.010+0000][17921][safepoint   ] Safepoint "Cleanup", Time since last: 5082364400 ns, Reaching safepoint: 646800 ns, At safepoint: 13500 ns, Total: 660300 ns
[2021-04-08T00:52:23.019+0000][17921][safepoint   ] Safepoint "Cleanup", Time since last: 1008383600 ns, Reaching safepoint: 657400 ns, At safepoint: 10300 ns, Total: 667700 ns
[2021-04-08T00:52:27.040+0000][17921][safepoint   ] Safepoint "Cleanup", Time since last: 4020585400 ns, Reaching safepoint: 105600 ns, At safepoint: 14500 ns, Total: 120100 ns
[2021-04-08T00:52:28.042+0000][17921][safepoint   ] Safepoint "Cleanup", Time since last: 1000969500 ns, Reaching safepoint: 705300 ns, At safepoint: 14900 ns, Total: 720200 ns
[2021-04-08T00:52:29.045+0000][17921][safepoint   ] Safepoint "Cleanup", Time since last: 1002925900 ns, Reaching safepoint: 228300 ns, At safepoint: 22700 ns, Total: 251000 ns
[2021-04-08T00:52:32.058+0000][17921][safepoint   ] Safepoint "Cleanup", Time since last: 3012645800 ns, Reaching safepoint: 161600 ns, At safepoint: 14900 ns, Total: 176500 ns
[2021-04-08T00:52:33.062+0000][17921][safepoint   ] Safepoint "Cleanup", Time since last: 1003572200 ns, Reaching safepoint: 677200 ns, At safepoint: 13900 ns, Total: 691100 ns
[2021-04-08T00:53:02.311+0000][17921][safepoint   ] Safepoint "Cleanup", Time since last: 29249513400 ns, Reaching safepoint: 101000 ns, At safepoint: 18200 ns, Total: 119200 ns
[2021-04-08T00:53:04.321+0000][17921][safepoint   ] Safepoint "Cleanup", Time since last: 2009061100 ns, Reaching safepoint: 632000 ns, At safepoint: 12600 ns, Total: 644600 ns
[2021-04-08T00:53:18.453+0000][17921][safepoint   ] Safepoint "Cleanup", Time since last: 14131056100 ns, Reaching safepoint: 706200 ns, At safepoint: 12200 ns, Total: 718400 ns
[2021-04-08T00:53:35.593+0000][17921][safepoint   ] Safepoint "Cleanup", Time since last: 17139721600 ns, Reaching safepoint: 655700 ns, At safepoint: 18300 ns, Total: 674000 ns
[2021-04-08T00:53:43.669+0000][17921][safepoint   ] Safepoint "Cleanup", Time since last: 8074997900 ns, Reaching safepoint: 1044300 ns, At safepoint: 29500 ns, Total: 1073800 ns
[2021-04-08T00:53:44.673+0000][17921][safepoint   ] Safepoint "Cleanup", Time since last: 1003314100 ns, Reaching safepoint: 216700 ns, At safepoint: 11200 ns, Total: 227900 ns
[2021-04-08T00:53:59.812+0000][17921][safepoint   ] Safepoint "Cleanup", Time since last: 15138566300 ns, Reaching safepoint: 171300 ns, At safepoint: 12300 ns, Total: 183600 ns
[2021-04-08T00:54:10.895+0000][17921][safepoint   ] Safepoint "Cleanup", Time since last: 11082699300 ns, Reaching safepoint: 806500 ns, At safepoint: 36900 ns, Total: 843400 ns
[2021-04-08T00:54:26.009+0000][17921][safepoint   ] Safepoint "Cleanup", Time since last: 15113448900 ns, Reaching safepoint: 243000 ns, At safepoint: 14000 ns, Total: 257000 ns
