[2021-05-04T15:02:08.079+0000][8679][gc] Using G1
[2021-05-04T15:02:12.863+0000][8679][gc,init] Version: 16.0.1+9-24 (release)
[2021-05-04T15:02:12.864+0000][8679][gc,init] CPUs: 16 total, 16 available
[2021-05-04T15:02:12.864+0000][8679][gc,init] Memory: 32768M
[2021-05-04T15:02:12.864+0000][8679][gc,init] Large Page Support: Disabled
[2021-05-04T15:02:12.864+0000][8679][gc,init] NUMA Support: Disabled
[2021-05-04T15:02:12.864+0000][8679][gc,init] Compressed Oops: Enabled (Zero based)
[2021-05-04T15:02:12.864+0000][8679][gc,init] Heap Region Size: 8M
[2021-05-04T15:02:12.864+0000][8679][gc,init] Heap Min Capacity: 16G
[2021-05-04T15:02:12.864+0000][8679][gc,init] Heap Initial Capacity: 16G
[2021-05-04T15:02:12.864+0000][8679][gc,init] Heap Max Capacity: 16G
[2021-05-04T15:02:12.864+0000][8679][gc,init] Pre-touch: Enabled
[2021-05-04T15:02:12.864+0000][8679][gc,init] Parallel Workers: 13
[2021-05-04T15:02:12.864+0000][8679][gc,init] Concurrent Workers: 3
[2021-05-04T15:02:12.864+0000][8679][gc,init] Concurrent Refinement Workers: 13
[2021-05-04T15:02:12.864+0000][8679][gc,init] Periodic GC: Disabled
[2021-05-04T15:02:12.864+0000][8679][gc,metaspace] CDS archive(s) mapped at: [0x0000000800000000-0x0000000800bbb000-0x0000000800bbb000), size 12300288, SharedBaseAddress: 0x0000000800000000, ArchiveRelocationMode: 0.
[2021-05-04T15:02:12.864+0000][8679][gc,metaspace] Compressed class space mapped at: 0x0000000800c00000-0x0000000840c00000, reserved size: 1073741824
[2021-05-04T15:02:12.864+0000][8679][gc,metaspace] Narrow klass base: 0x0000000800000000, Narrow klass shift: 3, Narrow klass range: 0x100000000
[2021-05-04T15:02:13.126+0000][8679][safepoint   ] Safepoint "ICBufferFull", Time since last: 254261117 ns, Reaching safepoint: 96931 ns, At safepoint: 61219 ns, Total: 158150 ns
[2021-05-04T15:02:13.645+0000][8679][safepoint   ] Safepoint "ICBufferFull", Time since last: 518968253 ns, Reaching safepoint: 155762 ns, At safepoint: 28778 ns, Total: 184540 ns
[2021-05-04T15:02:14.018+0000][8679][safepoint   ] Safepoint "ICBufferFull", Time since last: 372835517 ns, Reaching safepoint: 85984 ns, At safepoint: 1524 ns, Total: 87508 ns
[2021-05-04T15:02:14.467+0000][8679][safepoint   ] Safepoint "ICBufferFull", Time since last: 449350690 ns, Reaching safepoint: 106756 ns, At safepoint: 1616 ns, Total: 108372 ns
[2021-05-04T15:02:14.470+0000][8679][safepoint   ] Safepoint "ICBufferFull", Time since last: 2825489 ns, Reaching safepoint: 12619 ns, At safepoint: 1272 ns, Total: 13891 ns
[2021-05-04T15:02:14.475+0000][8679][safepoint   ] Safepoint "ICBufferFull", Time since last: 4601282 ns, Reaching safepoint: 27649 ns, At safepoint: 1241 ns, Total: 28890 ns
[2021-05-04T15:02:14.477+0000][8679][safepoint   ] Safepoint "ICBufferFull", Time since last: 2164927 ns, Reaching safepoint: 11216 ns, At safepoint: 1155 ns, Total: 12371 ns
[2021-05-04T15:02:14.480+0000][8679][safepoint   ] Safepoint "ICBufferFull", Time since last: 3174776 ns, Reaching safepoint: 34611 ns, At safepoint: 1164 ns, Total: 35775 ns
[2021-05-04T15:02:14.483+0000][8679][safepoint   ] Safepoint "ICBufferFull", Time since last: 2524524 ns, Reaching safepoint: 10621 ns, At safepoint: 1080 ns, Total: 11701 ns
[2021-05-04T15:02:14.486+0000][8679][safepoint   ] Safepoint "ICBufferFull", Time since last: 2840978 ns, Reaching safepoint: 11247 ns, At safepoint: 1151 ns, Total: 12398 ns
[2021-05-04T15:02:14.488+0000][8679][safepoint   ] Safepoint "ICBufferFull", Time since last: 1941102 ns, Reaching safepoint: 13689 ns, At safepoint: 1309 ns, Total: 14998 ns
[2021-05-04T15:02:14.490+0000][8679][safepoint   ] Safepoint "ICBufferFull", Time since last: 2050751 ns, Reaching safepoint: 10880 ns, At safepoint: 1059 ns, Total: 11939 ns
[2021-05-04T15:02:14.492+0000][8679][safepoint   ] Safepoint "ICBufferFull", Time since last: 2594718 ns, Reaching safepoint: 24572 ns, At safepoint: 1024 ns, Total: 25596 ns
[2021-05-04T15:02:14.496+0000][8679][safepoint   ] Safepoint "ICBufferFull", Time since last: 3506035 ns, Reaching safepoint: 37306 ns, At safepoint: 1104 ns, Total: 38410 ns
[2021-05-04T15:02:14.498+0000][8679][safepoint   ] Safepoint "ICBufferFull", Time since last: 1826459 ns, Reaching safepoint: 25214 ns, At safepoint: 1127 ns, Total: 26341 ns
[2021-05-04T15:02:14.500+0000][8679][safepoint   ] Safepoint "ICBufferFull", Time since last: 2382939 ns, Reaching safepoint: 31104 ns, At safepoint: 22575 ns, Total: 53679 ns
[2021-05-04T15:02:14.503+0000][8679][safepoint   ] Safepoint "ICBufferFull", Time since last: 2803163 ns, Reaching safepoint: 25662 ns, At safepoint: 1188 ns, Total: 26850 ns
[2021-05-04T15:02:14.506+0000][8679][safepoint   ] Safepoint "ICBufferFull", Time since last: 2628884 ns, Reaching safepoint: 32478 ns, At safepoint: 1145 ns, Total: 33623 ns
[2021-05-04T15:02:14.509+0000][8679][safepoint   ] Safepoint "ICBufferFull", Time since last: 3318115 ns, Reaching safepoint: 32110 ns, At safepoint: 1169 ns, Total: 33279 ns
[2021-05-04T15:02:14.512+0000][8679][safepoint   ] Safepoint "ICBufferFull", Time since last: 2576373 ns, Reaching safepoint: 60610 ns, At safepoint: 18267 ns, Total: 78877 ns
[2021-05-04T15:02:14.515+0000][8679][safepoint   ] Safepoint "ICBufferFull", Time since last: 3709736 ns, Reaching safepoint: 33565 ns, At safepoint: 26970 ns, Total: 60535 ns
[2021-05-04T15:02:14.520+0000][8679][safepoint   ] Safepoint "ICBufferFull", Time since last: 4993440 ns, Reaching safepoint: 13005 ns, At safepoint: 1205 ns, Total: 14210 ns
[2021-05-04T15:02:14.524+0000][8679][safepoint   ] Safepoint "ICBufferFull", Time since last: 3388021 ns, Reaching safepoint: 30753 ns, At safepoint: 75432 ns, Total: 106185 ns
[2021-05-04T15:02:14.525+0000][8679][safepoint   ] Safepoint "ICBufferFull", Time since last: 716874 ns, Reaching safepoint: 50207 ns, At safepoint: 25550 ns, Total: 75757 ns
[2021-05-04T15:02:14.526+0000][8679][safepoint   ] Safepoint "ICBufferFull", Time since last: 863521 ns, Reaching safepoint: 34764 ns, At safepoint: 27093 ns, Total: 61857 ns
[2021-05-04T15:02:14.526+0000][8679][safepoint   ] Safepoint "ICBufferFull", Time since last: 497245 ns, Reaching safepoint: 8600 ns, At safepoint: 1031 ns, Total: 9631 ns
[2021-05-04T15:02:14.527+0000][8679][safepoint   ] Safepoint "ICBufferFull", Time since last: 678254 ns, Reaching safepoint: 10491 ns, At safepoint: 7651 ns, Total: 18142 ns
[2021-05-04T15:02:14.527+0000][8679][safepoint   ] Safepoint "ICBufferFull", Time since last: 479282 ns, Reaching safepoint: 8507 ns, At safepoint: 989 ns, Total: 9496 ns
[2021-05-04T15:02:14.528+0000][8679][safepoint   ] Safepoint "ICBufferFull", Time since last: 535363 ns, Reaching safepoint: 31276 ns, At safepoint: 21710 ns, Total: 52986 ns
[2021-05-04T15:02:14.528+0000][8679][safepoint   ] Safepoint "ICBufferFull", Time since last: 506296 ns, Reaching safepoint: 9095 ns, At safepoint: 974 ns, Total: 10069 ns
[2021-05-04T15:02:14.529+0000][8679][safepoint   ] Safepoint "ICBufferFull", Time since last: 529536 ns, Reaching safepoint: 12613 ns, At safepoint: 1309 ns, Total: 13922 ns
[2021-05-04T15:02:14.529+0000][8679][safepoint   ] Safepoint "ICBufferFull", Time since last: 489568 ns, Reaching safepoint: 8816 ns, At safepoint: 959 ns, Total: 9775 ns
[2021-05-04T15:02:14.530+0000][8679][safepoint   ] Safepoint "ICBufferFull", Time since last: 461741 ns, Reaching safepoint: 8344 ns, At safepoint: 953 ns, Total: 9297 ns
[2021-05-04T15:02:14.530+0000][8679][safepoint   ] Safepoint "ICBufferFull", Time since last: 454134 ns, Reaching safepoint: 8383 ns, At safepoint: 5110 ns, Total: 13493 ns
[2021-05-04T15:02:14.531+0000][8679][safepoint   ] Safepoint "ICBufferFull", Time since last: 504991 ns, Reaching safepoint: 9579 ns, At safepoint: 1080 ns, Total: 10659 ns
[2021-05-04T15:02:14.531+0000][8679][safepoint   ] Safepoint "ICBufferFull", Time since last: 448830 ns, Reaching safepoint: 7989 ns, At safepoint: 951 ns, Total: 8940 ns
[2021-05-04T15:02:14.532+0000][8679][safepoint   ] Safepoint "ICBufferFull", Time since last: 591885 ns, Reaching safepoint: 7835 ns, At safepoint: 964 ns, Total: 8799 ns
[2021-05-04T15:02:14.532+0000][8679][safepoint   ] Safepoint "ICBufferFull", Time since last: 444110 ns, Reaching safepoint: 29437 ns, At safepoint: 1019 ns, Total: 30456 ns
[2021-05-04T15:02:14.533+0000][8679][safepoint   ] Safepoint "ICBufferFull", Time since last: 497413 ns, Reaching safepoint: 29337 ns, At safepoint: 1006 ns, Total: 30343 ns
[2021-05-04T15:02:14.534+0000][8679][safepoint   ] Safepoint "ICBufferFull", Time since last: 574104 ns, Reaching safepoint: 33908 ns, At safepoint: 2065 ns, Total: 35973 ns
[2021-05-04T15:02:14.537+0000][8679][safepoint   ] Safepoint "ICBufferFull", Time since last: 3628677 ns, Reaching safepoint: 62465 ns, At safepoint: 37338 ns, Total: 99803 ns
[2021-05-04T15:02:14.541+0000][8679][safepoint   ] Safepoint "ICBufferFull", Time since last: 4136343 ns, Reaching safepoint: 37503 ns, At safepoint: 30166 ns, Total: 67669 ns
[2021-05-04T15:02:14.543+0000][8679][safepoint   ] Safepoint "ICBufferFull", Time since last: 929428 ns, Reaching safepoint: 50894 ns, At safepoint: 68480 ns, Total: 119374 ns
[2021-05-04T15:02:14.568+0000][8679][safepoint   ] Safepoint "ICBufferFull", Time since last: 25329323 ns, Reaching safepoint: 51682 ns, At safepoint: 2475 ns, Total: 54157 ns
[2021-05-04T15:02:14.569+0000][8679][safepoint   ] Safepoint "ICBufferFull", Time since last: 945576 ns, Reaching safepoint: 41283 ns, At safepoint: 31266 ns, Total: 72549 ns
[2021-05-04T15:02:14.570+0000][8679][safepoint   ] Safepoint "ICBufferFull", Time since last: 586810 ns, Reaching safepoint: 12034 ns, At safepoint: 1222 ns, Total: 13256 ns
[2021-05-04T15:02:14.570+0000][8679][safepoint   ] Safepoint "ICBufferFull", Time since last: 522904 ns, Reaching safepoint: 68029 ns, At safepoint: 28555 ns, Total: 96584 ns
[2021-05-04T15:02:14.571+0000][8679][safepoint   ] Safepoint "ICBufferFull", Time since last: 660389 ns, Reaching safepoint: 32071 ns, At safepoint: 28657 ns, Total: 60728 ns
[2021-05-04T15:02:14.571+0000][8679][safepoint   ] Safepoint "ICBufferFull", Time since last: 485289 ns, Reaching safepoint: 9672 ns, At safepoint: 22150 ns, Total: 31822 ns
[2021-05-04T15:02:14.572+0000][8679][safepoint   ] Safepoint "ICBufferFull", Time since last: 468474 ns, Reaching safepoint: 30250 ns, At safepoint: 1091 ns, Total: 31341 ns
[2021-05-04T15:02:14.572+0000][8679][safepoint   ] Safepoint "ICBufferFull", Time since last: 432040 ns, Reaching safepoint: 30400 ns, At safepoint: 1101 ns, Total: 31501 ns
[2021-05-04T15:02:14.573+0000][8679][safepoint   ] Safepoint "ICBufferFull", Time since last: 516549 ns, Reaching safepoint: 33462 ns, At safepoint: 3052 ns, Total: 36514 ns
[2021-05-04T15:02:14.573+0000][8679][safepoint   ] Safepoint "ICBufferFull", Time since last: 494736 ns, Reaching safepoint: 32145 ns, At safepoint: 1092 ns, Total: 33237 ns
[2021-05-04T15:02:14.574+0000][8679][safepoint   ] Safepoint "ICBufferFull", Time since last: 666992 ns, Reaching safepoint: 12911 ns, At safepoint: 1370 ns, Total: 14281 ns
[2021-05-04T15:02:14.575+0000][8679][safepoint   ] Safepoint "ICBufferFull", Time since last: 579538 ns, Reaching safepoint: 31230 ns, At safepoint: 1104 ns, Total: 32334 ns
[2021-05-04T15:02:14.575+0000][8679][safepoint   ] Safepoint "ICBufferFull", Time since last: 439820 ns, Reaching safepoint: 60380 ns, At safepoint: 28093 ns, Total: 88473 ns
[2021-05-04T15:02:14.576+0000][8679][safepoint   ] Safepoint "ICBufferFull", Time since last: 540553 ns, Reaching safepoint: 12295 ns, At safepoint: 62955 ns, Total: 75250 ns
[2021-05-04T15:02:14.576+0000][8679][safepoint   ] Safepoint "ICBufferFull", Time since last: 484402 ns, Reaching safepoint: 28465 ns, At safepoint: 982 ns, Total: 29447 ns
[2021-05-04T15:02:14.577+0000][8679][safepoint   ] Safepoint "ICBufferFull", Time since last: 543410 ns, Reaching safepoint: 42436 ns, At safepoint: 46159 ns, Total: 88595 ns
[2021-05-04T15:02:14.578+0000][8679][safepoint   ] Safepoint "ICBufferFull", Time since last: 517810 ns, Reaching safepoint: 42147 ns, At safepoint: 59865 ns, Total: 102012 ns
[2021-05-04T15:02:14.578+0000][8679][safepoint   ] Safepoint "ICBufferFull", Time since last: 492507 ns, Reaching safepoint: 60301 ns, At safepoint: 23554 ns, Total: 83855 ns
[2021-05-04T15:02:14.579+0000][8679][safepoint   ] Safepoint "ICBufferFull", Time since last: 820683 ns, Reaching safepoint: 44574 ns, At safepoint: 52268 ns, Total: 96842 ns
[2021-05-04T15:02:14.580+0000][8679][safepoint   ] Safepoint "ICBufferFull", Time since last: 742233 ns, Reaching safepoint: 62803 ns, At safepoint: 2058 ns, Total: 64861 ns
[2021-05-04T15:02:14.654+0000][8679][safepoint   ] Safepoint "ICBufferFull", Time since last: 73566971 ns, Reaching safepoint: 54084 ns, At safepoint: 1698 ns, Total: 55782 ns
[2021-05-04T15:02:14.654+0000][8679][safepoint   ] Safepoint "ICBufferFull", Time since last: 733965 ns, Reaching safepoint: 10613 ns, At safepoint: 1075 ns, Total: 11688 ns
[2021-05-04T15:02:14.655+0000][8679][safepoint   ] Safepoint "ICBufferFull", Time since last: 457945 ns, Reaching safepoint: 9036 ns, At safepoint: 940 ns, Total: 9976 ns
[2021-05-04T15:02:14.655+0000][8679][safepoint   ] Safepoint "ICBufferFull", Time since last: 568325 ns, Reaching safepoint: 8293 ns, At safepoint: 910 ns, Total: 9203 ns
[2021-05-04T15:02:14.656+0000][8679][safepoint   ] Safepoint "ICBufferFull", Time since last: 440753 ns, Reaching safepoint: 8372 ns, At safepoint: 930 ns, Total: 9302 ns
[2021-05-04T15:02:14.656+0000][8679][safepoint   ] Safepoint "ICBufferFull", Time since last: 466986 ns, Reaching safepoint: 8549 ns, At safepoint: 930 ns, Total: 9479 ns
[2021-05-04T15:02:14.657+0000][8679][safepoint   ] Safepoint "ICBufferFull", Time since last: 431920 ns, Reaching safepoint: 8609 ns, At safepoint: 969 ns, Total: 9578 ns
[2021-05-04T15:02:14.657+0000][8679][safepoint   ] Safepoint "ICBufferFull", Time since last: 416128 ns, Reaching safepoint: 8726 ns, At safepoint: 922 ns, Total: 9648 ns
[2021-05-04T15:02:14.658+0000][8679][safepoint   ] Safepoint "ICBufferFull", Time since last: 418866 ns, Reaching safepoint: 8683 ns, At safepoint: 900 ns, Total: 9583 ns
[2021-05-04T15:02:14.658+0000][8679][safepoint   ] Safepoint "ICBufferFull", Time since last: 535871 ns, Reaching safepoint: 8548 ns, At safepoint: 937 ns, Total: 9485 ns
[2021-05-04T15:02:14.659+0000][8679][safepoint   ] Safepoint "ICBufferFull", Time since last: 419003 ns, Reaching safepoint: 8141 ns, At safepoint: 866 ns, Total: 9007 ns
[2021-05-04T15:02:14.659+0000][8679][safepoint   ] Safepoint "ICBufferFull", Time since last: 432626 ns, Reaching safepoint: 8379 ns, At safepoint: 921 ns, Total: 9300 ns
[2021-05-04T15:02:14.659+0000][8679][safepoint   ] Safepoint "ICBufferFull", Time since last: 414484 ns, Reaching safepoint: 8516 ns, At safepoint: 903 ns, Total: 9419 ns
[2021-05-04T15:02:14.660+0000][8679][safepoint   ] Safepoint "ICBufferFull", Time since last: 432172 ns, Reaching safepoint: 7589 ns, At safepoint: 917 ns, Total: 8506 ns
[2021-05-04T15:02:14.660+0000][8679][safepoint   ] Safepoint "ICBufferFull", Time since last: 423604 ns, Reaching safepoint: 7459 ns, At safepoint: 944 ns, Total: 8403 ns
[2021-05-04T15:02:14.661+0000][8679][safepoint   ] Safepoint "ICBufferFull", Time since last: 396447 ns, Reaching safepoint: 8068 ns, At safepoint: 921 ns, Total: 8989 ns
[2021-05-04T15:02:14.661+0000][8679][safepoint   ] Safepoint "ICBufferFull", Time since last: 428411 ns, Reaching safepoint: 13875 ns, At safepoint: 1871 ns, Total: 15746 ns
[2021-05-04T15:02:14.662+0000][8679][safepoint   ] Safepoint "ICBufferFull", Time since last: 398502 ns, Reaching safepoint: 8269 ns, At safepoint: 950 ns, Total: 9219 ns
[2021-05-04T15:02:14.662+0000][8679][safepoint   ] Safepoint "ICBufferFull", Time since last: 630098 ns, Reaching safepoint: 9269 ns, At safepoint: 1012 ns, Total: 10281 ns
[2021-05-04T15:02:14.663+0000][8679][safepoint   ] Safepoint "ICBufferFull", Time since last: 697344 ns, Reaching safepoint: 9385 ns, At safepoint: 1105 ns, Total: 10490 ns
[2021-05-04T15:02:14.734+0000][8679][safepoint   ] Safepoint "ICBufferFull", Time since last: 70654605 ns, Reaching safepoint: 57315 ns, At safepoint: 10380 ns, Total: 67695 ns
[2021-05-04T15:02:15.419+0000][8679][gc,start    ] GC(0) Pause Young (Normal) (G1 Evacuation Pause)
[2021-05-04T15:02:15.419+0000][8679][gc,task     ] GC(0) Using 13 workers of 13 for evacuation
[2021-05-04T15:02:15.419+0000][8679][gc,age      ] GC(0) Desired survivor size 54525952 bytes, new threshold 15 (max threshold 15)
[2021-05-04T15:02:15.425+0000][8679][gc,age      ] GC(0) Age table with threshold 15 (max threshold 15)
[2021-05-04T15:02:15.425+0000][8679][gc,age      ] GC(0) - age   1:   15742032 bytes,   15742032 total
[2021-05-04T15:02:15.425+0000][8679][gc,phases   ] GC(0)   Pre Evacuate Collection Set: 0.1ms
[2021-05-04T15:02:15.425+0000][8679][gc,phases   ] GC(0)   Merge Heap Roots: 0.1ms
[2021-05-04T15:02:15.425+0000][8679][gc,phases   ] GC(0)   Evacuate Collection Set: 3.9ms
[2021-05-04T15:02:15.425+0000][8679][gc,phases   ] GC(0)   Post Evacuate Collection Set: 1.0ms
[2021-05-04T15:02:15.425+0000][8679][gc,phases   ] GC(0)   Other: 0.2ms
[2021-05-04T15:02:15.425+0000][8679][gc,heap     ] GC(0) Eden regions: 102->0(100)
[2021-05-04T15:02:15.425+0000][8679][gc,heap     ] GC(0) Survivor regions: 0->2(13)
[2021-05-04T15:02:15.425+0000][8679][gc,heap     ] GC(0) Old regions: 0->0
[2021-05-04T15:02:15.425+0000][8679][gc,heap     ] GC(0) Archive regions: 2->2
[2021-05-04T15:02:15.425+0000][8679][gc,heap     ] GC(0) Humongous regions: 0->0
[2021-05-04T15:02:15.425+0000][8679][gc,metaspace] GC(0) Metaspace: 19034K(19392K)->19034K(19392K) NonClass: 16719K(16896K)->16719K(16896K) Class: 2314K(2496K)->2314K(2496K)
[2021-05-04T15:02:15.425+0000][8679][gc          ] GC(0) Pause Young (Normal) (G1 Evacuation Pause) 823M->23M(16384M) 5.483ms
[2021-05-04T15:02:15.425+0000][8679][gc,cpu      ] GC(0) User=0.04s Sys=0.01s Real=0.01s
[2021-05-04T15:02:15.425+0000][8679][safepoint   ] Safepoint "G1CollectForAllocation", Time since last: 685545654 ns, Reaching safepoint: 59298 ns, At safepoint: 5572520 ns, Total: 5631818 ns
[2021-05-04T15:02:16.222+0000][8679][gc,start    ] GC(1) Pause Young (Normal) (G1 Evacuation Pause)
[2021-05-04T15:02:16.222+0000][8679][gc,task     ] GC(1) Using 13 workers of 13 for evacuation
[2021-05-04T15:02:16.222+0000][8679][gc,age      ] GC(1) Desired survivor size 54525952 bytes, new threshold 15 (max threshold 15)
[2021-05-04T15:02:16.226+0000][8679][gc,age      ] GC(1) Age table with threshold 15 (max threshold 15)
[2021-05-04T15:02:16.226+0000][8679][gc,age      ] GC(1) - age   1:    3703264 bytes,    3703264 total
[2021-05-04T15:02:16.226+0000][8679][gc,age      ] GC(1) - age   2:   15255008 bytes,   18958272 total
[2021-05-04T15:02:16.226+0000][8679][gc,phases   ] GC(1)   Pre Evacuate Collection Set: 0.1ms
[2021-05-04T15:02:16.226+0000][8679][gc,phases   ] GC(1)   Merge Heap Roots: 0.0ms
[2021-05-04T15:02:16.226+0000][8679][gc,phases   ] GC(1)   Evacuate Collection Set: 3.6ms
[2021-05-04T15:02:16.226+0000][8679][gc,phases   ] GC(1)   Post Evacuate Collection Set: 0.6ms
[2021-05-04T15:02:16.226+0000][8679][gc,phases   ] GC(1)   Other: 0.2ms
[2021-05-04T15:02:16.226+0000][8679][gc,heap     ] GC(1) Eden regions: 100->0(99)
[2021-05-04T15:02:16.226+0000][8679][gc,heap     ] GC(1) Survivor regions: 2->3(13)
[2021-05-04T15:02:16.226+0000][8679][gc,heap     ] GC(1) Old regions: 0->0
[2021-05-04T15:02:16.226+0000][8679][gc,heap     ] GC(1) Archive regions: 2->2
[2021-05-04T15:02:16.226+0000][8679][gc,heap     ] GC(1) Humongous regions: 0->0
[2021-05-04T15:02:16.226+0000][8679][gc,metaspace] GC(1) Metaspace: 20771K(21248K)->20771K(21248K) NonClass: 18204K(18496K)->18204K(18496K) Class: 2566K(2752K)->2566K(2752K)
[2021-05-04T15:02:16.226+0000][8679][gc          ] GC(1) Pause Young (Normal) (G1 Evacuation Pause) 823M->26M(16384M) 4.611ms
[2021-05-04T15:02:16.226+0000][8679][gc,cpu      ] GC(1) User=0.05s Sys=0.00s Real=0.00s
[2021-05-04T15:02:16.226+0000][8679][safepoint   ] Safepoint "G1CollectForAllocation", Time since last: 796821429 ns, Reaching safepoint: 115260 ns, At safepoint: 4663320 ns, Total: 4778580 ns
[2021-05-04T15:02:16.337+0000][8679][gc,start    ] GC(2) Pause Young (Concurrent Start) (Metadata GC Threshold)
[2021-05-04T15:02:16.337+0000][8679][gc,task     ] GC(2) Using 13 workers of 13 for evacuation
[2021-05-04T15:02:16.337+0000][8679][gc,age      ] GC(2) Desired survivor size 54525952 bytes, new threshold 15 (max threshold 15)
[2021-05-04T15:02:16.342+0000][8679][gc,age      ] GC(2) Age table with threshold 15 (max threshold 15)
[2021-05-04T15:02:16.342+0000][8679][gc,age      ] GC(2) - age   1:     520368 bytes,     520368 total
[2021-05-04T15:02:16.342+0000][8679][gc,age      ] GC(2) - age   2:    3158840 bytes,    3679208 total
[2021-05-04T15:02:16.342+0000][8679][gc,age      ] GC(2) - age   3:   15255008 bytes,   18934216 total
[2021-05-04T15:02:16.342+0000][8679][gc,phases   ] GC(2)   Pre Evacuate Collection Set: 0.1ms
[2021-05-04T15:02:16.342+0000][8679][gc,phases   ] GC(2)   Merge Heap Roots: 0.1ms
[2021-05-04T15:02:16.342+0000][8679][gc,phases   ] GC(2)   Evacuate Collection Set: 3.6ms
[2021-05-04T15:02:16.342+0000][8679][gc,phases   ] GC(2)   Post Evacuate Collection Set: 0.7ms
[2021-05-04T15:02:16.342+0000][8679][gc,phases   ] GC(2)   Other: 0.4ms
[2021-05-04T15:02:16.342+0000][8679][gc,heap     ] GC(2) Eden regions: 16->0(100)
[2021-05-04T15:02:16.342+0000][8679][gc,heap     ] GC(2) Survivor regions: 3->3(13)
[2021-05-04T15:02:16.342+0000][8679][gc,heap     ] GC(2) Old regions: 0->0
[2021-05-04T15:02:16.342+0000][8679][gc,heap     ] GC(2) Archive regions: 2->2
[2021-05-04T15:02:16.342+0000][8679][gc,heap     ] GC(2) Humongous regions: 0->0
[2021-05-04T15:02:16.342+0000][8679][gc,metaspace] GC(2) Metaspace: 20812K(21248K)->20812K(21248K) NonClass: 18237K(18496K)->18237K(18496K) Class: 2574K(2752K)->2574K(2752K)
[2021-05-04T15:02:16.342+0000][8679][gc          ] GC(2) Pause Young (Concurrent Start) (Metadata GC Threshold) 150M->27M(16384M) 4.907ms
[2021-05-04T15:02:16.342+0000][8679][gc,cpu      ] GC(2) User=0.05s Sys=0.00s Real=0.01s
[2021-05-04T15:02:16.342+0000][8679][safepoint   ] Safepoint "CollectForMetadataAllocation", Time since last: 110530089 ns, Reaching safepoint: 51743 ns, At safepoint: 5017484 ns, Total: 5069227 ns
[2021-05-04T15:02:16.342+0000][8679][gc          ] GC(3) Concurrent Mark Cycle
[2021-05-04T15:02:16.342+0000][8679][gc,marking  ] GC(3) Concurrent Clear Claimed Marks
[2021-05-04T15:02:16.342+0000][8679][gc,marking  ] GC(3) Concurrent Clear Claimed Marks 0.028ms
[2021-05-04T15:02:16.342+0000][8679][gc,marking  ] GC(3) Concurrent Scan Root Regions
[2021-05-04T15:02:16.345+0000][8679][gc,marking  ] GC(3) Concurrent Scan Root Regions 3.026ms
[2021-05-04T15:02:16.345+0000][8679][gc,marking  ] GC(3) Concurrent Mark
[2021-05-04T15:02:16.345+0000][8679][gc,marking  ] GC(3) Concurrent Mark From Roots
[2021-05-04T15:02:16.345+0000][8679][gc,task     ] GC(3) Using 3 workers of 3 for marking
[2021-05-04T15:02:16.346+0000][8679][gc,marking  ] GC(3) Concurrent Mark From Roots 1.179ms
[2021-05-04T15:02:16.346+0000][8679][gc,marking  ] GC(3) Concurrent Preclean
[2021-05-04T15:02:16.346+0000][8679][gc,marking  ] GC(3) Concurrent Preclean 0.035ms
[2021-05-04T15:02:16.346+0000][8679][gc,start    ] GC(3) Pause Remark
[2021-05-04T15:02:16.348+0000][8679][gc          ] GC(3) Pause Remark 31M->31M(16384M) 1.159ms
[2021-05-04T15:02:16.348+0000][8679][gc,cpu      ] GC(3) User=0.01s Sys=0.00s Real=0.00s
[2021-05-04T15:02:16.348+0000][8679][safepoint   ] Safepoint "G1Concurrent", Time since last: 4390204 ns, Reaching safepoint: 67291 ns, At safepoint: 1245939 ns, Total: 1313230 ns
[2021-05-04T15:02:16.348+0000][8679][gc,marking  ] GC(3) Concurrent Mark 2.598ms
[2021-05-04T15:02:16.348+0000][8679][gc,marking  ] GC(3) Concurrent Rebuild Remembered Sets
[2021-05-04T15:02:16.348+0000][8679][gc,marking  ] GC(3) Concurrent Rebuild Remembered Sets 0.596ms
[2021-05-04T15:02:16.348+0000][8679][gc,start    ] GC(3) Pause Cleanup
[2021-05-04T15:02:16.349+0000][8679][gc          ] GC(3) Pause Cleanup 35M->35M(16384M) 0.126ms
[2021-05-04T15:02:16.349+0000][8679][gc,cpu      ] GC(3) User=0.01s Sys=0.00s Real=0.00s
[2021-05-04T15:02:16.349+0000][8679][safepoint   ] Safepoint "G1Concurrent", Time since last: 667186 ns, Reaching safepoint: 50302 ns, At safepoint: 185944 ns, Total: 236246 ns
[2021-05-04T15:02:16.349+0000][8679][gc,marking  ] GC(3) Concurrent Cleanup for Next Mark
[2021-05-04T15:02:16.370+0000][8679][gc,marking  ] GC(3) Concurrent Cleanup for Next Mark 21.079ms
[2021-05-04T15:02:16.370+0000][8679][gc          ] GC(3) Concurrent Mark Cycle 27.757ms
[2021-05-04T15:02:16.839+0000][8679][safepoint   ] Safepoint "ICBufferFull", Time since last: 490626442 ns, Reaching safepoint: 144560 ns, At safepoint: 23546 ns, Total: 168106 ns
[2021-05-04T15:02:17.246+0000][8679][safepoint   ] Safepoint "ICBufferFull", Time since last: 406575783 ns, Reaching safepoint: 169105 ns, At safepoint: 2726 ns, Total: 171831 ns
[2021-05-04T15:02:18.491+0000][8679][safepoint   ] Safepoint "Cleanup", Time since last: 1244893760 ns, Reaching safepoint: 155303 ns, At safepoint: 31011 ns, Total: 186314 ns
[2021-05-04T15:02:18.564+0000][8679][gc,start    ] GC(4) Pause Young (Concurrent Start) (Metadata GC Threshold)
[2021-05-04T15:02:18.564+0000][8679][gc,task     ] GC(4) Using 13 workers of 13 for evacuation
[2021-05-04T15:02:18.564+0000][8679][gc,age      ] GC(4) Desired survivor size 58720256 bytes, new threshold 15 (max threshold 15)
[2021-05-04T15:02:18.577+0000][8679][gc,age      ] GC(4) Age table with threshold 15 (max threshold 15)
[2021-05-04T15:02:18.577+0000][8679][gc,age      ] GC(4) - age   1:   39324984 bytes,   39324984 total
[2021-05-04T15:02:18.577+0000][8679][gc,age      ] GC(4) - age   2:     490784 bytes,   39815768 total
[2021-05-04T15:02:18.577+0000][8679][gc,age      ] GC(4) - age   3:    3101632 bytes,   42917400 total
[2021-05-04T15:02:18.577+0000][8679][gc,age      ] GC(4) - age   4:   15110056 bytes,   58027456 total
[2021-05-04T15:02:18.577+0000][8679][gc,phases   ] GC(4)   Pre Evacuate Collection Set: 0.2ms
[2021-05-04T15:02:18.577+0000][8679][gc,phases   ] GC(4)   Merge Heap Roots: 0.1ms
[2021-05-04T15:02:18.577+0000][8679][gc,phases   ] GC(4)   Evacuate Collection Set: 11.2ms
[2021-05-04T15:02:18.577+0000][8679][gc,phases   ] GC(4)   Post Evacuate Collection Set: 1.5ms
[2021-05-04T15:02:18.577+0000][8679][gc,phases   ] GC(4)   Other: 0.4ms
[2021-05-04T15:02:18.577+0000][8679][gc,heap     ] GC(4) Eden regions: 70->0(94)
[2021-05-04T15:02:18.577+0000][8679][gc,heap     ] GC(4) Survivor regions: 3->8(14)
[2021-05-04T15:02:18.577+0000][8679][gc,heap     ] GC(4) Old regions: 0->0
[2021-05-04T15:02:18.577+0000][8679][gc,heap     ] GC(4) Archive regions: 2->2
[2021-05-04T15:02:18.577+0000][8679][gc,heap     ] GC(4) Humongous regions: 0->0
[2021-05-04T15:02:18.577+0000][8679][gc,metaspace] GC(4) Metaspace: 34641K(35520K)->34641K(35520K) NonClass: 30094K(30656K)->30094K(30656K) Class: 4547K(4864K)->4547K(4864K)
[2021-05-04T15:02:18.577+0000][8679][gc          ] GC(4) Pause Young (Concurrent Start) (Metadata GC Threshold) 587M->64M(16384M) 13.450ms
[2021-05-04T15:02:18.577+0000][8679][gc,cpu      ] GC(4) User=0.15s Sys=0.00s Real=0.01s
[2021-05-04T15:02:18.577+0000][8679][gc          ] GC(5) Concurrent Mark Cycle
[2021-05-04T15:02:18.577+0000][8679][gc,marking  ] GC(5) Concurrent Clear Claimed Marks
[2021-05-04T15:02:18.577+0000][8679][safepoint   ] Safepoint "CollectForMetadataAllocation", Time since last: 72477920 ns, Reaching safepoint: 91169 ns, At safepoint: 13638090 ns, Total: 13729259 ns
[2021-05-04T15:02:18.578+0000][8679][gc,marking  ] GC(5) Concurrent Clear Claimed Marks 0.086ms
[2021-05-04T15:02:18.578+0000][8679][gc,marking  ] GC(5) Concurrent Scan Root Regions
[2021-05-04T15:02:18.588+0000][8679][safepoint   ] Safepoint "CollectForMetadataAllocation", Time since last: 10431271 ns, Reaching safepoint: 70906 ns, At safepoint: 72246 ns, Total: 143152 ns
[2021-05-04T15:02:18.588+0000][8679][gc,marking  ] GC(5) Concurrent Scan Root Regions 10.885ms
[2021-05-04T15:02:18.588+0000][8679][gc,marking  ] GC(5) Concurrent Mark
[2021-05-04T15:02:18.588+0000][8679][gc,marking  ] GC(5) Concurrent Mark From Roots
[2021-05-04T15:02:18.588+0000][8679][gc,task     ] GC(5) Using 3 workers of 3 for marking
[2021-05-04T15:02:18.590+0000][8679][gc,marking  ] GC(5) Concurrent Mark From Roots 1.132ms
[2021-05-04T15:02:18.590+0000][8679][gc,marking  ] GC(5) Concurrent Preclean
[2021-05-04T15:02:18.590+0000][8679][gc,marking  ] GC(5) Concurrent Preclean 0.047ms
[2021-05-04T15:02:18.590+0000][8679][gc,start    ] GC(5) Pause Remark
[2021-05-04T15:02:18.592+0000][8679][gc          ] GC(5) Pause Remark 68M->68M(16384M) 1.626ms
[2021-05-04T15:02:18.592+0000][8679][gc,cpu      ] GC(5) User=0.01s Sys=0.00s Real=0.00s
[2021-05-04T15:02:18.592+0000][8679][safepoint   ] Safepoint "G1Concurrent", Time since last: 1622350 ns, Reaching safepoint: 295654 ns, At safepoint: 1721257 ns, Total: 2016911 ns
[2021-05-04T15:02:18.592+0000][8679][gc,marking  ] GC(5) Concurrent Mark 3.252ms
[2021-05-04T15:02:18.592+0000][8679][gc,marking  ] GC(5) Concurrent Rebuild Remembered Sets
[2021-05-04T15:02:18.592+0000][8679][gc,marking  ] GC(5) Concurrent Rebuild Remembered Sets 0.692ms
[2021-05-04T15:02:18.593+0000][8679][gc,start    ] GC(5) Pause Cleanup
[2021-05-04T15:02:18.594+0000][8679][gc          ] GC(5) Pause Cleanup 68M->68M(16384M) 0.206ms
[2021-05-04T15:02:18.594+0000][8679][gc,cpu      ] GC(5) User=0.00s Sys=0.00s Real=0.00s
[2021-05-04T15:02:18.594+0000][8679][safepoint   ] Safepoint "G1Concurrent", Time since last: 779082 ns, Reaching safepoint: 992937 ns, At safepoint: 308471 ns, Total: 1301408 ns
[2021-05-04T15:02:18.594+0000][8679][gc,marking  ] GC(5) Concurrent Cleanup for Next Mark
[2021-05-04T15:02:18.610+0000][8679][gc,marking  ] GC(5) Concurrent Cleanup for Next Mark 16.384ms
[2021-05-04T15:02:18.610+0000][8679][gc          ] GC(5) Concurrent Mark Cycle 32.812ms
[2021-05-04T15:02:19.399+0000][8679][safepoint   ] Safepoint "ICBufferFull", Time since last: 804908015 ns, Reaching safepoint: 169723 ns, At safepoint: 61734 ns, Total: 231457 ns
[2021-05-04T15:02:20.127+0000][8679][safepoint   ] Safepoint "ICBufferFull", Time since last: 727371564 ns, Reaching safepoint: 204029 ns, At safepoint: 29133 ns, Total: 233162 ns
[2021-05-04T15:02:20.443+0000][8679][gc,start    ] GC(6) Pause Young (Concurrent Start) (Metadata GC Threshold)
[2021-05-04T15:02:20.443+0000][8679][gc,task     ] GC(6) Using 13 workers of 13 for evacuation
[2021-05-04T15:02:20.444+0000][8679][gc,age      ] GC(6) Desired survivor size 58720256 bytes, new threshold 15 (max threshold 15)
[2021-05-04T15:02:20.459+0000][8679][gc,age      ] GC(6) Age table with threshold 15 (max threshold 15)
[2021-05-04T15:02:20.459+0000][8679][gc,age      ] GC(6) - age   1:   12160696 bytes,   12160696 total
[2021-05-04T15:02:20.459+0000][8679][gc,age      ] GC(6) - age   2:   39040616 bytes,   51201312 total
[2021-05-04T15:02:20.459+0000][8679][gc,age      ] GC(6) - age   3:     488280 bytes,   51689592 total
[2021-05-04T15:02:20.459+0000][8679][gc,age      ] GC(6) - age   4:    3070352 bytes,   54759944 total
[2021-05-04T15:02:20.459+0000][8679][gc,age      ] GC(6) - age   5:   15039520 bytes,   69799464 total
[2021-05-04T15:02:20.459+0000][8679][gc,phases   ] GC(6)   Pre Evacuate Collection Set: 0.2ms
[2021-05-04T15:02:20.459+0000][8679][gc,phases   ] GC(6)   Merge Heap Roots: 0.1ms
[2021-05-04T15:02:20.459+0000][8679][gc,phases   ] GC(6)   Evacuate Collection Set: 13.3ms
[2021-05-04T15:02:20.459+0000][8679][gc,phases   ] GC(6)   Post Evacuate Collection Set: 1.8ms
[2021-05-04T15:02:20.459+0000][8679][gc,phases   ] GC(6)   Other: 0.3ms
[2021-05-04T15:02:20.459+0000][8679][gc,heap     ] GC(6) Eden regions: 51->0(93)
[2021-05-04T15:02:20.459+0000][8679][gc,heap     ] GC(6) Survivor regions: 8->9(14)
[2021-05-04T15:02:20.459+0000][8679][gc,heap     ] GC(6) Old regions: 0->0
[2021-05-04T15:02:20.459+0000][8679][gc,heap     ] GC(6) Archive regions: 2->2
[2021-05-04T15:02:20.459+0000][8679][gc,heap     ] GC(6) Humongous regions: 0->0
[2021-05-04T15:02:20.459+0000][8679][gc,metaspace] GC(6) Metaspace: 58777K(59968K)->58777K(59968K) NonClass: 50806K(51456K)->50806K(51456K) Class: 7970K(8512K)->7970K(8512K)
[2021-05-04T15:02:20.459+0000][8679][gc          ] GC(6) Pause Young (Concurrent Start) (Metadata GC Threshold) 472M->78M(16384M) 15.783ms
[2021-05-04T15:02:20.459+0000][8679][gc,cpu      ] GC(6) User=0.17s Sys=0.00s Real=0.01s
[2021-05-04T15:02:20.459+0000][8679][gc          ] GC(7) Concurrent Mark Cycle
[2021-05-04T15:02:20.459+0000][8679][safepoint   ] Safepoint "CollectForMetadataAllocation", Time since last: 316398757 ns, Reaching safepoint: 506569 ns, At safepoint: 15909352 ns, Total: 16415921 ns
[2021-05-04T15:02:20.459+0000][8679][gc,marking  ] GC(7) Concurrent Clear Claimed Marks
[2021-05-04T15:02:20.459+0000][8679][gc,marking  ] GC(7) Concurrent Clear Claimed Marks 0.100ms
[2021-05-04T15:02:20.459+0000][8679][gc,marking  ] GC(7) Concurrent Scan Root Regions
[2021-05-04T15:02:20.473+0000][8679][gc,marking  ] GC(7) Concurrent Scan Root Regions 13.144ms
[2021-05-04T15:02:20.473+0000][8679][gc,marking  ] GC(7) Concurrent Mark
[2021-05-04T15:02:20.473+0000][8679][gc,marking  ] GC(7) Concurrent Mark From Roots
[2021-05-04T15:02:20.473+0000][8679][gc,task     ] GC(7) Using 3 workers of 3 for marking
[2021-05-04T15:02:20.474+0000][8679][gc,marking  ] GC(7) Concurrent Mark From Roots 1.170ms
[2021-05-04T15:02:20.474+0000][8679][gc,marking  ] GC(7) Concurrent Preclean
[2021-05-04T15:02:20.474+0000][8679][gc,marking  ] GC(7) Concurrent Preclean 0.026ms
[2021-05-04T15:02:20.474+0000][8679][gc,start    ] GC(7) Pause Remark
[2021-05-04T15:02:20.476+0000][8679][gc          ] GC(7) Pause Remark 82M->82M(16384M) 1.820ms
[2021-05-04T15:02:20.476+0000][8679][gc,cpu      ] GC(7) User=0.01s Sys=0.00s Real=0.00s
[2021-05-04T15:02:20.476+0000][8679][safepoint   ] Safepoint "G1Concurrent", Time since last: 14585487 ns, Reaching safepoint: 295218 ns, At safepoint: 1911326 ns, Total: 2206544 ns
[2021-05-04T15:02:20.476+0000][8679][gc,marking  ] GC(7) Concurrent Mark 3.500ms
[2021-05-04T15:02:20.476+0000][8679][gc,marking  ] GC(7) Concurrent Rebuild Remembered Sets
[2021-05-04T15:02:20.477+0000][8679][gc,marking  ] GC(7) Concurrent Rebuild Remembered Sets 0.631ms
[2021-05-04T15:02:20.477+0000][8679][gc,start    ] GC(7) Pause Cleanup
[2021-05-04T15:02:20.477+0000][8679][gc          ] GC(7) Pause Cleanup 82M->82M(16384M) 0.202ms
[2021-05-04T15:02:20.477+0000][8679][gc,cpu      ] GC(7) User=0.00s Sys=0.00s Real=0.00s
[2021-05-04T15:02:20.477+0000][8679][safepoint   ] Safepoint "G1Concurrent", Time since last: 682994 ns, Reaching safepoint: 39106 ns, At safepoint: 314198 ns, Total: 353304 ns
[2021-05-04T15:02:20.477+0000][8679][gc,marking  ] GC(7) Concurrent Cleanup for Next Mark
[2021-05-04T15:02:20.493+0000][8679][gc,marking  ] GC(7) Concurrent Cleanup for Next Mark 15.537ms
[2021-05-04T15:02:20.493+0000][8679][gc          ] GC(7) Concurrent Mark Cycle 33.528ms
[2021-05-04T15:02:21.530+0000][8679][safepoint   ] Safepoint "Cleanup", Time since last: 1052584542 ns, Reaching safepoint: 183728 ns, At safepoint: 25263 ns, Total: 208991 ns
[2021-05-04T15:02:21.950+0000][8679][safepoint   ] Safepoint "ICBufferFull", Time since last: 419558541 ns, Reaching safepoint: 141924 ns, At safepoint: 4449 ns, Total: 146373 ns
[2021-05-04T15:02:22.154+0000][8679][safepoint   ] Safepoint "ICBufferFull", Time since last: 204306504 ns, Reaching safepoint: 195897 ns, At safepoint: 41485 ns, Total: 237382 ns
[2021-05-04T15:02:22.719+0000][8679][safepoint   ] Safepoint "ICBufferFull", Time since last: 564923711 ns, Reaching safepoint: 114950 ns, At safepoint: 34092 ns, Total: 149042 ns
[2021-05-04T15:02:23.415+0000][8679][safepoint   ] Safepoint "ICBufferFull", Time since last: 695066973 ns, Reaching safepoint: 157755 ns, At safepoint: 13325 ns, Total: 171080 ns
[2021-05-04T15:02:24.415+0000][8679][safepoint   ] Safepoint "Cleanup", Time since last: 1000248413 ns, Reaching safepoint: 223977 ns, At safepoint: 34460 ns, Total: 258437 ns
[2021-05-04T15:02:25.416+0000][8679][safepoint   ] Safepoint "Cleanup", Time since last: 1000819874 ns, Reaching safepoint: 98076 ns, At safepoint: 5337 ns, Total: 103413 ns
[2021-05-04T15:02:26.420+0000][8679][safepoint   ] Safepoint "Cleanup", Time since last: 1004054262 ns, Reaching safepoint: 102315 ns, At safepoint: 5819 ns, Total: 108134 ns
[2021-05-04T15:02:29.430+0000][8679][safepoint   ] Safepoint "Cleanup", Time since last: 3009713823 ns, Reaching safepoint: 134947 ns, At safepoint: 11872 ns, Total: 146819 ns
[2021-05-04T15:02:31.432+0000][8679][safepoint   ] Safepoint "Cleanup", Time since last: 2001732777 ns, Reaching safepoint: 81822 ns, At safepoint: 9283 ns, Total: 91105 ns
[2021-05-04T15:02:32.433+0000][8679][safepoint   ] Safepoint "Cleanup", Time since last: 1000833379 ns, Reaching safepoint: 86549 ns, At safepoint: 4938 ns, Total: 91487 ns
[2021-05-04T15:02:36.443+0000][8679][safepoint   ] Safepoint "Cleanup", Time since last: 4010225687 ns, Reaching safepoint: 69845 ns, At safepoint: 3483 ns, Total: 73328 ns
[2021-05-04T15:02:37.446+0000][8679][safepoint   ] Safepoint "Cleanup", Time since last: 1002586990 ns, Reaching safepoint: 86386 ns, At safepoint: 7847 ns, Total: 94233 ns
[2021-05-04T15:02:40.451+0000][8679][safepoint   ] Safepoint "Cleanup", Time since last: 3005032510 ns, Reaching safepoint: 101518 ns, At safepoint: 4928 ns, Total: 106446 ns
[2021-05-04T15:02:42.456+0000][8679][safepoint   ] Safepoint "Cleanup", Time since last: 2004859023 ns, Reaching safepoint: 83187 ns, At safepoint: 7180 ns, Total: 90367 ns
[2021-05-04T15:02:43.456+0000][8679][safepoint   ] Safepoint "Cleanup", Time since last: 1000162411 ns, Reaching safepoint: 108828 ns, At safepoint: 4886 ns, Total: 113714 ns
[2021-05-04T15:02:45.457+0000][8679][safepoint   ] Safepoint "Cleanup", Time since last: 2000960486 ns, Reaching safepoint: 69136 ns, At safepoint: 12552 ns, Total: 81688 ns
[2021-05-04T15:02:47.458+0000][8679][safepoint   ] Safepoint "Cleanup", Time since last: 2000793497 ns, Reaching safepoint: 105163 ns, At safepoint: 6483 ns, Total: 111646 ns
[2021-05-04T15:02:53.465+0000][8679][safepoint   ] Safepoint "Cleanup", Time since last: 6006523166 ns, Reaching safepoint: 88661 ns, At safepoint: 7060 ns, Total: 95721 ns
[2021-05-04T15:03:00.481+0000][8679][safepoint   ] Safepoint "Cleanup", Time since last: 7015838422 ns, Reaching safepoint: 139089 ns, At safepoint: 13232 ns, Total: 152321 ns
[2021-05-04T15:03:02.487+0000][8679][safepoint   ] Safepoint "Cleanup", Time since last: 2005176543 ns, Reaching safepoint: 55698 ns, At safepoint: 13641 ns, Total: 69339 ns
[2021-05-04T15:03:04.493+0000][8679][safepoint   ] Safepoint "Cleanup", Time since last: 2006175317 ns, Reaching safepoint: 79726 ns, At safepoint: 8003 ns, Total: 87729 ns
[2021-05-04T15:03:05.494+0000][8679][safepoint   ] Safepoint "Cleanup", Time since last: 1000849453 ns, Reaching safepoint: 133559 ns, At safepoint: 16261 ns, Total: 149820 ns
[2021-05-04T15:03:10.499+0000][8679][safepoint   ] Safepoint "Cleanup", Time since last: 5004741564 ns, Reaching safepoint: 71774 ns, At safepoint: 30280 ns, Total: 102054 ns
[2021-05-04T15:03:11.503+0000][8679][safepoint   ] Safepoint "Cleanup", Time since last: 1003776764 ns, Reaching safepoint: 73454 ns, At safepoint: 12815 ns, Total: 86269 ns
[2021-05-04T15:03:18.515+0000][8679][safepoint   ] Safepoint "Cleanup", Time since last: 7012183571 ns, Reaching safepoint: 93972 ns, At safepoint: 46986 ns, Total: 140958 ns
[2021-05-04T15:03:19.517+0000][8679][safepoint   ] Safepoint "Cleanup", Time since last: 1001446119 ns, Reaching safepoint: 53057 ns, At safepoint: 5206 ns, Total: 58263 ns
[2021-05-04T15:03:22.527+0000][8679][safepoint   ] Safepoint "Cleanup", Time since last: 3009847365 ns, Reaching safepoint: 98625 ns, At safepoint: 7916 ns, Total: 106541 ns
[2021-05-04T15:03:23.527+0000][8679][safepoint   ] Safepoint "Cleanup", Time since last: 1000305300 ns, Reaching safepoint: 93727 ns, At safepoint: 8271 ns, Total: 101998 ns
[2021-05-04T15:03:41.559+0000][8679][safepoint   ] Safepoint "Cleanup", Time since last: 18032075846 ns, Reaching safepoint: 72105 ns, At safepoint: 8375 ns, Total: 80480 ns
[2021-05-04T15:03:47.569+0000][8679][safepoint   ] Safepoint "Cleanup", Time since last: 6009411294 ns, Reaching safepoint: 83558 ns, At safepoint: 45925 ns, Total: 129483 ns
[2021-05-04T15:03:53.577+0000][8679][safepoint   ] Safepoint "Cleanup", Time since last: 6008127070 ns, Reaching safepoint: 78914 ns, At safepoint: 8690 ns, Total: 87604 ns
[2021-05-04T15:03:54.582+0000][8679][safepoint   ] Safepoint "Cleanup", Time since last: 1004433569 ns, Reaching safepoint: 170750 ns, At safepoint: 88937 ns, Total: 259687 ns
[2021-05-04T15:04:02.599+0000][8679][safepoint   ] Safepoint "Cleanup", Time since last: 8016586308 ns, Reaching safepoint: 91969 ns, At safepoint: 11417 ns, Total: 103386 ns
[2021-05-04T15:04:03.599+0000][8679][safepoint   ] Safepoint "Cleanup", Time since last: 1000291015 ns, Reaching safepoint: 84248 ns, At safepoint: 4355 ns, Total: 88603 ns
[2021-05-04T15:04:05.605+0000][8679][safepoint   ] Safepoint "Cleanup", Time since last: 2005413577 ns, Reaching safepoint: 87048 ns, At safepoint: 7784 ns, Total: 94832 ns
[2021-05-04T15:04:17.633+0000][8679][safepoint   ] Safepoint "Cleanup", Time since last: 12027377879 ns, Reaching safepoint: 132163 ns, At safepoint: 12742 ns, Total: 144905 ns
[2021-05-04T15:04:22.638+0000][8679][safepoint   ] Safepoint "Cleanup", Time since last: 5005420995 ns, Reaching safepoint: 199074 ns, At safepoint: 68138 ns, Total: 267212 ns
[2021-05-04T15:04:24.639+0000][8679][safepoint   ] Safepoint "Cleanup", Time since last: 2000481461 ns, Reaching safepoint: 199072 ns, At safepoint: 33118 ns, Total: 232190 ns
[2021-05-04T15:04:28.647+0000][8679][safepoint   ] Safepoint "Cleanup", Time since last: 4007772603 ns, Reaching safepoint: 116210 ns, At safepoint: 14909 ns, Total: 131119 ns
[2021-05-04T15:04:29.648+0000][8679][safepoint   ] Safepoint "Cleanup", Time since last: 1000552837 ns, Reaching safepoint: 76844 ns, At safepoint: 19751 ns, Total: 96595 ns
[2021-05-04T15:04:30.649+0000][8679][safepoint   ] Safepoint "Cleanup", Time since last: 1000875399 ns, Reaching safepoint: 75336 ns, At safepoint: 12569 ns, Total: 87905 ns
[2021-05-04T15:04:31.649+0000][8679][safepoint   ] Safepoint "Cleanup", Time since last: 1000291332 ns, Reaching safepoint: 72876 ns, At safepoint: 22302 ns, Total: 95178 ns
[2021-05-04T15:04:32.650+0000][8679][safepoint   ] Safepoint "Cleanup", Time since last: 1001063308 ns, Reaching safepoint: 72692 ns, At safepoint: 23708 ns, Total: 96400 ns
[2021-05-04T15:04:35.658+0000][8679][safepoint   ] Safepoint "Cleanup", Time since last: 3007254107 ns, Reaching safepoint: 82878 ns, At safepoint: 23066 ns, Total: 105944 ns
[2021-05-04T15:04:53.685+0000][8679][safepoint   ] Safepoint "Cleanup", Time since last: 18027118151 ns, Reaching safepoint: 123018 ns, At safepoint: 3799 ns, Total: 126817 ns
[2021-05-04T15:04:59.702+0000][8679][safepoint   ] Safepoint "Cleanup", Time since last: 6016543109 ns, Reaching safepoint: 80265 ns, At safepoint: 12177 ns, Total: 92442 ns
[2021-05-04T15:05:12.729+0000][8679][safepoint   ] Safepoint "Cleanup", Time since last: 13026412825 ns, Reaching safepoint: 92141 ns, At safepoint: 8225 ns, Total: 100366 ns
[2021-05-04T15:05:17.733+0000][8679][safepoint   ] Safepoint "Cleanup", Time since last: 5004008419 ns, Reaching safepoint: 141797 ns, At safepoint: 11001 ns, Total: 152798 ns
[2021-05-04T15:05:20.745+0000][8679][safepoint   ] Safepoint "Cleanup", Time since last: 3011954144 ns, Reaching safepoint: 162328 ns, At safepoint: 12495 ns, Total: 174823 ns
[2021-05-04T15:05:22.748+0000][8679][safepoint   ] Safepoint "Cleanup", Time since last: 2002780893 ns, Reaching safepoint: 101216 ns, At safepoint: 9307 ns, Total: 110523 ns
[2021-05-04T15:05:33.770+0000][8679][safepoint   ] Safepoint "Cleanup", Time since last: 11021793040 ns, Reaching safepoint: 110386 ns, At safepoint: 15385 ns, Total: 125771 ns
[2021-05-04T15:05:34.775+0000][8679][safepoint   ] Safepoint "Cleanup", Time since last: 1005101187 ns, Reaching safepoint: 74474 ns, At safepoint: 18906 ns, Total: 93380 ns
[2021-05-04T15:05:36.783+0000][8679][safepoint   ] Safepoint "Cleanup", Time since last: 2007119718 ns, Reaching safepoint: 113032 ns, At safepoint: 108656 ns, Total: 221688 ns
[2021-05-04T15:05:37.783+0000][8679][safepoint   ] Safepoint "Cleanup", Time since last: 1000288132 ns, Reaching safepoint: 98136 ns, At safepoint: 25639 ns, Total: 123775 ns
[2021-05-04T15:05:52.809+0000][8679][safepoint   ] Safepoint "Cleanup", Time since last: 15025982938 ns, Reaching safepoint: 65924 ns, At safepoint: 45400 ns, Total: 111324 ns
[2021-05-04T15:06:06.837+0000][8679][safepoint   ] Safepoint "Cleanup", Time since last: 14027271367 ns, Reaching safepoint: 128520 ns, At safepoint: 17489 ns, Total: 146009 ns
[2021-05-04T15:06:14.849+0000][8679][safepoint   ] Safepoint "Cleanup", Time since last: 8011959970 ns, Reaching safepoint: 51362 ns, At safepoint: 3162 ns, Total: 54524 ns
[2021-05-04T15:06:20.857+0000][8679][safepoint   ] Safepoint "Cleanup", Time since last: 6007793694 ns, Reaching safepoint: 81850 ns, At safepoint: 5026 ns, Total: 86876 ns
[2021-05-04T15:06:33.887+0000][8679][safepoint   ] Safepoint "Cleanup", Time since last: 13029897293 ns, Reaching safepoint: 94715 ns, At safepoint: 71004 ns, Total: 165719 ns
[2021-05-04T15:06:34.889+0000][8679][safepoint   ] Safepoint "Cleanup", Time since last: 1000984205 ns, Reaching safepoint: 176923 ns, At safepoint: 41786 ns, Total: 218709 ns
[2021-05-04T15:06:37.896+0000][8679][safepoint   ] Safepoint "Cleanup", Time since last: 3007451575 ns, Reaching safepoint: 160224 ns, At safepoint: 94294 ns, Total: 254518 ns
[2021-05-04T15:06:38.897+0000][8679][safepoint   ] Safepoint "Cleanup", Time since last: 1000424705 ns, Reaching safepoint: 108801 ns, At safepoint: 9532 ns, Total: 118333 ns
[2021-05-04T15:06:40.900+0000][8679][safepoint   ] Safepoint "Cleanup", Time since last: 2002825646 ns, Reaching safepoint: 50254 ns, At safepoint: 6793 ns, Total: 57047 ns
[2021-05-04T15:06:42.953+0000][8679][safepoint   ] Safepoint "Cleanup", Time since last: 2053117968 ns, Reaching safepoint: 97547 ns, At safepoint: 72061 ns, Total: 169608 ns
[2021-05-04T15:06:44.217+0000][8679][safepoint   ] Safepoint "Cleanup", Time since last: 1263943340 ns, Reaching safepoint: 187378 ns, At safepoint: 4914 ns, Total: 192292 ns
[2021-05-04T15:06:48.226+0000][8679][safepoint   ] Safepoint "Cleanup", Time since last: 4009068673 ns, Reaching safepoint: 82327 ns, At safepoint: 9104 ns, Total: 91431 ns
[2021-05-04T15:06:53.606+0000][8679][safepoint   ] Safepoint "Cleanup", Time since last: 5379669157 ns, Reaching safepoint: 77539 ns, At safepoint: 10836 ns, Total: 88375 ns
[2021-05-04T15:07:09.642+0000][8679][safepoint   ] Safepoint "Cleanup", Time since last: 16034780533 ns, Reaching safepoint: 138654 ns, At safepoint: 38068 ns, Total: 176722 ns
[2021-05-04T15:07:19.657+0000][8679][safepoint   ] Safepoint "Cleanup", Time since last: 10014979045 ns, Reaching safepoint: 75135 ns, At safepoint: 10774 ns, Total: 85909 ns
[2021-05-04T15:07:20.658+0000][8679][safepoint   ] Safepoint "Cleanup", Time since last: 1000915820 ns, Reaching safepoint: 88026 ns, At safepoint: 19339 ns, Total: 107365 ns
[2021-05-04T15:07:30.671+0000][8679][safepoint   ] Safepoint "Cleanup", Time since last: 10012733006 ns, Reaching safepoint: 85155 ns, At safepoint: 7019 ns, Total: 92174 ns
[2021-05-04T15:07:53.708+0000][8679][safepoint   ] Safepoint "Cleanup", Time since last: 23037100542 ns, Reaching safepoint: 95826 ns, At safepoint: 7516 ns, Total: 103342 ns
[2021-05-04T15:08:29.764+0000][8679][safepoint   ] Safepoint "Cleanup", Time since last: 36055385558 ns, Reaching safepoint: 82690 ns, At safepoint: 12711 ns, Total: 95401 ns
[2021-05-04T15:08:49.795+0000][8679][safepoint   ] Safepoint "Cleanup", Time since last: 20030085107 ns, Reaching safepoint: 136424 ns, At safepoint: 13882 ns, Total: 150306 ns
[2021-05-04T15:08:57.196+0000][8679][gc,start    ] GC(8) Pause Young (Normal) (G1 Evacuation Pause)
[2021-05-04T15:08:57.196+0000][8679][gc,task     ] GC(8) Using 13 workers of 13 for evacuation
[2021-05-04T15:08:57.196+0000][8679][gc,age      ] GC(8) Desired survivor size 54525952 bytes, new threshold 4 (max threshold 15)
[2021-05-04T15:08:57.219+0000][8679][gc,age      ] GC(8) Age table with threshold 4 (max threshold 15)
[2021-05-04T15:08:57.219+0000][8679][gc,age      ] GC(8) - age   1:   19388344 bytes,   19388344 total
[2021-05-04T15:08:57.219+0000][8679][gc,age      ] GC(8) - age   2:   11417200 bytes,   30805544 total
[2021-05-04T15:08:57.219+0000][8679][gc,age      ] GC(8) - age   3:   38957072 bytes,   69762616 total
[2021-05-04T15:08:57.219+0000][8679][gc,age      ] GC(8) - age   4:     485776 bytes,   70248392 total
[2021-05-04T15:08:57.219+0000][8679][gc,phases   ] GC(8)   Pre Evacuate Collection Set: 0.1ms
[2021-05-04T15:08:57.219+0000][8679][gc,phases   ] GC(8)   Merge Heap Roots: 0.1ms
[2021-05-04T15:08:57.219+0000][8679][gc,phases   ] GC(8)   Evacuate Collection Set: 20.4ms
[2021-05-04T15:08:57.219+0000][8679][gc,phases   ] GC(8)   Post Evacuate Collection Set: 1.8ms
[2021-05-04T15:08:57.219+0000][8679][gc,phases   ] GC(8)   Other: 0.3ms
[2021-05-04T15:08:57.219+0000][8679][gc,heap     ] GC(8) Eden regions: 93->0(93)
[2021-05-04T15:08:57.219+0000][8679][gc,heap     ] GC(8) Survivor regions: 9->9(13)
[2021-05-04T15:08:57.219+0000][8679][gc,heap     ] GC(8) Old regions: 0->3
[2021-05-04T15:08:57.219+0000][8679][gc,heap     ] GC(8) Archive regions: 2->2
[2021-05-04T15:08:57.219+0000][8679][gc,heap     ] GC(8) Humongous regions: 0->0
[2021-05-04T15:08:57.219+0000][8679][gc,metaspace] GC(8) Metaspace: 95072K(96448K)->95072K(96448K) NonClass: 81709K(82496K)->81709K(82496K) Class: 13362K(13952K)->13362K(13952K)
[2021-05-04T15:08:57.219+0000][8679][gc          ] GC(8) Pause Young (Normal) (G1 Evacuation Pause) 822M->96M(16384M) 22.843ms
[2021-05-04T15:08:57.219+0000][8679][gc,cpu      ] GC(8) User=0.25s Sys=0.02s Real=0.02s
[2021-05-04T15:08:57.219+0000][8679][safepoint   ] Safepoint "G1CollectForAllocation", Time since last: 7400992494 ns, Reaching safepoint: 65964 ns, At safepoint: 22959500 ns, Total: 23025464 ns
[2021-05-04T15:09:20.266+0000][8679][safepoint   ] Safepoint "Cleanup", Time since last: 23046073138 ns, Reaching safepoint: 153592 ns, At safepoint: 22495 ns, Total: 176087 ns
[2021-05-04T15:09:25.273+0000][8679][safepoint   ] Safepoint "Cleanup", Time since last: 5007413522 ns, Reaching safepoint: 141781 ns, At safepoint: 17896 ns, Total: 159677 ns
[2021-05-04T15:09:54.303+0000][8679][safepoint   ] Safepoint "Cleanup", Time since last: 29029329636 ns, Reaching safepoint: 141616 ns, At safepoint: 12342 ns, Total: 153958 ns
[2021-05-04T15:10:20.348+0000][8679][safepoint   ] Safepoint "Cleanup", Time since last: 26044705329 ns, Reaching safepoint: 145733 ns, At safepoint: 25143 ns, Total: 170876 ns
[2021-05-04T15:10:23.350+0000][8679][safepoint   ] Safepoint "Cleanup", Time since last: 3001166386 ns, Reaching safepoint: 159514 ns, At safepoint: 15787 ns, Total: 175301 ns
[2021-05-04T15:10:40.374+0000][8679][safepoint   ] Safepoint "Cleanup", Time since last: 17023774794 ns, Reaching safepoint: 127891 ns, At safepoint: 14323 ns, Total: 142214 ns
[2021-05-04T15:10:41.378+0000][8679][safepoint   ] Safepoint "Cleanup", Time since last: 1003853307 ns, Reaching safepoint: 119227 ns, At safepoint: 13821 ns, Total: 133048 ns
[2021-05-04T15:11:23.448+0000][8679][safepoint   ] Safepoint "Cleanup", Time since last: 42069298239 ns, Reaching safepoint: 132638 ns, At safepoint: 17698 ns, Total: 150336 ns
[2021-05-04T15:11:47.505+0000][8679][safepoint   ] Safepoint "Cleanup", Time since last: 24056285062 ns, Reaching safepoint: 144385 ns, At safepoint: 12482 ns, Total: 156867 ns
[2021-05-04T15:11:50.522+0000][8679][safepoint   ] Safepoint "Cleanup", Time since last: 3016814115 ns, Reaching safepoint: 154456 ns, At safepoint: 12663 ns, Total: 167119 ns
[2021-05-04T15:11:53.528+0000][8679][safepoint   ] Safepoint "Cleanup", Time since last: 3005877345 ns, Reaching safepoint: 116499 ns, At safepoint: 13568 ns, Total: 130067 ns
[2021-05-04T15:12:22.559+0000][8679][safepoint   ] Safepoint "Cleanup", Time since last: 29030858102 ns, Reaching safepoint: 56526 ns, At safepoint: 6035 ns, Total: 62561 ns
[2021-05-04T15:13:02.706+0000][8679][safepoint   ] Safepoint "Cleanup", Time since last: 40145753992 ns, Reaching safepoint: 123486 ns, At safepoint: 12937 ns, Total: 136423 ns
[2021-05-04T15:13:23.786+0000][8679][safepoint   ] Safepoint "Cleanup", Time since last: 21079552054 ns, Reaching safepoint: 135163 ns, At safepoint: 12412 ns, Total: 147575 ns
[2021-05-04T15:13:52.874+0000][8679][safepoint   ] Safepoint "Cleanup", Time since last: 29087594158 ns, Reaching safepoint: 146609 ns, At safepoint: 13056 ns, Total: 159665 ns
[2021-05-04T15:13:53.875+0000][8679][safepoint   ] Safepoint "Cleanup", Time since last: 1000277724 ns, Reaching safepoint: 160605 ns, At safepoint: 19218 ns, Total: 179823 ns
[2021-05-04T15:16:43.409+0000][8679][safepoint   ] Safepoint "Cleanup", Time since last: 169550278853 ns, Reaching safepoint: 122493 ns, At safepoint: 13623 ns, Total: 136116 ns
[2021-05-04T15:16:45.410+0000][8679][safepoint   ] Safepoint "Cleanup", Time since last: 2000886548 ns, Reaching safepoint: 125091 ns, At safepoint: 17047 ns, Total: 142138 ns
[2021-05-04T15:17:15.668+0000][8679][safepoint   ] Safepoint "Cleanup", Time since last: 30160106739 ns, Reaching safepoint: 143795 ns, At safepoint: 28778 ns, Total: 172573 ns
[2021-05-04T15:17:23.446+0000][8679][safepoint   ] Safepoint "Cleanup", Time since last: 7638899824 ns, Reaching safepoint: 43889 ns, At safepoint: 11536 ns, Total: 55425 ns
[2021-05-04T15:17:30.450+0000][8679][safepoint   ] Safepoint "Cleanup", Time since last: 7003444164 ns, Reaching safepoint: 154092 ns, At safepoint: 26675 ns, Total: 180767 ns
[2021-05-04T15:17:31.450+0000][8679][safepoint   ] Safepoint "Cleanup", Time since last: 1000175035 ns, Reaching safepoint: 96861 ns, At safepoint: 5465 ns, Total: 102326 ns
[2021-05-04T15:17:32.450+0000][8679][safepoint   ] Safepoint "Cleanup", Time since last: 1000083525 ns, Reaching safepoint: 125883 ns, At safepoint: 18344 ns, Total: 144227 ns
[2021-05-04T15:17:41.458+0000][8679][safepoint   ] Safepoint "Cleanup", Time since last: 9006819480 ns, Reaching safepoint: 134549 ns, At safepoint: 24973 ns, Total: 159522 ns
[2021-05-04T15:18:23.519+0000][8679][safepoint   ] Safepoint "Cleanup", Time since last: 42059503368 ns, Reaching safepoint: 130678 ns, At safepoint: 36567 ns, Total: 167245 ns
[2021-05-04T15:18:54.563+0000][8679][safepoint   ] Safepoint "Cleanup", Time since last: 31043638158 ns, Reaching safepoint: 154093 ns, At safepoint: 47012 ns, Total: 201105 ns
[2021-05-04T15:19:53.644+0000][8679][safepoint   ] Safepoint "Cleanup", Time since last: 59079641781 ns, Reaching safepoint: 203206 ns, At safepoint: 42750 ns, Total: 245956 ns
[2021-05-04T15:20:06.680+0000][8679][safepoint   ] Safepoint "Cleanup", Time since last: 13035012521 ns, Reaching safepoint: 125355 ns, At safepoint: 73163 ns, Total: 198518 ns
[2021-05-04T15:20:51.763+0000][8679][safepoint   ] Safepoint "Cleanup", Time since last: 45081287716 ns, Reaching safepoint: 133239 ns, At safepoint: 36756 ns, Total: 169995 ns
[2021-05-04T15:21:23.839+0000][8679][safepoint   ] Safepoint "Cleanup", Time since last: 32075436008 ns, Reaching safepoint: 116821 ns, At safepoint: 142562 ns, Total: 259383 ns
[2021-05-04T15:21:39.871+0000][8679][safepoint   ] Safepoint "Cleanup", Time since last: 16031673519 ns, Reaching safepoint: 134627 ns, At safepoint: 13783 ns, Total: 148410 ns
[2021-05-04T15:21:53.880+0000][8679][safepoint   ] Safepoint "Cleanup", Time since last: 14008063341 ns, Reaching safepoint: 160550 ns, At safepoint: 101327 ns, Total: 261877 ns
[2021-05-04T15:22:36.997+0000][8679][safepoint   ] Safepoint "Cleanup", Time since last: 43115893378 ns, Reaching safepoint: 200084 ns, At safepoint: 44382 ns, Total: 244466 ns
[2021-05-04T15:22:48.055+0000][8679][safepoint   ] Safepoint "Cleanup", Time since last: 11057558524 ns, Reaching safepoint: 172625 ns, At safepoint: 63384 ns, Total: 236009 ns
[2021-05-04T15:22:54.085+0000][8679][safepoint   ] Safepoint "Cleanup", Time since last: 6029026919 ns, Reaching safepoint: 174127 ns, At safepoint: 29912 ns, Total: 204039 ns
[2021-05-04T15:23:47.267+0000][8679][safepoint   ] Safepoint "Cleanup", Time since last: 53180724798 ns, Reaching safepoint: 110076 ns, At safepoint: 52719 ns, Total: 162795 ns
[2021-05-04T15:24:03.795+0000][8679][gc,start    ] GC(9) Pause Young (Normal) (G1 Evacuation Pause)
[2021-05-04T15:24:03.795+0000][8679][gc,task     ] GC(9) Using 13 workers of 13 for evacuation
[2021-05-04T15:24:03.795+0000][8679][gc,age      ] GC(9) Desired survivor size 54525952 bytes, new threshold 3 (max threshold 15)
[2021-05-04T15:24:03.814+0000][8679][gc,age      ] GC(9) Age table with threshold 3 (max threshold 15)
[2021-05-04T15:24:03.814+0000][8679][gc,age      ] GC(9) - age   1:      32936 bytes,      32936 total
[2021-05-04T15:24:03.814+0000][8679][gc,age      ] GC(9) - age   2:   19102312 bytes,   19135248 total
[2021-05-04T15:24:03.814+0000][8679][gc,age      ] GC(9) - age   3:   11417200 bytes,   30552448 total
[2021-05-04T15:24:03.814+0000][8679][gc,phases   ] GC(9)   Pre Evacuate Collection Set: 0.2ms
[2021-05-04T15:24:03.814+0000][8679][gc,phases   ] GC(9)   Merge Heap Roots: 0.1ms
[2021-05-04T15:24:03.814+0000][8679][gc,phases   ] GC(9)   Evacuate Collection Set: 17.0ms
[2021-05-04T15:24:03.814+0000][8679][gc,phases   ] GC(9)   Post Evacuate Collection Set: 1.2ms
[2021-05-04T15:24:03.814+0000][8679][gc,phases   ] GC(9)   Other: 0.4ms
[2021-05-04T15:24:03.814+0000][8679][gc,heap     ] GC(9) Eden regions: 93->0(141)
[2021-05-04T15:24:03.814+0000][8679][gc,heap     ] GC(9) Survivor regions: 9->5(13)
[2021-05-04T15:24:03.814+0000][8679][gc,heap     ] GC(9) Old regions: 3->7
[2021-05-04T15:24:03.814+0000][8679][gc,heap     ] GC(9) Archive regions: 2->2
[2021-05-04T15:24:03.814+0000][8679][gc,heap     ] GC(9) Humongous regions: 0->0
[2021-05-04T15:24:03.814+0000][8679][gc,metaspace] GC(9) Metaspace: 95224K(96640K)->95224K(96640K) NonClass: 81853K(82688K)->81853K(82688K) Class: 13370K(13952K)->13370K(13952K)
[2021-05-04T15:24:03.814+0000][8679][gc          ] GC(9) Pause Young (Normal) (G1 Evacuation Pause) 840M->101M(16384M) 18.871ms
[2021-05-04T15:24:03.814+0000][8679][gc,cpu      ] GC(9) User=0.21s Sys=0.01s Real=0.02s
[2021-05-04T15:24:03.814+0000][8679][safepoint   ] Safepoint "G1CollectForAllocation", Time since last: 16527759265 ns, Reaching safepoint: 79629 ns, At safepoint: 18964836 ns, Total: 19044465 ns
[2021-05-04T15:25:24.123+0000][8679][safepoint   ] Safepoint "Cleanup", Time since last: 80306758647 ns, Reaching safepoint: 161818 ns, At safepoint: 17265 ns, Total: 179083 ns
[2021-05-04T15:26:40.396+0000][8679][safepoint   ] Safepoint "Cleanup", Time since last: 76271538062 ns, Reaching safepoint: 140647 ns, At safepoint: 5257 ns, Total: 145904 ns
[2021-05-04T15:26:43.414+0000][8679][safepoint   ] Safepoint "Cleanup", Time since last: 3017920377 ns, Reaching safepoint: 120660 ns, At safepoint: 14385 ns, Total: 135045 ns
[2021-05-04T15:26:53.486+0000][8679][safepoint   ] Safepoint "Cleanup", Time since last: 10071423559 ns, Reaching safepoint: 162594 ns, At safepoint: 19935 ns, Total: 182529 ns
[2021-05-04T15:27:03.553+0000][8679][safepoint   ] Safepoint "Cleanup", Time since last: 10066567935 ns, Reaching safepoint: 146406 ns, At safepoint: 17233 ns, Total: 163639 ns
[2021-05-04T15:27:23.686+0000][8679][safepoint   ] Safepoint "Cleanup", Time since last: 20133503223 ns, Reaching safepoint: 124203 ns, At safepoint: 7766 ns, Total: 131969 ns
[2021-05-04T15:44:16.650+0000][8679][safepoint   ] Safepoint "Cleanup", Time since last: 103055833023 ns, Reaching safepoint: 252279 ns, At safepoint: 87998 ns, Total: 340277 ns
[2021-05-04T15:58:31.874+0000][8679][safepoint   ] Safepoint "Cleanup", Time since last: 62179134195 ns, Reaching safepoint: 65551 ns, At safepoint: 35045 ns, Total: 100596 ns
[2021-05-04T15:58:46.975+0000][8679][safepoint   ] Safepoint "Cleanup", Time since last: 15088311442 ns, Reaching safepoint: 277617 ns, At safepoint: 51208 ns, Total: 328825 ns
[2021-05-04T16:00:10.958+0000][8679][safepoint   ] Safepoint "Cleanup", Time since last: 60236378113 ns, Reaching safepoint: 229621 ns, At safepoint: 65157 ns, Total: 294778 ns
[2021-05-04T16:01:10.288+0000][8679][safepoint   ] Safepoint "Cleanup", Time since last: 59313067595 ns, Reaching safepoint: 282005 ns, At safepoint: 86886 ns, Total: 368891 ns
[2021-05-04T16:02:50.634+0000][8679][safepoint   ] Safepoint "Cleanup", Time since last: 52981223402 ns, Reaching safepoint: 56213 ns, At safepoint: 17040 ns, Total: 73253 ns
[2021-05-04T16:03:27.751+0000][8679][safepoint   ] Safepoint "Cleanup", Time since last: 37116889229 ns, Reaching safepoint: 140215 ns, At safepoint: 9704 ns, Total: 149919 ns
[2021-05-04T16:03:28.755+0000][8679][safepoint   ] Safepoint "Cleanup", Time since last: 1004030356 ns, Reaching safepoint: 97052 ns, At safepoint: 25340 ns, Total: 122392 ns
[2021-05-04T16:03:57.840+0000][8679][safepoint   ] Safepoint "Cleanup", Time since last: 29084268112 ns, Reaching safepoint: 76431 ns, At safepoint: 11180 ns, Total: 87611 ns
[2021-05-04T16:04:03.863+0000][8679][safepoint   ] Safepoint "Cleanup", Time since last: 6023122630 ns, Reaching safepoint: 48718 ns, At safepoint: 5664 ns, Total: 54382 ns
[2021-05-04T16:04:27.944+0000][8679][safepoint   ] Safepoint "Cleanup", Time since last: 24080283867 ns, Reaching safepoint: 43826 ns, At safepoint: 5429 ns, Total: 49255 ns
[2021-05-04T16:04:54.034+0000][8679][safepoint   ] Safepoint "Cleanup", Time since last: 26088793473 ns, Reaching safepoint: 89690 ns, At safepoint: 20190 ns, Total: 109880 ns
[2021-05-04T16:04:59.053+0000][8679][safepoint   ] Safepoint "Cleanup", Time since last: 5019056915 ns, Reaching safepoint: 44470 ns, At safepoint: 7876 ns, Total: 52346 ns
[2021-05-04T16:06:28.378+0000][8679][safepoint   ] Safepoint "Cleanup", Time since last: 89323138660 ns, Reaching safepoint: 45904 ns, At safepoint: 11989 ns, Total: 57893 ns
[2021-05-04T16:07:50.666+0000][8679][safepoint   ] Safepoint "Cleanup", Time since last: 82286238150 ns, Reaching safepoint: 71710 ns, At safepoint: 10515 ns, Total: 82225 ns
[2021-05-04T16:07:58.693+0000][8679][safepoint   ] Safepoint "Cleanup", Time since last: 8026895006 ns, Reaching safepoint: 58887 ns, At safepoint: 16017 ns, Total: 74904 ns
[2021-05-04T16:08:58.897+0000][8679][safepoint   ] Safepoint "Cleanup", Time since last: 60202924232 ns, Reaching safepoint: 62998 ns, At safepoint: 9686 ns, Total: 72684 ns
[2021-05-04T16:11:56.527+0000][8679][safepoint   ] Safepoint "Cleanup", Time since last: 177626458976 ns, Reaching safepoint: 48714 ns, At safepoint: 10079 ns, Total: 58793 ns
[2021-05-04T16:11:58.536+0000][8679][safepoint   ] Safepoint "Cleanup", Time since last: 2009171267 ns, Reaching safepoint: 43745 ns, At safepoint: 5507 ns, Total: 49252 ns
[2021-05-04T16:12:27.622+0000][8679][safepoint   ] Safepoint "Cleanup", Time since last: 29084575962 ns, Reaching safepoint: 50472 ns, At safepoint: 8783 ns, Total: 59255 ns
[2021-05-04T16:12:58.731+0000][8679][safepoint   ] Safepoint "Cleanup", Time since last: 31109056269 ns, Reaching safepoint: 101542 ns, At safepoint: 23179 ns, Total: 124721 ns
[2021-05-04T16:13:28.830+0000][8679][safepoint   ] Safepoint "Cleanup", Time since last: 30097811407 ns, Reaching safepoint: 45398 ns, At safepoint: 2574 ns, Total: 47972 ns
[2021-05-04T16:13:58.937+0000][8679][safepoint   ] Safepoint "Cleanup", Time since last: 30106916447 ns, Reaching safepoint: 46577 ns, At safepoint: 2308 ns, Total: 48885 ns
[2021-05-04T16:14:28.016+0000][8679][safepoint   ] Safepoint "Cleanup", Time since last: 29077321135 ns, Reaching safepoint: 158523 ns, At safepoint: 41327 ns, Total: 199850 ns
[2021-05-04T16:14:33.022+0000][8679][safepoint   ] Safepoint "Cleanup", Time since last: 5005854653 ns, Reaching safepoint: 126529 ns, At safepoint: 57582 ns, Total: 184111 ns
[2021-05-04T16:14:49.076+0000][8679][safepoint   ] Safepoint "Cleanup", Time since last: 16053377289 ns, Reaching safepoint: 151453 ns, At safepoint: 29809 ns, Total: 181262 ns
[2021-05-04T16:14:58.100+0000][8679][safepoint   ] Safepoint "Cleanup", Time since last: 9024436628 ns, Reaching safepoint: 111382 ns, At safepoint: 8203 ns, Total: 119585 ns
[2021-05-04T16:15:28.178+0000][8679][safepoint   ] Safepoint "Cleanup", Time since last: 30076435887 ns, Reaching safepoint: 169712 ns, At safepoint: 87027 ns, Total: 256739 ns
[2021-05-04T16:16:38.324+0000][8679][safepoint   ] Safepoint "Cleanup", Time since last: 70144734408 ns, Reaching safepoint: 86480 ns, At safepoint: 14740 ns, Total: 101220 ns
[2021-05-04T16:16:54.356+0000][8679][safepoint   ] Safepoint "Cleanup", Time since last: 16031614852 ns, Reaching safepoint: 69867 ns, At safepoint: 20970 ns, Total: 90837 ns
[2021-05-04T16:17:04.831+0000][8679][gc,start    ] GC(10) Pause Young (Normal) (G1 Evacuation Pause)
[2021-05-04T16:17:04.832+0000][8679][gc,task     ] GC(10) Using 13 workers of 13 for evacuation
[2021-05-04T16:17:04.832+0000][8679][gc,age      ] GC(10) Desired survivor size 79691776 bytes, new threshold 15 (max threshold 15)
[2021-05-04T16:17:04.850+0000][8679][gc,age      ] GC(10) Age table with threshold 15 (max threshold 15)
[2021-05-04T16:17:04.850+0000][8679][gc,age      ] GC(10) - age   1:      21712 bytes,      21712 total
[2021-05-04T16:17:04.850+0000][8679][gc,age      ] GC(10) - age   2:      22536 bytes,      44248 total
[2021-05-04T16:17:04.850+0000][8679][gc,age      ] GC(10) - age   3:   19101408 bytes,   19145656 total
[2021-05-04T16:17:04.850+0000][8679][gc,age      ] GC(10) - age   4:   11417200 bytes,   30562856 total
[2021-05-04T16:17:04.851+0000][8679][gc,phases   ] GC(10)   Pre Evacuate Collection Set: 0.1ms
[2021-05-04T16:17:04.851+0000][8679][gc,phases   ] GC(10)   Merge Heap Roots: 0.1ms
[2021-05-04T16:17:04.851+0000][8679][gc,phases   ] GC(10)   Evacuate Collection Set: 17.5ms
[2021-05-04T16:17:04.851+0000][8679][gc,phases   ] GC(10)   Post Evacuate Collection Set: 1.0ms
[2021-05-04T16:17:04.851+0000][8679][gc,phases   ] GC(10)   Other: 0.3ms
[2021-05-04T16:17:04.851+0000][8679][gc,heap     ] GC(10) Eden regions: 141->0(1223)
[2021-05-04T16:17:04.851+0000][8679][gc,heap     ] GC(10) Survivor regions: 5->5(19)
[2021-05-04T16:17:04.851+0000][8679][gc,heap     ] GC(10) Old regions: 7->7
[2021-05-04T16:17:04.851+0000][8679][gc,heap     ] GC(10) Archive regions: 2->2
[2021-05-04T16:17:04.851+0000][8679][gc,heap     ] GC(10) Humongous regions: 0->0
[2021-05-04T16:17:04.851+0000][8679][gc,metaspace] GC(10) Metaspace: 95357K(96832K)->95357K(96832K) NonClass: 81985K(82880K)->81985K(82880K) Class: 13371K(13952K)->13371K(13952K)
[2021-05-04T16:17:04.851+0000][8679][gc          ] GC(10) Pause Young (Normal) (G1 Evacuation Pause) 1229M->96M(16384M) 19.187ms
[2021-05-04T16:17:04.851+0000][8679][gc,cpu      ] GC(10) User=0.11s Sys=0.10s Real=0.02s
[2021-05-04T16:17:04.851+0000][8679][safepoint   ] Safepoint "G1CollectForAllocation", Time since last: 10475351460 ns, Reaching safepoint: 60301 ns, At safepoint: 19268712 ns, Total: 19329013 ns
[2021-05-04T16:17:05.855+0000][8679][safepoint   ] Safepoint "Cleanup", Time since last: 1004189323 ns, Reaching safepoint: 137664 ns, At safepoint: 14491 ns, Total: 152155 ns
[2021-05-04T16:17:29.911+0000][8679][safepoint   ] Safepoint "Cleanup", Time since last: 24055016436 ns, Reaching safepoint: 148698 ns, At safepoint: 12273 ns, Total: 160971 ns
[2021-05-04T16:18:14.007+0000][8679][safepoint   ] Safepoint "Cleanup", Time since last: 44095707431 ns, Reaching safepoint: 82790 ns, At safepoint: 10297 ns, Total: 93087 ns
[2021-05-04T16:22:57.586+0000][8679][safepoint   ] Safepoint "Cleanup", Time since last: 283573117269 ns, Reaching safepoint: 98166 ns, At safepoint: 8913 ns, Total: 107079 ns
[2021-05-04T16:23:28.645+0000][8679][safepoint   ] Safepoint "Cleanup", Time since last: 31058401676 ns, Reaching safepoint: 83755 ns, At safepoint: 10614 ns, Total: 94369 ns
[2021-05-04T16:29:58.408+0000][8679][safepoint   ] Safepoint "Cleanup", Time since last: 389755260698 ns, Reaching safepoint: 93962 ns, At safepoint: 20013 ns, Total: 113975 ns
[2021-05-04T16:30:12.432+0000][8679][safepoint   ] Safepoint "Cleanup", Time since last: 14022897979 ns, Reaching safepoint: 102489 ns, At safepoint: 11320 ns, Total: 113809 ns
[2021-05-04T16:30:16.434+0000][8679][safepoint   ] Safepoint "Cleanup", Time since last: 4001818311 ns, Reaching safepoint: 147900 ns, At safepoint: 12446 ns, Total: 160346 ns
[2021-05-04T16:31:06.520+0000][8679][safepoint   ] Safepoint "Cleanup", Time since last: 50085375925 ns, Reaching safepoint: 77763 ns, At safepoint: 6040 ns, Total: 83803 ns
[2021-05-04T16:33:02.766+0000][8679][safepoint   ] Safepoint "Cleanup", Time since last: 116243043887 ns, Reaching safepoint: 146255 ns, At safepoint: 13892 ns, Total: 160147 ns
[2021-05-04T16:33:27.815+0000][8679][safepoint   ] Safepoint "Cleanup", Time since last: 25048928192 ns, Reaching safepoint: 87762 ns, At safepoint: 5683 ns, Total: 93445 ns
[2021-05-04T16:33:57.874+0000][8679][safepoint   ] Safepoint "Cleanup", Time since last: 30058261614 ns, Reaching safepoint: 107197 ns, At safepoint: 8083 ns, Total: 115280 ns
[2021-05-04T16:34:11.888+0000][8679][safepoint   ] Safepoint "Cleanup", Time since last: 14013022229 ns, Reaching safepoint: 75732 ns, At safepoint: 11714 ns, Total: 87446 ns
[2021-05-04T16:34:16.900+0000][8679][safepoint   ] Safepoint "Cleanup", Time since last: 5011992527 ns, Reaching safepoint: 144179 ns, At safepoint: 13321 ns, Total: 157500 ns
[2021-05-04T16:34:27.909+0000][8679][safepoint   ] Safepoint "Cleanup", Time since last: 11008840480 ns, Reaching safepoint: 79321 ns, At safepoint: 5683 ns, Total: 85004 ns
[2021-05-04T16:34:57.959+0000][8679][safepoint   ] Safepoint "Cleanup", Time since last: 30049480924 ns, Reaching safepoint: 90190 ns, At safepoint: 6124 ns, Total: 96314 ns
[2021-05-04T16:35:28.021+0000][8679][safepoint   ] Safepoint "Cleanup", Time since last: 30061452823 ns, Reaching safepoint: 101579 ns, At safepoint: 10743 ns, Total: 112322 ns
[2021-05-04T16:35:29.026+0000][8679][safepoint   ] Safepoint "Cleanup", Time since last: 1003998283 ns, Reaching safepoint: 84472 ns, At safepoint: 35083 ns, Total: 119555 ns
[2021-05-04T16:35:37.041+0000][8679][safepoint   ] Safepoint "Cleanup", Time since last: 8015569651 ns, Reaching safepoint: 66330 ns, At safepoint: 3873 ns, Total: 70203 ns
[2021-05-04T16:36:10.101+0000][8679][safepoint   ] Safepoint "Cleanup", Time since last: 33058758857 ns, Reaching safepoint: 119488 ns, At safepoint: 16123 ns, Total: 135611 ns
[2021-05-04T16:36:28.133+0000][8679][safepoint   ] Safepoint "Cleanup", Time since last: 18031097942 ns, Reaching safepoint: 153093 ns, At safepoint: 12874 ns, Total: 165967 ns
[2021-05-04T16:36:58.290+0000][8679][safepoint   ] Safepoint "Cleanup", Time since last: 30156445693 ns, Reaching safepoint: 51366 ns, At safepoint: 5495 ns, Total: 56861 ns
[2021-05-04T16:37:28.318+0000][8679][safepoint   ] Safepoint "Cleanup", Time since last: 30103727676 ns, Reaching safepoint: 133085 ns, At safepoint: 17013 ns, Total: 150098 ns
[2021-05-04T16:40:28.715+0000][8679][safepoint   ] Safepoint "Cleanup", Time since last: 180394222344 ns, Reaching safepoint: 156698 ns, At safepoint: 79862 ns, Total: 236560 ns
[2021-05-04T16:44:28.093+0000][8679][safepoint   ] Safepoint "Cleanup", Time since last: 239375249118 ns, Reaching safepoint: 64680 ns, At safepoint: 16574 ns, Total: 81254 ns
[2021-05-04T16:46:28.550+0000][8679][safepoint   ] Safepoint "Cleanup", Time since last: 120455312307 ns, Reaching safepoint: 121202 ns, At safepoint: 25498 ns, Total: 146700 ns
[2021-05-04T16:46:57.630+0000][8679][safepoint   ] Safepoint "Cleanup", Time since last: 29079765523 ns, Reaching safepoint: 137734 ns, At safepoint: 26159 ns, Total: 163893 ns
[2021-05-04T16:49:28.398+0000][8679][safepoint   ] Safepoint "Cleanup", Time since last: 150765140944 ns, Reaching safepoint: 128215 ns, At safepoint: 35392 ns, Total: 163607 ns
[2021-05-04T16:49:58.573+0000][8679][safepoint   ] Safepoint "Cleanup", Time since last: 30175087802 ns, Reaching safepoint: 140181 ns, At safepoint: 17956 ns, Total: 158137 ns
[2021-05-04T16:50:28.779+0000][8679][safepoint   ] Safepoint "Cleanup", Time since last: 30205583170 ns, Reaching safepoint: 61085 ns, At safepoint: 12971 ns, Total: 74056 ns
[2021-05-04T16:55:49.913+0000][8679][safepoint   ] Safepoint "Cleanup", Time since last: 202147182221 ns, Reaching safepoint: 77992 ns, At safepoint: 19518 ns, Total: 97510 ns
[2021-05-04T16:55:54.916+0000][8679][safepoint   ] Safepoint "Cleanup", Time since last: 5002542083 ns, Reaching safepoint: 235489 ns, At safepoint: 49219 ns, Total: 284708 ns
[2021-05-04T16:55:55.917+0000][8679][safepoint   ] Safepoint "Cleanup", Time since last: 1000953933 ns, Reaching safepoint: 167854 ns, At safepoint: 51199 ns, Total: 219053 ns
[2021-05-04T16:56:27.983+0000][8679][safepoint   ] Safepoint "Cleanup", Time since last: 32064925337 ns, Reaching safepoint: 158548 ns, At safepoint: 65550 ns, Total: 224098 ns
[2021-05-04T16:56:57.041+0000][8679][safepoint   ] Safepoint "Cleanup", Time since last: 29056464214 ns, Reaching safepoint: 187366 ns, At safepoint: 84092 ns, Total: 271458 ns
[2021-05-04T17:01:35.375+0000][8679][safepoint   ] Safepoint "Cleanup", Time since last: 278326742309 ns, Reaching safepoint: 125324 ns, At safepoint: 98032 ns, Total: 223356 ns
[2021-05-04T17:01:57.509+0000][8679][safepoint   ] Safepoint "Cleanup", Time since last: 22133547218 ns, Reaching safepoint: 157542 ns, At safepoint: 74046 ns, Total: 231588 ns
[2021-05-04T17:05:35.519+0000][8679][safepoint   ] Safepoint "Cleanup", Time since last: 128151288798 ns, Reaching safepoint: 139163 ns, At safepoint: 68422 ns, Total: 207585 ns
[2021-05-04T17:07:45.782+0000][8679][safepoint   ] Safepoint "Cleanup", Time since last: 130258511754 ns, Reaching safepoint: 52513 ns, At safepoint: 3439 ns, Total: 55952 ns
[2021-05-04T17:09:26.961+0000][8679][safepoint   ] Safepoint "Cleanup", Time since last: 101175616054 ns, Reaching safepoint: 145235 ns, At safepoint: 8290 ns, Total: 153525 ns
[2021-05-04T17:11:27.177+0000][8679][safepoint   ] Safepoint "Cleanup", Time since last: 120211741607 ns, Reaching safepoint: 168028 ns, At safepoint: 8065 ns, Total: 176093 ns
[2021-05-04T17:11:57.222+0000][8679][safepoint   ] Safepoint "Cleanup", Time since last: 30044359534 ns, Reaching safepoint: 144214 ns, At safepoint: 12471 ns, Total: 156685 ns
[2021-05-04T17:15:26.583+0000][8679][safepoint   ] Safepoint "Cleanup", Time since last: 209354479382 ns, Reaching safepoint: 149850 ns, At safepoint: 4645 ns, Total: 154495 ns
[2021-05-04T17:17:57.857+0000][8679][safepoint   ] Safepoint "Cleanup", Time since last: 151268850624 ns, Reaching safepoint: 130108 ns, At safepoint: 30974 ns, Total: 161082 ns
[2021-05-04T17:18:09.883+0000][8679][safepoint   ] Safepoint "Cleanup", Time since last: 12026126298 ns, Reaching safepoint: 177038 ns, At safepoint: 12787 ns, Total: 189825 ns
[2021-05-04T17:19:25.058+0000][8679][safepoint   ] Safepoint "Cleanup", Time since last: 75172151892 ns, Reaching safepoint: 122762 ns, At safepoint: 16224 ns, Total: 138986 ns
[2021-05-04T17:19:27.069+0000][8679][safepoint   ] Safepoint "Cleanup", Time since last: 2010963945 ns, Reaching safepoint: 141880 ns, At safepoint: 12465 ns, Total: 154345 ns
[2021-05-04T17:20:26.193+0000][8679][safepoint   ] Safepoint "Cleanup", Time since last: 59121880369 ns, Reaching safepoint: 56768 ns, At safepoint: 9604 ns, Total: 66372 ns
[2021-05-04T17:22:57.419+0000][8679][safepoint   ] Safepoint "Cleanup", Time since last: 151221670570 ns, Reaching safepoint: 119505 ns, At safepoint: 15494 ns, Total: 134999 ns
[2021-05-04T17:26:39.802+0000][8679][safepoint   ] Safepoint "Cleanup", Time since last: 222408949076 ns, Reaching safepoint: 114542 ns, At safepoint: 11108 ns, Total: 125650 ns
[2021-05-04T17:28:31.006+0000][8679][safepoint   ] Safepoint "Cleanup", Time since last: 111200558616 ns, Reaching safepoint: 147222 ns, At safepoint: 13168 ns, Total: 160390 ns
[2021-05-04T17:28:57.046+0000][8679][safepoint   ] Safepoint "Cleanup", Time since last: 26039593770 ns, Reaching safepoint: 91144 ns, At safepoint: 12737 ns, Total: 103881 ns
[2021-05-04T17:31:57.356+0000][8679][safepoint   ] Safepoint "Cleanup", Time since last: 180304250678 ns, Reaching safepoint: 120474 ns, At safepoint: 13020 ns, Total: 133494 ns
[2021-05-04T17:35:27.750+0000][8679][safepoint   ] Safepoint "Cleanup", Time since last: 210387003694 ns, Reaching safepoint: 143239 ns, At safepoint: 14594 ns, Total: 157833 ns
[2021-05-04T17:36:27.884+0000][8679][safepoint   ] Safepoint "Cleanup", Time since last: 60132752902 ns, Reaching safepoint: 130302 ns, At safepoint: 13545 ns, Total: 143847 ns
[2021-05-04T17:37:57.067+0000][8679][safepoint   ] Safepoint "Cleanup", Time since last: 89179593247 ns, Reaching safepoint: 57471 ns, At safepoint: 8228 ns, Total: 65699 ns
[2021-05-04T17:40:57.487+0000][8679][safepoint   ] Safepoint "Cleanup", Time since last: 180463509383 ns, Reaching safepoint: 85685 ns, At safepoint: 8501 ns, Total: 94186 ns
[2021-05-04T17:42:27.742+0000][8679][safepoint   ] Safepoint "Cleanup", Time since last: 90252940748 ns, Reaching safepoint: 145839 ns, At safepoint: 12916 ns, Total: 158755 ns
[2021-05-04T17:42:57.830+0000][8679][safepoint   ] Safepoint "Cleanup", Time since last: 30087998634 ns, Reaching safepoint: 60100 ns, At safepoint: 7615 ns, Total: 67715 ns
[2021-05-04T17:43:27.875+0000][8679][safepoint   ] Safepoint "Cleanup", Time since last: 30043755277 ns, Reaching safepoint: 69860 ns, At safepoint: 5695 ns, Total: 75555 ns
[2021-05-04T17:43:57.951+0000][8679][safepoint   ] Safepoint "Cleanup", Time since last: 30075990720 ns, Reaching safepoint: 45219 ns, At safepoint: 13330 ns, Total: 58549 ns
[2021-05-04T17:45:40.115+0000][8679][safepoint   ] Safepoint "Cleanup", Time since last: 102161647557 ns, Reaching safepoint: 121750 ns, At safepoint: 11326 ns, Total: 133076 ns
[2021-05-04T17:45:57.150+0000][8679][safepoint   ] Safepoint "Cleanup", Time since last: 17034007109 ns, Reaching safepoint: 147465 ns, At safepoint: 12985 ns, Total: 160450 ns
[2021-05-04T17:50:26.591+0000][8679][safepoint   ] Safepoint "Cleanup", Time since last: 269435747728 ns, Reaching safepoint: 166966 ns, At safepoint: 13682 ns, Total: 180648 ns
[2021-05-04T18:02:18.019+0000][8679][safepoint   ] Safepoint "Cleanup", Time since last: 671708497910 ns, Reaching safepoint: 49392 ns, At safepoint: 3053 ns, Total: 52445 ns
[2021-05-04T18:02:43.120+0000][8679][safepoint   ] Safepoint "Cleanup", Time since last: 25099997611 ns, Reaching safepoint: 45398 ns, At safepoint: 2505 ns, Total: 47903 ns
[2021-05-04T18:05:33.705+0000][8679][safepoint   ] Safepoint "Cleanup", Time since last: 170579523533 ns, Reaching safepoint: 146616 ns, At safepoint: 18029 ns, Total: 164645 ns
[2021-05-04T18:05:48.745+0000][8679][safepoint   ] Safepoint "Cleanup", Time since last: 15039846931 ns, Reaching safepoint: 125699 ns, At safepoint: 14506 ns, Total: 140205 ns
[2021-05-04T18:07:37.984+0000][8679][safepoint   ] Safepoint "Cleanup", Time since last: 109235352312 ns, Reaching safepoint: 107169 ns, At safepoint: 15505 ns, Total: 122674 ns
[2021-05-04T18:14:07.634+0000][8679][safepoint   ] Safepoint "Cleanup", Time since last: 389638648243 ns, Reaching safepoint: 128061 ns, At safepoint: 12134 ns, Total: 140195 ns
[2021-05-04T18:14:09.638+0000][8679][safepoint   ] Safepoint "Cleanup", Time since last: 2003016328 ns, Reaching safepoint: 151630 ns, At safepoint: 12021 ns, Total: 163651 ns
[2021-05-04T18:16:37.902+0000][8679][safepoint   ] Safepoint "Cleanup", Time since last: 148259813627 ns, Reaching safepoint: 54504 ns, At safepoint: 13249 ns, Total: 67753 ns
[2021-05-04T18:33:07.667+0000][8679][safepoint   ] Safepoint "Cleanup", Time since last: 989801530511 ns, Reaching safepoint: 121406 ns, At safepoint: 27992 ns, Total: 149398 ns
[2021-05-04T18:44:27.893+0000][8679][safepoint   ] Safepoint "Cleanup", Time since last: 680208154288 ns, Reaching safepoint: 67293 ns, At safepoint: 4757 ns, Total: 72050 ns
[2021-05-04T18:47:08.197+0000][8679][safepoint   ] Safepoint "Cleanup", Time since last: 160296374413 ns, Reaching safepoint: 60590 ns, At safepoint: 2851 ns, Total: 63441 ns
[2021-05-04T18:47:37.279+0000][8679][safepoint   ] Safepoint "Cleanup", Time since last: 29079745495 ns, Reaching safepoint: 100243 ns, At safepoint: 8193 ns, Total: 108436 ns
[2021-05-04T18:48:07.356+0000][8679][safepoint   ] Safepoint "Cleanup", Time since last: 30075817571 ns, Reaching safepoint: 95171 ns, At safepoint: 5715 ns, Total: 100886 ns
[2021-05-04T18:48:08.361+0000][8679][safepoint   ] Safepoint "Cleanup", Time since last: 1004464628 ns, Reaching safepoint: 135382 ns, At safepoint: 16906 ns, Total: 152288 ns
[2021-05-04T18:48:37.438+0000][8679][safepoint   ] Safepoint "Cleanup", Time since last: 29075739333 ns, Reaching safepoint: 99729 ns, At safepoint: 15297 ns, Total: 115026 ns
[2021-05-04T18:48:38.441+0000][8679][safepoint   ] Safepoint "Cleanup", Time since last: 1003155329 ns, Reaching safepoint: 238036 ns, At safepoint: 10979 ns, Total: 249015 ns
[2021-05-04T18:56:37.839+0000][8679][safepoint   ] Safepoint "Cleanup", Time since last: 479383157495 ns, Reaching safepoint: 109975 ns, At safepoint: 5629 ns, Total: 115604 ns
[2021-05-04T19:06:07.759+0000][8679][safepoint   ] Safepoint "Cleanup", Time since last: 569901895782 ns, Reaching safepoint: 61575 ns, At safepoint: 2254 ns, Total: 63829 ns
[2021-05-04T19:08:05.027+0000][8679][safepoint   ] Safepoint "Cleanup", Time since last: 117264398860 ns, Reaching safepoint: 155900 ns, At safepoint: 22964 ns, Total: 178864 ns
[2021-05-04T19:47:38.723+0000][8679][safepoint   ] Safepoint "Cleanup", Time since last: 2373713658231 ns, Reaching safepoint: 95518 ns, At safepoint: 20959 ns, Total: 116477 ns
[2021-05-04T19:49:19.750+0000][8679][gc,start    ] GC(11) Pause Young (Normal) (G1 Evacuation Pause)
[2021-05-04T19:49:19.751+0000][8679][gc,task     ] GC(11) Using 13 workers of 13 for evacuation
[2021-05-04T19:49:19.751+0000][8679][gc,age      ] GC(11) Desired survivor size 645922816 bytes, new threshold 15 (max threshold 15)
[2021-05-04T19:49:19.828+0000][8679][gc,age      ] GC(11) Age table with threshold 15 (max threshold 15)
[2021-05-04T19:49:19.828+0000][8679][gc,age      ] GC(11) - age   1:      56120 bytes,      56120 total
[2021-05-04T19:49:19.828+0000][8679][gc,age      ] GC(11) - age   2:      10936 bytes,      67056 total
[2021-05-04T19:49:19.828+0000][8679][gc,age      ] GC(11) - age   3:      22272 bytes,      89328 total
[2021-05-04T19:49:19.828+0000][8679][gc,age      ] GC(11) - age   4:   19101144 bytes,   19190472 total
[2021-05-04T19:49:19.828+0000][8679][gc,age      ] GC(11) - age   5:   11417200 bytes,   30607672 total
[2021-05-04T19:49:19.828+0000][8679][gc,phases   ] GC(11)   Pre Evacuate Collection Set: 1.7ms
[2021-05-04T19:49:19.828+0000][8679][gc,phases   ] GC(11)   Merge Heap Roots: 0.4ms
[2021-05-04T19:49:19.828+0000][8679][gc,phases   ] GC(11)   Evacuate Collection Set: 62.7ms
[2021-05-04T19:49:19.828+0000][8679][gc,phases   ] GC(11)   Post Evacuate Collection Set: 11.5ms
[2021-05-04T19:49:19.828+0000][8679][gc,phases   ] GC(11)   Other: 1.7ms
[2021-05-04T19:49:19.828+0000][8679][gc,heap     ] GC(11) Eden regions: 1223->0(1223)
[2021-05-04T19:49:19.828+0000][8679][gc,heap     ] GC(11) Survivor regions: 5->5(154)
[2021-05-04T19:49:19.828+0000][8679][gc,heap     ] GC(11) Old regions: 7->7
[2021-05-04T19:49:19.828+0000][8679][gc,heap     ] GC(11) Archive regions: 2->2
[2021-05-04T19:49:19.828+0000][8679][gc,heap     ] GC(11) Humongous regions: 0->0
[2021-05-04T19:49:19.828+0000][8679][gc,metaspace] GC(11) Metaspace: 95799K(97216K)->95799K(97216K) NonClass: 82427K(83264K)->82427K(83264K) Class: 13371K(13952K)->13371K(13952K)
[2021-05-04T19:49:19.828+0000][8679][gc          ] GC(11) Pause Young (Normal) (G1 Evacuation Pause) 9880M->95M(16384M) 78.004ms
[2021-05-04T19:49:19.828+0000][8679][gc,cpu      ] GC(11) User=0.13s Sys=0.48s Real=0.07s
[2021-05-04T19:49:19.828+0000][8679][safepoint   ] Safepoint "G1CollectForAllocation", Time since last: 101025569055 ns, Reaching safepoint: 63725 ns, At safepoint: 78162725 ns, Total: 78226450 ns
[2021-05-04T19:51:38.138+0000][8679][safepoint   ] Safepoint "Cleanup", Time since last: 138307615733 ns, Reaching safepoint: 91868 ns, At safepoint: 13900 ns, Total: 105768 ns
[2021-05-04T19:52:08.201+0000][8679][safepoint   ] Safepoint "Cleanup", Time since last: 30062046669 ns, Reaching safepoint: 171848 ns, At safepoint: 51489 ns, Total: 223337 ns
[2021-05-04T19:52:38.285+0000][8679][safepoint   ] Safepoint "Cleanup", Time since last: 30083198132 ns, Reaching safepoint: 110571 ns, At safepoint: 30991 ns, Total: 141562 ns
[2021-05-04T19:53:05.330+0000][8679][safepoint   ] Safepoint "Cleanup", Time since last: 27044761969 ns, Reaching safepoint: 76800 ns, At safepoint: 9921 ns, Total: 86721 ns
[2021-05-04T19:53:08.341+0000][8679][safepoint   ] Safepoint "Cleanup", Time since last: 3010312539 ns, Reaching safepoint: 95249 ns, At safepoint: 8073 ns, Total: 103322 ns
[2021-05-04T20:02:42.170+0000][8679][safepoint   ] Safepoint "Cleanup", Time since last: 573822531635 ns, Reaching safepoint: 73421 ns, At safepoint: 56350 ns, Total: 129771 ns
[2021-05-04T20:03:08.298+0000][8679][safepoint   ] Safepoint "Cleanup", Time since last: 26127087852 ns, Reaching safepoint: 95912 ns, At safepoint: 20800 ns, Total: 116712 ns
[2021-05-04T20:20:38.562+0000][8679][safepoint   ] Safepoint "Cleanup", Time since last: 1050276987272 ns, Reaching safepoint: 138317 ns, At safepoint: 23459 ns, Total: 161776 ns
[2021-05-04T20:21:38.681+0000][8679][safepoint   ] Safepoint "Cleanup", Time since last: 60117605324 ns, Reaching safepoint: 170150 ns, At safepoint: 48511 ns, Total: 218661 ns
[2021-05-04T20:24:39.073+0000][8679][safepoint   ] Safepoint "Cleanup", Time since last: 180388322065 ns, Reaching safepoint: 235774 ns, At safepoint: 47415 ns, Total: 283189 ns
[2021-05-04T20:32:10.119+0000][8679][safepoint   ] Safepoint "Cleanup", Time since last: 450997958608 ns, Reaching safepoint: 71488 ns, At safepoint: 14432 ns, Total: 85920 ns
[2021-05-04T20:32:39.217+0000][8679][safepoint   ] Safepoint "Cleanup", Time since last: 29060935965 ns, Reaching safepoint: 158707 ns, At safepoint: 50996 ns, Total: 209703 ns
[2021-05-04T20:33:09.283+0000][8679][safepoint   ] Safepoint "Cleanup", Time since last: 30059683527 ns, Reaching safepoint: 79836 ns, At safepoint: 79541 ns, Total: 159377 ns
[2021-05-04T20:35:39.504+0000][8679][safepoint   ] Safepoint "Cleanup", Time since last: 150215373681 ns, Reaching safepoint: 166272 ns, At safepoint: 24313 ns, Total: 190585 ns
[2021-05-04T20:37:20.663+0000][8679][safepoint   ] Safepoint "Cleanup", Time since last: 101155443032 ns, Reaching safepoint: 48290 ns, At safepoint: 25169 ns, Total: 73459 ns
[2021-05-04T20:53:09.792+0000][8679][safepoint   ] Safepoint "Cleanup", Time since last: 949157952017 ns, Reaching safepoint: 137895 ns, At safepoint: 51309 ns, Total: 189204 ns
[2021-05-04T21:10:07.820+0000][8679][safepoint   ] Safepoint "Cleanup", Time since last: 179601553727 ns, Reaching safepoint: 142775 ns, At safepoint: 63011 ns, Total: 205786 ns
[2021-05-04T21:12:32.983+0000][8679][safepoint   ] Safepoint "Cleanup", Time since last: 120336595168 ns, Reaching safepoint: 87124 ns, At safepoint: 36030 ns, Total: 123154 ns
[2021-05-05T00:01:14.853+0000][8679][safepoint   ] Safepoint "Cleanup", Time since last: 1771693229259 ns, Reaching safepoint: 1042897 ns, At safepoint: 34422 ns, Total: 1077319 ns
[2021-05-05T01:04:43.690+0000][8679][safepoint   ] Safepoint "Cleanup", Time since last: 624543575783 ns, Reaching safepoint: 230337 ns, At safepoint: 37603 ns, Total: 267940 ns
[2021-05-05T01:07:49.774+0000][8679][safepoint   ] Safepoint "Cleanup", Time since last: 186082663246 ns, Reaching safepoint: 201441 ns, At safepoint: 104654 ns, Total: 306095 ns
[2021-05-05T01:10:19.688+0000][8679][safepoint   ] Safepoint "Cleanup", Time since last: 149912185274 ns, Reaching safepoint: 182730 ns, At safepoint: 67233 ns, Total: 249963 ns
[2021-05-05T03:10:40.170+0000][8679][safepoint   ] Safepoint "Cleanup", Time since last: 480072463721 ns, Reaching safepoint: 209214 ns, At safepoint: 40823 ns, Total: 250037 ns
[2021-05-05T06:34:06.129+0000][8679][safepoint   ] Safepoint "Cleanup", Time since last: 342911408202 ns, Reaching safepoint: 179025 ns, At safepoint: 26418 ns, Total: 205443 ns
[2021-05-05T06:34:23.239+0000][8679][safepoint   ] Safepoint "Cleanup", Time since last: 17111043962 ns, Reaching safepoint: 235482 ns, At safepoint: 62333 ns, Total: 297815 ns
[2021-05-05T08:00:11.432+0000][8679][safepoint   ] Safepoint "Cleanup", Time since last: 12885815798 ns, Reaching safepoint: 57832 ns, At safepoint: 12331 ns, Total: 70163 ns
[2021-05-05T08:00:28.515+0000][8679][safepoint   ] Safepoint "Cleanup", Time since last: 17088436539 ns, Reaching safepoint: 289625 ns, At safepoint: 35591 ns, Total: 325216 ns
[2021-05-05T13:32:09.696+0000][8679][safepoint   ] Safepoint "Cleanup", Time since last: 2145516346365 ns, Reaching safepoint: 153831 ns, At safepoint: 11787 ns, Total: 165618 ns
[2021-05-05T13:53:26.141+0000][8679][safepoint   ] Safepoint "Cleanup", Time since last: 1276453813282 ns, Reaching safepoint: 141804 ns, At safepoint: 12642 ns, Total: 154446 ns
[2021-05-05T13:55:59.281+0000][8679][safepoint   ] Safepoint "Cleanup", Time since last: 89986252834 ns, Reaching safepoint: 149028 ns, At safepoint: 26381 ns, Total: 175409 ns
[2021-05-05T13:57:29.412+0000][8679][safepoint   ] Safepoint "Cleanup", Time since last: 90132772984 ns, Reaching safepoint: 152885 ns, At safepoint: 51769 ns, Total: 204654 ns
[2021-05-05T14:00:29.700+0000][8679][safepoint   ] Safepoint "Cleanup", Time since last: 180283539035 ns, Reaching safepoint: 111120 ns, At safepoint: 17908 ns, Total: 129028 ns
[2021-05-05T14:01:29.819+0000][8679][safepoint   ] Safepoint "Cleanup", Time since last: 60117232754 ns, Reaching safepoint: 138110 ns, At safepoint: 23804 ns, Total: 161914 ns
[2021-05-05T14:03:04.932+0000][8679][safepoint   ] Safepoint "Cleanup", Time since last: 95110029688 ns, Reaching safepoint: 127102 ns, At safepoint: 10829 ns, Total: 137931 ns
[2021-05-05T14:04:19.019+0000][8679][safepoint   ] Safepoint "Cleanup", Time since last: 74085947514 ns, Reaching safepoint: 171591 ns, At safepoint: 23156 ns, Total: 194747 ns
[2021-05-05T15:18:14.944+0000][8679][safepoint   ] Safepoint "Cleanup", Time since last: 702667770589 ns, Reaching safepoint: 272865 ns, At safepoint: 18667 ns, Total: 291532 ns
[2021-05-05T15:28:37.554+0000][8679][gc,start    ] GC(12) Pause Young (Normal) (G1 Evacuation Pause)
[2021-05-05T15:28:37.555+0000][8679][gc,task     ] GC(12) Using 13 workers of 13 for evacuation
[2021-05-05T15:28:37.555+0000][8679][gc,age      ] GC(12) Desired survivor size 645922816 bytes, new threshold 15 (max threshold 15)
[2021-05-05T15:28:37.663+0000][8679][gc,age      ] GC(12) Age table with threshold 15 (max threshold 15)
[2021-05-05T15:28:37.663+0000][8679][gc,age      ] GC(12) - age   1:      61416 bytes,      61416 total
[2021-05-05T15:28:37.663+0000][8679][gc,age      ] GC(12) - age   2:      44512 bytes,     105928 total
[2021-05-05T15:28:37.663+0000][8679][gc,age      ] GC(12) - age   3:      10936 bytes,     116864 total
[2021-05-05T15:28:37.663+0000][8679][gc,age      ] GC(12) - age   4:      21888 bytes,     138752 total
[2021-05-05T15:28:37.663+0000][8679][gc,age      ] GC(12) - age   5:   19100256 bytes,   19239008 total
[2021-05-05T15:28:37.663+0000][8679][gc,age      ] GC(12) - age   6:   11417200 bytes,   30656208 total
[2021-05-05T15:28:37.663+0000][8679][gc,phases   ] GC(12)   Pre Evacuate Collection Set: 1.1ms
[2021-05-05T15:28:37.663+0000][8679][gc,phases   ] GC(12)   Merge Heap Roots: 0.3ms
[2021-05-05T15:28:37.663+0000][8679][gc,phases   ] GC(12)   Evacuate Collection Set: 96.6ms
[2021-05-05T15:28:37.663+0000][8679][gc,phases   ] GC(12)   Post Evacuate Collection Set: 9.4ms
[2021-05-05T15:28:37.663+0000][8679][gc,phases   ] GC(12)   Other: 1.3ms
[2021-05-05T15:28:37.663+0000][8679][gc,heap     ] GC(12) Eden regions: 1223->0(1224)
[2021-05-05T15:28:37.663+0000][8679][gc,heap     ] GC(12) Survivor regions: 5->4(154)
[2021-05-05T15:28:37.663+0000][8679][gc,heap     ] GC(12) Old regions: 7->7
[2021-05-05T15:28:37.663+0000][8679][gc,heap     ] GC(12) Archive regions: 2->2
[2021-05-05T15:28:37.663+0000][8679][gc,heap     ] GC(12) Humongous regions: 0->0
[2021-05-05T15:28:37.663+0000][8679][gc,metaspace] GC(12) Metaspace: 96029K(97408K)->96029K(97408K) NonClass: 82656K(83456K)->82656K(83456K) Class: 13372K(13952K)->13372K(13952K)
[2021-05-05T15:28:37.663+0000][8679][gc          ] GC(12) Pause Young (Normal) (G1 Evacuation Pause) 9879M->95M(16384M) 108.804ms
[2021-05-05T15:28:37.663+0000][8679][gc,cpu      ] GC(12) User=0.13s Sys=0.62s Real=0.11s
[2021-05-05T15:28:37.663+0000][8679][safepoint   ] Safepoint "G1CollectForAllocation", Time since last: 96909216251 ns, Reaching safepoint: 47668 ns, At safepoint: 108939356 ns, Total: 108987024 ns
[2021-05-05T15:36:51.892+0000][8679][safepoint   ] Safepoint "Cleanup", Time since last: 494233962782 ns, Reaching safepoint: 97169 ns, At safepoint: 20550 ns, Total: 117719 ns
[2021-05-05T15:36:52.183+0000][8679][gc,heap,exit] Heap
[2021-05-05T15:36:52.183+0000][8679][gc,heap,exit]  garbage-first heap   total 16777216K, used 695755K [0x0000000400000000, 0x0000000800000000)
[2021-05-05T15:36:52.183+0000][8679][gc,heap,exit]   region size 8192K, 77 young (630784K), 4 survivors (32768K)
[2021-05-05T15:36:52.183+0000][8679][gc,heap,exit]  Metaspace       used 96201K, committed 97600K, reserved 1138688K
[2021-05-05T15:36:52.183+0000][8679][gc,heap,exit]   class space    used 13404K, committed 13952K, reserved 1048576K
