[2021-04-10T04:30:56.662+0000][537][gc] Using G1
[2021-04-10T04:31:10.302+0000][537][gc,init] Version: 15.0.1+9 (release)
[2021-04-10T04:31:10.302+0000][537][gc,init] CPUs: 8 total, 8 available
[2021-04-10T04:31:10.302+0000][537][gc,init] Memory: 16244M
[2021-04-10T04:31:10.302+0000][537][gc,init] Large Page Support: Disabled
[2021-04-10T04:31:10.302+0000][537][gc,init] NUMA Support: Disabled
[2021-04-10T04:31:10.302+0000][537][gc,init] Compressed Oops: Enabled (Zero based)
[2021-04-10T04:31:10.302+0000][537][gc,init] Heap Region Size: 4M
[2021-04-10T04:31:10.302+0000][537][gc,init] Heap Min Capacity: 8124M
[2021-04-10T04:31:10.302+0000][537][gc,init] Heap Initial Capacity: 8124M
[2021-04-10T04:31:10.302+0000][537][gc,init] Heap Max Capacity: 8124M
[2021-04-10T04:31:10.305+0000][537][gc,init] Pre-touch: Enabled
[2021-04-10T04:31:10.305+0000][537][gc,init] Parallel Workers: 8
[2021-04-10T04:31:10.305+0000][537][gc,init] Concurrent Workers: 2
[2021-04-10T04:31:10.305+0000][537][gc,init] Concurrent Refinement Workers: 8
[2021-04-10T04:31:10.305+0000][537][gc,init] Periodic GC: Disabled
[2021-04-10T04:31:10.307+0000][537][gc,cds ] Mark closed archive regions in map: [0x00000007ffc00000, 0x00000007ffc7bff8]
[2021-04-10T04:31:10.323+0000][537][gc,cds ] Mark open archive regions in map: [0x00000007ffb00000, 0x00000007ffb51ff8]
[2021-04-10T04:31:10.344+0000][537][gc,metaspace] CDS archive(s) mapped at: [0x0000000800000000-0x0000000800b2a000-0x0000000800b2a000), size 11706368, SharedBaseAddress: 0x0000000800000000, ArchiveRelocationMode: 0.
[2021-04-10T04:31:10.344+0000][537][gc,metaspace] Compressed class space mapped at: 0x0000000800b2c000-0x0000000840b2c000, size: 1073741824
[2021-04-10T04:31:10.344+0000][537][gc,metaspace] Narrow klass base: 0x0000000800000000, Narrow klass shift: 3, Narrow klass range: 0x100000000
[2021-04-10T04:31:10.801+0000][537][safepoint   ] Safepoint "ICBufferFull", Time since last: 426638800 ns, Reaching safepoint: 166200 ns, At safepoint: 13700 ns, Total: 179900 ns
[2021-04-10T04:31:11.298+0000][537][safepoint   ] Safepoint "ICBufferFull", Time since last: 497174400 ns, Reaching safepoint: 260400 ns, At safepoint: 11100 ns, Total: 271500 ns
[2021-04-10T04:31:12.304+0000][537][safepoint   ] Safepoint "ICBufferFull", Time since last: 1004964400 ns, Reaching safepoint: 243300 ns, At safepoint: 12600 ns, Total: 255900 ns
[2021-04-10T04:31:12.969+0000][537][safepoint   ] Safepoint "ICBufferFull", Time since last: 664926600 ns, Reaching safepoint: 250800 ns, At safepoint: 14000 ns, Total: 264800 ns
[2021-04-10T04:31:13.458+0000][537][safepoint   ] Safepoint "ICBufferFull", Time since last: 489190400 ns, Reaching safepoint: 212400 ns, At safepoint: 10400 ns, Total: 222800 ns
[2021-04-10T04:31:13.461+0000][537][safepoint   ] Safepoint "ICBufferFull", Time since last: 2864200 ns, Reaching safepoint: 125200 ns, At safepoint: 10200 ns, Total: 135400 ns
[2021-04-10T04:31:13.466+0000][537][safepoint   ] Safepoint "ICBufferFull", Time since last: 4442500 ns, Reaching safepoint: 133100 ns, At safepoint: 30500 ns, Total: 163600 ns
[2021-04-10T04:31:13.469+0000][537][safepoint   ] Safepoint "ICBufferFull", Time since last: 2692500 ns, Reaching safepoint: 155300 ns, At safepoint: 30900 ns, Total: 186200 ns
[2021-04-10T04:31:13.471+0000][537][safepoint   ] Safepoint "ICBufferFull", Time since last: 1930500 ns, Reaching safepoint: 119300 ns, At safepoint: 10400 ns, Total: 129700 ns
[2021-04-10T04:31:13.474+0000][537][safepoint   ] Safepoint "ICBufferFull", Time since last: 3437700 ns, Reaching safepoint: 118800 ns, At safepoint: 11000 ns, Total: 129800 ns
[2021-04-10T04:31:13.478+0000][537][safepoint   ] Safepoint "ICBufferFull", Time since last: 3690500 ns, Reaching safepoint: 117700 ns, At safepoint: 23500 ns, Total: 141200 ns
[2021-04-10T04:31:13.481+0000][537][safepoint   ] Safepoint "ICBufferFull", Time since last: 3020000 ns, Reaching safepoint: 57000 ns, At safepoint: 26200 ns, Total: 83200 ns
[2021-04-10T04:31:13.486+0000][537][safepoint   ] Safepoint "ICBufferFull", Time since last: 4163500 ns, Reaching safepoint: 99100 ns, At safepoint: 10100 ns, Total: 109200 ns
[2021-04-10T04:31:13.489+0000][537][safepoint   ] Safepoint "ICBufferFull", Time since last: 3641400 ns, Reaching safepoint: 116000 ns, At safepoint: 23600 ns, Total: 139600 ns
[2021-04-10T04:31:13.495+0000][537][safepoint   ] Safepoint "ICBufferFull", Time since last: 5290100 ns, Reaching safepoint: 116800 ns, At safepoint: 23600 ns, Total: 140400 ns
[2021-04-10T04:31:13.498+0000][537][safepoint   ] Safepoint "ICBufferFull", Time since last: 3144800 ns, Reaching safepoint: 117900 ns, At safepoint: 23600 ns, Total: 141500 ns
[2021-04-10T04:31:13.502+0000][537][safepoint   ] Safepoint "ICBufferFull", Time since last: 3278900 ns, Reaching safepoint: 120400 ns, At safepoint: 23600 ns, Total: 144000 ns
[2021-04-10T04:31:13.506+0000][537][safepoint   ] Safepoint "ICBufferFull", Time since last: 4297400 ns, Reaching safepoint: 117700 ns, At safepoint: 23600 ns, Total: 141300 ns
[2021-04-10T04:31:13.509+0000][537][safepoint   ] Safepoint "ICBufferFull", Time since last: 3305300 ns, Reaching safepoint: 119800 ns, At safepoint: 10300 ns, Total: 130100 ns
[2021-04-10T04:31:13.514+0000][537][safepoint   ] Safepoint "ICBufferFull", Time since last: 4628600 ns, Reaching safepoint: 52100 ns, At safepoint: 9800 ns, Total: 61900 ns
[2021-04-10T04:31:14.520+0000][537][safepoint   ] Safepoint "Cleanup", Time since last: 1005424300 ns, Reaching safepoint: 193200 ns, At safepoint: 8700 ns, Total: 201900 ns
[2021-04-10T04:31:14.669+0000][537][gc,start    ] GC(0) Pause Young (Normal) (G1 Evacuation Pause)
[2021-04-10T04:31:14.670+0000][537][gc,task     ] GC(0) Using 8 workers of 8 for evacuation
[2021-04-10T04:31:14.670+0000][537][gc,age      ] GC(0) Desired survivor size 27262976 bytes, new threshold 15 (max threshold 15)
[2021-04-10T04:31:14.678+0000][537][gc,age      ] GC(0) Age table with threshold 15 (max threshold 15)
[2021-04-10T04:31:14.678+0000][537][gc,age      ] GC(0) - age   1:   12356056 bytes,   12356056 total
[2021-04-10T04:31:14.678+0000][537][gc,phases   ] GC(0)   Pre Evacuate Collection Set: 0.4ms
[2021-04-10T04:31:14.678+0000][537][gc,phases   ] GC(0)   Merge Heap Roots: 0.6ms
[2021-04-10T04:31:14.678+0000][537][gc,phases   ] GC(0)   Evacuate Collection Set: 5.7ms
[2021-04-10T04:31:14.678+0000][537][gc,phases   ] GC(0)   Post Evacuate Collection Set: 1.1ms
[2021-04-10T04:31:14.678+0000][537][gc,phases   ] GC(0)   Other: 0.8ms
[2021-04-10T04:31:14.678+0000][537][gc,heap     ] GC(0) Eden regions: 101->0(98)
[2021-04-10T04:31:14.678+0000][537][gc,heap     ] GC(0) Survivor regions: 0->3(13)
[2021-04-10T04:31:14.678+0000][537][gc,heap     ] GC(0) Old regions: 0->0
[2021-04-10T04:31:14.678+0000][537][gc,heap     ] GC(0) Archive regions: 2->2
[2021-04-10T04:31:14.678+0000][537][gc,heap     ] GC(0) Humongous regions: 0->0
[2021-04-10T04:31:14.678+0000][537][gc,metaspace] GC(0) Metaspace: 18633K(19328K)->18633K(19328K) NonClass: 16421K(16896K)->16421K(16896K) Class: 2211K(2432K)->2211K(2432K)
[2021-04-10T04:31:14.678+0000][537][gc          ] GC(0) Pause Young (Normal) (G1 Evacuation Pause) 407M->15M(8124M) 8.698ms
[2021-04-10T04:31:14.678+0000][537][gc,cpu      ] GC(0) User=0.10s Sys=0.01s Real=0.01s
[2021-04-10T04:31:14.678+0000][537][safepoint   ] Safepoint "G1CollectForAllocation", Time since last: 149515400 ns, Reaching safepoint: 120000 ns, At safepoint: 8872100 ns, Total: 8992100 ns
[2021-04-10T04:31:15.459+0000][537][gc,start    ] GC(1) Pause Young (Normal) (G1 Evacuation Pause)
[2021-04-10T04:31:15.459+0000][537][gc,task     ] GC(1) Using 8 workers of 8 for evacuation
[2021-04-10T04:31:15.459+0000][537][gc,age      ] GC(1) Desired survivor size 27262976 bytes, new threshold 15 (max threshold 15)
[2021-04-10T04:31:15.466+0000][537][gc,age      ] GC(1) Age table with threshold 15 (max threshold 15)
[2021-04-10T04:31:15.466+0000][537][gc,age      ] GC(1) - age   1:    2294384 bytes,    2294384 total
[2021-04-10T04:31:15.466+0000][537][gc,age      ] GC(1) - age   2:   12060728 bytes,   14355112 total
[2021-04-10T04:31:15.466+0000][537][gc,phases   ] GC(1)   Pre Evacuate Collection Set: 0.2ms
[2021-04-10T04:31:15.466+0000][537][gc,phases   ] GC(1)   Merge Heap Roots: 0.1ms
[2021-04-10T04:31:15.466+0000][537][gc,phases   ] GC(1)   Evacuate Collection Set: 5.0ms
[2021-04-10T04:31:15.466+0000][537][gc,phases   ] GC(1)   Post Evacuate Collection Set: 1.0ms
[2021-04-10T04:31:15.466+0000][537][gc,phases   ] GC(1)   Other: 0.2ms
[2021-04-10T04:31:15.466+0000][537][gc,heap     ] GC(1) Eden regions: 98->0(99)
[2021-04-10T04:31:15.466+0000][537][gc,heap     ] GC(1) Survivor regions: 3->4(13)
[2021-04-10T04:31:15.466+0000][537][gc,heap     ] GC(1) Old regions: 0->0
[2021-04-10T04:31:15.466+0000][537][gc,heap     ] GC(1) Archive regions: 2->2
[2021-04-10T04:31:15.466+0000][537][gc,heap     ] GC(1) Humongous regions: 0->0
[2021-04-10T04:31:15.466+0000][537][gc,metaspace] GC(1) Metaspace: 19228K(19968K)->19228K(19968K) NonClass: 16928K(17408K)->16928K(17408K) Class: 2300K(2560K)->2300K(2560K)
[2021-04-10T04:31:15.466+0000][537][gc          ] GC(1) Pause Young (Normal) (G1 Evacuation Pause) 407M->18M(8124M) 6.717ms
[2021-04-10T04:31:15.466+0000][537][gc,cpu      ] GC(1) User=0.02s Sys=0.03s Real=0.00s
[2021-04-10T04:31:15.466+0000][537][safepoint   ] Safepoint "G1CollectForAllocation", Time since last: 780914600 ns, Reaching safepoint: 184300 ns, At safepoint: 6798200 ns, Total: 6982500 ns
[2021-04-10T04:31:16.483+0000][537][safepoint   ] Safepoint "Cleanup", Time since last: 1016417500 ns, Reaching safepoint: 80800 ns, At safepoint: 8200 ns, Total: 89000 ns
[2021-04-10T04:31:16.785+0000][537][gc,start    ] GC(2) Pause Young (Normal) (G1 Evacuation Pause)
[2021-04-10T04:31:16.785+0000][537][gc,task     ] GC(2) Using 8 workers of 8 for evacuation
[2021-04-10T04:31:16.785+0000][537][gc,age      ] GC(2) Desired survivor size 27262976 bytes, new threshold 15 (max threshold 15)
[2021-04-10T04:31:16.791+0000][537][gc,age      ] GC(2) Age table with threshold 15 (max threshold 15)
[2021-04-10T04:31:16.791+0000][537][gc,age      ] GC(2) - age   1:    2093000 bytes,    2093000 total
[2021-04-10T04:31:16.791+0000][537][gc,age      ] GC(2) - age   2:    1278040 bytes,    3371040 total
[2021-04-10T04:31:16.791+0000][537][gc,age      ] GC(2) - age   3:   12056696 bytes,   15427736 total
[2021-04-10T04:31:16.791+0000][537][gc,phases   ] GC(2)   Pre Evacuate Collection Set: 0.3ms
[2021-04-10T04:31:16.791+0000][537][gc,phases   ] GC(2)   Merge Heap Roots: 0.1ms
[2021-04-10T04:31:16.791+0000][537][gc,phases   ] GC(2)   Evacuate Collection Set: 4.5ms
[2021-04-10T04:31:16.791+0000][537][gc,phases   ] GC(2)   Post Evacuate Collection Set: 0.9ms
[2021-04-10T04:31:16.791+0000][537][gc,phases   ] GC(2)   Other: 0.3ms
[2021-04-10T04:31:16.791+0000][537][gc,heap     ] GC(2) Eden regions: 99->0(109)
[2021-04-10T04:31:16.791+0000][537][gc,heap     ] GC(2) Survivor regions: 4->4(13)
[2021-04-10T04:31:16.791+0000][537][gc,heap     ] GC(2) Old regions: 0->0
[2021-04-10T04:31:16.791+0000][537][gc,heap     ] GC(2) Archive regions: 2->2
[2021-04-10T04:31:16.791+0000][537][gc,heap     ] GC(2) Humongous regions: 0->0
[2021-04-10T04:31:16.791+0000][537][gc,metaspace] GC(2) Metaspace: 19564K(20480K)->19564K(20480K) NonClass: 17227K(17920K)->17227K(17920K) Class: 2337K(2560K)->2337K(2560K)
[2021-04-10T04:31:16.791+0000][537][gc          ] GC(2) Pause Young (Normal) (G1 Evacuation Pause) 414M->19M(8124M) 6.155ms
[2021-04-10T04:31:16.791+0000][537][gc,cpu      ] GC(2) User=0.00s Sys=0.02s Real=0.01s
[2021-04-10T04:31:16.791+0000][537][safepoint   ] Safepoint "G1CollectForAllocation", Time since last: 302384300 ns, Reaching safepoint: 216700 ns, At safepoint: 6233700 ns, Total: 6450400 ns
[2021-04-10T04:31:17.515+0000][537][gc,start    ] GC(3) Pause Young (Normal) (G1 Evacuation Pause)
[2021-04-10T04:31:17.515+0000][537][gc,task     ] GC(3) Using 8 workers of 8 for evacuation
[2021-04-10T04:31:17.515+0000][537][gc,age      ] GC(3) Desired survivor size 31457280 bytes, new threshold 15 (max threshold 15)
[2021-04-10T04:31:17.523+0000][537][gc,age      ] GC(3) Age table with threshold 15 (max threshold 15)
[2021-04-10T04:31:17.523+0000][537][gc,age      ] GC(3) - age   1:     560568 bytes,     560568 total
[2021-04-10T04:31:17.523+0000][537][gc,age      ] GC(3) - age   2:    2067608 bytes,    2628176 total
[2021-04-10T04:31:17.523+0000][537][gc,age      ] GC(3) - age   3:    1277752 bytes,    3905928 total
[2021-04-10T04:31:17.523+0000][537][gc,age      ] GC(3) - age   4:   12056344 bytes,   15962272 total
[2021-04-10T04:31:17.523+0000][537][gc,phases   ] GC(3)   Pre Evacuate Collection Set: 0.2ms
[2021-04-10T04:31:17.523+0000][537][gc,phases   ] GC(3)   Merge Heap Roots: 0.2ms
[2021-04-10T04:31:17.523+0000][537][gc,phases   ] GC(3)   Evacuate Collection Set: 5.6ms
[2021-04-10T04:31:17.523+0000][537][gc,phases   ] GC(3)   Post Evacuate Collection Set: 1.0ms
[2021-04-10T04:31:17.523+0000][537][gc,phases   ] GC(3)   Other: 0.3ms
[2021-04-10T04:31:17.523+0000][537][gc,heap     ] GC(3) Eden regions: 109->0(478)
[2021-04-10T04:31:17.523+0000][537][gc,heap     ] GC(3) Survivor regions: 4->5(15)
[2021-04-10T04:31:17.523+0000][537][gc,heap     ] GC(3) Old regions: 0->0
[2021-04-10T04:31:17.523+0000][537][gc,heap     ] GC(3) Archive regions: 2->2
[2021-04-10T04:31:17.523+0000][537][gc,heap     ] GC(3) Humongous regions: 0->0
[2021-04-10T04:31:17.523+0000][537][gc,metaspace] GC(3) Metaspace: 19936K(21248K)->19936K(21248K) NonClass: 17530K(18432K)->17530K(18432K) Class: 2406K(2816K)->2406K(2816K)
[2021-04-10T04:31:17.523+0000][537][gc          ] GC(3) Pause Young (Normal) (G1 Evacuation Pause) 455M->20M(8124M) 7.450ms
[2021-04-10T04:31:17.523+0000][537][gc,cpu      ] GC(3) User=0.13s Sys=0.00s Real=0.01s
[2021-04-10T04:31:17.523+0000][537][safepoint   ] Safepoint "G1CollectForAllocation", Time since last: 723687100 ns, Reaching safepoint: 209400 ns, At safepoint: 7530000 ns, Total: 7739400 ns
[2021-04-10T04:31:18.529+0000][537][safepoint   ] Safepoint "Cleanup", Time since last: 1005542300 ns, Reaching safepoint: 84400 ns, At safepoint: 13500 ns, Total: 97900 ns
[2021-04-10T04:31:18.812+0000][537][gc,start    ] GC(4) Pause Young (Concurrent Start) (Metadata GC Threshold)
[2021-04-10T04:31:18.812+0000][537][gc,task     ] GC(4) Using 8 workers of 8 for evacuation
[2021-04-10T04:31:18.812+0000][537][gc,age      ] GC(4) Desired survivor size 127926272 bytes, new threshold 15 (max threshold 15)
[2021-04-10T04:31:18.819+0000][537][gc,age      ] GC(4) Age table with threshold 15 (max threshold 15)
[2021-04-10T04:31:18.819+0000][537][gc,age      ] GC(4) - age   1:    1676424 bytes,    1676424 total
[2021-04-10T04:31:18.819+0000][537][gc,age      ] GC(4) - age   2:     533912 bytes,    2210336 total
[2021-04-10T04:31:18.819+0000][537][gc,age      ] GC(4) - age   3:    2067608 bytes,    4277944 total
[2021-04-10T04:31:18.819+0000][537][gc,age      ] GC(4) - age   4:    1276040 bytes,    5553984 total
[2021-04-10T04:31:18.819+0000][537][gc,age      ] GC(4) - age   5:   12056136 bytes,   17610120 total
[2021-04-10T04:31:18.819+0000][537][gc,phases   ] GC(4)   Pre Evacuate Collection Set: 0.2ms
[2021-04-10T04:31:18.819+0000][537][gc,phases   ] GC(4)   Merge Heap Roots: 0.1ms
[2021-04-10T04:31:18.819+0000][537][gc,phases   ] GC(4)   Evacuate Collection Set: 5.3ms
[2021-04-10T04:31:18.819+0000][537][gc,phases   ] GC(4)   Post Evacuate Collection Set: 0.9ms
[2021-04-10T04:31:18.819+0000][537][gc,phases   ] GC(4)   Other: 0.5ms
[2021-04-10T04:31:18.819+0000][537][gc,heap     ] GC(4) Eden regions: 88->0(592)
[2021-04-10T04:31:18.819+0000][537][gc,heap     ] GC(4) Survivor regions: 5->5(61)
[2021-04-10T04:31:18.819+0000][537][gc,heap     ] GC(4) Old regions: 0->0
[2021-04-10T04:31:18.819+0000][537][gc,heap     ] GC(4) Archive regions: 2->2
[2021-04-10T04:31:18.819+0000][537][gc,heap     ] GC(4) Humongous regions: 0->0
[2021-04-10T04:31:18.819+0000][537][gc,metaspace] GC(4) Metaspace: 20019K(21296K)->20019K(21296K) NonClass: 17597K(18480K)->17597K(18480K) Class: 2422K(2816K)->2422K(2816K)
[2021-04-10T04:31:18.819+0000][537][gc          ] GC(4) Pause Young (Concurrent Start) (Metadata GC Threshold) 370M->22M(8124M) 7.196ms
[2021-04-10T04:31:18.819+0000][537][gc,cpu      ] GC(4) User=0.00s Sys=0.00s Real=0.01s
[2021-04-10T04:31:18.820+0000][537][gc          ] GC(5) Concurrent Cycle
[2021-04-10T04:31:18.820+0000][537][gc,marking  ] GC(5) Concurrent Clear Claimed Marks
[2021-04-10T04:31:18.820+0000][537][gc,marking  ] GC(5) Concurrent Clear Claimed Marks 0.041ms
[2021-04-10T04:31:18.820+0000][537][gc,marking  ] GC(5) Concurrent Scan Root Regions
[2021-04-10T04:31:18.820+0000][537][safepoint   ] Safepoint "CollectForMetadataAllocation", Time since last: 283525500 ns, Reaching safepoint: 99500 ns, At safepoint: 7841000 ns, Total: 7940500 ns
[2021-04-10T04:31:18.823+0000][537][gc,marking  ] GC(5) Concurrent Scan Root Regions 3.263ms
[2021-04-10T04:31:18.823+0000][537][gc,marking  ] GC(5) Concurrent Mark (22.190s)
[2021-04-10T04:31:18.823+0000][537][gc,marking  ] GC(5) Concurrent Mark From Roots
[2021-04-10T04:31:18.823+0000][537][gc,task     ] GC(5) Using 2 workers of 2 for marking
[2021-04-10T04:31:18.826+0000][537][gc,marking  ] GC(5) Concurrent Mark From Roots 2.871ms
[2021-04-10T04:31:18.826+0000][537][gc,marking  ] GC(5) Concurrent Preclean
[2021-04-10T04:31:18.826+0000][537][gc,marking  ] GC(5) Concurrent Preclean 0.193ms
[2021-04-10T04:31:18.826+0000][537][gc,marking  ] GC(5) Concurrent Mark (22.190s, 22.193s) 3.134ms
[2021-04-10T04:31:18.826+0000][537][gc,start    ] GC(5) Pause Remark
[2021-04-10T04:31:18.828+0000][537][gc          ] GC(5) Pause Remark 24M->24M(8124M) 1.771ms
[2021-04-10T04:31:18.828+0000][537][gc,cpu      ] GC(5) User=0.00s Sys=0.00s Real=0.01s
[2021-04-10T04:31:18.828+0000][537][safepoint   ] Safepoint "G1Concurrent", Time since last: 6186900 ns, Reaching safepoint: 183500 ns, At safepoint: 1855200 ns, Total: 2038700 ns
[2021-04-10T04:31:18.828+0000][537][gc,marking  ] GC(5) Concurrent Rebuild Remembered Sets
[2021-04-10T04:31:18.829+0000][537][gc,marking  ] GC(5) Concurrent Rebuild Remembered Sets 0.722ms
[2021-04-10T04:31:18.830+0000][537][gc,start    ] GC(5) Pause Cleanup
[2021-04-10T04:31:18.831+0000][537][gc          ] GC(5) Pause Cleanup 24M->24M(8124M) 0.291ms
[2021-04-10T04:31:18.831+0000][537][gc,cpu      ] GC(5) User=0.00s Sys=0.00s Real=0.00s
[2021-04-10T04:31:18.831+0000][537][safepoint   ] Safepoint "G1Concurrent", Time since last: 900100 ns, Reaching safepoint: 1217500 ns, At safepoint: 427200 ns, Total: 1644700 ns
[2021-04-10T04:31:18.831+0000][537][gc,marking  ] GC(5) Concurrent Cleanup for Next Mark
[2021-04-10T04:31:18.841+0000][537][gc,marking  ] GC(5) Concurrent Cleanup for Next Mark 9.994ms
[2021-04-10T04:31:18.841+0000][537][gc          ] GC(5) Concurrent Cycle 21.359ms
[2021-04-10T04:31:19.833+0000][537][safepoint   ] Safepoint "Cleanup", Time since last: 1002237700 ns, Reaching safepoint: 96600 ns, At safepoint: 8800 ns, Total: 105400 ns
[2021-04-10T04:31:20.849+0000][537][safepoint   ] Safepoint "Cleanup", Time since last: 1015562200 ns, Reaching safepoint: 110600 ns, At safepoint: 7100 ns, Total: 117700 ns
[2021-04-10T04:31:21.736+0000][537][safepoint   ] Safepoint "ICBufferFull", Time since last: 886673900 ns, Reaching safepoint: 292900 ns, At safepoint: 11500 ns, Total: 304400 ns
[2021-04-10T04:31:22.200+0000][537][safepoint   ] Safepoint "ICBufferFull", Time since last: 463631000 ns, Reaching safepoint: 264200 ns, At safepoint: 27700 ns, Total: 291900 ns
[2021-04-10T04:31:23.207+0000][537][safepoint   ] Safepoint "Cleanup", Time since last: 1006414900 ns, Reaching safepoint: 741400 ns, At safepoint: 12700 ns, Total: 754100 ns
[2021-04-10T04:31:23.665+0000][537][gc,start    ] GC(6) Pause Young (Concurrent Start) (Metadata GC Threshold)
[2021-04-10T04:31:23.665+0000][537][gc,task     ] GC(6) Using 8 workers of 8 for evacuation
[2021-04-10T04:31:23.666+0000][537][gc,age      ] GC(6) Desired survivor size 176160768 bytes, new threshold 15 (max threshold 15)
[2021-04-10T04:31:23.697+0000][537][gc,age      ] GC(6) Age table with threshold 15 (max threshold 15)
[2021-04-10T04:31:23.697+0000][537][gc,age      ] GC(6) - age   1:   40115544 bytes,   40115544 total
[2021-04-10T04:31:23.697+0000][537][gc,age      ] GC(6) - age   2:    1543376 bytes,   41658920 total
[2021-04-10T04:31:23.697+0000][537][gc,age      ] GC(6) - age   3:     520656 bytes,   42179576 total
[2021-04-10T04:31:23.697+0000][537][gc,age      ] GC(6) - age   4:    2051632 bytes,   44231208 total
[2021-04-10T04:31:23.697+0000][537][gc,age      ] GC(6) - age   5:    1259736 bytes,   45490944 total
[2021-04-10T04:31:23.697+0000][537][gc,age      ] GC(6) - age   6:   11926360 bytes,   57417304 total
[2021-04-10T04:31:23.697+0000][537][gc,phases   ] GC(6)   Pre Evacuate Collection Set: 0.2ms
[2021-04-10T04:31:23.698+0000][537][gc,phases   ] GC(6)   Merge Heap Roots: 0.1ms
[2021-04-10T04:31:23.698+0000][537][gc,phases   ] GC(6)   Evacuate Collection Set: 29.7ms
[2021-04-10T04:31:23.698+0000][537][gc,phases   ] GC(6)   Post Evacuate Collection Set: 1.6ms
[2021-04-10T04:31:23.698+0000][537][gc,phases   ] GC(6)   Other: 0.4ms
[2021-04-10T04:31:23.698+0000][537][gc,heap     ] GC(6) Eden regions: 263->0(319)
[2021-04-10T04:31:23.698+0000][537][gc,heap     ] GC(6) Survivor regions: 5->15(84)
[2021-04-10T04:31:23.698+0000][537][gc,heap     ] GC(6) Old regions: 0->0
[2021-04-10T04:31:23.698+0000][537][gc,heap     ] GC(6) Archive regions: 2->2
[2021-04-10T04:31:23.698+0000][537][gc,heap     ] GC(6) Humongous regions: 0->0
[2021-04-10T04:31:23.698+0000][537][gc,metaspace] GC(6) Metaspace: 33653K(35920K)->33653K(35920K) NonClass: 29345K(30928K)->29345K(30928K) Class: 4307K(4992K)->4307K(4992K)
[2021-04-10T04:31:23.698+0000][537][gc          ] GC(6) Pause Young (Concurrent Start) (Metadata GC Threshold) 1074M->60M(8124M) 32.264ms
[2021-04-10T04:31:23.698+0000][537][gc,cpu      ] GC(6) User=0.25s Sys=0.00s Real=0.04s
[2021-04-10T04:31:23.698+0000][537][gc          ] GC(7) Concurrent Cycle
[2021-04-10T04:31:23.698+0000][537][gc,marking  ] GC(7) Concurrent Clear Claimed Marks
[2021-04-10T04:31:23.698+0000][537][gc,marking  ] GC(7) Concurrent Clear Claimed Marks 0.058ms
[2021-04-10T04:31:23.698+0000][537][gc,marking  ] GC(7) Concurrent Scan Root Regions
[2021-04-10T04:31:23.698+0000][537][safepoint   ] Safepoint "CollectForMetadataAllocation", Time since last: 458389800 ns, Reaching safepoint: 162200 ns, At safepoint: 32724800 ns, Total: 32887000 ns
[2021-04-10T04:31:23.722+0000][537][gc,marking  ] GC(7) Concurrent Scan Root Regions 24.503ms
[2021-04-10T04:31:23.722+0000][537][gc,marking  ] GC(7) Concurrent Mark (27.090s)
[2021-04-10T04:31:23.722+0000][537][gc,marking  ] GC(7) Concurrent Mark From Roots
[2021-04-10T04:31:23.723+0000][537][gc,task     ] GC(7) Using 2 workers of 2 for marking
[2021-04-10T04:31:23.723+0000][537][safepoint   ] Safepoint "CollectForMetadataAllocation", Time since last: 24069600 ns, Reaching safepoint: 58800 ns, At safepoint: 565500 ns, Total: 624300 ns
[2021-04-10T04:31:23.726+0000][537][gc,marking  ] GC(7) Concurrent Mark From Roots 3.182ms
[2021-04-10T04:31:23.726+0000][537][gc,marking  ] GC(7) Concurrent Preclean
[2021-04-10T04:31:23.726+0000][537][gc,marking  ] GC(7) Concurrent Preclean 0.226ms
[2021-04-10T04:31:23.726+0000][537][gc,marking  ] GC(7) Concurrent Mark (27.090s, 27.093s) 3.498ms
[2021-04-10T04:31:23.726+0000][537][gc,start    ] GC(7) Pause Remark
[2021-04-10T04:31:23.728+0000][537][gc          ] GC(7) Pause Remark 62M->62M(8124M) 2.040ms
[2021-04-10T04:31:23.728+0000][537][gc,cpu      ] GC(7) User=0.00s Sys=0.00s Real=0.01s
[2021-04-10T04:31:23.728+0000][537][safepoint   ] Safepoint "G1Concurrent", Time since last: 3194700 ns, Reaching safepoint: 61100 ns, At safepoint: 2143700 ns, Total: 2204800 ns
[2021-04-10T04:31:23.728+0000][537][gc,marking  ] GC(7) Concurrent Rebuild Remembered Sets
[2021-04-10T04:31:23.729+0000][537][gc,marking  ] GC(7) Concurrent Rebuild Remembered Sets 0.868ms
[2021-04-10T04:31:23.730+0000][537][gc,start    ] GC(7) Pause Cleanup
[2021-04-10T04:31:23.730+0000][537][gc          ] GC(7) Pause Cleanup 62M->62M(8124M) 0.311ms
[2021-04-10T04:31:23.730+0000][537][gc,cpu      ] GC(7) User=0.00s Sys=0.00s Real=0.00s
[2021-04-10T04:31:23.730+0000][537][safepoint   ] Safepoint "G1Concurrent", Time since last: 1008100 ns, Reaching safepoint: 864600 ns, At safepoint: 397800 ns, Total: 1262400 ns
[2021-04-10T04:31:23.731+0000][537][gc,marking  ] GC(7) Concurrent Cleanup for Next Mark
[2021-04-10T04:31:23.744+0000][537][gc,marking  ] GC(7) Concurrent Cleanup for Next Mark 13.206ms
[2021-04-10T04:31:23.744+0000][537][gc          ] GC(7) Concurrent Cycle 45.996ms
[2021-04-10T04:31:24.581+0000][537][safepoint   ] Safepoint "ICBufferFull", Time since last: 849976500 ns, Reaching safepoint: 153300 ns, At safepoint: 33100 ns, Total: 186400 ns
[2021-04-10T04:31:25.346+0000][537][safepoint   ] Safepoint "ICBufferFull", Time since last: 764290100 ns, Reaching safepoint: 871800 ns, At safepoint: 16000 ns, Total: 887800 ns
[2021-04-10T04:31:25.557+0000][537][safepoint   ] Safepoint "ICBufferFull", Time since last: 210951200 ns, Reaching safepoint: 228500 ns, At safepoint: 16400 ns, Total: 244900 ns
[2021-04-10T04:31:25.851+0000][537][gc,start    ] GC(8) Pause Young (Concurrent Start) (Metadata GC Threshold)
[2021-04-10T04:31:25.851+0000][537][gc,task     ] GC(8) Using 8 workers of 8 for evacuation
[2021-04-10T04:31:25.851+0000][537][gc,age      ] GC(8) Desired survivor size 92274688 bytes, new threshold 15 (max threshold 15)
[2021-04-10T04:31:25.879+0000][537][gc,age      ] GC(8) Age table with threshold 15 (max threshold 15)
[2021-04-10T04:31:25.879+0000][537][gc,age      ] GC(8) - age   1:    9133280 bytes,    9133280 total
[2021-04-10T04:31:25.879+0000][537][gc,age      ] GC(8) - age   2:   39763840 bytes,   48897120 total
[2021-04-10T04:31:25.879+0000][537][gc,age      ] GC(8) - age   3:    1537992 bytes,   50435112 total
[2021-04-10T04:31:25.879+0000][537][gc,age      ] GC(8) - age   4:     507640 bytes,   50942752 total
[2021-04-10T04:31:25.879+0000][537][gc,age      ] GC(8) - age   5:    2049928 bytes,   52992680 total
[2021-04-10T04:31:25.879+0000][537][gc,age      ] GC(8) - age   6:    1244768 bytes,   54237448 total
[2021-04-10T04:31:25.879+0000][537][gc,age      ] GC(8) - age   7:   11871248 bytes,   66108696 total
[2021-04-10T04:31:25.879+0000][537][gc,phases   ] GC(8)   Pre Evacuate Collection Set: 0.2ms
[2021-04-10T04:31:25.879+0000][537][gc,phases   ] GC(8)   Merge Heap Roots: 0.1ms
[2021-04-10T04:31:25.879+0000][537][gc,phases   ] GC(8)   Evacuate Collection Set: 25.7ms
[2021-04-10T04:31:25.879+0000][537][gc,phases   ] GC(8)   Post Evacuate Collection Set: 2.0ms
[2021-04-10T04:31:25.879+0000][537][gc,phases   ] GC(8)   Other: 0.4ms
[2021-04-10T04:31:25.879+0000][537][gc,heap     ] GC(8) Eden regions: 81->0(143)
[2021-04-10T04:31:25.879+0000][537][gc,heap     ] GC(8) Survivor regions: 15->17(44)
[2021-04-10T04:31:25.879+0000][537][gc,heap     ] GC(8) Old regions: 0->0
[2021-04-10T04:31:25.879+0000][537][gc,heap     ] GC(8) Archive regions: 2->2
[2021-04-10T04:31:25.879+0000][537][gc,heap     ] GC(8) Humongous regions: 0->0
[2021-04-10T04:31:25.879+0000][537][gc,metaspace] GC(8) Metaspace: 57694K(60828K)->57694K(60828K) NonClass: 50105K(52176K)->50105K(52176K) Class: 7589K(8652K)->7589K(8652K)
[2021-04-10T04:31:25.879+0000][537][gc          ] GC(8) Pause Young (Concurrent Start) (Metadata GC Threshold) 384M->71M(8124M) 28.577ms
[2021-04-10T04:31:25.879+0000][537][gc,cpu      ] GC(8) User=0.13s Sys=0.01s Real=0.03s
[2021-04-10T04:31:25.879+0000][537][gc          ] GC(9) Concurrent Cycle
[2021-04-10T04:31:25.879+0000][537][gc,marking  ] GC(9) Concurrent Clear Claimed Marks
[2021-04-10T04:31:25.879+0000][537][gc,marking  ] GC(9) Concurrent Clear Claimed Marks 0.063ms
[2021-04-10T04:31:25.879+0000][537][gc,marking  ] GC(9) Concurrent Scan Root Regions
[2021-04-10T04:31:25.880+0000][537][safepoint   ] Safepoint "CollectForMetadataAllocation", Time since last: 293345900 ns, Reaching safepoint: 267600 ns, At safepoint: 29015600 ns, Total: 29283200 ns
[2021-04-10T04:31:25.903+0000][537][gc,marking  ] GC(9) Concurrent Scan Root Regions 23.505ms
[2021-04-10T04:31:25.903+0000][537][gc,marking  ] GC(9) Concurrent Mark (29.270s)
[2021-04-10T04:31:25.903+0000][537][gc,marking  ] GC(9) Concurrent Mark From Roots
[2021-04-10T04:31:25.903+0000][537][gc,task     ] GC(9) Using 2 workers of 2 for marking
[2021-04-10T04:31:25.906+0000][537][gc,marking  ] GC(9) Concurrent Mark From Roots 3.381ms
[2021-04-10T04:31:25.906+0000][537][gc,marking  ] GC(9) Concurrent Preclean
[2021-04-10T04:31:25.907+0000][537][gc,marking  ] GC(9) Concurrent Preclean 0.302ms
[2021-04-10T04:31:25.907+0000][537][gc,marking  ] GC(9) Concurrent Mark (29.270s, 29.274s) 3.790ms
[2021-04-10T04:31:25.907+0000][537][gc,start    ] GC(9) Pause Remark
[2021-04-10T04:31:25.909+0000][537][gc          ] GC(9) Pause Remark 75M->75M(8124M) 2.340ms
[2021-04-10T04:31:25.909+0000][537][gc,cpu      ] GC(9) User=0.00s Sys=0.00s Real=0.01s
[2021-04-10T04:31:25.910+0000][537][safepoint   ] Safepoint "G1Concurrent", Time since last: 27263700 ns, Reaching safepoint: 156300 ns, At safepoint: 2453200 ns, Total: 2609500 ns
[2021-04-10T04:31:25.910+0000][537][gc,marking  ] GC(9) Concurrent Rebuild Remembered Sets
[2021-04-10T04:31:25.910+0000][537][gc,marking  ] GC(9) Concurrent Rebuild Remembered Sets 0.878ms
[2021-04-10T04:31:25.912+0000][537][gc,start    ] GC(9) Pause Cleanup
[2021-04-10T04:31:25.912+0000][537][gc          ] GC(9) Pause Cleanup 75M->75M(8124M) 0.258ms
[2021-04-10T04:31:25.912+0000][537][gc,cpu      ] GC(9) User=0.00s Sys=0.00s Real=0.00s
[2021-04-10T04:31:25.912+0000][537][safepoint   ] Safepoint "G1Concurrent", Time since last: 1008400 ns, Reaching safepoint: 1131100 ns, At safepoint: 355000 ns, Total: 1486100 ns
[2021-04-10T04:31:25.912+0000][537][gc,marking  ] GC(9) Concurrent Cleanup for Next Mark
[2021-04-10T04:31:25.920+0000][537][gc,marking  ] GC(9) Concurrent Cleanup for Next Mark 7.512ms
[2021-04-10T04:31:25.920+0000][537][gc          ] GC(9) Concurrent Cycle 40.336ms
[2021-04-10T04:31:27.160+0000][537][safepoint   ] Safepoint "Cleanup", Time since last: 1246611300 ns, Reaching safepoint: 1171100 ns, At safepoint: 14000 ns, Total: 1185100 ns
[2021-04-10T04:31:28.266+0000][537][safepoint   ] Safepoint "Cleanup", Time since last: 1104437700 ns, Reaching safepoint: 1929000 ns, At safepoint: 13600 ns, Total: 1942600 ns
[2021-04-10T04:31:29.215+0000][537][safepoint   ] Safepoint "ICBufferFull", Time since last: 949054000 ns, Reaching safepoint: 207800 ns, At safepoint: 13800 ns, Total: 221600 ns
[2021-04-10T04:31:30.013+0000][537][safepoint   ] Safepoint "ICBufferFull", Time since last: 797200000 ns, Reaching safepoint: 169100 ns, At safepoint: 17200 ns, Total: 186300 ns
[2021-04-10T04:31:30.683+0000][537][safepoint   ] Safepoint "ICBufferFull", Time since last: 668804100 ns, Reaching safepoint: 862100 ns, At safepoint: 18900 ns, Total: 881000 ns
[2021-04-10T04:31:31.359+0000][537][safepoint   ] Safepoint "ICBufferFull", Time since last: 676232600 ns, Reaching safepoint: 233900 ns, At safepoint: 17900 ns, Total: 251800 ns
[2021-04-10T04:31:32.360+0000][537][safepoint   ] Safepoint "Cleanup", Time since last: 1000216100 ns, Reaching safepoint: 297800 ns, At safepoint: 8800 ns, Total: 306600 ns
[2021-04-10T04:31:34.389+0000][537][safepoint   ] Safepoint "Cleanup", Time since last: 2028842500 ns, Reaching safepoint: 120700 ns, At safepoint: 9500 ns, Total: 130200 ns
[2021-04-10T04:31:35.398+0000][537][safepoint   ] Safepoint "Cleanup", Time since last: 1009320400 ns, Reaching safepoint: 128500 ns, At safepoint: 11600 ns, Total: 140100 ns
[2021-04-10T04:31:36.407+0000][537][safepoint   ] Safepoint "Cleanup", Time since last: 1008786800 ns, Reaching safepoint: 255900 ns, At safepoint: 47700 ns, Total: 303600 ns
[2021-04-10T04:31:37.422+0000][537][safepoint   ] Safepoint "Cleanup", Time since last: 1015115300 ns, Reaching safepoint: 103300 ns, At safepoint: 8600 ns, Total: 111900 ns
[2021-04-10T04:31:38.434+0000][537][safepoint   ] Safepoint "Cleanup", Time since last: 1011561200 ns, Reaching safepoint: 145000 ns, At safepoint: 9300 ns, Total: 154300 ns
[2021-04-10T04:31:40.443+0000][537][safepoint   ] Safepoint "Cleanup", Time since last: 2009119900 ns, Reaching safepoint: 301900 ns, At safepoint: 10400 ns, Total: 312300 ns
[2021-04-10T04:31:42.461+0000][537][safepoint   ] Safepoint "Cleanup", Time since last: 2017597000 ns, Reaching safepoint: 134500 ns, At safepoint: 9600 ns, Total: 144100 ns
[2021-04-10T04:31:44.486+0000][537][safepoint   ] Safepoint "Cleanup", Time since last: 2024805300 ns, Reaching safepoint: 177300 ns, At safepoint: 28200 ns, Total: 205500 ns
[2021-04-10T04:31:46.510+0000][537][safepoint   ] Safepoint "Cleanup", Time since last: 2023836800 ns, Reaching safepoint: 149700 ns, At safepoint: 8100 ns, Total: 157800 ns
[2021-04-10T04:31:48.527+0000][537][safepoint   ] Safepoint "Cleanup", Time since last: 2016784700 ns, Reaching safepoint: 156700 ns, At safepoint: 25100 ns, Total: 181800 ns
[2021-04-10T04:31:49.543+0000][537][safepoint   ] Safepoint "Cleanup", Time since last: 1015778600 ns, Reaching safepoint: 151900 ns, At safepoint: 12800 ns, Total: 164700 ns
[2021-04-10T04:31:50.544+0000][537][safepoint   ] Safepoint "Cleanup", Time since last: 1000349400 ns, Reaching safepoint: 180600 ns, At safepoint: 22500 ns, Total: 203100 ns
[2021-04-10T04:31:51.546+0000][537][safepoint   ] Safepoint "Cleanup", Time since last: 1001806100 ns, Reaching safepoint: 212200 ns, At safepoint: 9400 ns, Total: 221600 ns
[2021-04-10T04:31:54.684+0000][537][safepoint   ] Safepoint "Cleanup", Time since last: 3138563600 ns, Reaching safepoint: 149500 ns, At safepoint: 11700 ns, Total: 161200 ns
[2021-04-10T04:31:55.688+0000][537][safepoint   ] Safepoint "Cleanup", Time since last: 1003280500 ns, Reaching safepoint: 143900 ns, At safepoint: 11000 ns, Total: 154900 ns
[2021-04-10T04:32:00.742+0000][537][safepoint   ] Safepoint "Cleanup", Time since last: 5054291300 ns, Reaching safepoint: 145800 ns, At safepoint: 10600 ns, Total: 156400 ns
[2021-04-10T04:32:01.771+0000][537][safepoint   ] Safepoint "Cleanup", Time since last: 1028108300 ns, Reaching safepoint: 108600 ns, At safepoint: 14000 ns, Total: 122600 ns
[2021-04-10T04:32:07.817+0000][537][safepoint   ] Safepoint "Cleanup", Time since last: 6046596400 ns, Reaching safepoint: 256500 ns, At safepoint: 12400 ns, Total: 268900 ns
[2021-04-10T04:32:08.820+0000][537][safepoint   ] Safepoint "Cleanup", Time since last: 1001981600 ns, Reaching safepoint: 145100 ns, At safepoint: 12000 ns, Total: 157100 ns
[2021-04-10T04:32:10.844+0000][537][safepoint   ] Safepoint "Cleanup", Time since last: 2024427000 ns, Reaching safepoint: 253500 ns, At safepoint: 10500 ns, Total: 264000 ns
[2021-04-10T04:32:12.855+0000][537][safepoint   ] Safepoint "Cleanup", Time since last: 2010484400 ns, Reaching safepoint: 185700 ns, At safepoint: 25800 ns, Total: 211500 ns
[2021-04-10T04:32:17.156+0000][537][safepoint   ] Safepoint "Cleanup", Time since last: 4300917900 ns, Reaching safepoint: 290400 ns, At safepoint: 26500 ns, Total: 316900 ns
[2021-04-10T04:32:18.172+0000][537][safepoint   ] Safepoint "Cleanup", Time since last: 1015259400 ns, Reaching safepoint: 185800 ns, At safepoint: 12000 ns, Total: 197800 ns
[2021-04-10T04:32:19.183+0000][537][safepoint   ] Safepoint "Cleanup", Time since last: 1011208300 ns, Reaching safepoint: 179900 ns, At safepoint: 39000 ns, Total: 218900 ns
[2021-04-10T04:32:20.193+0000][537][safepoint   ] Safepoint "Cleanup", Time since last: 1009742900 ns, Reaching safepoint: 257300 ns, At safepoint: 14300 ns, Total: 271600 ns
[2021-04-10T04:32:26.237+0000][537][safepoint   ] Safepoint "Cleanup", Time since last: 6044024700 ns, Reaching safepoint: 196000 ns, At safepoint: 23800 ns, Total: 219800 ns
[2021-04-10T04:32:27.249+0000][537][safepoint   ] Safepoint "Cleanup", Time since last: 1011049100 ns, Reaching safepoint: 309000 ns, At safepoint: 14200 ns, Total: 323200 ns
[2021-04-10T04:32:30.279+0000][537][safepoint   ] Safepoint "Cleanup", Time since last: 3029881700 ns, Reaching safepoint: 169200 ns, At safepoint: 7000 ns, Total: 176200 ns
[2021-04-10T04:32:31.294+0000][537][safepoint   ] Safepoint "Cleanup", Time since last: 1015452700 ns, Reaching safepoint: 211000 ns, At safepoint: 14300 ns, Total: 225300 ns
[2021-04-10T04:32:37.323+0000][537][safepoint   ] Safepoint "Cleanup", Time since last: 6028575900 ns, Reaching safepoint: 167800 ns, At safepoint: 10200 ns, Total: 178000 ns
[2021-04-10T04:32:50.435+0000][537][safepoint   ] Safepoint "Cleanup", Time since last: 13112011100 ns, Reaching safepoint: 95600 ns, At safepoint: 12800 ns, Total: 108400 ns
[2021-04-10T04:32:51.436+0000][537][safepoint   ] Safepoint "Cleanup", Time since last: 1000302200 ns, Reaching safepoint: 191900 ns, At safepoint: 23300 ns, Total: 215200 ns
[2021-04-10T04:33:11.577+0000][537][safepoint   ] Safepoint "Cleanup", Time since last: 20140658500 ns, Reaching safepoint: 125600 ns, At safepoint: 9900 ns, Total: 135500 ns
[2021-04-10T04:33:12.587+0000][537][safepoint   ] Safepoint "Cleanup", Time since last: 1009936100 ns, Reaching safepoint: 215700 ns, At safepoint: 23200 ns, Total: 238900 ns
[2021-04-10T04:33:16.632+0000][537][safepoint   ] Safepoint "Cleanup", Time since last: 4045300600 ns, Reaching safepoint: 138500 ns, At safepoint: 9300 ns, Total: 147800 ns
[2021-04-10T04:33:37.819+0000][537][safepoint   ] Safepoint "Cleanup", Time since last: 21186196200 ns, Reaching safepoint: 135200 ns, At safepoint: 11400 ns, Total: 146600 ns
[2021-04-10T04:33:38.829+0000][537][safepoint   ] Safepoint "Cleanup", Time since last: 1010685100 ns, Reaching safepoint: 153200 ns, At safepoint: 23500 ns, Total: 176700 ns
[2021-04-10T04:33:40.849+0000][537][safepoint   ] Safepoint "Cleanup", Time since last: 2019591400 ns, Reaching safepoint: 263600 ns, At safepoint: 12100 ns, Total: 275700 ns
[2021-04-10T04:33:44.859+0000][537][safepoint   ] Safepoint "Cleanup", Time since last: 4009870100 ns, Reaching safepoint: 123400 ns, At safepoint: 13800 ns, Total: 137200 ns
[2021-04-10T04:33:46.885+0000][537][safepoint   ] Safepoint "Cleanup", Time since last: 2025930900 ns, Reaching safepoint: 163700 ns, At safepoint: 13000 ns, Total: 176700 ns
[2021-04-10T04:33:57.980+0000][537][safepoint   ] Safepoint "Cleanup", Time since last: 11094230100 ns, Reaching safepoint: 153800 ns, At safepoint: 12200 ns, Total: 166000 ns
[2021-04-10T04:33:58.980+0000][537][safepoint   ] Safepoint "Cleanup", Time since last: 1000341500 ns, Reaching safepoint: 198900 ns, At safepoint: 9900 ns, Total: 208800 ns
[2021-04-10T04:34:00.997+0000][537][safepoint   ] Safepoint "Cleanup", Time since last: 2016396700 ns, Reaching safepoint: 178600 ns, At safepoint: 17200 ns, Total: 195800 ns
[2021-04-10T04:34:02.002+0000][537][safepoint   ] Safepoint "Cleanup", Time since last: 1004818900 ns, Reaching safepoint: 139600 ns, At safepoint: 10400 ns, Total: 150000 ns
[2021-04-10T04:34:09.083+0000][537][safepoint   ] Safepoint "Cleanup", Time since last: 7081048500 ns, Reaching safepoint: 197600 ns, At safepoint: 23800 ns, Total: 221400 ns
[2021-04-10T04:34:16.148+0000][537][safepoint   ] Safepoint "Cleanup", Time since last: 7065100700 ns, Reaching safepoint: 184100 ns, At safepoint: 22500 ns, Total: 206600 ns
[2021-04-10T04:34:17.152+0000][537][safepoint   ] Safepoint "Cleanup", Time since last: 1003121900 ns, Reaching safepoint: 178900 ns, At safepoint: 9300 ns, Total: 188200 ns
[2021-04-10T04:34:29.258+0000][537][safepoint   ] Safepoint "Cleanup", Time since last: 12106099900 ns, Reaching safepoint: 169600 ns, At safepoint: 11400 ns, Total: 181000 ns
[2021-04-10T04:34:30.263+0000][537][safepoint   ] Safepoint "Cleanup", Time since last: 1004725700 ns, Reaching safepoint: 256600 ns, At safepoint: 9300 ns, Total: 265900 ns
[2021-04-10T04:34:31.267+0000][537][safepoint   ] Safepoint "Cleanup", Time since last: 1003649900 ns, Reaching safepoint: 300500 ns, At safepoint: 13900 ns, Total: 314400 ns
[2021-04-10T04:34:32.281+0000][537][safepoint   ] Safepoint "Cleanup", Time since last: 1013580600 ns, Reaching safepoint: 125600 ns, At safepoint: 11300 ns, Total: 136900 ns
[2021-04-10T04:34:41.336+0000][537][safepoint   ] Safepoint "Cleanup", Time since last: 9054840000 ns, Reaching safepoint: 141400 ns, At safepoint: 11700 ns, Total: 153100 ns
[2021-04-10T04:34:43.362+0000][537][safepoint   ] Safepoint "Cleanup", Time since last: 2026162100 ns, Reaching safepoint: 159700 ns, At safepoint: 22000 ns, Total: 181700 ns
[2021-04-10T04:34:47.407+0000][537][safepoint   ] Safepoint "Cleanup", Time since last: 4044664900 ns, Reaching safepoint: 185200 ns, At safepoint: 14000 ns, Total: 199200 ns
[2021-04-10T04:34:52.459+0000][537][safepoint   ] Safepoint "Cleanup", Time since last: 5051680800 ns, Reaching safepoint: 174700 ns, At safepoint: 9900 ns, Total: 184600 ns
[2021-04-10T04:35:01.562+0000][537][safepoint   ] Safepoint "Cleanup", Time since last: 9103339300 ns, Reaching safepoint: 175200 ns, At safepoint: 7100 ns, Total: 182300 ns
