[2021-04-08T01:19:31.682+0000][49][gc] Using G1
[2021-04-08T01:19:48.206+0000][49][gc,init] Version: 15.0.1+9 (release)
[2021-04-08T01:19:48.206+0000][49][gc,init] CPUs: 8 total, 8 available
[2021-04-08T01:19:48.206+0000][49][gc,init] Memory: 16244M
[2021-04-08T01:19:48.206+0000][49][gc,init] Large Page Support: Disabled
[2021-04-08T01:19:48.206+0000][49][gc,init] NUMA Support: Disabled
[2021-04-08T01:19:48.206+0000][49][gc,init] Compressed Oops: Enabled (Zero based)
[2021-04-08T01:19:48.206+0000][49][gc,init] Heap Region Size: 4M
[2021-04-08T01:19:48.206+0000][49][gc,init] Heap Min Capacity: 8124M
[2021-04-08T01:19:48.206+0000][49][gc,init] Heap Initial Capacity: 8124M
[2021-04-08T01:19:48.206+0000][49][gc,init] Heap Max Capacity: 8124M
[2021-04-08T01:19:48.207+0000][49][gc,init] Pre-touch: Enabled
[2021-04-08T01:19:48.207+0000][49][gc,init] Parallel Workers: 8
[2021-04-08T01:19:48.207+0000][49][gc,init] Concurrent Workers: 2
[2021-04-08T01:19:48.207+0000][49][gc,init] Concurrent Refinement Workers: 8
[2021-04-08T01:19:48.207+0000][49][gc,init] Periodic GC: Disabled
[2021-04-08T01:19:48.208+0000][49][gc,cds ] Mark closed archive regions in map: [0x00000007ffc00000, 0x00000007ffc7bff8]
[2021-04-08T01:19:48.231+0000][49][gc,cds ] Mark open archive regions in map: [0x00000007ffb00000, 0x00000007ffb51ff8]
[2021-04-08T01:19:48.254+0000][49][gc,metaspace] CDS archive(s) mapped at: [0x0000000800000000-0x0000000800b2a000-0x0000000800b2a000), size 11706368, SharedBaseAddress: 0x0000000800000000, ArchiveRelocationMode: 0.
[2021-04-08T01:19:48.254+0000][49][gc,metaspace] Compressed class space mapped at: 0x0000000800b2c000-0x0000000840b2c000, size: 1073741824
[2021-04-08T01:19:48.254+0000][49][gc,metaspace] Narrow klass base: 0x0000000800000000, Narrow klass shift: 3, Narrow klass range: 0x100000000
[2021-04-08T01:19:49.041+0000][49][safepoint   ] Safepoint "ICBufferFull", Time since last: 764927400 ns, Reaching safepoint: 224700 ns, At safepoint: 15300 ns, Total: 240000 ns
[2021-04-08T01:19:49.798+0000][49][safepoint   ] Safepoint "ICBufferFull", Time since last: 756751400 ns, Reaching safepoint: 208800 ns, At safepoint: 48600 ns, Total: 257400 ns
[2021-04-08T01:19:51.107+0000][49][safepoint   ] Safepoint "ICBufferFull", Time since last: 1307928600 ns, Reaching safepoint: 138800 ns, At safepoint: 11800 ns, Total: 150600 ns
[2021-04-08T01:19:52.788+0000][49][safepoint   ] Safepoint "Cleanup", Time since last: 1680860300 ns, Reaching safepoint: 470000 ns, At safepoint: 296800 ns, Total: 766800 ns
[2021-04-08T01:19:53.790+0000][49][safepoint   ] Safepoint "Cleanup", Time since last: 1001237800 ns, Reaching safepoint: 150000 ns, At safepoint: 8500 ns, Total: 158500 ns
[2021-04-08T01:19:54.809+0000][49][safepoint   ] Safepoint "Cleanup", Time since last: 1009806300 ns, Reaching safepoint: 9781400 ns, At safepoint: 12800 ns, Total: 9794200 ns
[2021-04-08T01:19:55.180+0000][49][safepoint   ] Safepoint "ICBufferFull", Time since last: 370349300 ns, Reaching safepoint: 176600 ns, At safepoint: 15300 ns, Total: 191900 ns
[2021-04-08T01:19:55.204+0000][49][safepoint   ] Safepoint "ICBufferFull", Time since last: 23998700 ns, Reaching safepoint: 75500 ns, At safepoint: 15100 ns, Total: 90600 ns
[2021-04-08T01:19:55.207+0000][49][safepoint   ] Safepoint "ICBufferFull", Time since last: 3456100 ns, Reaching safepoint: 86900 ns, At safepoint: 11800 ns, Total: 98700 ns
[2021-04-08T01:19:55.212+0000][49][safepoint   ] Safepoint "ICBufferFull", Time since last: 4120700 ns, Reaching safepoint: 73000 ns, At safepoint: 14300 ns, Total: 87300 ns
[2021-04-08T01:19:55.219+0000][49][safepoint   ] Safepoint "ICBufferFull", Time since last: 6931900 ns, Reaching safepoint: 76500 ns, At safepoint: 14500 ns, Total: 91000 ns
[2021-04-08T01:19:55.223+0000][49][safepoint   ] Safepoint "ICBufferFull", Time since last: 4289800 ns, Reaching safepoint: 81600 ns, At safepoint: 15900 ns, Total: 97500 ns
[2021-04-08T01:19:55.228+0000][49][safepoint   ] Safepoint "ICBufferFull", Time since last: 5227800 ns, Reaching safepoint: 109500 ns, At safepoint: 34100 ns, Total: 143600 ns
[2021-04-08T01:19:55.236+0000][49][safepoint   ] Safepoint "ICBufferFull", Time since last: 8011300 ns, Reaching safepoint: 71900 ns, At safepoint: 15400 ns, Total: 87300 ns
[2021-04-08T01:19:55.242+0000][49][safepoint   ] Safepoint "ICBufferFull", Time since last: 4980800 ns, Reaching safepoint: 102800 ns, At safepoint: 12400 ns, Total: 115200 ns
[2021-04-08T01:19:55.251+0000][49][safepoint   ] Safepoint "ICBufferFull", Time since last: 9638400 ns, Reaching safepoint: 76100 ns, At safepoint: 14400 ns, Total: 90500 ns
[2021-04-08T01:19:55.258+0000][49][safepoint   ] Safepoint "ICBufferFull", Time since last: 6614000 ns, Reaching safepoint: 74700 ns, At safepoint: 19100 ns, Total: 93800 ns
[2021-04-08T01:19:55.263+0000][49][safepoint   ] Safepoint "ICBufferFull", Time since last: 5356100 ns, Reaching safepoint: 76900 ns, At safepoint: 13200 ns, Total: 90100 ns
[2021-04-08T01:19:55.270+0000][49][safepoint   ] Safepoint "ICBufferFull", Time since last: 6943000 ns, Reaching safepoint: 71900 ns, At safepoint: 19900 ns, Total: 91800 ns
[2021-04-08T01:19:55.280+0000][49][safepoint   ] Safepoint "ICBufferFull", Time since last: 9799500 ns, Reaching safepoint: 84500 ns, At safepoint: 17000 ns, Total: 101500 ns
[2021-04-08T01:19:55.288+0000][49][safepoint   ] Safepoint "ICBufferFull", Time since last: 7902400 ns, Reaching safepoint: 85700 ns, At safepoint: 10900 ns, Total: 96600 ns
[2021-04-08T01:19:56.299+0000][49][safepoint   ] Safepoint "Cleanup", Time since last: 1010449900 ns, Reaching safepoint: 181500 ns, At safepoint: 10100 ns, Total: 191600 ns
[2021-04-08T01:19:57.288+0000][49][gc,start    ] GC(0) Pause Young (Normal) (G1 Evacuation Pause)
[2021-04-08T01:19:57.288+0000][49][gc,task     ] GC(0) Using 8 workers of 8 for evacuation
[2021-04-08T01:19:57.288+0000][49][gc,age      ] GC(0) Desired survivor size 27262976 bytes, new threshold 15 (max threshold 15)
[2021-04-08T01:19:57.302+0000][49][gc,age      ] GC(0) Age table with threshold 15 (max threshold 15)
[2021-04-08T01:19:57.302+0000][49][gc,age      ] GC(0) - age   1:   12551560 bytes,   12551560 total
[2021-04-08T01:19:57.302+0000][49][gc,phases   ] GC(0)   Pre Evacuate Collection Set: 0.8ms
[2021-04-08T01:19:57.302+0000][49][gc,phases   ] GC(0)   Merge Heap Roots: 0.6ms
[2021-04-08T01:19:57.302+0000][49][gc,phases   ] GC(0)   Evacuate Collection Set: 11.2ms
[2021-04-08T01:19:57.302+0000][49][gc,phases   ] GC(0)   Post Evacuate Collection Set: 1.1ms
[2021-04-08T01:19:57.302+0000][49][gc,phases   ] GC(0)   Other: 1.1ms
[2021-04-08T01:19:57.302+0000][49][gc,heap     ] GC(0) Eden regions: 101->0(97)
[2021-04-08T01:19:57.302+0000][49][gc,heap     ] GC(0) Survivor regions: 0->4(13)
[2021-04-08T01:19:57.303+0000][49][gc,heap     ] GC(0) Old regions: 0->0
[2021-04-08T01:19:57.303+0000][49][gc,heap     ] GC(0) Archive regions: 2->2
[2021-04-08T01:19:57.303+0000][49][gc,heap     ] GC(0) Humongous regions: 0->0
[2021-04-08T01:19:57.303+0000][49][gc,metaspace] GC(0) Metaspace: 18578K(19072K)->18578K(19072K) NonClass: 16374K(16640K)->16374K(16640K) Class: 2204K(2432K)->2204K(2432K)
[2021-04-08T01:19:57.303+0000][49][gc          ] GC(0) Pause Young (Normal) (G1 Evacuation Pause) 407M->15M(8124M) 14.916ms
[2021-04-08T01:19:57.303+0000][49][gc,cpu      ] GC(0) User=0.06s Sys=0.00s Real=0.01s
[2021-04-08T01:19:57.303+0000][49][safepoint   ] Safepoint "G1CollectForAllocation", Time since last: 988314700 ns, Reaching safepoint: 191700 ns, At safepoint: 15196300 ns, Total: 15388000 ns
[2021-04-08T01:19:58.313+0000][49][safepoint   ] Safepoint "Cleanup", Time since last: 1010153200 ns, Reaching safepoint: 391800 ns, At safepoint: 9100 ns, Total: 400900 ns
[2021-04-08T01:19:58.758+0000][49][gc,start    ] GC(1) Pause Young (Normal) (G1 Evacuation Pause)
[2021-04-08T01:19:58.758+0000][49][gc,task     ] GC(1) Using 8 workers of 8 for evacuation
[2021-04-08T01:19:58.758+0000][49][gc,age      ] GC(1) Desired survivor size 27262976 bytes, new threshold 15 (max threshold 15)
[2021-04-08T01:19:58.767+0000][49][gc,age      ] GC(1) Age table with threshold 15 (max threshold 15)
[2021-04-08T01:19:58.767+0000][49][gc,age      ] GC(1) - age   1:    1529928 bytes,    1529928 total
[2021-04-08T01:19:58.767+0000][49][gc,age      ] GC(1) - age   2:   12061648 bytes,   13591576 total
[2021-04-08T01:19:58.767+0000][49][gc,phases   ] GC(1)   Pre Evacuate Collection Set: 0.2ms
[2021-04-08T01:19:58.767+0000][49][gc,phases   ] GC(1)   Merge Heap Roots: 0.1ms
[2021-04-08T01:19:58.767+0000][49][gc,phases   ] GC(1)   Evacuate Collection Set: 7.6ms
[2021-04-08T01:19:58.767+0000][49][gc,phases   ] GC(1)   Post Evacuate Collection Set: 0.7ms
[2021-04-08T01:19:58.767+0000][49][gc,phases   ] GC(1)   Other: 0.5ms
[2021-04-08T01:19:58.767+0000][49][gc,heap     ] GC(1) Eden regions: 97->0(97)
[2021-04-08T01:19:58.767+0000][49][gc,heap     ] GC(1) Survivor regions: 4->4(13)
[2021-04-08T01:19:58.767+0000][49][gc,heap     ] GC(1) Old regions: 0->0
[2021-04-08T01:19:58.767+0000][49][gc,heap     ] GC(1) Archive regions: 2->2
[2021-04-08T01:19:58.767+0000][49][gc,heap     ] GC(1) Humongous regions: 0->0
[2021-04-08T01:19:58.767+0000][49][gc,metaspace] GC(1) Metaspace: 19174K(19968K)->19174K(19968K) NonClass: 16880K(17408K)->16880K(17408K) Class: 2293K(2560K)->2293K(2560K)
[2021-04-08T01:19:58.767+0000][49][gc          ] GC(1) Pause Young (Normal) (G1 Evacuation Pause) 403M->17M(8124M) 9.254ms
[2021-04-08T01:19:58.767+0000][49][gc,cpu      ] GC(1) User=0.00s Sys=0.00s Real=0.01s
[2021-04-08T01:19:58.767+0000][49][safepoint   ] Safepoint "G1CollectForAllocation", Time since last: 444378800 ns, Reaching safepoint: 67200 ns, At safepoint: 9366800 ns, Total: 9434000 ns
[2021-04-08T01:19:59.772+0000][49][safepoint   ] Safepoint "Cleanup", Time since last: 1004904600 ns, Reaching safepoint: 132000 ns, At safepoint: 5500 ns, Total: 137500 ns
[2021-04-08T01:20:00.792+0000][49][safepoint   ] Safepoint "Cleanup", Time since last: 1018255100 ns, Reaching safepoint: 1494700 ns, At safepoint: 11300 ns, Total: 1506000 ns
[2021-04-08T01:20:01.497+0000][49][gc,start    ] GC(2) Pause Young (Normal) (G1 Evacuation Pause)
[2021-04-08T01:20:01.497+0000][49][gc,task     ] GC(2) Using 8 workers of 8 for evacuation
[2021-04-08T01:20:01.497+0000][49][gc,age      ] GC(2) Desired survivor size 27262976 bytes, new threshold 15 (max threshold 15)
[2021-04-08T01:20:01.507+0000][49][gc,age      ] GC(2) Age table with threshold 15 (max threshold 15)
[2021-04-08T01:20:01.507+0000][49][gc,age      ] GC(2) - age   1:    3145720 bytes,    3145720 total
[2021-04-08T01:20:01.507+0000][49][gc,age      ] GC(2) - age   2:    1278072 bytes,    4423792 total
[2021-04-08T01:20:01.507+0000][49][gc,age      ] GC(2) - age   3:   12057616 bytes,   16481408 total
[2021-04-08T01:20:01.508+0000][49][gc,phases   ] GC(2)   Pre Evacuate Collection Set: 0.3ms
[2021-04-08T01:20:01.508+0000][49][gc,phases   ] GC(2)   Merge Heap Roots: 0.1ms
[2021-04-08T01:20:01.508+0000][49][gc,phases   ] GC(2)   Evacuate Collection Set: 8.7ms
[2021-04-08T01:20:01.508+0000][49][gc,phases   ] GC(2)   Post Evacuate Collection Set: 1.0ms
[2021-04-08T01:20:01.508+0000][49][gc,phases   ] GC(2)   Other: 0.3ms
[2021-04-08T01:20:01.508+0000][49][gc,heap     ] GC(2) Eden regions: 97->0(111)
[2021-04-08T01:20:01.508+0000][49][gc,heap     ] GC(2) Survivor regions: 4->5(13)
[2021-04-08T01:20:01.508+0000][49][gc,heap     ] GC(2) Old regions: 0->0
[2021-04-08T01:20:01.508+0000][49][gc,heap     ] GC(2) Archive regions: 2->2
[2021-04-08T01:20:01.508+0000][49][gc,heap     ] GC(2) Humongous regions: 0->0
[2021-04-08T01:20:01.508+0000][49][gc,metaspace] GC(2) Metaspace: 19509K(20480K)->19509K(20480K) NonClass: 17179K(17920K)->17179K(17920K) Class: 2330K(2560K)->2330K(2560K)
[2021-04-08T01:20:01.508+0000][49][gc          ] GC(2) Pause Young (Normal) (G1 Evacuation Pause) 405M->20M(8124M) 10.572ms
[2021-04-08T01:20:01.508+0000][49][gc,cpu      ] GC(2) User=0.01s Sys=0.00s Real=0.01s
[2021-04-08T01:20:01.508+0000][49][safepoint   ] Safepoint "G1CollectForAllocation", Time since last: 705263100 ns, Reaching safepoint: 78800 ns, At safepoint: 10691200 ns, Total: 10770000 ns
[2021-04-08T01:20:02.522+0000][49][safepoint   ] Safepoint "Cleanup", Time since last: 1013980300 ns, Reaching safepoint: 411900 ns, At safepoint: 8400 ns, Total: 420300 ns
[2021-04-08T01:20:02.971+0000][49][gc,start    ] GC(3) Pause Young (Normal) (G1 Evacuation Pause)
[2021-04-08T01:20:02.971+0000][49][gc,task     ] GC(3) Using 8 workers of 8 for evacuation
[2021-04-08T01:20:02.971+0000][49][gc,age      ] GC(3) Desired survivor size 31457280 bytes, new threshold 15 (max threshold 15)
[2021-04-08T01:20:02.985+0000][49][gc,age      ] GC(3) Age table with threshold 15 (max threshold 15)
[2021-04-08T01:20:02.986+0000][49][gc,age      ] GC(3) - age   1:     579840 bytes,     579840 total
[2021-04-08T01:20:02.986+0000][49][gc,age      ] GC(3) - age   2:    2065720 bytes,    2645560 total
[2021-04-08T01:20:02.986+0000][49][gc,age      ] GC(3) - age   3:    1277784 bytes,    3923344 total
[2021-04-08T01:20:02.986+0000][49][gc,age      ] GC(3) - age   4:   12057264 bytes,   15980608 total
[2021-04-08T01:20:02.986+0000][49][gc,phases   ] GC(3)   Pre Evacuate Collection Set: 0.3ms
[2021-04-08T01:20:02.986+0000][49][gc,phases   ] GC(3)   Merge Heap Roots: 0.1ms
[2021-04-08T01:20:02.986+0000][49][gc,phases   ] GC(3)   Evacuate Collection Set: 10.7ms
[2021-04-08T01:20:02.986+0000][49][gc,phases   ] GC(3)   Post Evacuate Collection Set: 3.5ms
[2021-04-08T01:20:02.988+0000][49][gc,phases   ] GC(3)   Other: 0.7ms
[2021-04-08T01:20:02.989+0000][49][gc,heap     ] GC(3) Eden regions: 111->0(1213)
[2021-04-08T01:20:02.989+0000][49][gc,heap     ] GC(3) Survivor regions: 5->5(15)
[2021-04-08T01:20:02.989+0000][49][gc,heap     ] GC(3) Old regions: 0->0
[2021-04-08T01:20:02.989+0000][49][gc,heap     ] GC(3) Archive regions: 2->2
[2021-04-08T01:20:02.989+0000][49][gc,heap     ] GC(3) Humongous regions: 0->0
[2021-04-08T01:20:02.989+0000][49][gc,metaspace] GC(3) Metaspace: 19880K(21120K)->19880K(21120K) NonClass: 17481K(18432K)->17481K(18432K) Class: 2399K(2688K)->2399K(2688K)
[2021-04-08T01:20:02.989+0000][49][gc          ] GC(3) Pause Young (Normal) (G1 Evacuation Pause) 464M->20M(8124M) 18.081ms
[2021-04-08T01:20:02.989+0000][49][gc,cpu      ] GC(3) User=0.11s Sys=0.00s Real=0.02s
[2021-04-08T01:20:02.989+0000][49][safepoint   ] Safepoint "G1CollectForAllocation", Time since last: 448243400 ns, Reaching safepoint: 91400 ns, At safepoint: 18234800 ns, Total: 18326200 ns
[2021-04-08T01:20:03.996+0000][49][safepoint   ] Safepoint "Cleanup", Time since last: 1007294800 ns, Reaching safepoint: 99100 ns, At safepoint: 6000 ns, Total: 105100 ns
[2021-04-08T01:20:05.411+0000][49][gc,start    ] GC(4) Pause Young (Concurrent Start) (Metadata GC Threshold)
[2021-04-08T01:20:05.411+0000][49][gc,task     ] GC(4) Using 8 workers of 8 for evacuation
[2021-04-08T01:20:05.411+0000][49][gc,age      ] GC(4) Desired survivor size 320864256 bytes, new threshold 15 (max threshold 15)
[2021-04-08T01:20:05.424+0000][49][gc,age      ] GC(4) Age table with threshold 15 (max threshold 15)
[2021-04-08T01:20:05.424+0000][49][gc,age      ] GC(4) - age   1:    1608008 bytes,    1608008 total
[2021-04-08T01:20:05.424+0000][49][gc,age      ] GC(4) - age   2:     543160 bytes,    2151168 total
[2021-04-08T01:20:05.424+0000][49][gc,age      ] GC(4) - age   3:    2065720 bytes,    4216888 total
[2021-04-08T01:20:05.424+0000][49][gc,age      ] GC(4) - age   4:    1276072 bytes,    5492960 total
[2021-04-08T01:20:05.424+0000][49][gc,age      ] GC(4) - age   5:   12057056 bytes,   17550016 total
[2021-04-08T01:20:05.424+0000][49][gc,phases   ] GC(4)   Pre Evacuate Collection Set: 0.5ms
[2021-04-08T01:20:05.424+0000][49][gc,phases   ] GC(4)   Merge Heap Roots: 0.1ms
[2021-04-08T01:20:05.424+0000][49][gc,phases   ] GC(4)   Evacuate Collection Set: 10.4ms
[2021-04-08T01:20:05.424+0000][49][gc,phases   ] GC(4)   Post Evacuate Collection Set: 1.3ms
[2021-04-08T01:20:05.424+0000][49][gc,phases   ] GC(4)   Other: 1.1ms
[2021-04-08T01:20:05.424+0000][49][gc,heap     ] GC(4) Eden regions: 87->0(1213)
[2021-04-08T01:20:05.424+0000][49][gc,heap     ] GC(4) Survivor regions: 5->5(153)
[2021-04-08T01:20:05.424+0000][49][gc,heap     ] GC(4) Old regions: 0->0
[2021-04-08T01:20:05.424+0000][49][gc,heap     ] GC(4) Archive regions: 2->2
[2021-04-08T01:20:05.424+0000][49][gc,heap     ] GC(4) Humongous regions: 0->0
[2021-04-08T01:20:05.424+0000][49][gc,metaspace] GC(4) Metaspace: 20095K(21296K)->20095K(21296K) NonClass: 17654K(18608K)->17654K(18608K) Class: 2440K(2688K)->2440K(2688K)
[2021-04-08T01:20:05.424+0000][49][gc          ] GC(4) Pause Young (Concurrent Start) (Metadata GC Threshold) 368M->21M(8124M) 13.674ms
[2021-04-08T01:20:05.425+0000][49][gc,cpu      ] GC(4) User=0.05s Sys=0.00s Real=0.01s
[2021-04-08T01:20:05.425+0000][49][gc          ] GC(5) Concurrent Cycle
[2021-04-08T01:20:05.425+0000][49][gc,marking  ] GC(5) Concurrent Clear Claimed Marks
[2021-04-08T01:20:05.425+0000][49][gc,marking  ] GC(5) Concurrent Clear Claimed Marks 0.137ms
[2021-04-08T01:20:05.425+0000][49][gc,marking  ] GC(5) Concurrent Scan Root Regions
[2021-04-08T01:20:05.425+0000][49][safepoint   ] Safepoint "CollectForMetadataAllocation", Time since last: 1414426800 ns, Reaching safepoint: 82300 ns, At safepoint: 14184600 ns, Total: 14266900 ns
[2021-04-08T01:20:05.432+0000][49][gc,marking  ] GC(5) Concurrent Scan Root Regions 6.982ms
[2021-04-08T01:20:05.432+0000][49][gc,marking  ] GC(5) Concurrent Mark (33.791s)
[2021-04-08T01:20:05.432+0000][49][gc,marking  ] GC(5) Concurrent Mark From Roots
[2021-04-08T01:20:05.432+0000][49][gc,task     ] GC(5) Using 2 workers of 2 for marking
[2021-04-08T01:20:05.436+0000][49][gc,marking  ] GC(5) Concurrent Mark From Roots 4.126ms
[2021-04-08T01:20:05.436+0000][49][gc,marking  ] GC(5) Concurrent Preclean
[2021-04-08T01:20:05.436+0000][49][gc,marking  ] GC(5) Concurrent Preclean 0.371ms
[2021-04-08T01:20:05.437+0000][49][gc,marking  ] GC(5) Concurrent Mark (33.791s, 33.795s) 4.610ms
[2021-04-08T01:20:05.437+0000][49][gc,start    ] GC(5) Pause Remark
[2021-04-08T01:20:05.441+0000][49][gc          ] GC(5) Pause Remark 23M->23M(8124M) 3.430ms
[2021-04-08T01:20:05.441+0000][49][gc,cpu      ] GC(5) User=0.00s Sys=0.00s Real=0.00s
[2021-04-08T01:20:05.441+0000][49][safepoint   ] Safepoint "G1Concurrent", Time since last: 11642300 ns, Reaching safepoint: 621300 ns, At safepoint: 3546600 ns, Total: 4167900 ns
[2021-04-08T01:20:05.441+0000][49][gc,marking  ] GC(5) Concurrent Rebuild Remembered Sets
[2021-04-08T01:20:05.442+0000][49][gc,marking  ] GC(5) Concurrent Rebuild Remembered Sets 1.092ms
[2021-04-08T01:20:05.442+0000][49][gc,start    ] GC(5) Pause Cleanup
[2021-04-08T01:20:05.443+0000][49][gc          ] GC(5) Pause Cleanup 23M->23M(8124M) 0.512ms
[2021-04-08T01:20:05.443+0000][49][gc,cpu      ] GC(5) User=0.00s Sys=0.00s Real=0.00s
[2021-04-08T01:20:05.443+0000][49][safepoint   ] Safepoint "G1Concurrent", Time since last: 1236900 ns, Reaching safepoint: 483100 ns, At safepoint: 626500 ns, Total: 1109600 ns
[2021-04-08T01:20:05.443+0000][49][gc,marking  ] GC(5) Concurrent Cleanup for Next Mark
[2021-04-08T01:20:05.461+0000][49][gc,marking  ] GC(5) Concurrent Cleanup for Next Mark 18.099ms
[2021-04-08T01:20:05.462+0000][49][gc          ] GC(5) Concurrent Cycle 36.945ms
[2021-04-08T01:20:06.448+0000][49][safepoint   ] Safepoint "Cleanup", Time since last: 1003911600 ns, Reaching safepoint: 1404100 ns, At safepoint: 14700 ns, Total: 1418800 ns
[2021-04-08T01:20:07.459+0000][49][safepoint   ] Safepoint "Cleanup", Time since last: 1009375200 ns, Reaching safepoint: 991900 ns, At safepoint: 7000 ns, Total: 998900 ns
[2021-04-08T01:20:08.473+0000][49][safepoint   ] Safepoint "Cleanup", Time since last: 1012602600 ns, Reaching safepoint: 1374100 ns, At safepoint: 8600 ns, Total: 1382700 ns
[2021-04-08T01:20:09.477+0000][49][safepoint   ] Safepoint "Cleanup", Time since last: 1003519300 ns, Reaching safepoint: 960400 ns, At safepoint: 8100 ns, Total: 968500 ns
[2021-04-08T01:20:10.484+0000][49][safepoint   ] Safepoint "Cleanup", Time since last: 1006270400 ns, Reaching safepoint: 776200 ns, At safepoint: 10500 ns, Total: 786700 ns
[2021-04-08T01:20:11.555+0000][49][safepoint   ] Safepoint "Cleanup", Time since last: 1070294100 ns, Reaching safepoint: 819100 ns, At safepoint: 15300 ns, Total: 834400 ns
[2021-04-08T01:20:12.909+0000][49][safepoint   ] Safepoint "Cleanup", Time since last: 1352998900 ns, Reaching safepoint: 510600 ns, At safepoint: 11800 ns, Total: 522400 ns
[2021-04-08T01:20:13.920+0000][49][safepoint   ] Safepoint "Cleanup", Time since last: 1010558900 ns, Reaching safepoint: 782500 ns, At safepoint: 15300 ns, Total: 797800 ns
[2021-04-08T01:20:15.572+0000][49][safepoint   ] Safepoint "Cleanup", Time since last: 1650841200 ns, Reaching safepoint: 1127500 ns, At safepoint: 20900 ns, Total: 1148400 ns
[2021-04-08T01:20:16.059+0000][49][gc,start    ] GC(6) Pause Young (Concurrent Start) (Metadata GC Threshold)
[2021-04-08T01:20:16.059+0000][49][gc,task     ] GC(6) Using 8 workers of 8 for evacuation
[2021-04-08T01:20:16.059+0000][49][gc,age      ] GC(6) Desired survivor size 320864256 bytes, new threshold 15 (max threshold 15)
[2021-04-08T01:20:16.113+0000][49][gc,age      ] GC(6) Age table with threshold 15 (max threshold 15)
[2021-04-08T01:20:16.113+0000][49][gc,age      ] GC(6) - age   1:   40163448 bytes,   40163448 total
[2021-04-08T01:20:16.113+0000][49][gc,age      ] GC(6) - age   2:    1573184 bytes,   41736632 total
[2021-04-08T01:20:16.113+0000][49][gc,age      ] GC(6) - age   3:     529936 bytes,   42266568 total
[2021-04-08T01:20:16.113+0000][49][gc,age      ] GC(6) - age   4:    2049712 bytes,   44316280 total
[2021-04-08T01:20:16.113+0000][49][gc,age      ] GC(6) - age   5:    1259704 bytes,   45575984 total
[2021-04-08T01:20:16.113+0000][49][gc,age      ] GC(6) - age   6:   11926888 bytes,   57502872 total
[2021-04-08T01:20:16.113+0000][49][gc,phases   ] GC(6)   Pre Evacuate Collection Set: 0.4ms
[2021-04-08T01:20:16.113+0000][49][gc,phases   ] GC(6)   Merge Heap Roots: 0.2ms
[2021-04-08T01:20:16.113+0000][49][gc,phases   ] GC(6)   Evacuate Collection Set: 44.6ms
[2021-04-08T01:20:16.113+0000][49][gc,phases   ] GC(6)   Post Evacuate Collection Set: 7.8ms
[2021-04-08T01:20:16.113+0000][49][gc,phases   ] GC(6)   Other: 0.8ms
[2021-04-08T01:20:16.113+0000][49][gc,heap     ] GC(6) Eden regions: 264->0(303)
[2021-04-08T01:20:16.113+0000][49][gc,heap     ] GC(6) Survivor regions: 5->15(153)
[2021-04-08T01:20:16.113+0000][49][gc,heap     ] GC(6) Old regions: 0->0
[2021-04-08T01:20:16.113+0000][49][gc,heap     ] GC(6) Archive regions: 2->2
[2021-04-08T01:20:16.113+0000][49][gc,heap     ] GC(6) Humongous regions: 0->0
[2021-04-08T01:20:16.113+0000][49][gc,metaspace] GC(6) Metaspace: 33749K(35968K)->33749K(35968K) NonClass: 29429K(30976K)->29429K(30976K) Class: 4320K(4992K)->4320K(4992K)
[2021-04-08T01:20:16.113+0000][49][gc          ] GC(6) Pause Young (Concurrent Start) (Metadata GC Threshold) 1075M->60M(8124M) 53.937ms
[2021-04-08T01:20:16.113+0000][49][gc,cpu      ] GC(6) User=0.33s Sys=0.00s Real=0.05s
[2021-04-08T01:20:16.113+0000][49][gc          ] GC(7) Concurrent Cycle
[2021-04-08T01:20:16.113+0000][49][gc,marking  ] GC(7) Concurrent Clear Claimed Marks
[2021-04-08T01:20:16.113+0000][49][gc,marking  ] GC(7) Concurrent Clear Claimed Marks 0.075ms
[2021-04-08T01:20:16.113+0000][49][gc,marking  ] GC(7) Concurrent Scan Root Regions
[2021-04-08T01:20:16.114+0000][49][safepoint   ] Safepoint "CollectForMetadataAllocation", Time since last: 486606400 ns, Reaching safepoint: 154900 ns, At safepoint: 54516700 ns, Total: 54671600 ns
[2021-04-08T01:20:16.148+0000][49][safepoint   ] Safepoint "CollectForMetadataAllocation", Time since last: 33724900 ns, Reaching safepoint: 84500 ns, At safepoint: 456700 ns, Total: 541200 ns
[2021-04-08T01:20:16.149+0000][49][gc,marking  ] GC(7) Concurrent Scan Root Regions 35.590ms
[2021-04-08T01:20:16.149+0000][49][gc,marking  ] GC(7) Concurrent Mark (44.508s)
[2021-04-08T01:20:16.149+0000][49][gc,marking  ] GC(7) Concurrent Mark From Roots
[2021-04-08T01:20:16.149+0000][49][gc,task     ] GC(7) Using 2 workers of 2 for marking
[2021-04-08T01:20:16.158+0000][49][gc,marking  ] GC(7) Concurrent Mark From Roots 8.956ms
[2021-04-08T01:20:16.158+0000][49][gc,marking  ] GC(7) Concurrent Preclean
[2021-04-08T01:20:16.158+0000][49][gc,marking  ] GC(7) Concurrent Preclean 0.394ms
[2021-04-08T01:20:16.159+0000][49][gc,marking  ] GC(7) Concurrent Mark (44.508s, 44.518s) 9.614ms
[2021-04-08T01:20:16.160+0000][49][gc,start    ] GC(7) Pause Remark
[2021-04-08T01:20:16.163+0000][49][gc          ] GC(7) Pause Remark 62M->62M(8124M) 3.575ms
[2021-04-08T01:20:16.164+0000][49][gc,cpu      ] GC(7) User=0.00s Sys=0.00s Real=0.00s
[2021-04-08T01:20:16.164+0000][49][safepoint   ] Safepoint "G1Concurrent", Time since last: 11142300 ns, Reaching safepoint: 802100 ns, At safepoint: 3791500 ns, Total: 4593600 ns
[2021-04-08T01:20:16.164+0000][49][gc,marking  ] GC(7) Concurrent Rebuild Remembered Sets
[2021-04-08T01:20:16.165+0000][49][gc,marking  ] GC(7) Concurrent Rebuild Remembered Sets 1.138ms
[2021-04-08T01:20:16.168+0000][49][gc,start    ] GC(7) Pause Cleanup
[2021-04-08T01:20:16.169+0000][49][gc          ] GC(7) Pause Cleanup 62M->62M(8124M) 1.151ms
[2021-04-08T01:20:16.169+0000][49][gc,cpu      ] GC(7) User=0.00s Sys=0.00s Real=0.00s
[2021-04-08T01:20:16.169+0000][49][safepoint   ] Safepoint "G1Concurrent", Time since last: 1312000 ns, Reaching safepoint: 2849400 ns, At safepoint: 1314000 ns, Total: 4163400 ns
[2021-04-08T01:20:16.169+0000][49][gc,marking  ] GC(7) Concurrent Cleanup for Next Mark
[2021-04-08T01:20:16.186+0000][49][gc,marking  ] GC(7) Concurrent Cleanup for Next Mark 16.787ms
[2021-04-08T01:20:16.186+0000][49][gc          ] GC(7) Concurrent Cycle 72.832ms
[2021-04-08T01:20:17.603+0000][49][safepoint   ] Safepoint "Cleanup", Time since last: 1433912100 ns, Reaching safepoint: 191200 ns, At safepoint: 12100 ns, Total: 203300 ns
[2021-04-08T01:20:18.671+0000][49][safepoint   ] Safepoint "Cleanup", Time since last: 1067115900 ns, Reaching safepoint: 224500 ns, At safepoint: 11300 ns, Total: 235800 ns
[2021-04-08T01:20:19.539+0000][49][safepoint   ] Safepoint "ICBufferFull", Time since last: 868214200 ns, Reaching safepoint: 222600 ns, At safepoint: 17000 ns, Total: 239600 ns
[2021-04-08T01:20:20.592+0000][49][gc,start    ] GC(8) Pause Young (Concurrent Start) (Metadata GC Threshold)
[2021-04-08T01:20:20.592+0000][49][gc,task     ] GC(8) Using 8 workers of 8 for evacuation
[2021-04-08T01:20:20.592+0000][49][gc,age      ] GC(8) Desired survivor size 88080384 bytes, new threshold 15 (max threshold 15)
[2021-04-08T01:20:20.638+0000][49][gc,age      ] GC(8) Age table with threshold 15 (max threshold 15)
[2021-04-08T01:20:20.638+0000][49][gc,age      ] GC(8) - age   1:    9980912 bytes,    9980912 total
[2021-04-08T01:20:20.638+0000][49][gc,age      ] GC(8) - age   2:   39755056 bytes,   49735968 total
[2021-04-08T01:20:20.638+0000][49][gc,age      ] GC(8) - age   3:    1564552 bytes,   51300520 total
[2021-04-08T01:20:20.638+0000][49][gc,age      ] GC(8) - age   4:     516920 bytes,   51817440 total
[2021-04-08T01:20:20.638+0000][49][gc,age      ] GC(8) - age   5:    2048104 bytes,   53865544 total
[2021-04-08T01:20:20.638+0000][49][gc,age      ] GC(8) - age   6:    1244736 bytes,   55110280 total
[2021-04-08T01:20:20.638+0000][49][gc,age      ] GC(8) - age   7:   11871984 bytes,   66982264 total
[2021-04-08T01:20:20.638+0000][49][gc,phases   ] GC(8)   Pre Evacuate Collection Set: 0.2ms
[2021-04-08T01:20:20.638+0000][49][gc,phases   ] GC(8)   Merge Heap Roots: 0.1ms
[2021-04-08T01:20:20.638+0000][49][gc,phases   ] GC(8)   Evacuate Collection Set: 42.6ms
[2021-04-08T01:20:20.638+0000][49][gc,phases   ] GC(8)   Post Evacuate Collection Set: 3.3ms
[2021-04-08T01:20:20.638+0000][49][gc,phases   ] GC(8)   Other: 0.5ms
[2021-04-08T01:20:20.638+0000][49][gc,heap     ] GC(8) Eden regions: 86->0(101)
[2021-04-08T01:20:20.638+0000][49][gc,heap     ] GC(8) Survivor regions: 15->18(42)
[2021-04-08T01:20:20.638+0000][49][gc,heap     ] GC(8) Old regions: 0->0
[2021-04-08T01:20:20.638+0000][49][gc,heap     ] GC(8) Archive regions: 2->2
[2021-04-08T01:20:20.638+0000][49][gc,heap     ] GC(8) Humongous regions: 0->0
[2021-04-08T01:20:20.638+0000][49][gc,metaspace] GC(8) Metaspace: 58036K(61016K)->58036K(61016K) NonClass: 50395K(52440K)->50395K(52440K) Class: 7640K(8576K)->7640K(8576K)
[2021-04-08T01:20:20.638+0000][49][gc          ] GC(8) Pause Young (Concurrent Start) (Metadata GC Threshold) 404M->72M(8124M) 46.938ms
[2021-04-08T01:20:20.639+0000][49][gc,cpu      ] GC(8) User=0.24s Sys=0.00s Real=0.05s
[2021-04-08T01:20:20.639+0000][49][gc          ] GC(9) Concurrent Cycle
[2021-04-08T01:20:20.639+0000][49][gc,marking  ] GC(9) Concurrent Clear Claimed Marks
[2021-04-08T01:20:20.639+0000][49][gc,marking  ] GC(9) Concurrent Clear Claimed Marks 0.598ms
[2021-04-08T01:20:20.639+0000][49][gc,marking  ] GC(9) Concurrent Scan Root Regions
[2021-04-08T01:20:20.640+0000][49][safepoint   ] Safepoint "CollectForMetadataAllocation", Time since last: 1052287000 ns, Reaching safepoint: 198600 ns, At safepoint: 48024500 ns, Total: 48223100 ns
[2021-04-08T01:20:20.683+0000][49][gc,marking  ] GC(9) Concurrent Scan Root Regions 43.578ms
[2021-04-08T01:20:20.683+0000][49][gc,marking  ] GC(9) Concurrent Mark (49.042s)
[2021-04-08T01:20:20.683+0000][49][gc,marking  ] GC(9) Concurrent Mark From Roots
[2021-04-08T01:20:20.683+0000][49][gc,task     ] GC(9) Using 2 workers of 2 for marking
[2021-04-08T01:20:20.687+0000][49][gc,marking  ] GC(9) Concurrent Mark From Roots 4.180ms
[2021-04-08T01:20:20.687+0000][49][gc,marking  ] GC(9) Concurrent Preclean
[2021-04-08T01:20:20.688+0000][49][gc,marking  ] GC(9) Concurrent Preclean 0.358ms
[2021-04-08T01:20:20.688+0000][49][gc,marking  ] GC(9) Concurrent Mark (49.042s, 49.047s) 4.680ms
[2021-04-08T01:20:20.688+0000][49][gc,start    ] GC(9) Pause Remark
[2021-04-08T01:20:20.691+0000][49][gc          ] GC(9) Pause Remark 76M->76M(8124M) 2.319ms
[2021-04-08T01:20:20.691+0000][49][gc,cpu      ] GC(9) User=0.00s Sys=0.00s Real=0.00s
[2021-04-08T01:20:20.691+0000][49][safepoint   ] Safepoint "G1Concurrent", Time since last: 48174900 ns, Reaching safepoint: 643200 ns, At safepoint: 2433900 ns, Total: 3077100 ns
[2021-04-08T01:20:20.691+0000][49][gc,marking  ] GC(9) Concurrent Rebuild Remembered Sets
[2021-04-08T01:20:20.692+0000][49][gc,marking  ] GC(9) Concurrent Rebuild Remembered Sets 0.699ms
[2021-04-08T01:20:20.693+0000][49][gc,start    ] GC(9) Pause Cleanup
[2021-04-08T01:20:20.693+0000][49][gc          ] GC(9) Pause Cleanup 76M->76M(8124M) 0.377ms
[2021-04-08T01:20:20.693+0000][49][gc,cpu      ] GC(9) User=0.00s Sys=0.00s Real=0.00s
[2021-04-08T01:20:20.693+0000][49][safepoint   ] Safepoint "G1Concurrent", Time since last: 830300 ns, Reaching safepoint: 1363600 ns, At safepoint: 477900 ns, Total: 1841500 ns
[2021-04-08T01:20:20.693+0000][49][gc,marking  ] GC(9) Concurrent Cleanup for Next Mark
[2021-04-08T01:20:20.702+0000][49][gc,marking  ] GC(9) Concurrent Cleanup for Next Mark 8.645ms
[2021-04-08T01:20:20.702+0000][49][gc          ] GC(9) Concurrent Cycle 63.702ms
[2021-04-08T01:20:22.461+0000][49][safepoint   ] Safepoint "Cleanup", Time since last: 1765506100 ns, Reaching safepoint: 2173400 ns, At safepoint: 23500 ns, Total: 2196900 ns
[2021-04-08T01:20:23.473+0000][49][safepoint   ] Safepoint "Cleanup", Time since last: 1010367500 ns, Reaching safepoint: 1178500 ns, At safepoint: 15700 ns, Total: 1194200 ns
[2021-04-08T01:20:24.524+0000][49][safepoint   ] Safepoint "Cleanup", Time since last: 1046313000 ns, Reaching safepoint: 4628900 ns, At safepoint: 32800 ns, Total: 4661700 ns
[2021-04-08T01:20:25.554+0000][49][safepoint   ] Safepoint "Cleanup", Time since last: 1024236300 ns, Reaching safepoint: 6426300 ns, At safepoint: 43700 ns, Total: 6470000 ns
[2021-04-08T01:20:26.872+0000][49][safepoint   ] Safepoint "Cleanup", Time since last: 1314586000 ns, Reaching safepoint: 1686400 ns, At safepoint: 1153100 ns, Total: 2839500 ns
[2021-04-08T01:20:27.827+0000][49][safepoint   ] Safepoint "ICBufferFull", Time since last: 954654300 ns, Reaching safepoint: 239900 ns, At safepoint: 18300 ns, Total: 258200 ns
[2021-04-08T01:20:28.844+0000][49][safepoint   ] Safepoint "Cleanup", Time since last: 1016081600 ns, Reaching safepoint: 1547200 ns, At safepoint: 11400 ns, Total: 1558600 ns
[2021-04-08T01:20:30.756+0000][49][safepoint   ] Safepoint "Cleanup", Time since last: 1904853500 ns, Reaching safepoint: 6317800 ns, At safepoint: 23300 ns, Total: 6341100 ns
[2021-04-08T01:20:31.806+0000][49][safepoint   ] Safepoint "Cleanup", Time since last: 1048527600 ns, Reaching safepoint: 1426800 ns, At safepoint: 8700 ns, Total: 1435500 ns
[2021-04-08T01:20:32.825+0000][49][safepoint   ] Safepoint "Cleanup", Time since last: 1017708900 ns, Reaching safepoint: 1716400 ns, At safepoint: 17700 ns, Total: 1734100 ns
[2021-04-08T01:20:33.858+0000][49][safepoint   ] Safepoint "Cleanup", Time since last: 1030593000 ns, Reaching safepoint: 2351900 ns, At safepoint: 35200 ns, Total: 2387100 ns
[2021-04-08T01:20:35.476+0000][49][safepoint   ] Safepoint "Cleanup", Time since last: 1617380500 ns, Reaching safepoint: 675500 ns, At safepoint: 21200 ns, Total: 696700 ns
[2021-04-08T01:20:36.489+0000][49][safepoint   ] Safepoint "Cleanup", Time since last: 1013165800 ns, Reaching safepoint: 144500 ns, At safepoint: 14800 ns, Total: 159300 ns
[2021-04-08T01:20:37.504+0000][49][safepoint   ] Safepoint "Cleanup", Time since last: 1014457200 ns, Reaching safepoint: 144400 ns, At safepoint: 14700 ns, Total: 159100 ns
[2021-04-08T01:20:41.538+0000][49][safepoint   ] Safepoint "Cleanup", Time since last: 4034283000 ns, Reaching safepoint: 154600 ns, At safepoint: 11800 ns, Total: 166400 ns
[2021-04-08T01:20:45.571+0000][49][safepoint   ] Safepoint "Cleanup", Time since last: 4031895600 ns, Reaching safepoint: 270400 ns, At safepoint: 13100 ns, Total: 283500 ns
[2021-04-08T01:20:46.579+0000][49][safepoint   ] Safepoint "Cleanup", Time since last: 1008716800 ns, Reaching safepoint: 110100 ns, At safepoint: 14500 ns, Total: 124600 ns
[2021-04-08T01:20:49.623+0000][49][safepoint   ] Safepoint "Cleanup", Time since last: 3043027600 ns, Reaching safepoint: 179000 ns, At safepoint: 16400 ns, Total: 195400 ns
[2021-04-08T01:20:50.623+0000][49][safepoint   ] Safepoint "Cleanup", Time since last: 1000652400 ns, Reaching safepoint: 95500 ns, At safepoint: 6000 ns, Total: 101500 ns
[2021-04-08T01:20:56.705+0000][49][safepoint   ] Safepoint "Cleanup", Time since last: 6067382500 ns, Reaching safepoint: 14257300 ns, At safepoint: 30700 ns, Total: 14288000 ns
[2021-04-08T01:20:59.725+0000][49][safepoint   ] Safepoint "Cleanup", Time since last: 3019651500 ns, Reaching safepoint: 162500 ns, At safepoint: 12000 ns, Total: 174500 ns
[2021-04-08T01:21:02.752+0000][49][safepoint   ] Safepoint "Cleanup", Time since last: 3025814100 ns, Reaching safepoint: 1171800 ns, At safepoint: 15200 ns, Total: 1187000 ns
[2021-04-08T01:21:03.757+0000][49][safepoint   ] Safepoint "Cleanup", Time since last: 1002771600 ns, Reaching safepoint: 1290600 ns, At safepoint: 57700 ns, Total: 1348300 ns
[2021-04-08T01:21:04.759+0000][49][safepoint   ] Safepoint "Cleanup", Time since last: 1001716500 ns, Reaching safepoint: 850300 ns, At safepoint: 21600 ns, Total: 871900 ns
[2021-04-08T01:21:05.774+0000][49][safepoint   ] Safepoint "Cleanup", Time since last: 1013420700 ns, Reaching safepoint: 2167700 ns, At safepoint: 18500 ns, Total: 2186200 ns
[2021-04-08T01:21:07.795+0000][49][safepoint   ] Safepoint "Cleanup", Time since last: 2020215500 ns, Reaching safepoint: 189500 ns, At safepoint: 13100 ns, Total: 202600 ns
[2021-04-08T01:21:09.823+0000][49][safepoint   ] Safepoint "Cleanup", Time since last: 2027335200 ns, Reaching safepoint: 1159600 ns, At safepoint: 19400 ns, Total: 1179000 ns
[2021-04-08T01:21:17.933+0000][49][safepoint   ] Safepoint "Cleanup", Time since last: 8107968900 ns, Reaching safepoint: 1478700 ns, At safepoint: 27200 ns, Total: 1505900 ns
[2021-04-08T01:21:18.938+0000][49][safepoint   ] Safepoint "Cleanup", Time since last: 1004845300 ns, Reaching safepoint: 423100 ns, At safepoint: 8200 ns, Total: 431300 ns
[2021-04-08T01:21:19.954+0000][49][safepoint   ] Safepoint "Cleanup", Time since last: 1007695100 ns, Reaching safepoint: 7924300 ns, At safepoint: 23400 ns, Total: 7947700 ns
[2021-04-08T01:21:21.973+0000][49][safepoint   ] Safepoint "Cleanup", Time since last: 2018965800 ns, Reaching safepoint: 895900 ns, At safepoint: 27900 ns, Total: 923800 ns
[2021-04-08T01:21:22.975+0000][49][safepoint   ] Safepoint "Cleanup", Time since last: 1001021300 ns, Reaching safepoint: 297500 ns, At safepoint: 16000 ns, Total: 313500 ns
[2021-04-08T01:21:23.980+0000][49][safepoint   ] Safepoint "Cleanup", Time since last: 1005110100 ns, Reaching safepoint: 214800 ns, At safepoint: 9800 ns, Total: 224600 ns
[2021-04-08T01:21:26.002+0000][49][safepoint   ] Safepoint "Cleanup", Time since last: 2021969600 ns, Reaching safepoint: 113600 ns, At safepoint: 35400 ns, Total: 149000 ns
[2021-04-08T01:21:27.738+0000][49][safepoint   ] Safepoint "Cleanup", Time since last: 1735306500 ns, Reaching safepoint: 523300 ns, At safepoint: 11300 ns, Total: 534600 ns
[2021-04-08T01:21:29.765+0000][49][safepoint   ] Safepoint "Cleanup", Time since last: 2026980700 ns, Reaching safepoint: 111200 ns, At safepoint: 6300 ns, Total: 117500 ns
[2021-04-08T01:21:36.845+0000][49][safepoint   ] Safepoint "Cleanup", Time since last: 7079266000 ns, Reaching safepoint: 274400 ns, At safepoint: 39800 ns, Total: 314200 ns
[2021-04-08T01:21:45.923+0000][49][safepoint   ] Safepoint "Cleanup", Time since last: 9077787500 ns, Reaching safepoint: 107800 ns, At safepoint: 11000 ns, Total: 118800 ns
[2021-04-08T01:21:47.931+0000][49][safepoint   ] Safepoint "Cleanup", Time since last: 2008172300 ns, Reaching safepoint: 167000 ns, At safepoint: 21300 ns, Total: 188300 ns
[2021-04-08T01:21:49.944+0000][49][safepoint   ] Safepoint "Cleanup", Time since last: 2013145300 ns, Reaching safepoint: 157500 ns, At safepoint: 12700 ns, Total: 170200 ns
[2021-04-08T01:22:01.018+0000][49][safepoint   ] Safepoint "Cleanup", Time since last: 11073341100 ns, Reaching safepoint: 576600 ns, At safepoint: 11700 ns, Total: 588300 ns
[2021-04-08T01:22:09.074+0000][49][safepoint   ] Safepoint "Cleanup", Time since last: 8055296600 ns, Reaching safepoint: 107100 ns, At safepoint: 9800 ns, Total: 116900 ns
[2021-04-08T01:22:10.088+0000][49][safepoint   ] Safepoint "Cleanup", Time since last: 1014459700 ns, Reaching safepoint: 259000 ns, At safepoint: 16700 ns, Total: 275700 ns
[2021-04-08T01:22:23.219+0000][49][safepoint   ] Safepoint "Cleanup", Time since last: 13130473500 ns, Reaching safepoint: 251500 ns, At safepoint: 21400 ns, Total: 272900 ns
[2021-04-08T01:22:24.232+0000][49][safepoint   ] Safepoint "Cleanup", Time since last: 1013117200 ns, Reaching safepoint: 159700 ns, At safepoint: 8100 ns, Total: 167800 ns
[2021-04-08T01:22:26.261+0000][49][safepoint   ] Safepoint "Cleanup", Time since last: 2028483300 ns, Reaching safepoint: 202100 ns, At safepoint: 12600 ns, Total: 214700 ns
[2021-04-08T01:22:27.274+0000][49][safepoint   ] Safepoint "Cleanup", Time since last: 1012727300 ns, Reaching safepoint: 109200 ns, At safepoint: 8100 ns, Total: 117300 ns
[2021-04-08T01:22:36.367+0000][49][safepoint   ] Safepoint "Cleanup", Time since last: 9093150600 ns, Reaching safepoint: 172900 ns, At safepoint: 10200 ns, Total: 183100 ns
[2021-04-08T01:22:38.398+0000][49][safepoint   ] Safepoint "Cleanup", Time since last: 2030005700 ns, Reaching safepoint: 175200 ns, At safepoint: 18100 ns, Total: 193300 ns
[2021-04-08T01:22:39.413+0000][49][safepoint   ] Safepoint "Cleanup", Time since last: 1015569100 ns, Reaching safepoint: 252300 ns, At safepoint: 28900 ns, Total: 281200 ns
[2021-04-08T01:22:48.714+0000][49][safepoint   ] Safepoint "Cleanup", Time since last: 9300211000 ns, Reaching safepoint: 812500 ns, At safepoint: 29200 ns, Total: 841700 ns
[2021-04-08T01:22:49.727+0000][49][safepoint   ] Safepoint "Cleanup", Time since last: 1011876300 ns, Reaching safepoint: 681200 ns, At safepoint: 13400 ns, Total: 694600 ns
[2021-04-08T01:22:59.832+0000][49][safepoint   ] Safepoint "Cleanup", Time since last: 10103666600 ns, Reaching safepoint: 901500 ns, At safepoint: 16000 ns, Total: 917500 ns
[2021-04-08T01:23:06.897+0000][49][safepoint   ] Safepoint "Cleanup", Time since last: 7064489200 ns, Reaching safepoint: 828300 ns, At safepoint: 21500 ns, Total: 849800 ns
[2021-04-08T01:23:11.940+0000][49][safepoint   ] Safepoint "Cleanup", Time since last: 5042542400 ns, Reaching safepoint: 285000 ns, At safepoint: 37700 ns, Total: 322700 ns
[2021-04-08T01:23:28.105+0000][49][safepoint   ] Safepoint "Cleanup", Time since last: 16164854600 ns, Reaching safepoint: 160800 ns, At safepoint: 16600 ns, Total: 177400 ns
[2021-04-08T01:23:30.133+0000][49][safepoint   ] Safepoint "Cleanup", Time since last: 2027995200 ns, Reaching safepoint: 201800 ns, At safepoint: 12800 ns, Total: 214600 ns
[2021-04-08T01:23:40.243+0000][49][safepoint   ] Safepoint "Cleanup", Time since last: 10109740800 ns, Reaching safepoint: 241700 ns, At safepoint: 29500 ns, Total: 271200 ns
[2021-04-08T01:23:41.255+0000][49][safepoint   ] Safepoint "Cleanup", Time since last: 1010805200 ns, Reaching safepoint: 826500 ns, At safepoint: 12500 ns, Total: 839000 ns
[2021-04-08T01:23:47.317+0000][49][safepoint   ] Safepoint "Cleanup", Time since last: 6061829600 ns, Reaching safepoint: 838900 ns, At safepoint: 13600 ns, Total: 852500 ns
[2021-04-08T01:23:51.889+0000][49][gc,start    ] GC(10) Pause Young (Normal) (G1 Evacuation Pause)
[2021-04-08T01:23:51.889+0000][49][gc,task     ] GC(10) Using 8 workers of 8 for evacuation
[2021-04-08T01:23:51.889+0000][49][gc,age      ] GC(10) Desired survivor size 50331648 bytes, new threshold 3 (max threshold 15)
[2021-04-08T01:23:51.940+0000][49][gc,age      ] GC(10) Age table with threshold 3 (max threshold 15)
[2021-04-08T01:23:51.940+0000][49][gc,age      ] GC(10) - age   1:   18992664 bytes,   18992664 total
[2021-04-08T01:23:51.940+0000][49][gc,age      ] GC(10) - age   2:    9288080 bytes,   28280744 total
[2021-04-08T01:23:51.940+0000][49][gc,age      ] GC(10) - age   3:   39661528 bytes,   67942272 total
[2021-04-08T01:23:51.940+0000][49][gc,phases   ] GC(10)   Pre Evacuate Collection Set: 0.4ms
[2021-04-08T01:23:51.940+0000][49][gc,phases   ] GC(10)   Merge Heap Roots: 0.3ms
[2021-04-08T01:23:51.940+0000][49][gc,phases   ] GC(10)   Evacuate Collection Set: 46.9ms
[2021-04-08T01:23:51.940+0000][49][gc,phases   ] GC(10)   Post Evacuate Collection Set: 3.9ms
[2021-04-08T01:23:51.940+0000][49][gc,phases   ] GC(10)   Other: 0.4ms
[2021-04-08T01:23:51.940+0000][49][gc,heap     ] GC(10) Eden regions: 173->0(221)
[2021-04-08T01:23:51.941+0000][49][gc,heap     ] GC(10) Survivor regions: 18->18(24)
[2021-04-08T01:23:51.941+0000][49][gc,heap     ] GC(10) Old regions: 0->5
[2021-04-08T01:23:51.941+0000][49][gc,heap     ] GC(10) Archive regions: 2->2
[2021-04-08T01:23:51.941+0000][49][gc,heap     ] GC(10) Humongous regions: 2->2
[2021-04-08T01:23:51.941+0000][49][gc,metaspace] GC(10) Metaspace: 97625K(101540K)->97625K(101540K) NonClass: 84295K(87000K)->84295K(87000K) Class: 13330K(14540K)->13330K(14540K)
[2021-04-08T01:23:51.941+0000][49][gc          ] GC(10) Pause Young (Normal) (G1 Evacuation Pause) 772M->99M(8124M) 51.930ms
[2021-04-08T01:23:51.941+0000][49][gc,cpu      ] GC(10) User=0.30s Sys=0.02s Real=0.05s
[2021-04-08T01:23:51.941+0000][49][safepoint   ] Safepoint "G1CollectForAllocation", Time since last: 4571093600 ns, Reaching safepoint: 130700 ns, At safepoint: 52099300 ns, Total: 52230000 ns
[2021-04-08T01:23:59.994+0000][49][safepoint   ] Safepoint "Cleanup", Time since last: 8053278400 ns, Reaching safepoint: 128400 ns, At safepoint: 5800 ns, Total: 134200 ns
[2021-04-08T01:24:02.006+0000][49][safepoint   ] Safepoint "Cleanup", Time since last: 2011459900 ns, Reaching safepoint: 108800 ns, At safepoint: 12700 ns, Total: 121500 ns
[2021-04-08T01:24:21.188+0000][49][safepoint   ] Safepoint "Cleanup", Time since last: 19182036700 ns, Reaching safepoint: 189100 ns, At safepoint: 16100 ns, Total: 205200 ns
[2021-04-08T01:24:25.234+0000][49][safepoint   ] Safepoint "Cleanup", Time since last: 4045455400 ns, Reaching safepoint: 204700 ns, At safepoint: 12200 ns, Total: 216900 ns
[2021-04-08T01:24:26.244+0000][49][safepoint   ] Safepoint "Cleanup", Time since last: 1010011200 ns, Reaching safepoint: 143000 ns, At safepoint: 10200 ns, Total: 153200 ns
[2021-04-08T01:24:28.258+0000][49][safepoint   ] Safepoint "Cleanup", Time since last: 2014033300 ns, Reaching safepoint: 100700 ns, At safepoint: 11200 ns, Total: 111900 ns
[2021-04-08T01:24:30.272+0000][49][safepoint   ] Safepoint "Cleanup", Time since last: 2013728700 ns, Reaching safepoint: 115500 ns, At safepoint: 13100 ns, Total: 128600 ns
[2021-04-08T01:24:32.292+0000][49][safepoint   ] Safepoint "Cleanup", Time since last: 2020126500 ns, Reaching safepoint: 227400 ns, At safepoint: 17400 ns, Total: 244800 ns
[2021-04-08T01:24:36.807+0000][49][safepoint   ] Safepoint "Cleanup", Time since last: 4514183300 ns, Reaching safepoint: 351400 ns, At safepoint: 27800 ns, Total: 379200 ns
[2021-04-08T01:24:38.831+0000][49][safepoint   ] Safepoint "Cleanup", Time since last: 2023985100 ns, Reaching safepoint: 233600 ns, At safepoint: 48600 ns, Total: 282200 ns
[2021-04-08T01:24:39.834+0000][49][safepoint   ] Safepoint "Cleanup", Time since last: 1002626800 ns, Reaching safepoint: 123300 ns, At safepoint: 9800 ns, Total: 133100 ns
[2021-04-08T01:24:43.868+0000][49][safepoint   ] Safepoint "Cleanup", Time since last: 4034223300 ns, Reaching safepoint: 321600 ns, At safepoint: 13500 ns, Total: 335100 ns
[2021-04-08T01:24:58.014+0000][49][safepoint   ] Safepoint "Cleanup", Time since last: 14144483800 ns, Reaching safepoint: 789600 ns, At safepoint: 13400 ns, Total: 803000 ns
[2021-04-08T01:25:00.028+0000][49][safepoint   ] Safepoint "Cleanup", Time since last: 2013278000 ns, Reaching safepoint: 809700 ns, At safepoint: 29900 ns, Total: 839600 ns
[2021-04-08T01:25:04.077+0000][49][safepoint   ] Safepoint "Cleanup", Time since last: 4048916100 ns, Reaching safepoint: 227500 ns, At safepoint: 16900 ns, Total: 244400 ns
[2021-04-08T01:25:22.253+0000][49][safepoint   ] Safepoint "Cleanup", Time since last: 18176371000 ns, Reaching safepoint: 209000 ns, At safepoint: 9800 ns, Total: 218800 ns
[2021-04-08T01:25:25.275+0000][49][safepoint   ] Safepoint "Cleanup", Time since last: 3021653000 ns, Reaching safepoint: 146000 ns, At safepoint: 10100 ns, Total: 156100 ns
[2021-04-08T01:25:29.301+0000][49][safepoint   ] Safepoint "Cleanup", Time since last: 4025391500 ns, Reaching safepoint: 124700 ns, At safepoint: 18400 ns, Total: 143100 ns
[2021-04-08T01:25:35.327+0000][49][safepoint   ] Safepoint "Cleanup", Time since last: 6026092500 ns, Reaching safepoint: 162100 ns, At safepoint: 14900 ns, Total: 177000 ns
[2021-04-08T01:25:37.353+0000][49][safepoint   ] Safepoint "Cleanup", Time since last: 2025676600 ns, Reaching safepoint: 101700 ns, At safepoint: 10400 ns, Total: 112100 ns
[2021-04-08T01:25:59.589+0000][49][safepoint   ] Safepoint "Cleanup", Time since last: 22235948400 ns, Reaching safepoint: 172600 ns, At safepoint: 18900 ns, Total: 191500 ns
[2021-04-08T01:26:00.601+0000][49][safepoint   ] Safepoint "Cleanup", Time since last: 1011756800 ns, Reaching safepoint: 233100 ns, At safepoint: 39300 ns, Total: 272400 ns
[2021-04-08T01:26:58.200+0000][49][safepoint   ] Safepoint "Cleanup", Time since last: 57598637400 ns, Reaching safepoint: 107700 ns, At safepoint: 12700 ns, Total: 120400 ns
[2021-04-08T01:27:01.225+0000][49][safepoint   ] Safepoint "Cleanup", Time since last: 3024836900 ns, Reaching safepoint: 138400 ns, At safepoint: 19200 ns, Total: 157600 ns
[2021-04-08T01:27:08.272+0000][49][safepoint   ] Safepoint "Cleanup", Time since last: 7046677400 ns, Reaching safepoint: 110600 ns, At safepoint: 13600 ns, Total: 124200 ns
[2021-04-08T01:27:29.462+0000][49][safepoint   ] Safepoint "Cleanup", Time since last: 21190046500 ns, Reaching safepoint: 146200 ns, At safepoint: 23600 ns, Total: 169800 ns
[2021-04-08T01:27:30.472+0000][49][safepoint   ] Safepoint "Cleanup", Time since last: 1009720100 ns, Reaching safepoint: 131700 ns, At safepoint: 11500 ns, Total: 143200 ns
[2021-04-08T01:27:32.486+0000][49][safepoint   ] Safepoint "Cleanup", Time since last: 2013751900 ns, Reaching safepoint: 758100 ns, At safepoint: 9500 ns, Total: 767600 ns
[2021-04-08T01:27:50.679+0000][49][safepoint   ] Safepoint "Cleanup", Time since last: 18192285900 ns, Reaching safepoint: 131800 ns, At safepoint: 11600 ns, Total: 143400 ns
[2021-04-08T01:28:30.024+0000][49][safepoint   ] Safepoint "Cleanup", Time since last: 39344959100 ns, Reaching safepoint: 105200 ns, At safepoint: 14000 ns, Total: 119200 ns
[2021-04-08T01:28:31.028+0000][49][safepoint   ] Safepoint "Cleanup", Time since last: 1003728500 ns, Reaching safepoint: 121100 ns, At safepoint: 9900 ns, Total: 131000 ns
[2021-04-08T01:28:32.029+0000][49][safepoint   ] Safepoint "Cleanup", Time since last: 1001059900 ns, Reaching safepoint: 181600 ns, At safepoint: 41500 ns, Total: 223100 ns
[2021-04-08T01:28:33.030+0000][49][safepoint   ] Safepoint "Cleanup", Time since last: 1000736700 ns, Reaching safepoint: 113300 ns, At safepoint: 12300 ns, Total: 125600 ns
[2021-04-08T01:28:38.073+0000][49][safepoint   ] Safepoint "Cleanup", Time since last: 5043116700 ns, Reaching safepoint: 126900 ns, At safepoint: 7900 ns, Total: 134800 ns
[2021-04-08T01:28:51.200+0000][49][safepoint   ] Safepoint "Cleanup", Time since last: 13127292800 ns, Reaching safepoint: 157800 ns, At safepoint: 18000 ns, Total: 175800 ns
[2021-04-08T01:28:56.250+0000][49][safepoint   ] Safepoint "Cleanup", Time since last: 5049466800 ns, Reaching safepoint: 125500 ns, At safepoint: 8100 ns, Total: 133600 ns
[2021-04-08T01:28:59.275+0000][49][safepoint   ] Safepoint "Cleanup", Time since last: 3024543900 ns, Reaching safepoint: 149600 ns, At safepoint: 11600 ns, Total: 161200 ns
[2021-04-08T01:29:02.297+0000][49][safepoint   ] Safepoint "Cleanup", Time since last: 3022622400 ns, Reaching safepoint: 152600 ns, At safepoint: 10600 ns, Total: 163200 ns
[2021-04-08T01:29:07.342+0000][49][safepoint   ] Safepoint "Cleanup", Time since last: 5044226000 ns, Reaching safepoint: 192400 ns, At safepoint: 11700 ns, Total: 204100 ns
[2021-04-08T01:29:10.382+0000][49][safepoint   ] Safepoint "Cleanup", Time since last: 3039511000 ns, Reaching safepoint: 158000 ns, At safepoint: 9600 ns, Total: 167600 ns
[2021-04-08T01:29:32.602+0000][49][safepoint   ] Safepoint "Cleanup", Time since last: 22220145000 ns, Reaching safepoint: 152300 ns, At safepoint: 10000 ns, Total: 162300 ns
[2021-04-08T01:29:33.611+0000][49][safepoint   ] Safepoint "Cleanup", Time since last: 1009129200 ns, Reaching safepoint: 239500 ns, At safepoint: 11100 ns, Total: 250600 ns
[2021-04-08T01:29:50.800+0000][49][safepoint   ] Safepoint "Cleanup", Time since last: 17188573100 ns, Reaching safepoint: 144900 ns, At safepoint: 10200 ns, Total: 155100 ns
[2021-04-08T01:30:00.905+0000][49][safepoint   ] Safepoint "Cleanup", Time since last: 10104684200 ns, Reaching safepoint: 104700 ns, At safepoint: 11700 ns, Total: 116400 ns
[2021-04-08T01:30:03.942+0000][49][safepoint   ] Safepoint "Cleanup", Time since last: 3036621300 ns, Reaching safepoint: 146400 ns, At safepoint: 28800 ns, Total: 175200 ns
[2021-04-08T01:30:28.177+0000][49][safepoint   ] Safepoint "Cleanup", Time since last: 24235086000 ns, Reaching safepoint: 245200 ns, At safepoint: 7300 ns, Total: 252500 ns
[2021-04-08T01:30:32.228+0000][49][safepoint   ] Safepoint "Cleanup", Time since last: 4050897900 ns, Reaching safepoint: 98700 ns, At safepoint: 6800 ns, Total: 105500 ns
[2021-04-08T01:32:03.031+0000][49][safepoint   ] Safepoint "Cleanup", Time since last: 90802771300 ns, Reaching safepoint: 141600 ns, At safepoint: 11400 ns, Total: 153000 ns
[2021-04-08T01:32:29.310+0000][49][safepoint   ] Safepoint "Cleanup", Time since last: 26278914400 ns, Reaching safepoint: 175600 ns, At safepoint: 21500 ns, Total: 197100 ns
[2021-04-08T01:32:36.392+0000][49][safepoint   ] Safepoint "Cleanup", Time since last: 7081660300 ns, Reaching safepoint: 162700 ns, At safepoint: 11900 ns, Total: 174600 ns
[2021-04-08T01:34:59.888+0000][49][safepoint   ] Safepoint "Cleanup", Time since last: 143495775600 ns, Reaching safepoint: 174700 ns, At safepoint: 7600 ns, Total: 182300 ns
[2021-04-08T01:35:03.914+0000][49][safepoint   ] Safepoint "Cleanup", Time since last: 4025893300 ns, Reaching safepoint: 455100 ns, At safepoint: 11700 ns, Total: 466800 ns
[2021-04-08T01:35:08.830+0000][49][gc,start    ] GC(11) Pause Young (Normal) (G1 Evacuation Pause)
[2021-04-08T01:35:08.830+0000][49][gc,task     ] GC(11) Using 8 workers of 8 for evacuation
[2021-04-08T01:35:08.830+0000][49][gc,age      ] GC(11) Desired survivor size 62914560 bytes, new threshold 3 (max threshold 15)
[2021-04-08T01:35:08.877+0000][49][gc,age      ] GC(11) Age table with threshold 3 (max threshold 15)
[2021-04-08T01:35:08.877+0000][49][gc,age      ] GC(11) - age   1:    1326960 bytes,    1326960 total
[2021-04-08T01:35:08.877+0000][49][gc,age      ] GC(11) - age   2:   18666152 bytes,   19993112 total
[2021-04-08T01:35:08.877+0000][49][gc,age      ] GC(11) - age   3:    9288080 bytes,   29281192 total
[2021-04-08T01:35:08.877+0000][49][gc,phases   ] GC(11)   Pre Evacuate Collection Set: 0.4ms
[2021-04-08T01:35:08.877+0000][49][gc,phases   ] GC(11)   Merge Heap Roots: 0.2ms
[2021-04-08T01:35:08.877+0000][49][gc,phases   ] GC(11)   Evacuate Collection Set: 43.3ms
[2021-04-08T01:35:08.877+0000][49][gc,phases   ] GC(11)   Post Evacuate Collection Set: 2.5ms
[2021-04-08T01:35:08.877+0000][49][gc,phases   ] GC(11)   Other: 0.4ms
[2021-04-08T01:35:08.877+0000][49][gc,heap     ] GC(11) Eden regions: 221->0(582)
[2021-04-08T01:35:08.877+0000][49][gc,heap     ] GC(11) Survivor regions: 18->9(30)
[2021-04-08T01:35:08.877+0000][49][gc,heap     ] GC(11) Old regions: 5->14
[2021-04-08T01:35:08.877+0000][49][gc,heap     ] GC(11) Archive regions: 2->2
[2021-04-08T01:35:08.877+0000][49][gc,heap     ] GC(11) Humongous regions: 2->2
[2021-04-08T01:35:08.877+0000][49][gc,metaspace] GC(11) Metaspace: 97865K(101796K)->97865K(101796K) NonClass: 84530K(87256K)->84530K(87256K) Class: 13334K(14540K)->13334K(14540K)
[2021-04-08T01:35:08.877+0000][49][gc          ] GC(11) Pause Young (Normal) (G1 Evacuation Pause) 983M->100M(8124M) 46.964ms
[2021-04-08T01:35:08.877+0000][49][gc,cpu      ] GC(11) User=0.24s Sys=0.03s Real=0.05s
[2021-04-08T01:35:08.877+0000][49][safepoint   ] Safepoint "G1CollectForAllocation", Time since last: 4915862000 ns, Reaching safepoint: 112700 ns, At safepoint: 47157000 ns, Total: 47269700 ns
[2021-04-08T01:35:11.899+0000][49][safepoint   ] Safepoint "Cleanup", Time since last: 3021341400 ns, Reaching safepoint: 101900 ns, At safepoint: 11300 ns, Total: 113200 ns
[2021-04-08T01:35:18.967+0000][49][safepoint   ] Safepoint "Cleanup", Time since last: 7068165500 ns, Reaching safepoint: 122600 ns, At safepoint: 10700 ns, Total: 133300 ns
[2021-04-08T01:35:30.082+0000][49][safepoint   ] Safepoint "Cleanup", Time since last: 11114505700 ns, Reaching safepoint: 526800 ns, At safepoint: 20900 ns, Total: 547700 ns
[2021-04-08T01:35:42.171+0000][49][safepoint   ] Safepoint "Cleanup", Time since last: 12088758600 ns, Reaching safepoint: 128600 ns, At safepoint: 17200 ns, Total: 145800 ns
[2021-04-08T01:36:11.428+0000][49][safepoint   ] Safepoint "Cleanup", Time since last: 29256421400 ns, Reaching safepoint: 156200 ns, At safepoint: 12400 ns, Total: 168600 ns
[2021-04-08T01:36:29.602+0000][49][safepoint   ] Safepoint "Cleanup", Time since last: 18174324400 ns, Reaching safepoint: 149200 ns, At safepoint: 12300 ns, Total: 161500 ns
[2021-04-08T01:38:23.709+0000][49][safepoint   ] Safepoint "Cleanup", Time since last: 114106351500 ns, Reaching safepoint: 108900 ns, At safepoint: 10500 ns, Total: 119400 ns
[2021-04-08T01:38:29.784+0000][49][safepoint   ] Safepoint "Cleanup", Time since last: 6075578800 ns, Reaching safepoint: 183400 ns, At safepoint: 16500 ns, Total: 199900 ns
[2021-04-08T01:38:32.805+0000][49][safepoint   ] Safepoint "Cleanup", Time since last: 3020275300 ns, Reaching safepoint: 154700 ns, At safepoint: 8100 ns, Total: 162800 ns
[2021-04-08T01:39:03.074+0000][49][safepoint   ] Safepoint "Cleanup", Time since last: 30269463800 ns, Reaching safepoint: 233700 ns, At safepoint: 19400 ns, Total: 253100 ns
[2021-04-08T01:39:22.270+0000][49][safepoint   ] Safepoint "Cleanup", Time since last: 19195634900 ns, Reaching safepoint: 110400 ns, At safepoint: 10400 ns, Total: 120800 ns
[2021-04-08T01:39:30.358+0000][49][safepoint   ] Safepoint "Cleanup", Time since last: 8087668200 ns, Reaching safepoint: 79000 ns, At safepoint: 10100 ns, Total: 89100 ns
[2021-04-08T01:39:59.688+0000][49][safepoint   ] Safepoint "Cleanup", Time since last: 29329846900 ns, Reaching safepoint: 107200 ns, At safepoint: 10300 ns, Total: 117500 ns
[2021-04-08T01:40:05.763+0000][49][safepoint   ] Safepoint "Cleanup", Time since last: 6074602900 ns, Reaching safepoint: 133400 ns, At safepoint: 13300 ns, Total: 146700 ns
[2021-04-08T01:40:33.061+0000][49][safepoint   ] Safepoint "Cleanup", Time since last: 27297810100 ns, Reaching safepoint: 137800 ns, At safepoint: 9500 ns, Total: 147300 ns
[2021-04-08T01:41:46.779+0000][49][safepoint   ] Safepoint "Cleanup", Time since last: 73718398900 ns, Reaching safepoint: 112000 ns, At safepoint: 5900 ns, Total: 117900 ns
[2021-04-08T01:41:56.886+0000][49][safepoint   ] Safepoint "Cleanup", Time since last: 10106377900 ns, Reaching safepoint: 150200 ns, At safepoint: 25900 ns, Total: 176100 ns
[2021-04-08T01:43:59.107+0000][49][safepoint   ] Safepoint "Cleanup", Time since last: 122221130100 ns, Reaching safepoint: 146200 ns, At safepoint: 10200 ns, Total: 156400 ns
[2021-04-08T01:44:00.120+0000][49][safepoint   ] Safepoint "Cleanup", Time since last: 1013045700 ns, Reaching safepoint: 143000 ns, At safepoint: 9400 ns, Total: 152400 ns
[2021-04-08T01:44:59.711+0000][49][safepoint   ] Safepoint "Cleanup", Time since last: 59590951800 ns, Reaching safepoint: 135200 ns, At safepoint: 10100 ns, Total: 145300 ns
[2021-04-08T01:45:18.906+0000][49][safepoint   ] Safepoint "Cleanup", Time since last: 19194468400 ns, Reaching safepoint: 102300 ns, At safepoint: 17800 ns, Total: 120100 ns
[2021-04-08T01:45:29.996+0000][49][safepoint   ] Safepoint "Cleanup", Time since last: 11089769400 ns, Reaching safepoint: 104900 ns, At safepoint: 17000 ns, Total: 121900 ns
[2021-04-08T01:46:48.676+0000][49][safepoint   ] Safepoint "Cleanup", Time since last: 78680397400 ns, Reaching safepoint: 153100 ns, At safepoint: 11600 ns, Total: 164700 ns
[2021-04-08T01:46:52.709+0000][49][safepoint   ] Safepoint "Cleanup", Time since last: 4032252000 ns, Reaching safepoint: 179700 ns, At safepoint: 24800 ns, Total: 204500 ns
[2021-04-08T01:46:59.783+0000][49][safepoint   ] Safepoint "Cleanup", Time since last: 7073597900 ns, Reaching safepoint: 185200 ns, At safepoint: 28100 ns, Total: 213300 ns
[2021-04-08T01:47:12.902+0000][49][safepoint   ] Safepoint "Cleanup", Time since last: 13119337500 ns, Reaching safepoint: 150400 ns, At safepoint: 11500 ns, Total: 161900 ns
[2021-04-08T01:47:33.071+0000][49][safepoint   ] Safepoint "Cleanup", Time since last: 20168632500 ns, Reaching safepoint: 364800 ns, At safepoint: 14600 ns, Total: 379400 ns
[2021-04-08T01:48:47.837+0000][49][safepoint   ] Safepoint "Cleanup", Time since last: 74765588700 ns, Reaching safepoint: 231400 ns, At safepoint: 46200 ns, Total: 277600 ns
[2021-04-08T01:48:50.853+0000][49][safepoint   ] Safepoint "Cleanup", Time since last: 3015762900 ns, Reaching safepoint: 156700 ns, At safepoint: 12700 ns, Total: 169400 ns
[2021-04-08T01:49:02.964+0000][49][safepoint   ] Safepoint "Cleanup", Time since last: 12111352900 ns, Reaching safepoint: 157100 ns, At safepoint: 11500 ns, Total: 168600 ns
[2021-04-08T01:49:30.153+0000][49][safepoint   ] Safepoint "Cleanup", Time since last: 27188142500 ns, Reaching safepoint: 157300 ns, At safepoint: 27100 ns, Total: 184400 ns
[2021-04-08T01:50:29.716+0000][49][safepoint   ] Safepoint "Cleanup", Time since last: 59562956800 ns, Reaching safepoint: 230100 ns, At safepoint: 32800 ns, Total: 262900 ns
[2021-04-08T01:51:20.056+0000][49][safepoint   ] Safepoint "Cleanup", Time since last: 50340272100 ns, Reaching safepoint: 236800 ns, At safepoint: 10900 ns, Total: 247700 ns
[2021-04-08T01:52:27.726+0000][49][safepoint   ] Safepoint "Cleanup", Time since last: 67669733000 ns, Reaching safepoint: 235500 ns, At safepoint: 11700 ns, Total: 247200 ns
[2021-04-08T01:52:37.796+0000][49][safepoint   ] Safepoint "Cleanup", Time since last: 10069046600 ns, Reaching safepoint: 223700 ns, At safepoint: 12700 ns, Total: 236400 ns
[2021-04-08T01:53:33.359+0000][49][safepoint   ] Safepoint "Cleanup", Time since last: 55563561800 ns, Reaching safepoint: 150300 ns, At safepoint: 8600 ns, Total: 158900 ns
[2021-04-08T01:55:03.162+0000][49][safepoint   ] Safepoint "Cleanup", Time since last: 89802502500 ns, Reaching safepoint: 121000 ns, At safepoint: 32100 ns, Total: 153100 ns
[2021-04-08T01:56:07.818+0000][49][safepoint   ] Safepoint "Cleanup", Time since last: 64655634300 ns, Reaching safepoint: 149900 ns, At safepoint: 13800 ns, Total: 163700 ns
[2021-04-08T01:56:33.070+0000][49][safepoint   ] Safepoint "Cleanup", Time since last: 25252076400 ns, Reaching safepoint: 145700 ns, At safepoint: 11100 ns, Total: 156800 ns
[2021-04-08T01:57:04.338+0000][49][safepoint   ] Safepoint "Cleanup", Time since last: 31267388900 ns, Reaching safepoint: 174600 ns, At safepoint: 25500 ns, Total: 200100 ns
[2021-04-08T01:57:32.633+0000][49][safepoint   ] Safepoint "Cleanup", Time since last: 28294654400 ns, Reaching safepoint: 183300 ns, At safepoint: 13900 ns, Total: 197200 ns
[2021-04-08T01:59:00.462+0000][49][safepoint   ] Safepoint "Cleanup", Time since last: 87829067300 ns, Reaching safepoint: 168200 ns, At safepoint: 24100 ns, Total: 192300 ns
[2021-04-08T01:59:32.751+0000][49][safepoint   ] Safepoint "Cleanup", Time since last: 32288855800 ns, Reaching safepoint: 182500 ns, At safepoint: 12000 ns, Total: 194500 ns
[2021-04-08T02:01:00.497+0000][49][safepoint   ] Safepoint "Cleanup", Time since last: 87745746400 ns, Reaching safepoint: 167500 ns, At safepoint: 23400 ns, Total: 190900 ns
[2021-04-08T02:01:29.773+0000][49][safepoint   ] Safepoint "Cleanup", Time since last: 29275917400 ns, Reaching safepoint: 140300 ns, At safepoint: 11000 ns, Total: 151300 ns
[2021-04-08T02:01:32.778+0000][49][safepoint   ] Safepoint "Cleanup", Time since last: 3005006800 ns, Reaching safepoint: 163600 ns, At safepoint: 32400 ns, Total: 196000 ns
[2021-04-08T02:01:49.903+0000][49][safepoint   ] Safepoint "Cleanup", Time since last: 17124184600 ns, Reaching safepoint: 314400 ns, At safepoint: 43300 ns, Total: 357700 ns
[2021-04-08T02:02:33.217+0000][49][safepoint   ] Safepoint "Cleanup", Time since last: 43313894100 ns, Reaching safepoint: 134500 ns, At safepoint: 10300 ns, Total: 144800 ns
[2021-04-08T02:03:59.906+0000][49][safepoint   ] Safepoint "Cleanup", Time since last: 86688345600 ns, Reaching safepoint: 1146900 ns, At safepoint: 41400 ns, Total: 1188300 ns
[2021-04-08T02:04:33.147+0000][49][safepoint   ] Safepoint "Cleanup", Time since last: 33240732800 ns, Reaching safepoint: 239200 ns, At safepoint: 13300 ns, Total: 252500 ns
[2021-04-08T02:04:59.383+0000][49][safepoint   ] Safepoint "Cleanup", Time since last: 26235395800 ns, Reaching safepoint: 163900 ns, At safepoint: 12800 ns, Total: 176700 ns
[2021-04-08T02:05:13.506+0000][49][safepoint   ] Safepoint "Cleanup", Time since last: 14122887800 ns, Reaching safepoint: 163600 ns, At safepoint: 27800 ns, Total: 191400 ns
[2021-04-08T02:05:38.700+0000][49][safepoint   ] Safepoint "Cleanup", Time since last: 25193598700 ns, Reaching safepoint: 250500 ns, At safepoint: 9800 ns, Total: 260300 ns
[2021-04-08T02:05:42.737+0000][49][safepoint   ] Safepoint "Cleanup", Time since last: 4037020200 ns, Reaching safepoint: 294500 ns, At safepoint: 11000 ns, Total: 305500 ns
[2021-04-08T02:05:43.991+0000][49][gc,start    ] GC(12) Pause Young (Normal) (G1 Evacuation Pause)
[2021-04-08T02:05:43.991+0000][49][gc,task     ] GC(12) Using 8 workers of 8 for evacuation
[2021-04-08T02:05:43.991+0000][49][gc,age      ] GC(12) Desired survivor size 155189248 bytes, new threshold 15 (max threshold 15)
[2021-04-08T02:05:44.010+0000][49][gc,age      ] GC(12) Age table with threshold 15 (max threshold 15)
[2021-04-08T02:05:44.010+0000][49][gc,age      ] GC(12) - age   1:      44304 bytes,      44304 total
[2021-04-08T02:05:44.010+0000][49][gc,age      ] GC(12) - age   2:    1316264 bytes,    1360568 total
[2021-04-08T02:05:44.010+0000][49][gc,age      ] GC(12) - age   3:   18664968 bytes,   20025536 total
[2021-04-08T02:05:44.010+0000][49][gc,age      ] GC(12) - age   4:    9288080 bytes,   29313616 total
[2021-04-08T02:05:44.010+0000][49][gc,phases   ] GC(12)   Pre Evacuate Collection Set: 0.3ms
[2021-04-08T02:05:44.010+0000][49][gc,phases   ] GC(12)   Merge Heap Roots: 0.2ms
[2021-04-08T02:05:44.010+0000][49][gc,phases   ] GC(12)   Evacuate Collection Set: 14.4ms
[2021-04-08T02:05:44.010+0000][49][gc,phases   ] GC(12)   Post Evacuate Collection Set: 3.4ms
[2021-04-08T02:05:44.010+0000][49][gc,phases   ] GC(12)   Other: 0.5ms
[2021-04-08T02:05:44.010+0000][49][gc,heap     ] GC(12) Eden regions: 579->0(1210)
[2021-04-08T02:05:44.010+0000][49][gc,heap     ] GC(12) Survivor regions: 9->8(74)
[2021-04-08T02:05:44.010+0000][49][gc,heap     ] GC(12) Old regions: 14->14
[2021-04-08T02:05:44.010+0000][49][gc,heap     ] GC(12) Archive regions: 2->2
[2021-04-08T02:05:44.010+0000][49][gc,heap     ] GC(12) Humongous regions: 2->2
[2021-04-08T02:05:44.010+0000][49][gc,metaspace] GC(12) Metaspace: 98111K(102180K)->98111K(102180K) NonClass: 84768K(87512K)->84768K(87512K) Class: 13343K(14668K)->13343K(14668K)
[2021-04-08T02:05:44.010+0000][49][gc          ] GC(12) Pause Young (Normal) (G1 Evacuation Pause) 2416M->98M(8124M) 18.986ms
[2021-04-08T02:05:44.010+0000][49][gc,cpu      ] GC(12) User=0.11s Sys=0.01s Real=0.02s
[2021-04-08T02:05:44.010+0000][49][safepoint   ] Safepoint "G1CollectForAllocation", Time since last: 1254028400 ns, Reaching safepoint: 268800 ns, At safepoint: 19126600 ns, Total: 19395400 ns
[2021-04-08T02:05:53.094+0000][49][safepoint   ] Safepoint "Cleanup", Time since last: 9083644200 ns, Reaching safepoint: 106600 ns, At safepoint: 12100 ns, Total: 118700 ns
[2021-04-08T02:07:32.828+0000][49][safepoint   ] Safepoint "Cleanup", Time since last: 99733642400 ns, Reaching safepoint: 410300 ns, At safepoint: 30500 ns, Total: 440800 ns
[2021-04-08T02:11:30.669+0000][49][safepoint   ] Safepoint "Cleanup", Time since last: 237839602900 ns, Reaching safepoint: 897300 ns, At safepoint: 29700 ns, Total: 927000 ns
[2021-04-08T02:14:30.027+0000][49][safepoint   ] Safepoint "Cleanup", Time since last: 179358108200 ns, Reaching safepoint: 216300 ns, At safepoint: 10900 ns, Total: 227200 ns
[2021-04-08T02:18:30.872+0000][49][safepoint   ] Safepoint "Cleanup", Time since last: 240844514700 ns, Reaching safepoint: 317400 ns, At safepoint: 26300 ns, Total: 343700 ns
[2021-04-08T02:18:52.051+0000][49][safepoint   ] Safepoint "Cleanup", Time since last: 21177388700 ns, Reaching safepoint: 1057800 ns, At safepoint: 31700 ns, Total: 1089500 ns
[2021-04-08T02:18:56.085+0000][49][safepoint   ] Safepoint "Cleanup", Time since last: 4033032700 ns, Reaching safepoint: 1115300 ns, At safepoint: 15500 ns, Total: 1130800 ns
[2021-04-08T02:19:11.196+0000][49][safepoint   ] Safepoint "Cleanup", Time since last: 15110815600 ns, Reaching safepoint: 386600 ns, At safepoint: 25700 ns, Total: 412300 ns
[2021-04-08T02:19:30.323+0000][49][safepoint   ] Safepoint "Cleanup", Time since last: 19127053100 ns, Reaching safepoint: 399400 ns, At safepoint: 13200 ns, Total: 412600 ns
[2021-04-08T02:20:00.586+0000][49][safepoint   ] Safepoint "Cleanup", Time since last: 30262582000 ns, Reaching safepoint: 308800 ns, At safepoint: 13300 ns, Total: 322100 ns
[2021-04-08T02:20:03.606+0000][49][safepoint   ] Safepoint "Cleanup", Time since last: 3018422500 ns, Reaching safepoint: 1100900 ns, At safepoint: 14300 ns, Total: 1115200 ns
[2021-04-08T02:20:29.832+0000][49][safepoint   ] Safepoint "Cleanup", Time since last: 26225495200 ns, Reaching safepoint: 278300 ns, At safepoint: 15400 ns, Total: 293700 ns
[2021-04-08T02:21:30.368+0000][49][safepoint   ] Safepoint "Cleanup", Time since last: 60536003800 ns, Reaching safepoint: 329400 ns, At safepoint: 23600 ns, Total: 353000 ns
[2021-04-08T02:21:36.430+0000][49][safepoint   ] Safepoint "Cleanup", Time since last: 6061327100 ns, Reaching safepoint: 434300 ns, At safepoint: 27700 ns, Total: 462000 ns
[2021-04-08T02:22:00.618+0000][49][safepoint   ] Safepoint "Cleanup", Time since last: 24187316500 ns, Reaching safepoint: 1072600 ns, At safepoint: 33900 ns, Total: 1106500 ns
[2021-04-08T02:22:03.625+0000][49][safepoint   ] Safepoint "Cleanup", Time since last: 3006438000 ns, Reaching safepoint: 281500 ns, At safepoint: 14000 ns, Total: 295500 ns
[2021-04-08T02:23:08.070+0000][49][safepoint   ] Safepoint "Cleanup", Time since last: 64443736100 ns, Reaching safepoint: 906600 ns, At safepoint: 10900 ns, Total: 917500 ns
[2021-04-08T02:23:30.231+0000][49][safepoint   ] Safepoint "Cleanup", Time since last: 22161070900 ns, Reaching safepoint: 433700 ns, At safepoint: 14300 ns, Total: 448000 ns
[2021-04-08T02:23:33.252+0000][49][safepoint   ] Safepoint "Cleanup", Time since last: 3019492700 ns, Reaching safepoint: 1144200 ns, At safepoint: 31000 ns, Total: 1175200 ns
[2021-04-08T02:24:00.470+0000][49][safepoint   ] Safepoint "Cleanup", Time since last: 27218438600 ns, Reaching safepoint: 194400 ns, At safepoint: 14000 ns, Total: 208400 ns
[2021-04-08T02:24:02.481+0000][49][safepoint   ] Safepoint "Cleanup", Time since last: 2010328800 ns, Reaching safepoint: 241900 ns, At safepoint: 13000 ns, Total: 254900 ns
[2021-04-08T02:24:40.743+0000][49][safepoint   ] Safepoint "Cleanup", Time since last: 38261537700 ns, Reaching safepoint: 767000 ns, At safepoint: 31200 ns, Total: 798200 ns
[2021-04-08T02:24:45.782+0000][49][safepoint   ] Safepoint "Cleanup", Time since last: 5038756800 ns, Reaching safepoint: 332500 ns, At safepoint: 16000 ns, Total: 348500 ns
[2021-04-08T02:25:00.869+0000][49][safepoint   ] Safepoint "Cleanup", Time since last: 15085628700 ns, Reaching safepoint: 936900 ns, At safepoint: 14300 ns, Total: 951200 ns
[2021-04-08T02:25:03.882+0000][49][safepoint   ] Safepoint "Cleanup", Time since last: 3012622000 ns, Reaching safepoint: 246600 ns, At safepoint: 28000 ns, Total: 274600 ns
[2021-04-08T02:25:30.089+0000][49][safepoint   ] Safepoint "Cleanup", Time since last: 26206867300 ns, Reaching safepoint: 327700 ns, At safepoint: 13400 ns, Total: 341100 ns
[2021-04-08T02:25:34.110+0000][49][safepoint   ] Safepoint "Cleanup", Time since last: 4020296300 ns, Reaching safepoint: 314100 ns, At safepoint: 32500 ns, Total: 346600 ns
[2021-04-08T02:28:28.351+0000][49][safepoint   ] Safepoint "Cleanup", Time since last: 174241046200 ns, Reaching safepoint: 179700 ns, At safepoint: 8800 ns, Total: 188500 ns
[2021-04-08T02:28:33.386+0000][49][safepoint   ] Safepoint "Cleanup", Time since last: 5035214400 ns, Reaching safepoint: 181300 ns, At safepoint: 19000 ns, Total: 200300 ns
[2021-04-08T02:33:00.555+0000][49][safepoint   ] Safepoint "Cleanup", Time since last: 267167781100 ns, Reaching safepoint: 327400 ns, At safepoint: 24800 ns, Total: 352200 ns
[2021-04-08T02:35:29.632+0000][49][safepoint   ] Safepoint "Cleanup", Time since last: 149076090700 ns, Reaching safepoint: 1150200 ns, At safepoint: 15200 ns, Total: 1165400 ns
[2021-04-08T02:36:39.217+0000][49][safepoint   ] Safepoint "Cleanup", Time since last: 69585253800 ns, Reaching safepoint: 353600 ns, At safepoint: 32000 ns, Total: 385600 ns
[2021-04-08T02:38:23.019+0000][49][safepoint   ] Safepoint "Cleanup", Time since last: 103800842600 ns, Reaching safepoint: 329800 ns, At safepoint: 33300 ns, Total: 363100 ns
[2021-04-08T02:41:30.504+0000][49][safepoint   ] Safepoint "Cleanup", Time since last: 187485473500 ns, Reaching safepoint: 236000 ns, At safepoint: 50800 ns, Total: 286800 ns
[2021-04-08T02:41:33.529+0000][49][safepoint   ] Safepoint "Cleanup", Time since last: 3023906000 ns, Reaching safepoint: 237600 ns, At safepoint: 26500 ns, Total: 264100 ns
[2021-04-08T02:42:33.934+0000][49][safepoint   ] Safepoint "Cleanup", Time since last: 60405656000 ns, Reaching safepoint: 128100 ns, At safepoint: 10100 ns, Total: 138200 ns
[2021-04-08T02:42:35.961+0000][49][safepoint   ] Safepoint "Cleanup", Time since last: 2026133000 ns, Reaching safepoint: 245400 ns, At safepoint: 32700 ns, Total: 278100 ns
[2021-04-08T02:43:04.179+0000][49][safepoint   ] Safepoint "Cleanup", Time since last: 28217657900 ns, Reaching safepoint: 168400 ns, At safepoint: 23900 ns, Total: 192300 ns
[2021-04-08T02:43:22.328+0000][49][safepoint   ] Safepoint "Cleanup", Time since last: 18149045500 ns, Reaching safepoint: 135900 ns, At safepoint: 14800 ns, Total: 150700 ns
[2021-04-08T02:45:55.629+0000][49][safepoint   ] Safepoint "Cleanup", Time since last: 153300597800 ns, Reaching safepoint: 209000 ns, At safepoint: 12800 ns, Total: 221800 ns
[2021-04-08T02:46:00.661+0000][49][safepoint   ] Safepoint "Cleanup", Time since last: 5032428700 ns, Reaching safepoint: 295600 ns, At safepoint: 10900 ns, Total: 306500 ns
[2021-04-08T02:46:03.687+0000][49][safepoint   ] Safepoint "Cleanup", Time since last: 3024881600 ns, Reaching safepoint: 239700 ns, At safepoint: 10200 ns, Total: 249900 ns
[2021-04-08T02:46:30.925+0000][49][safepoint   ] Safepoint "Cleanup", Time since last: 27238161400 ns, Reaching safepoint: 135200 ns, At safepoint: 9400 ns, Total: 144600 ns
[2021-04-08T02:48:30.902+0000][49][safepoint   ] Safepoint "Cleanup", Time since last: 119976657000 ns, Reaching safepoint: 124200 ns, At safepoint: 9300 ns, Total: 133500 ns
[2021-04-08T02:48:31.916+0000][49][safepoint   ] Safepoint "Cleanup", Time since last: 1014100400 ns, Reaching safepoint: 96300 ns, At safepoint: 11300 ns, Total: 107600 ns
[2021-04-08T02:50:43.972+0000][49][safepoint   ] Safepoint "Cleanup", Time since last: 132056409500 ns, Reaching safepoint: 171800 ns, At safepoint: 24300 ns, Total: 196100 ns
[2021-04-08T02:52:30.805+0000][49][safepoint   ] Safepoint "Cleanup", Time since last: 106832590400 ns, Reaching safepoint: 273800 ns, At safepoint: 12200 ns, Total: 286000 ns
[2021-04-08T02:53:01.029+0000][49][safepoint   ] Safepoint "Cleanup", Time since last: 30223165800 ns, Reaching safepoint: 211900 ns, At safepoint: 26100 ns, Total: 238000 ns
[2021-04-08T02:54:00.493+0000][49][safepoint   ] Safepoint "Cleanup", Time since last: 59463670500 ns, Reaching safepoint: 197200 ns, At safepoint: 24300 ns, Total: 221500 ns
[2021-04-08T02:54:28.734+0000][49][safepoint   ] Safepoint "Cleanup", Time since last: 28241055400 ns, Reaching safepoint: 280100 ns, At safepoint: 10900 ns, Total: 291000 ns
[2021-04-08T02:55:31.243+0000][49][safepoint   ] Safepoint "Cleanup", Time since last: 62508775200 ns, Reaching safepoint: 98000 ns, At safepoint: 20700 ns, Total: 118700 ns
[2021-04-08T02:56:00.434+0000][49][safepoint   ] Safepoint "Cleanup", Time since last: 29190763800 ns, Reaching safepoint: 346700 ns, At safepoint: 10800 ns, Total: 357500 ns
[2021-04-08T02:56:04.458+0000][49][safepoint   ] Safepoint "Cleanup", Time since last: 4023393300 ns, Reaching safepoint: 167100 ns, At safepoint: 10800 ns, Total: 177900 ns
[2021-04-08T02:56:30.640+0000][49][safepoint   ] Safepoint "Cleanup", Time since last: 26181768200 ns, Reaching safepoint: 268500 ns, At safepoint: 27100 ns, Total: 295600 ns
[2021-04-08T02:57:00.893+0000][49][safepoint   ] Safepoint "Cleanup", Time since last: 30253103600 ns, Reaching safepoint: 244500 ns, At safepoint: 10600 ns, Total: 255100 ns
[2021-04-08T02:57:03.913+0000][49][safepoint   ] Safepoint "Cleanup", Time since last: 3019895000 ns, Reaching safepoint: 169500 ns, At safepoint: 11700 ns, Total: 181200 ns
[2021-04-08T02:57:34.157+0000][49][safepoint   ] Safepoint "Cleanup", Time since last: 30243664000 ns, Reaching safepoint: 150400 ns, At safepoint: 25100 ns, Total: 175500 ns
[2021-04-08T02:58:04.385+0000][49][safepoint   ] Safepoint "Cleanup", Time since last: 30227471500 ns, Reaching safepoint: 168900 ns, At safepoint: 13600 ns, Total: 182500 ns
[2021-04-08T02:58:28.547+0000][49][safepoint   ] Safepoint "Cleanup", Time since last: 24162039400 ns, Reaching safepoint: 300200 ns, At safepoint: 11700 ns, Total: 311900 ns
[2021-04-08T03:03:00.635+0000][49][safepoint   ] Safepoint "Cleanup", Time since last: 272087997600 ns, Reaching safepoint: 279600 ns, At safepoint: 11100 ns, Total: 290700 ns
[2021-04-08T03:03:04.664+0000][49][safepoint   ] Safepoint "Cleanup", Time since last: 4028671200 ns, Reaching safepoint: 273400 ns, At safepoint: 10000 ns, Total: 283400 ns
[2021-04-08T03:03:53.000+0000][49][safepoint   ] Safepoint "Cleanup", Time since last: 48335334800 ns, Reaching safepoint: 193200 ns, At safepoint: 12400 ns, Total: 205600 ns
[2021-04-08T03:04:23.240+0000][49][safepoint   ] Safepoint "Cleanup", Time since last: 30240531300 ns, Reaching safepoint: 189800 ns, At safepoint: 23900 ns, Total: 213700 ns
[2021-04-08T03:05:29.743+0000][49][safepoint   ] Safepoint "Cleanup", Time since last: 66502200800 ns, Reaching safepoint: 118600 ns, At safepoint: 12500 ns, Total: 131100 ns
[2021-04-08T03:08:00.828+0000][49][safepoint   ] Safepoint "Cleanup", Time since last: 151085188600 ns, Reaching safepoint: 293400 ns, At safepoint: 10700 ns, Total: 304100 ns
[2021-04-08T03:10:15.254+0000][49][gc,start    ] GC(13) Pause Young (Normal) (G1 Evacuation Pause)
[2021-04-08T03:10:15.254+0000][49][gc,task     ] GC(13) Using 8 workers of 8 for evacuation
[2021-04-08T03:10:15.254+0000][49][gc,age      ] GC(13) Desired survivor size 320864256 bytes, new threshold 15 (max threshold 15)
[2021-04-08T03:10:15.275+0000][49][gc,age      ] GC(13) Age table with threshold 15 (max threshold 15)
[2021-04-08T03:10:15.275+0000][49][gc,age      ] GC(13) - age   1:      52560 bytes,      52560 total
[2021-04-08T03:10:15.275+0000][49][gc,age      ] GC(13) - age   2:      32256 bytes,      84816 total
[2021-04-08T03:10:15.275+0000][49][gc,age      ] GC(13) - age   3:    1315984 bytes,    1400800 total
[2021-04-08T03:10:15.275+0000][49][gc,age      ] GC(13) - age   4:   18664968 bytes,   20065768 total
[2021-04-08T03:10:15.275+0000][49][gc,age      ] GC(13) - age   5:    9288080 bytes,   29353848 total
[2021-04-08T03:10:15.275+0000][49][gc,phases   ] GC(13)   Pre Evacuate Collection Set: 0.3ms
[2021-04-08T03:10:15.275+0000][49][gc,phases   ] GC(13)   Merge Heap Roots: 0.2ms
[2021-04-08T03:10:15.275+0000][49][gc,phases   ] GC(13)   Evacuate Collection Set: 13.9ms
[2021-04-08T03:10:15.275+0000][49][gc,phases   ] GC(13)   Post Evacuate Collection Set: 6.7ms
[2021-04-08T03:10:15.275+0000][49][gc,phases   ] GC(13)   Other: 0.7ms
[2021-04-08T03:10:15.275+0000][49][gc,heap     ] GC(13) Eden regions: 1210->0(1210)
[2021-04-08T03:10:15.275+0000][49][gc,heap     ] GC(13) Survivor regions: 8->8(153)
[2021-04-08T03:10:15.275+0000][49][gc,heap     ] GC(13) Old regions: 14->14
[2021-04-08T03:10:15.275+0000][49][gc,heap     ] GC(13) Archive regions: 2->2
[2021-04-08T03:10:15.275+0000][49][gc,heap     ] GC(13) Humongous regions: 2->2
[2021-04-08T03:10:15.275+0000][49][gc,metaspace] GC(13) Metaspace: 98347K(102180K)->98347K(102180K) NonClass: 85003K(87512K)->85003K(87512K) Class: 13344K(14668K)->13344K(14668K)
[2021-04-08T03:10:15.276+0000][49][gc          ] GC(13) Pause Young (Normal) (G1 Evacuation Pause) 4938M->97M(8124M) 21.944ms
[2021-04-08T03:10:15.276+0000][49][gc,cpu      ] GC(13) User=0.11s Sys=0.02s Real=0.02s
[2021-04-08T03:10:15.276+0000][49][safepoint   ] Safepoint "G1CollectForAllocation", Time since last: 134425092200 ns, Reaching safepoint: 173600 ns, At safepoint: 22105100 ns, Total: 22278700 ns
[2021-04-08T03:11:00.653+0000][49][safepoint   ] Safepoint "Cleanup", Time since last: 45377269400 ns, Reaching safepoint: 176600 ns, At safepoint: 26300 ns, Total: 202900 ns
[2021-04-08T03:12:13.160+0000][49][safepoint   ] Safepoint "Cleanup", Time since last: 72506388500 ns, Reaching safepoint: 150400 ns, At safepoint: 17300 ns, Total: 167700 ns
[2021-04-08T03:12:34.341+0000][49][safepoint   ] Safepoint "Cleanup", Time since last: 21181358200 ns, Reaching safepoint: 158800 ns, At safepoint: 26600 ns, Total: 185400 ns
[2021-04-08T03:16:31.171+0000][49][safepoint   ] Safepoint "Cleanup", Time since last: 236829225800 ns, Reaching safepoint: 322100 ns, At safepoint: 11700 ns, Total: 333800 ns
[2021-04-08T03:16:34.020+0000][49][gc,start    ] GC(14) Pause Young (Concurrent Start) (Metadata GC Threshold)
[2021-04-08T03:16:34.020+0000][49][gc,task     ] GC(14) Using 8 workers of 8 for evacuation
[2021-04-08T03:16:34.020+0000][49][gc,age      ] GC(14) Desired survivor size 320864256 bytes, new threshold 15 (max threshold 15)
[2021-04-08T03:16:34.034+0000][49][gc,age      ] GC(14) Age table with threshold 15 (max threshold 15)
[2021-04-08T03:16:34.034+0000][49][gc,age      ] GC(14) - age   1:       9168 bytes,       9168 total
[2021-04-08T03:16:34.034+0000][49][gc,age      ] GC(14) - age   2:      42584 bytes,      51752 total
[2021-04-08T03:16:34.034+0000][49][gc,age      ] GC(14) - age   3:      32256 bytes,      84008 total
[2021-04-08T03:16:34.034+0000][49][gc,age      ] GC(14) - age   4:    1315984 bytes,    1399992 total
[2021-04-08T03:16:34.034+0000][49][gc,age      ] GC(14) - age   5:   18664968 bytes,   20064960 total
[2021-04-08T03:16:34.034+0000][49][gc,age      ] GC(14) - age   6:    9288080 bytes,   29353040 total
[2021-04-08T03:16:34.034+0000][49][gc,phases   ] GC(14)   Pre Evacuate Collection Set: 0.2ms
[2021-04-08T03:16:34.034+0000][49][gc,phases   ] GC(14)   Merge Heap Roots: 0.2ms
[2021-04-08T03:16:34.034+0000][49][gc,phases   ] GC(14)   Evacuate Collection Set: 11.2ms
[2021-04-08T03:16:34.034+0000][49][gc,phases   ] GC(14)   Post Evacuate Collection Set: 1.8ms
[2021-04-08T03:16:34.034+0000][49][gc,phases   ] GC(14)   Other: 0.5ms
[2021-04-08T03:16:34.034+0000][49][gc,heap     ] GC(14) Eden regions: 126->0(1210)
[2021-04-08T03:16:34.034+0000][49][gc,heap     ] GC(14) Survivor regions: 8->8(153)
[2021-04-08T03:16:34.034+0000][49][gc,heap     ] GC(14) Old regions: 14->14
[2021-04-08T03:16:34.034+0000][49][gc,heap     ] GC(14) Archive regions: 2->2
[2021-04-08T03:16:34.034+0000][49][gc,heap     ] GC(14) Humongous regions: 2->2
[2021-04-08T03:16:34.034+0000][49][gc,metaspace] GC(14) Metaspace: 98374K(102180K)->98374K(102180K) NonClass: 85030K(87512K)->85030K(87512K) Class: 13344K(14668K)->13344K(14668K)
[2021-04-08T03:16:34.035+0000][49][gc          ] GC(14) Pause Young (Concurrent Start) (Metadata GC Threshold) 599M->97M(8124M) 14.110ms
[2021-04-08T03:16:34.035+0000][49][gc,cpu      ] GC(14) User=0.00s Sys=0.00s Real=0.01s
[2021-04-08T03:16:34.035+0000][49][gc          ] GC(15) Concurrent Cycle
[2021-04-08T03:16:34.035+0000][49][gc,marking  ] GC(15) Concurrent Clear Claimed Marks
[2021-04-08T03:16:34.035+0000][49][gc,marking  ] GC(15) Concurrent Clear Claimed Marks 0.088ms
[2021-04-08T03:16:34.035+0000][49][gc,marking  ] GC(15) Concurrent Scan Root Regions
[2021-04-08T03:16:34.035+0000][49][safepoint   ] Safepoint "CollectForMetadataAllocation", Time since last: 2849251300 ns, Reaching safepoint: 370200 ns, At safepoint: 14672900 ns, Total: 15043100 ns
[2021-04-08T03:16:34.042+0000][49][gc,marking  ] GC(15) Concurrent Scan Root Regions 7.630ms
[2021-04-08T03:16:34.042+0000][49][gc,marking  ] GC(15) Concurrent Mark (7022.401s)
[2021-04-08T03:16:34.042+0000][49][gc,marking  ] GC(15) Concurrent Mark From Roots
[2021-04-08T03:16:34.042+0000][49][gc,task     ] GC(15) Using 2 workers of 2 for marking
[2021-04-08T03:16:34.084+0000][49][gc,marking  ] GC(15) Concurrent Mark From Roots 41.180ms
[2021-04-08T03:16:34.084+0000][49][gc,marking  ] GC(15) Concurrent Preclean
[2021-04-08T03:16:34.084+0000][49][gc,marking  ] GC(15) Concurrent Preclean 0.310ms
[2021-04-08T03:16:34.084+0000][49][gc,marking  ] GC(15) Concurrent Mark (7022.401s, 7022.443s) 41.577ms
[2021-04-08T03:16:34.084+0000][49][gc,start    ] GC(15) Pause Remark
[2021-04-08T03:16:34.087+0000][49][gc          ] GC(15) Pause Remark 100M->100M(8124M) 2.923ms
[2021-04-08T03:16:34.087+0000][49][gc,cpu      ] GC(15) User=0.00s Sys=0.00s Real=0.01s
[2021-04-08T03:16:34.087+0000][49][safepoint   ] Safepoint "G1Concurrent", Time since last: 49108800 ns, Reaching safepoint: 222000 ns, At safepoint: 3041600 ns, Total: 3263600 ns
[2021-04-08T03:16:34.087+0000][49][gc,marking  ] GC(15) Concurrent Rebuild Remembered Sets
[2021-04-08T03:16:34.116+0000][49][gc,marking  ] GC(15) Concurrent Rebuild Remembered Sets 28.521ms
[2021-04-08T03:16:34.117+0000][49][gc,start    ] GC(15) Pause Cleanup
[2021-04-08T03:16:34.117+0000][49][gc          ] GC(15) Pause Cleanup 100M->100M(8124M) 0.259ms
[2021-04-08T03:16:34.117+0000][49][gc,cpu      ] GC(15) User=0.00s Sys=0.00s Real=0.00s
[2021-04-08T03:16:34.117+0000][49][safepoint   ] Safepoint "G1Concurrent", Time since last: 28715100 ns, Reaching safepoint: 520400 ns, At safepoint: 371200 ns, Total: 891600 ns
[2021-04-08T03:16:34.117+0000][49][gc,marking  ] GC(15) Concurrent Cleanup for Next Mark
[2021-04-08T03:16:34.149+0000][49][gc,marking  ] GC(15) Concurrent Cleanup for Next Mark 31.992ms
[2021-04-08T03:16:34.149+0000][49][gc          ] GC(15) Concurrent Cycle 114.499ms
[2021-04-08T03:17:01.322+0000][49][safepoint   ] Safepoint "Cleanup", Time since last: 27204885700 ns, Reaching safepoint: 168900 ns, At safepoint: 23200 ns, Total: 192100 ns
[2021-04-08T03:19:50.594+0000][49][safepoint   ] Safepoint "Cleanup", Time since last: 169272116400 ns, Reaching safepoint: 251600 ns, At safepoint: 12700 ns, Total: 264300 ns
[2021-04-08T03:20:30.896+0000][49][safepoint   ] Safepoint "Cleanup", Time since last: 40301004600 ns, Reaching safepoint: 167000 ns, At safepoint: 13000 ns, Total: 180000 ns
[2021-04-08T03:21:31.380+0000][49][safepoint   ] Safepoint "Cleanup", Time since last: 60483875000 ns, Reaching safepoint: 155400 ns, At safepoint: 18900 ns, Total: 174300 ns
[2021-04-08T03:21:34.397+0000][49][safepoint   ] Safepoint "Cleanup", Time since last: 3017241100 ns, Reaching safepoint: 165100 ns, At safepoint: 23700 ns, Total: 188800 ns
[2021-04-08T03:23:01.084+0000][49][safepoint   ] Safepoint "Cleanup", Time since last: 86686097800 ns, Reaching safepoint: 265000 ns, At safepoint: 12100 ns, Total: 277100 ns
[2021-04-08T03:23:34.361+0000][49][safepoint   ] Safepoint "Cleanup", Time since last: 33277035900 ns, Reaching safepoint: 268500 ns, At safepoint: 11300 ns, Total: 279800 ns
[2021-04-08T03:24:00.578+0000][49][safepoint   ] Safepoint "Cleanup", Time since last: 26216596000 ns, Reaching safepoint: 393600 ns, At safepoint: 31500 ns, Total: 425100 ns
[2021-04-08T03:24:04.605+0000][49][safepoint   ] Safepoint "Cleanup", Time since last: 4026739700 ns, Reaching safepoint: 173200 ns, At safepoint: 13800 ns, Total: 187000 ns
[2021-04-08T03:24:30.842+0000][49][safepoint   ] Safepoint "Cleanup", Time since last: 26236787900 ns, Reaching safepoint: 145700 ns, At safepoint: 13600 ns, Total: 159300 ns
[2021-04-08T03:25:34.328+0000][49][safepoint   ] Safepoint "Cleanup", Time since last: 63485588500 ns, Reaching safepoint: 176400 ns, At safepoint: 37300 ns, Total: 213700 ns
[2021-04-08T03:27:31.223+0000][49][safepoint   ] Safepoint "Cleanup", Time since last: 116895421300 ns, Reaching safepoint: 166900 ns, At safepoint: 12500 ns, Total: 179400 ns
[2021-04-08T03:28:04.471+0000][49][safepoint   ] Safepoint "Cleanup", Time since last: 33247564500 ns, Reaching safepoint: 237000 ns, At safepoint: 10500 ns, Total: 247500 ns
[2021-04-08T03:28:30.735+0000][49][safepoint   ] Safepoint "Cleanup", Time since last: 26263971000 ns, Reaching safepoint: 116000 ns, At safepoint: 10300 ns, Total: 126300 ns
[2021-04-08T03:29:04.996+0000][49][safepoint   ] Safepoint "Cleanup", Time since last: 34260273300 ns, Reaching safepoint: 459500 ns, At safepoint: 10600 ns, Total: 470100 ns
[2021-04-08T03:33:00.702+0000][49][safepoint   ] Safepoint "Cleanup", Time since last: 235705824300 ns, Reaching safepoint: 418400 ns, At safepoint: 24200 ns, Total: 442600 ns
[2021-04-08T03:33:24.898+0000][49][safepoint   ] Safepoint "Cleanup", Time since last: 24195291500 ns, Reaching safepoint: 392500 ns, At safepoint: 12700 ns, Total: 405200 ns
[2021-04-08T03:33:30.935+0000][49][safepoint   ] Safepoint "Cleanup", Time since last: 6036704300 ns, Reaching safepoint: 329200 ns, At safepoint: 11900 ns, Total: 341100 ns
[2021-04-08T03:35:29.870+0000][49][safepoint   ] Safepoint "Cleanup", Time since last: 118935548800 ns, Reaching safepoint: 154400 ns, At safepoint: 12900 ns, Total: 167300 ns
[2021-04-08T03:46:47.185+0000][49][safepoint   ] Safepoint "Cleanup", Time since last: 677314248900 ns, Reaching safepoint: 277400 ns, At safepoint: 13100 ns, Total: 290500 ns
[2021-04-08T03:47:32.555+0000][49][safepoint   ] Safepoint "Cleanup", Time since last: 45369471300 ns, Reaching safepoint: 119300 ns, At safepoint: 11000 ns, Total: 130300 ns
[2021-04-08T03:49:52.709+0000][49][safepoint   ] Safepoint "Cleanup", Time since last: 140153873500 ns, Reaching safepoint: 173500 ns, At safepoint: 14700 ns, Total: 188200 ns
[2021-04-08T03:50:01.776+0000][49][safepoint   ] Safepoint "Cleanup", Time since last: 9066652600 ns, Reaching safepoint: 180400 ns, At safepoint: 27700 ns, Total: 208100 ns
[2021-04-08T03:50:07.821+0000][49][safepoint   ] Safepoint "Cleanup", Time since last: 6044818300 ns, Reaching safepoint: 253500 ns, At safepoint: 30500 ns, Total: 284000 ns
[2021-04-08T03:58:23.783+0000][49][safepoint   ] Safepoint "Cleanup", Time since last: 495962170500 ns, Reaching safepoint: 142600 ns, At safepoint: 8100 ns, Total: 150700 ns
[2021-04-08T03:58:34.861+0000][49][safepoint   ] Safepoint "Cleanup", Time since last: 11077933400 ns, Reaching safepoint: 246000 ns, At safepoint: 11600 ns, Total: 257600 ns
[2021-04-08T04:01:35.231+0000][49][safepoint   ] Safepoint "Cleanup", Time since last: 180370172800 ns, Reaching safepoint: 114600 ns, At safepoint: 25800 ns, Total: 140400 ns
[2021-04-08T04:14:31.189+0000][49][safepoint   ] Safepoint "Cleanup", Time since last: 775957559400 ns, Reaching safepoint: 282400 ns, At safepoint: 12100 ns, Total: 294500 ns
[2021-04-08T04:18:05.725+0000][49][safepoint   ] Safepoint "Cleanup", Time since last: 214535573300 ns, Reaching safepoint: 218000 ns, At safepoint: 10000 ns, Total: 228000 ns
[2021-04-08T04:18:06.731+0000][49][safepoint   ] Safepoint "Cleanup", Time since last: 1005881800 ns, Reaching safepoint: 291000 ns, At safepoint: 10900 ns, Total: 301900 ns
[2021-04-08T04:18:11.769+0000][49][safepoint   ] Safepoint "Cleanup", Time since last: 5036976100 ns, Reaching safepoint: 279000 ns, At safepoint: 9700 ns, Total: 288700 ns
[2021-04-08T04:18:35.985+0000][49][safepoint   ] Safepoint "Cleanup", Time since last: 24215761700 ns, Reaching safepoint: 174400 ns, At safepoint: 25000 ns, Total: 199400 ns
[2021-04-08T04:19:05.214+0000][49][safepoint   ] Safepoint "Cleanup", Time since last: 29229101300 ns, Reaching safepoint: 289600 ns, At safepoint: 23800 ns, Total: 313400 ns
[2021-04-08T04:21:11.861+0000][49][gc,start    ] GC(16) Pause Young (Normal) (G1 Evacuation Pause)
[2021-04-08T04:21:11.861+0000][49][gc,task     ] GC(16) Using 8 workers of 8 for evacuation
[2021-04-08T04:21:11.861+0000][49][gc,age      ] GC(16) Desired survivor size 320864256 bytes, new threshold 15 (max threshold 15)
[2021-04-08T04:21:11.882+0000][49][gc,age      ] GC(16) Age table with threshold 15 (max threshold 15)
[2021-04-08T04:21:11.882+0000][49][gc,age      ] GC(16) - age   1:      29832 bytes,      29832 total
[2021-04-08T04:21:11.882+0000][49][gc,age      ] GC(16) - age   2:        856 bytes,      30688 total
[2021-04-08T04:21:11.882+0000][49][gc,age      ] GC(16) - age   3:      40416 bytes,      71104 total
[2021-04-08T04:21:11.882+0000][49][gc,age      ] GC(16) - age   4:      32000 bytes,     103104 total
[2021-04-08T04:21:11.882+0000][49][gc,age      ] GC(16) - age   5:    1315984 bytes,    1419088 total
[2021-04-08T04:21:11.882+0000][49][gc,age      ] GC(16) - age   6:   18664440 bytes,   20083528 total
[2021-04-08T04:21:11.882+0000][49][gc,age      ] GC(16) - age   7:    9288080 bytes,   29371608 total
[2021-04-08T04:21:11.882+0000][49][gc,phases   ] GC(16)   Pre Evacuate Collection Set: 0.2ms
[2021-04-08T04:21:11.882+0000][49][gc,phases   ] GC(16)   Merge Heap Roots: 0.2ms
[2021-04-08T04:21:11.882+0000][49][gc,phases   ] GC(16)   Evacuate Collection Set: 12.9ms
[2021-04-08T04:21:11.882+0000][49][gc,phases   ] GC(16)   Post Evacuate Collection Set: 6.9ms
[2021-04-08T04:21:11.882+0000][49][gc,phases   ] GC(16)   Other: 0.4ms
[2021-04-08T04:21:11.882+0000][49][gc,heap     ] GC(16) Eden regions: 1210->0(1210)
[2021-04-08T04:21:11.882+0000][49][gc,heap     ] GC(16) Survivor regions: 8->8(153)
[2021-04-08T04:21:11.882+0000][49][gc,heap     ] GC(16) Old regions: 14->14
[2021-04-08T04:21:11.882+0000][49][gc,heap     ] GC(16) Archive regions: 2->2
[2021-04-08T04:21:11.882+0000][49][gc,heap     ] GC(16) Humongous regions: 2->2
[2021-04-08T04:21:11.882+0000][49][gc,metaspace] GC(16) Metaspace: 98460K(102436K)->98460K(102436K) NonClass: 85115K(87768K)->85115K(87768K) Class: 13344K(14668K)->13344K(14668K)
[2021-04-08T04:21:11.882+0000][49][gc          ] GC(16) Pause Young (Normal) (G1 Evacuation Pause) 4937M->96M(8124M) 20.717ms
[2021-04-08T04:21:11.882+0000][49][gc,cpu      ] GC(16) User=0.02s Sys=0.10s Real=0.02s
[2021-04-08T04:21:11.882+0000][49][safepoint   ] Safepoint "G1CollectForAllocation", Time since last: 126646828500 ns, Reaching safepoint: 361200 ns, At safepoint: 20850100 ns, Total: 21211300 ns
[2021-04-08T04:22:22.440+0000][49][safepoint   ] Safepoint "Cleanup", Time since last: 70557945500 ns, Reaching safepoint: 253300 ns, At safepoint: 44400 ns, Total: 297700 ns
[2021-04-08T04:22:35.536+0000][49][safepoint   ] Safepoint "Cleanup", Time since last: 13095894100 ns, Reaching safepoint: 339300 ns, At safepoint: 12400 ns, Total: 351700 ns
[2021-04-08T04:24:31.407+0000][49][safepoint   ] Safepoint "Cleanup", Time since last: 115870672300 ns, Reaching safepoint: 144500 ns, At safepoint: 15900 ns, Total: 160400 ns
[2021-04-08T04:29:13.588+0000][49][safepoint   ] Safepoint "Cleanup", Time since last: 282180151600 ns, Reaching safepoint: 168000 ns, At safepoint: 8100 ns, Total: 176100 ns
[2021-04-08T04:31:31.582+0000][49][safepoint   ] Safepoint "Cleanup", Time since last: 137994599700 ns, Reaching safepoint: 138100 ns, At safepoint: 12600 ns, Total: 150700 ns
[2021-04-08T04:32:05.873+0000][49][safepoint   ] Safepoint "Cleanup", Time since last: 34290040800 ns, Reaching safepoint: 135600 ns, At safepoint: 28200 ns, Total: 163800 ns
[2021-04-08T04:32:32.064+0000][49][safepoint   ] Safepoint "Cleanup", Time since last: 26191089400 ns, Reaching safepoint: 305000 ns, At safepoint: 12400 ns, Total: 317400 ns
[2021-04-08T04:33:01.318+0000][49][safepoint   ] Safepoint "Cleanup", Time since last: 29253727500 ns, Reaching safepoint: 157600 ns, At safepoint: 24800 ns, Total: 182400 ns
[2021-04-08T04:35:29.461+0000][49][safepoint   ] Safepoint "Cleanup", Time since last: 148141609700 ns, Reaching safepoint: 1053500 ns, At safepoint: 13600 ns, Total: 1067100 ns
[2021-04-08T04:38:31.828+0000][49][safepoint   ] Safepoint "Cleanup", Time since last: 182367017900 ns, Reaching safepoint: 212400 ns, At safepoint: 10100 ns, Total: 222500 ns
[2021-04-08T04:45:23.965+0000][49][safepoint   ] Safepoint "Cleanup", Time since last: 412137087300 ns, Reaching safepoint: 262700 ns, At safepoint: 11300 ns, Total: 274000 ns
[2021-04-08T05:00:00.646+0000][49][safepoint   ] Safepoint "Cleanup", Time since last: 876680380300 ns, Reaching safepoint: 252300 ns, At safepoint: 11200 ns, Total: 263500 ns
[2021-04-08T05:04:02.520+0000][49][safepoint   ] Safepoint "Cleanup", Time since last: 241873954400 ns, Reaching safepoint: 246800 ns, At safepoint: 11300 ns, Total: 258100 ns
[2021-04-08T05:25:06.886+0000][49][safepoint   ] Safepoint "Cleanup", Time since last: 1264366109400 ns, Reaching safepoint: 288000 ns, At safepoint: 10300 ns, Total: 298300 ns
[2021-04-08T05:25:57.642+0000][49][gc,start    ] GC(17) Pause Young (Normal) (G1 Evacuation Pause)
[2021-04-08T05:25:57.642+0000][49][gc,task     ] GC(17) Using 8 workers of 8 for evacuation
[2021-04-08T05:25:57.642+0000][49][gc,age      ] GC(17) Desired survivor size 320864256 bytes, new threshold 15 (max threshold 15)
[2021-04-08T05:25:57.661+0000][49][gc,age      ] GC(17) Age table with threshold 15 (max threshold 15)
[2021-04-08T05:25:57.661+0000][49][gc,age      ] GC(17) - age   1:      17536 bytes,      17536 total
[2021-04-08T05:25:57.661+0000][49][gc,age      ] GC(17) - age   2:      17720 bytes,      35256 total
[2021-04-08T05:25:57.661+0000][49][gc,age      ] GC(17) - age   3:        856 bytes,      36112 total
[2021-04-08T05:25:57.661+0000][49][gc,age      ] GC(17) - age   4:      40416 bytes,      76528 total
[2021-04-08T05:25:57.661+0000][49][gc,age      ] GC(17) - age   5:      31352 bytes,     107880 total
[2021-04-08T05:25:57.661+0000][49][gc,age      ] GC(17) - age   6:    1242176 bytes,    1350056 total
[2021-04-08T05:25:57.661+0000][49][gc,age      ] GC(17) - age   7:   17196184 bytes,   18546240 total
[2021-04-08T05:25:57.661+0000][49][gc,age      ] GC(17) - age   8:    8782264 bytes,   27328504 total
[2021-04-08T05:25:57.661+0000][49][gc,phases   ] GC(17)   Pre Evacuate Collection Set: 0.2ms
[2021-04-08T05:25:57.661+0000][49][gc,phases   ] GC(17)   Merge Heap Roots: 0.2ms
[2021-04-08T05:25:57.661+0000][49][gc,phases   ] GC(17)   Evacuate Collection Set: 11.0ms
[2021-04-08T05:25:57.661+0000][49][gc,phases   ] GC(17)   Post Evacuate Collection Set: 7.2ms
[2021-04-08T05:25:57.661+0000][49][gc,phases   ] GC(17)   Other: 0.4ms
[2021-04-08T05:25:57.661+0000][49][gc,heap     ] GC(17) Eden regions: 1210->0(1211)
[2021-04-08T05:25:57.661+0000][49][gc,heap     ] GC(17) Survivor regions: 8->7(153)
[2021-04-08T05:25:57.661+0000][49][gc,heap     ] GC(17) Old regions: 14->14
[2021-04-08T05:25:57.661+0000][49][gc,heap     ] GC(17) Archive regions: 2->2
[2021-04-08T05:25:57.661+0000][49][gc,heap     ] GC(17) Humongous regions: 2->2
[2021-04-08T05:25:57.661+0000][49][gc,metaspace] GC(17) Metaspace: 98539K(102436K)->98539K(102436K) NonClass: 85192K(87768K)->85192K(87768K) Class: 13346K(14668K)->13346K(14668K)
[2021-04-08T05:25:57.661+0000][49][gc          ] GC(17) Pause Young (Normal) (G1 Evacuation Pause) 4936M->94M(8124M) 19.190ms
[2021-04-08T05:25:57.661+0000][49][gc,cpu      ] GC(17) User=0.00s Sys=0.13s Real=0.02s
[2021-04-08T05:25:57.661+0000][49][safepoint   ] Safepoint "G1CollectForAllocation", Time since last: 50755000600 ns, Reaching safepoint: 440000 ns, At safepoint: 19306100 ns, Total: 19746100 ns
[2021-04-08T05:26:02.688+0000][49][safepoint   ] Safepoint "Cleanup", Time since last: 5026118000 ns, Reaching safepoint: 249700 ns, At safepoint: 13100 ns, Total: 262800 ns
[2021-04-08T05:30:00.533+0000][49][safepoint   ] Safepoint "Cleanup", Time since last: 237843754300 ns, Reaching safepoint: 1355600 ns, At safepoint: 14200 ns, Total: 1369800 ns
[2021-04-08T05:30:06.569+0000][49][safepoint   ] Safepoint "Cleanup", Time since last: 6034620100 ns, Reaching safepoint: 1425400 ns, At safepoint: 31600 ns, Total: 1457000 ns
[2021-04-08T05:30:13.623+0000][49][safepoint   ] Safepoint "Cleanup", Time since last: 7054033200 ns, Reaching safepoint: 270000 ns, At safepoint: 24900 ns, Total: 294900 ns
[2021-04-08T05:30:23.695+0000][49][safepoint   ] Safepoint "Cleanup", Time since last: 10071564400 ns, Reaching safepoint: 234600 ns, At safepoint: 26500 ns, Total: 261100 ns
[2021-04-08T05:32:28.639+0000][49][safepoint   ] Safepoint "Cleanup", Time since last: 124942793000 ns, Reaching safepoint: 1156900 ns, At safepoint: 13000 ns, Total: 1169900 ns
[2021-04-08T05:34:00.345+0000][49][safepoint   ] Safepoint "Cleanup", Time since last: 91705044600 ns, Reaching safepoint: 1101600 ns, At safepoint: 14500 ns, Total: 1116100 ns
[2021-04-08T05:35:02.771+0000][49][safepoint   ] Safepoint "Cleanup", Time since last: 62425846000 ns, Reaching safepoint: 177400 ns, At safepoint: 40900 ns, Total: 218300 ns
[2021-04-08T05:35:32.966+0000][49][safepoint   ] Safepoint "Cleanup", Time since last: 30194636000 ns, Reaching safepoint: 187800 ns, At safepoint: 25900 ns, Total: 213700 ns
[2021-04-08T05:36:02.162+0000][49][safepoint   ] Safepoint "Cleanup", Time since last: 29195523600 ns, Reaching safepoint: 380800 ns, At safepoint: 13100 ns, Total: 393900 ns
[2021-04-08T05:36:32.430+0000][49][safepoint   ] Safepoint "Cleanup", Time since last: 30268218200 ns, Reaching safepoint: 164400 ns, At safepoint: 12800 ns, Total: 177200 ns
[2021-04-08T05:37:23.804+0000][49][safepoint   ] Safepoint "Cleanup", Time since last: 51373439800 ns, Reaching safepoint: 142200 ns, At safepoint: 27500 ns, Total: 169700 ns
[2021-04-08T05:45:10.269+0000][49][safepoint   ] Safepoint "Cleanup", Time since last: 466465191100 ns, Reaching safepoint: 135900 ns, At safepoint: 28300 ns, Total: 164200 ns
[2021-04-08T05:45:32.454+0000][49][safepoint   ] Safepoint "Cleanup", Time since last: 22184137600 ns, Reaching safepoint: 278500 ns, At safepoint: 17800 ns, Total: 296300 ns
[2021-04-08T05:45:37.504+0000][49][safepoint   ] Safepoint "Cleanup", Time since last: 5048882100 ns, Reaching safepoint: 1395700 ns, At safepoint: 14100 ns, Total: 1409800 ns
[2021-04-08T05:54:03.227+0000][49][safepoint   ] Safepoint "Cleanup", Time since last: 505722834400 ns, Reaching safepoint: 277900 ns, At safepoint: 14400 ns, Total: 292300 ns
[2021-04-08T06:02:31.039+0000][49][safepoint   ] Safepoint "Cleanup", Time since last: 507811079500 ns, Reaching safepoint: 280700 ns, At safepoint: 25600 ns, Total: 306300 ns
[2021-04-08T06:03:16.405+0000][49][safepoint   ] Safepoint "Cleanup", Time since last: 45365127300 ns, Reaching safepoint: 1334600 ns, At safepoint: 13400 ns, Total: 1348000 ns
[2021-04-08T06:20:03.953+0000][49][safepoint   ] Safepoint "Cleanup", Time since last: 1007547389800 ns, Reaching safepoint: 326200 ns, At safepoint: 13200 ns, Total: 339400 ns
[2021-04-08T06:30:43.407+0000][49][gc,start    ] GC(18) Pause Young (Normal) (G1 Evacuation Pause)
[2021-04-08T06:30:43.407+0000][49][gc,task     ] GC(18) Using 8 workers of 8 for evacuation
[2021-04-08T06:30:43.407+0000][49][gc,age      ] GC(18) Desired survivor size 320864256 bytes, new threshold 15 (max threshold 15)
[2021-04-08T06:30:43.425+0000][49][gc,age      ] GC(18) Age table with threshold 15 (max threshold 15)
[2021-04-08T06:30:43.425+0000][49][gc,age      ] GC(18) - age   1:     324520 bytes,     324520 total
[2021-04-08T06:30:43.425+0000][49][gc,age      ] GC(18) - age   2:       5568 bytes,     330088 total
[2021-04-08T06:30:43.425+0000][49][gc,age      ] GC(18) - age   3:      17440 bytes,     347528 total
[2021-04-08T06:30:43.425+0000][49][gc,age      ] GC(18) - age   4:        856 bytes,     348384 total
[2021-04-08T06:30:43.425+0000][49][gc,age      ] GC(18) - age   5:      40416 bytes,     388800 total
[2021-04-08T06:30:43.425+0000][49][gc,age      ] GC(18) - age   6:      31248 bytes,     420048 total
[2021-04-08T06:30:43.425+0000][49][gc,age      ] GC(18) - age   7:    1241920 bytes,    1661968 total
[2021-04-08T06:30:43.425+0000][49][gc,age      ] GC(18) - age   8:   17195240 bytes,   18857208 total
[2021-04-08T06:30:43.425+0000][49][gc,age      ] GC(18) - age   9:    8782016 bytes,   27639224 total
[2021-04-08T06:30:43.425+0000][49][gc,phases   ] GC(18)   Pre Evacuate Collection Set: 0.2ms
[2021-04-08T06:30:43.425+0000][49][gc,phases   ] GC(18)   Merge Heap Roots: 0.2ms
[2021-04-08T06:30:43.425+0000][49][gc,phases   ] GC(18)   Evacuate Collection Set: 11.3ms
[2021-04-08T06:30:43.425+0000][49][gc,phases   ] GC(18)   Post Evacuate Collection Set: 6.6ms
[2021-04-08T06:30:43.426+0000][49][gc,phases   ] GC(18)   Other: 0.5ms
[2021-04-08T06:30:43.426+0000][49][gc,heap     ] GC(18) Eden regions: 1211->0(1210)
[2021-04-08T06:30:43.426+0000][49][gc,heap     ] GC(18) Survivor regions: 7->8(153)
[2021-04-08T06:30:43.426+0000][49][gc,heap     ] GC(18) Old regions: 14->14
[2021-04-08T06:30:43.426+0000][49][gc,heap     ] GC(18) Archive regions: 2->2
[2021-04-08T06:30:43.426+0000][49][gc,heap     ] GC(18) Humongous regions: 2->2
[2021-04-08T06:30:43.426+0000][49][gc,metaspace] GC(18) Metaspace: 99410K(103204K)->99410K(103204K) NonClass: 85950K(88536K)->85950K(88536K) Class: 13459K(14668K)->13459K(14668K)
[2021-04-08T06:30:43.426+0000][49][gc          ] GC(18) Pause Young (Normal) (G1 Evacuation Pause) 4938M->95M(8124M) 18.982ms
[2021-04-08T06:30:43.426+0000][49][gc,cpu      ] GC(18) User=0.02s Sys=0.11s Real=0.01s
[2021-04-08T06:30:43.426+0000][49][safepoint   ] Safepoint "G1CollectForAllocation", Time since last: 639453617800 ns, Reaching safepoint: 243700 ns, At safepoint: 19132000 ns, Total: 19375700 ns
[2021-04-08T06:35:31.529+0000][49][safepoint   ] Safepoint "Cleanup", Time since last: 288101701100 ns, Reaching safepoint: 1205900 ns, At safepoint: 31700 ns, Total: 1237600 ns
[2021-04-08T06:40:03.615+0000][49][safepoint   ] Safepoint "Cleanup", Time since last: 272086281900 ns, Reaching safepoint: 165000 ns, At safepoint: 10500 ns, Total: 175500 ns
[2021-04-08T06:40:33.876+0000][49][safepoint   ] Safepoint "Cleanup", Time since last: 30261101300 ns, Reaching safepoint: 188200 ns, At safepoint: 10200 ns, Total: 198400 ns
[2021-04-08T07:09:09.119+0000][49][safepoint   ] Safepoint "Cleanup", Time since last: 1715242646800 ns, Reaching safepoint: 174300 ns, At safepoint: 25900 ns, Total: 200200 ns
[2021-04-08T07:09:38.343+0000][49][safepoint   ] Safepoint "Cleanup", Time since last: 29223588400 ns, Reaching safepoint: 286500 ns, At safepoint: 10800 ns, Total: 297300 ns
[2021-04-08T07:10:30.739+0000][49][safepoint   ] Safepoint "Cleanup", Time since last: 52395994500 ns, Reaching safepoint: 162500 ns, At safepoint: 11600 ns, Total: 174100 ns
[2021-04-08T07:12:04.487+0000][49][safepoint   ] Safepoint "Cleanup", Time since last: 93747760400 ns, Reaching safepoint: 198200 ns, At safepoint: 10600 ns, Total: 208800 ns
[2021-04-08T07:34:43.868+0000][49][safepoint   ] Safepoint "Cleanup", Time since last: 1359380145500 ns, Reaching safepoint: 282300 ns, At safepoint: 11800 ns, Total: 294100 ns
[2021-04-08T07:35:38.627+0000][49][gc,start    ] GC(19) Pause Young (Normal) (G1 Evacuation Pause)
[2021-04-08T07:35:38.627+0000][49][gc,task     ] GC(19) Using 8 workers of 8 for evacuation
[2021-04-08T07:35:38.627+0000][49][gc,age      ] GC(19) Desired survivor size 320864256 bytes, new threshold 15 (max threshold 15)
[2021-04-08T07:35:38.645+0000][49][gc,age      ] GC(19) Age table with threshold 15 (max threshold 15)
[2021-04-08T07:35:38.645+0000][49][gc,age      ] GC(19) - age   1:      15744 bytes,      15744 total
[2021-04-08T07:35:38.645+0000][49][gc,age      ] GC(19) - age   2:     304640 bytes,     320384 total
[2021-04-08T07:35:38.645+0000][49][gc,age      ] GC(19) - age   3:       5288 bytes,     325672 total
[2021-04-08T07:35:38.645+0000][49][gc,age      ] GC(19) - age   4:       9008 bytes,     334680 total
[2021-04-08T07:35:38.645+0000][49][gc,age      ] GC(19) - age   5:        856 bytes,     335536 total
[2021-04-08T07:35:38.645+0000][49][gc,age      ] GC(19) - age   6:      40416 bytes,     375952 total
[2021-04-08T07:35:38.645+0000][49][gc,age      ] GC(19) - age   7:      31248 bytes,     407200 total
[2021-04-08T07:35:38.645+0000][49][gc,age      ] GC(19) - age   8:    1241920 bytes,    1649120 total
[2021-04-08T07:35:38.645+0000][49][gc,age      ] GC(19) - age   9:   17195240 bytes,   18844360 total
[2021-04-08T07:35:38.645+0000][49][gc,age      ] GC(19) - age  10:    8782016 bytes,   27626376 total
[2021-04-08T07:35:38.645+0000][49][gc,phases   ] GC(19)   Pre Evacuate Collection Set: 0.2ms
[2021-04-08T07:35:38.645+0000][49][gc,phases   ] GC(19)   Merge Heap Roots: 0.2ms
[2021-04-08T07:35:38.645+0000][49][gc,phases   ] GC(19)   Evacuate Collection Set: 10.7ms
[2021-04-08T07:35:38.645+0000][49][gc,phases   ] GC(19)   Post Evacuate Collection Set: 6.7ms
[2021-04-08T07:35:38.645+0000][49][gc,phases   ] GC(19)   Other: 0.4ms
[2021-04-08T07:35:38.645+0000][49][gc,heap     ] GC(19) Eden regions: 1210->0(1210)
[2021-04-08T07:35:38.645+0000][49][gc,heap     ] GC(19) Survivor regions: 8->8(153)
[2021-04-08T07:35:38.645+0000][49][gc,heap     ] GC(19) Old regions: 14->14
[2021-04-08T07:35:38.645+0000][49][gc,heap     ] GC(19) Archive regions: 2->2
[2021-04-08T07:35:38.645+0000][49][gc,heap     ] GC(19) Humongous regions: 2->2
[2021-04-08T07:35:38.645+0000][49][gc,metaspace] GC(19) Metaspace: 99466K(103204K)->99466K(103204K) NonClass: 86007K(88536K)->86007K(88536K) Class: 13459K(14668K)->13459K(14668K)
[2021-04-08T07:35:38.645+0000][49][gc          ] GC(19) Pause Young (Normal) (G1 Evacuation Pause) 4935M->95M(8124M) 18.388ms
[2021-04-08T07:35:38.645+0000][49][gc,cpu      ] GC(19) User=0.03s Sys=0.10s Real=0.01s
[2021-04-08T07:35:38.645+0000][49][safepoint   ] Safepoint "G1CollectForAllocation", Time since last: 54758374600 ns, Reaching safepoint: 513500 ns, At safepoint: 18548500 ns, Total: 19062000 ns
[2021-04-08T07:39:34.542+0000][49][safepoint   ] Safepoint "Cleanup", Time since last: 235896394800 ns, Reaching safepoint: 177100 ns, At safepoint: 25400 ns, Total: 202500 ns
[2021-04-08T07:40:04.786+0000][49][safepoint   ] Safepoint "Cleanup", Time since last: 30244342100 ns, Reaching safepoint: 309300 ns, At safepoint: 33900 ns, Total: 343200 ns
[2021-04-08T07:41:45.487+0000][49][safepoint   ] Safepoint "Cleanup", Time since last: 100700462600 ns, Reaching safepoint: 287800 ns, At safepoint: 24300 ns, Total: 312100 ns
[2021-04-08T07:44:04.598+0000][49][safepoint   ] Safepoint "Cleanup", Time since last: 139110600700 ns, Reaching safepoint: 159200 ns, At safepoint: 12400 ns, Total: 171600 ns
[2021-04-08T07:44:34.857+0000][49][safepoint   ] Safepoint "Cleanup", Time since last: 30258816500 ns, Reaching safepoint: 172600 ns, At safepoint: 23800 ns, Total: 196400 ns
[2021-04-08T07:44:38.898+0000][49][safepoint   ] Safepoint "Cleanup", Time since last: 4040888400 ns, Reaching safepoint: 409400 ns, At safepoint: 24000 ns, Total: 433400 ns
[2021-04-08T07:45:08.152+0000][49][safepoint   ] Safepoint "Cleanup", Time since last: 29253625600 ns, Reaching safepoint: 254300 ns, At safepoint: 10900 ns, Total: 265200 ns
[2021-04-08T07:50:29.743+0000][49][safepoint   ] Safepoint "Cleanup", Time since last: 321591074600 ns, Reaching safepoint: 162000 ns, At safepoint: 12400 ns, Total: 174400 ns
[2021-04-08T08:25:05.211+0000][49][safepoint   ] Safepoint "Cleanup", Time since last: 2075467509200 ns, Reaching safepoint: 179900 ns, At safepoint: 24600 ns, Total: 204500 ns
[2021-04-08T08:30:35.871+0000][49][safepoint   ] Safepoint "Cleanup", Time since last: 330659195200 ns, Reaching safepoint: 391800 ns, At safepoint: 39200 ns, Total: 431000 ns
[2021-04-08T08:35:05.763+0000][49][safepoint   ] Safepoint "Cleanup", Time since last: 269892504900 ns, Reaching safepoint: 210000 ns, At safepoint: 14100 ns, Total: 224100 ns
[2021-04-08T08:36:09.237+0000][49][safepoint   ] Safepoint "Cleanup", Time since last: 63473414900 ns, Reaching safepoint: 221800 ns, At safepoint: 30700 ns, Total: 252500 ns
[2021-04-08T08:40:32.413+0000][49][gc,start    ] GC(20) Pause Young (Normal) (G1 Evacuation Pause)
[2021-04-08T08:40:32.413+0000][49][gc,task     ] GC(20) Using 8 workers of 8 for evacuation
[2021-04-08T08:40:32.413+0000][49][gc,age      ] GC(20) Desired survivor size 320864256 bytes, new threshold 15 (max threshold 15)
[2021-04-08T08:40:32.431+0000][49][gc,age      ] GC(20) Age table with threshold 15 (max threshold 15)
[2021-04-08T08:40:32.432+0000][49][gc,age      ] GC(20) - age   1:      15400 bytes,      15400 total
[2021-04-08T08:40:32.432+0000][49][gc,age      ] GC(20) - age   2:       4008 bytes,      19408 total
[2021-04-08T08:40:32.432+0000][49][gc,age      ] GC(20) - age   3:     304360 bytes,     323768 total
[2021-04-08T08:40:32.432+0000][49][gc,age      ] GC(20) - age   4:       4856 bytes,     328624 total
[2021-04-08T08:40:32.432+0000][49][gc,age      ] GC(20) - age   5:       9008 bytes,     337632 total
[2021-04-08T08:40:32.432+0000][49][gc,age      ] GC(20) - age   6:        856 bytes,     338488 total
[2021-04-08T08:40:32.432+0000][49][gc,age      ] GC(20) - age   7:      40416 bytes,     378904 total
[2021-04-08T08:40:32.432+0000][49][gc,age      ] GC(20) - age   8:      31248 bytes,     410152 total
[2021-04-08T08:40:32.432+0000][49][gc,age      ] GC(20) - age   9:    1241920 bytes,    1652072 total
[2021-04-08T08:40:32.432+0000][49][gc,age      ] GC(20) - age  10:   17195240 bytes,   18847312 total
[2021-04-08T08:40:32.432+0000][49][gc,age      ] GC(20) - age  11:    8782016 bytes,   27629328 total
[2021-04-08T08:40:32.432+0000][49][gc,phases   ] GC(20)   Pre Evacuate Collection Set: 0.2ms
[2021-04-08T08:40:32.432+0000][49][gc,phases   ] GC(20)   Merge Heap Roots: 0.2ms
[2021-04-08T08:40:32.432+0000][49][gc,phases   ] GC(20)   Evacuate Collection Set: 11.5ms
[2021-04-08T08:40:32.432+0000][49][gc,phases   ] GC(20)   Post Evacuate Collection Set: 6.2ms
[2021-04-08T08:40:32.432+0000][49][gc,phases   ] GC(20)   Other: 0.5ms
[2021-04-08T08:40:32.432+0000][49][gc,heap     ] GC(20) Eden regions: 1210->0(1210)
[2021-04-08T08:40:32.432+0000][49][gc,heap     ] GC(20) Survivor regions: 8->8(153)
[2021-04-08T08:40:32.432+0000][49][gc,heap     ] GC(20) Old regions: 14->14
[2021-04-08T08:40:32.432+0000][49][gc,heap     ] GC(20) Archive regions: 2->2
[2021-04-08T08:40:32.432+0000][49][gc,heap     ] GC(20) Humongous regions: 2->2
[2021-04-08T08:40:32.432+0000][49][gc,metaspace] GC(20) Metaspace: 99488K(103204K)->99488K(103204K) NonClass: 86029K(88536K)->86029K(88536K) Class: 13459K(14668K)->13459K(14668K)
[2021-04-08T08:40:32.432+0000][49][gc          ] GC(20) Pause Young (Normal) (G1 Evacuation Pause) 4935M->95M(8124M) 18.750ms
[2021-04-08T08:40:32.432+0000][49][gc,cpu      ] GC(20) User=0.01s Sys=0.00s Real=0.02s
[2021-04-08T08:40:32.432+0000][49][safepoint   ] Safepoint "G1CollectForAllocation", Time since last: 263175661500 ns, Reaching safepoint: 243700 ns, At safepoint: 18906400 ns, Total: 19150100 ns
[2021-04-08T08:41:38.894+0000][49][safepoint   ] Safepoint "Cleanup", Time since last: 66462124200 ns, Reaching safepoint: 166400 ns, At safepoint: 27300 ns, Total: 193700 ns
[2021-04-08T08:47:09.370+0000][49][safepoint   ] Safepoint "Cleanup", Time since last: 330475588900 ns, Reaching safepoint: 245300 ns, At safepoint: 11500 ns, Total: 256800 ns
[2021-04-08T08:47:36.546+0000][49][safepoint   ] Safepoint "Cleanup", Time since last: 27175239100 ns, Reaching safepoint: 198800 ns, At safepoint: 12900 ns, Total: 211700 ns
[2021-04-08T08:48:09.804+0000][49][safepoint   ] Safepoint "Cleanup", Time since last: 33258596400 ns, Reaching safepoint: 185200 ns, At safepoint: 13400 ns, Total: 198600 ns
[2021-04-08T08:48:33.960+0000][49][safepoint   ] Safepoint "Cleanup", Time since last: 24155853700 ns, Reaching safepoint: 148000 ns, At safepoint: 23700 ns, Total: 171700 ns
[2021-04-08T08:48:35.986+0000][49][safepoint   ] Safepoint "Cleanup", Time since last: 2025001000 ns, Reaching safepoint: 137400 ns, At safepoint: 10000 ns, Total: 147400 ns
[2021-04-08T08:48:39.009+0000][49][safepoint   ] Safepoint "Cleanup", Time since last: 3023400100 ns, Reaching safepoint: 129800 ns, At safepoint: 14100 ns, Total: 143900 ns
[2021-04-08T08:49:44.504+0000][49][safepoint   ] Safepoint "Cleanup", Time since last: 65494664600 ns, Reaching safepoint: 239500 ns, At safepoint: 11600 ns, Total: 251100 ns
[2021-04-08T08:58:39.726+0000][49][safepoint   ] Safepoint "Cleanup", Time since last: 535220843400 ns, Reaching safepoint: 734900 ns, At safepoint: 11300 ns, Total: 746200 ns
[2021-04-08T08:59:05.981+0000][49][safepoint   ] Safepoint "Cleanup", Time since last: 26254410200 ns, Reaching safepoint: 1129500 ns, At safepoint: 14100 ns, Total: 1143600 ns
[2021-04-08T09:00:16.567+0000][49][safepoint   ] Safepoint "Cleanup", Time since last: 70585082900 ns, Reaching safepoint: 259700 ns, At safepoint: 13500 ns, Total: 273200 ns
[2021-04-08T09:00:26.644+0000][49][safepoint   ] Safepoint "Cleanup", Time since last: 10076329500 ns, Reaching safepoint: 1035100 ns, At safepoint: 25500 ns, Total: 1060600 ns
[2021-04-08T09:03:39.135+0000][49][safepoint   ] Safepoint "Cleanup", Time since last: 192489466500 ns, Reaching safepoint: 1320500 ns, At safepoint: 29500 ns, Total: 1350000 ns
[2021-04-08T09:45:32.643+0000][49][gc,start    ] GC(21) Pause Young (Normal) (G1 Evacuation Pause)
[2021-04-08T09:45:32.643+0000][49][gc,task     ] GC(21) Using 8 workers of 8 for evacuation
[2021-04-08T09:45:32.643+0000][49][gc,age      ] GC(21) Desired survivor size 320864256 bytes, new threshold 15 (max threshold 15)
[2021-04-08T09:45:32.661+0000][49][gc,age      ] GC(21) Age table with threshold 15 (max threshold 15)
[2021-04-08T09:45:32.661+0000][49][gc,age      ] GC(21) - age   1:      31952 bytes,      31952 total
[2021-04-08T09:45:32.661+0000][49][gc,age      ] GC(21) - age   2:       3480 bytes,      35432 total
[2021-04-08T09:45:32.661+0000][49][gc,age      ] GC(21) - age   3:       3728 bytes,      39160 total
[2021-04-08T09:45:32.661+0000][49][gc,age      ] GC(21) - age   4:     287208 bytes,     326368 total
[2021-04-08T09:45:32.661+0000][49][gc,age      ] GC(21) - age   5:       4856 bytes,     331224 total
[2021-04-08T09:45:32.661+0000][49][gc,age      ] GC(21) - age   6:       9008 bytes,     340232 total
[2021-04-08T09:45:32.661+0000][49][gc,age      ] GC(21) - age   7:        856 bytes,     341088 total
[2021-04-08T09:45:32.661+0000][49][gc,age      ] GC(21) - age   8:      40416 bytes,     381504 total
[2021-04-08T09:45:32.661+0000][49][gc,age      ] GC(21) - age   9:      31248 bytes,     412752 total
[2021-04-08T09:45:32.661+0000][49][gc,age      ] GC(21) - age  10:    1241920 bytes,    1654672 total
[2021-04-08T09:45:32.661+0000][49][gc,age      ] GC(21) - age  11:   17195240 bytes,   18849912 total
[2021-04-08T09:45:32.661+0000][49][gc,age      ] GC(21) - age  12:    8782016 bytes,   27631928 total
[2021-04-08T09:45:32.661+0000][49][gc,phases   ] GC(21)   Pre Evacuate Collection Set: 0.3ms
[2021-04-08T09:45:32.661+0000][49][gc,phases   ] GC(21)   Merge Heap Roots: 0.2ms
[2021-04-08T09:45:32.661+0000][49][gc,phases   ] GC(21)   Evacuate Collection Set: 10.8ms
[2021-04-08T09:45:32.661+0000][49][gc,phases   ] GC(21)   Post Evacuate Collection Set: 5.9ms
[2021-04-08T09:45:32.661+0000][49][gc,phases   ] GC(21)   Other: 0.5ms
[2021-04-08T09:45:32.661+0000][49][gc,heap     ] GC(21) Eden regions: 1210->0(1210)
[2021-04-08T09:45:32.661+0000][49][gc,heap     ] GC(21) Survivor regions: 8->8(153)
[2021-04-08T09:45:32.661+0000][49][gc,heap     ] GC(21) Old regions: 14->14
[2021-04-08T09:45:32.661+0000][49][gc,heap     ] GC(21) Archive regions: 2->2
[2021-04-08T09:45:32.661+0000][49][gc,heap     ] GC(21) Humongous regions: 2->2
[2021-04-08T09:45:32.661+0000][49][gc,metaspace] GC(21) Metaspace: 99508K(103204K)->99508K(103204K) NonClass: 86048K(88536K)->86048K(88536K) Class: 13459K(14668K)->13459K(14668K)
[2021-04-08T09:45:32.661+0000][49][gc          ] GC(21) Pause Young (Normal) (G1 Evacuation Pause) 4935M->95M(8124M) 17.865ms
[2021-04-08T09:45:32.661+0000][49][gc,cpu      ] GC(21) User=0.03s Sys=0.10s Real=0.02s
[2021-04-08T09:45:32.661+0000][49][safepoint   ] Safepoint "G1CollectForAllocation", Time since last: 2513507976900 ns, Reaching safepoint: 277500 ns, At safepoint: 18011600 ns, Total: 18289100 ns
[2021-04-08T09:58:07.205+0000][49][safepoint   ] Safepoint "Cleanup", Time since last: 754543434900 ns, Reaching safepoint: 202700 ns, At safepoint: 10800 ns, Total: 213500 ns
[2021-04-08T10:16:13.258+0000][49][safepoint   ] Safepoint "Cleanup", Time since last: 1086053013100 ns, Reaching safepoint: 186900 ns, At safepoint: 9900 ns, Total: 196800 ns
[2021-04-08T10:16:37.470+0000][49][safepoint   ] Safepoint "Cleanup", Time since last: 24212004500 ns, Reaching safepoint: 126500 ns, At safepoint: 11000 ns, Total: 137500 ns
[2021-04-08T10:17:07.696+0000][49][safepoint   ] Safepoint "Cleanup", Time since last: 30226050400 ns, Reaching safepoint: 206600 ns, At safepoint: 11400 ns, Total: 218000 ns
[2021-04-08T10:18:10.168+0000][49][safepoint   ] Safepoint "Cleanup", Time since last: 62471436600 ns, Reaching safepoint: 185100 ns, At safepoint: 24000 ns, Total: 209100 ns
[2021-04-08T10:50:32.645+0000][49][gc,start    ] GC(22) Pause Young (Normal) (G1 Evacuation Pause)
[2021-04-08T10:50:32.645+0000][49][gc,task     ] GC(22) Using 8 workers of 8 for evacuation
[2021-04-08T10:50:32.645+0000][49][gc,age      ] GC(22) Desired survivor size 320864256 bytes, new threshold 15 (max threshold 15)
[2021-04-08T10:50:32.662+0000][49][gc,age      ] GC(22) Age table with threshold 15 (max threshold 15)
[2021-04-08T10:50:32.662+0000][49][gc,age      ] GC(22) - age   1:      22296 bytes,      22296 total
[2021-04-08T10:50:32.662+0000][49][gc,age      ] GC(22) - age   2:      19840 bytes,      42136 total
[2021-04-08T10:50:32.662+0000][49][gc,age      ] GC(22) - age   3:       3480 bytes,      45616 total
[2021-04-08T10:50:32.662+0000][49][gc,age      ] GC(22) - age   4:       3728 bytes,      49344 total
[2021-04-08T10:50:32.662+0000][49][gc,age      ] GC(22) - age   5:     287208 bytes,     336552 total
[2021-04-08T10:50:32.662+0000][49][gc,age      ] GC(22) - age   6:       4856 bytes,     341408 total
[2021-04-08T10:50:32.662+0000][49][gc,age      ] GC(22) - age   7:       8616 bytes,     350024 total
[2021-04-08T10:50:32.662+0000][49][gc,age      ] GC(22) - age   8:        856 bytes,     350880 total
[2021-04-08T10:50:32.662+0000][49][gc,age      ] GC(22) - age   9:      40416 bytes,     391296 total
[2021-04-08T10:50:32.662+0000][49][gc,age      ] GC(22) - age  10:      31248 bytes,     422544 total
[2021-04-08T10:50:32.662+0000][49][gc,age      ] GC(22) - age  11:    1241920 bytes,    1664464 total
[2021-04-08T10:50:32.662+0000][49][gc,age      ] GC(22) - age  12:   17194768 bytes,   18859232 total
[2021-04-08T10:50:32.662+0000][49][gc,age      ] GC(22) - age  13:    8782016 bytes,   27641248 total
[2021-04-08T10:50:32.662+0000][49][gc,phases   ] GC(22)   Pre Evacuate Collection Set: 0.2ms
[2021-04-08T10:50:32.662+0000][49][gc,phases   ] GC(22)   Merge Heap Roots: 0.2ms
[2021-04-08T10:50:32.662+0000][49][gc,phases   ] GC(22)   Evacuate Collection Set: 11.0ms
[2021-04-08T10:50:32.662+0000][49][gc,phases   ] GC(22)   Post Evacuate Collection Set: 5.4ms
[2021-04-08T10:50:32.662+0000][49][gc,phases   ] GC(22)   Other: 0.5ms
[2021-04-08T10:50:32.662+0000][49][gc,heap     ] GC(22) Eden regions: 1210->0(1211)
[2021-04-08T10:50:32.662+0000][49][gc,heap     ] GC(22) Survivor regions: 8->7(153)
[2021-04-08T10:50:32.662+0000][49][gc,heap     ] GC(22) Old regions: 14->14
[2021-04-08T10:50:32.662+0000][49][gc,heap     ] GC(22) Archive regions: 2->2
[2021-04-08T10:50:32.662+0000][49][gc,heap     ] GC(22) Humongous regions: 2->2
[2021-04-08T10:50:32.662+0000][49][gc,metaspace] GC(22) Metaspace: 99519K(103204K)->99519K(103204K) NonClass: 86060K(88536K)->86060K(88536K) Class: 13459K(14668K)->13459K(14668K)
[2021-04-08T10:50:32.662+0000][49][gc          ] GC(22) Pause Young (Normal) (G1 Evacuation Pause) 4935M->94M(8124M) 17.466ms
[2021-04-08T10:50:32.662+0000][49][gc,cpu      ] GC(22) User=0.02s Sys=0.09s Real=0.02s
[2021-04-08T10:50:32.662+0000][49][safepoint   ] Safepoint "G1CollectForAllocation", Time since last: 1942476382600 ns, Reaching safepoint: 232600 ns, At safepoint: 17627800 ns, Total: 17860400 ns
[2021-04-08T11:32:09.487+0000][49][safepoint   ] Safepoint "Cleanup", Time since last: 2496824639600 ns, Reaching safepoint: 340700 ns, At safepoint: 26100 ns, Total: 366800 ns
[2021-04-08T11:55:33.549+0000][49][gc,start    ] GC(23) Pause Young (Normal) (G1 Evacuation Pause)
[2021-04-08T11:55:33.549+0000][49][gc,task     ] GC(23) Using 8 workers of 8 for evacuation
[2021-04-08T11:55:33.550+0000][49][gc,age      ] GC(23) Desired survivor size 320864256 bytes, new threshold 15 (max threshold 15)
[2021-04-08T11:55:33.568+0000][49][gc,age      ] GC(23) Age table with threshold 15 (max threshold 15)
[2021-04-08T11:55:33.568+0000][49][gc,age      ] GC(23) - age   1:      12424 bytes,      12424 total
[2021-04-08T11:55:33.568+0000][49][gc,age      ] GC(23) - age   2:      10248 bytes,      22672 total
[2021-04-08T11:55:33.568+0000][49][gc,age      ] GC(23) - age   3:      19840 bytes,      42512 total
[2021-04-08T11:55:33.568+0000][49][gc,age      ] GC(23) - age   4:       3480 bytes,      45992 total
[2021-04-08T11:55:33.568+0000][49][gc,age      ] GC(23) - age   5:       3728 bytes,      49720 total
[2021-04-08T11:55:33.568+0000][49][gc,age      ] GC(23) - age   6:     287208 bytes,     336928 total
[2021-04-08T11:55:33.568+0000][49][gc,age      ] GC(23) - age   7:       4856 bytes,     341784 total
[2021-04-08T11:55:33.568+0000][49][gc,age      ] GC(23) - age   8:       8616 bytes,     350400 total
[2021-04-08T11:55:33.568+0000][49][gc,age      ] GC(23) - age   9:        856 bytes,     351256 total
[2021-04-08T11:55:33.568+0000][49][gc,age      ] GC(23) - age  10:      40416 bytes,     391672 total
[2021-04-08T11:55:33.568+0000][49][gc,age      ] GC(23) - age  11:      31248 bytes,     422920 total
[2021-04-08T11:55:33.568+0000][49][gc,age      ] GC(23) - age  12:    1241920 bytes,    1664840 total
[2021-04-08T11:55:33.568+0000][49][gc,age      ] GC(23) - age  13:   17194768 bytes,   18859608 total
[2021-04-08T11:55:33.568+0000][49][gc,age      ] GC(23) - age  14:    8782016 bytes,   27641624 total
[2021-04-08T11:55:33.568+0000][49][gc,phases   ] GC(23)   Pre Evacuate Collection Set: 0.2ms
[2021-04-08T11:55:33.568+0000][49][gc,phases   ] GC(23)   Merge Heap Roots: 0.2ms
[2021-04-08T11:55:33.568+0000][49][gc,phases   ] GC(23)   Evacuate Collection Set: 11.1ms
[2021-04-08T11:55:33.568+0000][49][gc,phases   ] GC(23)   Post Evacuate Collection Set: 6.8ms
[2021-04-08T11:55:33.568+0000][49][gc,phases   ] GC(23)   Other: 0.5ms
[2021-04-08T11:55:33.568+0000][49][gc,heap     ] GC(23) Eden regions: 1211->0(1210)
[2021-04-08T11:55:33.568+0000][49][gc,heap     ] GC(23) Survivor regions: 7->8(153)
[2021-04-08T11:55:33.568+0000][49][gc,heap     ] GC(23) Old regions: 14->14
[2021-04-08T11:55:33.568+0000][49][gc,heap     ] GC(23) Archive regions: 2->2
[2021-04-08T11:55:33.568+0000][49][gc,heap     ] GC(23) Humongous regions: 2->2
[2021-04-08T11:55:33.568+0000][49][gc,metaspace] GC(23) Metaspace: 99519K(103204K)->99519K(103204K) NonClass: 86060K(88536K)->86060K(88536K) Class: 13459K(14668K)->13459K(14668K)
[2021-04-08T11:55:33.568+0000][49][gc          ] GC(23) Pause Young (Normal) (G1 Evacuation Pause) 4938M->95M(8124M) 18.977ms
[2021-04-08T11:55:33.568+0000][49][gc,cpu      ] GC(23) User=0.03s Sys=0.03s Real=0.02s
[2021-04-08T11:55:33.569+0000][49][safepoint   ] Safepoint "G1CollectForAllocation", Time since last: 1404062078600 ns, Reaching safepoint: 157500 ns, At safepoint: 19129700 ns, Total: 19287200 ns
[2021-04-08T11:56:42.053+0000][49][safepoint   ] Safepoint "Cleanup", Time since last: 68484646100 ns, Reaching safepoint: 205400 ns, At safepoint: 25600 ns, Total: 231000 ns
[2021-04-08T12:12:40.230+0000][49][safepoint   ] Safepoint "Cleanup", Time since last: 958176620800 ns, Reaching safepoint: 273600 ns, At safepoint: 11100 ns, Total: 284700 ns
[2021-04-08T12:25:09.971+0000][49][safepoint   ] Safepoint "Cleanup", Time since last: 749740327700 ns, Reaching safepoint: 270000 ns, At safepoint: 12600 ns, Total: 282600 ns
[2021-04-08T12:26:40.626+0000][49][safepoint   ] Safepoint "Cleanup", Time since last: 90654709800 ns, Reaching safepoint: 186700 ns, At safepoint: 26300 ns, Total: 213000 ns
[2021-04-08T12:26:42.637+0000][49][safepoint   ] Safepoint "Cleanup", Time since last: 2010929400 ns, Reaching safepoint: 146200 ns, At safepoint: 16200 ns, Total: 162400 ns
[2021-04-08T12:46:40.719+0000][49][safepoint   ] Safepoint "Cleanup", Time since last: 1198082191800 ns, Reaching safepoint: 179400 ns, At safepoint: 25600 ns, Total: 205000 ns
[2021-04-08T13:00:34.199+0000][49][gc,start    ] GC(24) Pause Young (Normal) (G1 Evacuation Pause)
[2021-04-08T13:00:34.199+0000][49][gc,task     ] GC(24) Using 8 workers of 8 for evacuation
[2021-04-08T13:00:34.199+0000][49][gc,age      ] GC(24) Desired survivor size 320864256 bytes, new threshold 15 (max threshold 15)
[2021-04-08T13:00:34.218+0000][49][gc,age      ] GC(24) Age table with threshold 15 (max threshold 15)
[2021-04-08T13:00:34.218+0000][49][gc,age      ] GC(24) - age   1:      13080 bytes,      13080 total
[2021-04-08T13:00:34.218+0000][49][gc,age      ] GC(24) - age   2:        408 bytes,      13488 total
[2021-04-08T13:00:34.218+0000][49][gc,age      ] GC(24) - age   3:      10248 bytes,      23736 total
[2021-04-08T13:00:34.218+0000][49][gc,age      ] GC(24) - age   4:      19840 bytes,      43576 total
[2021-04-08T13:00:34.218+0000][49][gc,age      ] GC(24) - age   5:       3480 bytes,      47056 total
[2021-04-08T13:00:34.218+0000][49][gc,age      ] GC(24) - age   6:       3728 bytes,      50784 total
[2021-04-08T13:00:34.218+0000][49][gc,age      ] GC(24) - age   7:     287208 bytes,     337992 total
[2021-04-08T13:00:34.218+0000][49][gc,age      ] GC(24) - age   8:       4856 bytes,     342848 total
[2021-04-08T13:00:34.218+0000][49][gc,age      ] GC(24) - age   9:       8616 bytes,     351464 total
[2021-04-08T13:00:34.218+0000][49][gc,age      ] GC(24) - age  10:        856 bytes,     352320 total
[2021-04-08T13:00:34.218+0000][49][gc,age      ] GC(24) - age  11:      40416 bytes,     392736 total
[2021-04-08T13:00:34.218+0000][49][gc,age      ] GC(24) - age  12:      31248 bytes,     423984 total
[2021-04-08T13:00:34.218+0000][49][gc,age      ] GC(24) - age  13:    1241920 bytes,    1665904 total
[2021-04-08T13:00:34.218+0000][49][gc,age      ] GC(24) - age  14:   17194696 bytes,   18860600 total
[2021-04-08T13:00:34.218+0000][49][gc,age      ] GC(24) - age  15:    8782016 bytes,   27642616 total
[2021-04-08T13:00:34.218+0000][49][gc,phases   ] GC(24)   Pre Evacuate Collection Set: 0.2ms
[2021-04-08T13:00:34.218+0000][49][gc,phases   ] GC(24)   Merge Heap Roots: 0.2ms
[2021-04-08T13:00:34.218+0000][49][gc,phases   ] GC(24)   Evacuate Collection Set: 11.0ms
[2021-04-08T13:00:34.218+0000][49][gc,phases   ] GC(24)   Post Evacuate Collection Set: 7.0ms
[2021-04-08T13:00:34.218+0000][49][gc,phases   ] GC(24)   Other: 0.5ms
[2021-04-08T13:00:34.218+0000][49][gc,heap     ] GC(24) Eden regions: 1210->0(1211)
[2021-04-08T13:00:34.218+0000][49][gc,heap     ] GC(24) Survivor regions: 8->7(153)
[2021-04-08T13:00:34.218+0000][49][gc,heap     ] GC(24) Old regions: 14->14
[2021-04-08T13:00:34.218+0000][49][gc,heap     ] GC(24) Archive regions: 2->2
[2021-04-08T13:00:34.218+0000][49][gc,heap     ] GC(24) Humongous regions: 2->2
[2021-04-08T13:00:34.218+0000][49][gc,metaspace] GC(24) Metaspace: 99520K(103204K)->99520K(103204K) NonClass: 86061K(88536K)->86061K(88536K) Class: 13459K(14668K)->13459K(14668K)
[2021-04-08T13:00:34.218+0000][49][gc          ] GC(24) Pause Young (Normal) (G1 Evacuation Pause) 4935M->94M(8124M) 19.031ms
[2021-04-08T13:00:34.218+0000][49][gc,cpu      ] GC(24) User=0.01s Sys=0.11s Real=0.02s
[2021-04-08T13:00:34.218+0000][49][safepoint   ] Safepoint "G1CollectForAllocation", Time since last: 833479500200 ns, Reaching safepoint: 260600 ns, At safepoint: 19184300 ns, Total: 19444900 ns
[2021-04-08T13:04:10.842+0000][49][safepoint   ] Safepoint "Cleanup", Time since last: 216623932100 ns, Reaching safepoint: 247600 ns, At safepoint: 11400 ns, Total: 259000 ns
[2021-04-08T13:19:11.546+0000][49][safepoint   ] Safepoint "Cleanup", Time since last: 900703561700 ns, Reaching safepoint: 449300 ns, At safepoint: 11800 ns, Total: 461100 ns
[2021-04-08T13:28:13.822+0000][49][safepoint   ] Safepoint "Cleanup", Time since last: 542275379000 ns, Reaching safepoint: 231900 ns, At safepoint: 14200 ns, Total: 246100 ns
[2021-04-08T14:05:39.273+0000][49][gc,start    ] GC(25) Pause Young (Normal) (G1 Evacuation Pause)
[2021-04-08T14:05:39.273+0000][49][gc,task     ] GC(25) Using 8 workers of 8 for evacuation
[2021-04-08T14:05:39.274+0000][49][gc,age      ] GC(25) Desired survivor size 320864256 bytes, new threshold 15 (max threshold 15)
[2021-04-08T14:05:39.293+0000][49][gc,age      ] GC(25) Age table with threshold 15 (max threshold 15)
[2021-04-08T14:05:39.293+0000][49][gc,age      ] GC(25) - age   1:      12128 bytes,      12128 total
[2021-04-08T14:05:39.293+0000][49][gc,age      ] GC(25) - age   2:       1048 bytes,      13176 total
[2021-04-08T14:05:39.293+0000][49][gc,age      ] GC(25) - age   3:        408 bytes,      13584 total
[2021-04-08T14:05:39.293+0000][49][gc,age      ] GC(25) - age   4:       1816 bytes,      15400 total
[2021-04-08T14:05:39.293+0000][49][gc,age      ] GC(25) - age   5:      19840 bytes,      35240 total
[2021-04-08T14:05:39.293+0000][49][gc,age      ] GC(25) - age   6:       3480 bytes,      38720 total
[2021-04-08T14:05:39.293+0000][49][gc,age      ] GC(25) - age   7:       3728 bytes,      42448 total
[2021-04-08T14:05:39.293+0000][49][gc,age      ] GC(25) - age   8:     287208 bytes,     329656 total
[2021-04-08T14:05:39.293+0000][49][gc,age      ] GC(25) - age   9:       4856 bytes,     334512 total
[2021-04-08T14:05:39.293+0000][49][gc,age      ] GC(25) - age  10:       8616 bytes,     343128 total
[2021-04-08T14:05:39.293+0000][49][gc,age      ] GC(25) - age  11:        856 bytes,     343984 total
[2021-04-08T14:05:39.293+0000][49][gc,age      ] GC(25) - age  12:      40416 bytes,     384400 total
[2021-04-08T14:05:39.293+0000][49][gc,age      ] GC(25) - age  13:      31248 bytes,     415648 total
[2021-04-08T14:05:39.293+0000][49][gc,age      ] GC(25) - age  14:    1241920 bytes,    1657568 total
[2021-04-08T14:05:39.293+0000][49][gc,age      ] GC(25) - age  15:   17194624 bytes,   18852192 total
[2021-04-08T14:05:39.293+0000][49][gc,phases   ] GC(25)   Pre Evacuate Collection Set: 0.2ms
[2021-04-08T14:05:39.293+0000][49][gc,phases   ] GC(25)   Merge Heap Roots: 0.2ms
[2021-04-08T14:05:39.293+0000][49][gc,phases   ] GC(25)   Evacuate Collection Set: 12.1ms
[2021-04-08T14:05:39.293+0000][49][gc,phases   ] GC(25)   Post Evacuate Collection Set: 6.4ms
[2021-04-08T14:05:39.293+0000][49][gc,phases   ] GC(25)   Other: 0.5ms
[2021-04-08T14:05:39.293+0000][49][gc,heap     ] GC(25) Eden regions: 1211->0(1212)
[2021-04-08T14:05:39.293+0000][49][gc,heap     ] GC(25) Survivor regions: 7->6(153)
[2021-04-08T14:05:39.293+0000][49][gc,heap     ] GC(25) Old regions: 14->16
[2021-04-08T14:05:39.293+0000][49][gc,heap     ] GC(25) Archive regions: 2->2
[2021-04-08T14:05:39.293+0000][49][gc,heap     ] GC(25) Humongous regions: 2->2
[2021-04-08T14:05:39.293+0000][49][gc,metaspace] GC(25) Metaspace: 99520K(103204K)->99520K(103204K) NonClass: 86061K(88536K)->86061K(88536K) Class: 13459K(14668K)->13459K(14668K)
[2021-04-08T14:05:39.293+0000][49][gc          ] GC(25) Pause Young (Normal) (G1 Evacuation Pause) 4938M->96M(8124M) 19.573ms
[2021-04-08T14:05:39.293+0000][49][gc,cpu      ] GC(25) User=0.06s Sys=0.03s Real=0.02s
[2021-04-08T14:05:39.293+0000][49][safepoint   ] Safepoint "G1CollectForAllocation", Time since last: 2245451058200 ns, Reaching safepoint: 162800 ns, At safepoint: 19737500 ns, Total: 19900300 ns
[2021-04-08T14:06:41.730+0000][49][safepoint   ] Safepoint "Cleanup", Time since last: 62436805800 ns, Reaching safepoint: 199400 ns, At safepoint: 27200 ns, Total: 226600 ns
[2021-04-08T14:07:34.097+0000][49][safepoint   ] Safepoint "Cleanup", Time since last: 52366878200 ns, Reaching safepoint: 127500 ns, At safepoint: 16000 ns, Total: 143500 ns
[2021-04-08T14:08:44.631+0000][49][safepoint   ] Safepoint "Cleanup", Time since last: 70533447100 ns, Reaching safepoint: 144300 ns, At safepoint: 32900 ns, Total: 177200 ns
[2021-04-08T14:46:12.501+0000][49][safepoint   ] Safepoint "Cleanup", Time since last: 2247870009100 ns, Reaching safepoint: 187600 ns, At safepoint: 25900 ns, Total: 213500 ns
[2021-04-08T15:10:43.666+0000][49][gc,start    ] GC(26) Pause Young (Normal) (G1 Evacuation Pause)
[2021-04-08T15:10:43.666+0000][49][gc,task     ] GC(26) Using 8 workers of 8 for evacuation
[2021-04-08T15:10:43.666+0000][49][gc,age      ] GC(26) Desired survivor size 320864256 bytes, new threshold 15 (max threshold 15)
[2021-04-08T15:10:43.682+0000][49][gc,age      ] GC(26) Age table with threshold 15 (max threshold 15)
[2021-04-08T15:10:43.682+0000][49][gc,age      ] GC(26) - age   1:      12080 bytes,      12080 total
[2021-04-08T15:10:43.682+0000][49][gc,age      ] GC(26) - age   2:         80 bytes,      12160 total
[2021-04-08T15:10:43.682+0000][49][gc,age      ] GC(26) - age   3:       1048 bytes,      13208 total
[2021-04-08T15:10:43.682+0000][49][gc,age      ] GC(26) - age   4:        408 bytes,      13616 total
[2021-04-08T15:10:43.682+0000][49][gc,age      ] GC(26) - age   5:       1816 bytes,      15432 total
[2021-04-08T15:10:43.682+0000][49][gc,age      ] GC(26) - age   6:      19840 bytes,      35272 total
[2021-04-08T15:10:43.682+0000][49][gc,age      ] GC(26) - age   7:       3480 bytes,      38752 total
[2021-04-08T15:10:43.682+0000][49][gc,age      ] GC(26) - age   8:       3728 bytes,      42480 total
[2021-04-08T15:10:43.682+0000][49][gc,age      ] GC(26) - age   9:     287208 bytes,     329688 total
[2021-04-08T15:10:43.682+0000][49][gc,age      ] GC(26) - age  10:       4856 bytes,     334544 total
[2021-04-08T15:10:43.682+0000][49][gc,age      ] GC(26) - age  11:       8616 bytes,     343160 total
[2021-04-08T15:10:43.682+0000][49][gc,age      ] GC(26) - age  12:        856 bytes,     344016 total
[2021-04-08T15:10:43.682+0000][49][gc,age      ] GC(26) - age  13:      40416 bytes,     384432 total
[2021-04-08T15:10:43.682+0000][49][gc,age      ] GC(26) - age  14:      31248 bytes,     415680 total
[2021-04-08T15:10:43.682+0000][49][gc,age      ] GC(26) - age  15:    1241920 bytes,    1657600 total
[2021-04-08T15:10:43.682+0000][49][gc,phases   ] GC(26)   Pre Evacuate Collection Set: 0.2ms
[2021-04-08T15:10:43.682+0000][49][gc,phases   ] GC(26)   Merge Heap Roots: 0.2ms
[2021-04-08T15:10:43.682+0000][49][gc,phases   ] GC(26)   Evacuate Collection Set: 9.2ms
[2021-04-08T15:10:43.682+0000][49][gc,phases   ] GC(26)   Post Evacuate Collection Set: 6.4ms
[2021-04-08T15:10:43.682+0000][49][gc,phases   ] GC(26)   Other: 0.5ms
[2021-04-08T15:10:43.682+0000][49][gc,heap     ] GC(26) Eden regions: 1212->0(1216)
[2021-04-08T15:10:43.682+0000][49][gc,heap     ] GC(26) Survivor regions: 6->2(153)
[2021-04-08T15:10:43.682+0000][49][gc,heap     ] GC(26) Old regions: 16->21
[2021-04-08T15:10:43.682+0000][49][gc,heap     ] GC(26) Archive regions: 2->2
[2021-04-08T15:10:43.682+0000][49][gc,heap     ] GC(26) Humongous regions: 2->2
[2021-04-08T15:10:43.682+0000][49][gc,metaspace] GC(26) Metaspace: 99521K(103204K)->99521K(103204K) NonClass: 86061K(88536K)->86061K(88536K) Class: 13459K(14668K)->13459K(14668K)
[2021-04-08T15:10:43.682+0000][49][gc          ] GC(26) Pause Young (Normal) (G1 Evacuation Pause) 4944M->97M(8124M) 16.634ms
[2021-04-08T15:10:43.682+0000][49][gc,cpu      ] GC(26) User=0.04s Sys=0.09s Real=0.02s
[2021-04-08T15:10:43.682+0000][49][safepoint   ] Safepoint "G1CollectForAllocation", Time since last: 1471164380100 ns, Reaching safepoint: 146700 ns, At safepoint: 16789500 ns, Total: 16936200 ns
[2021-04-08T15:27:43.194+0000][49][safepoint   ] Safepoint "Cleanup", Time since last: 1019511929400 ns, Reaching safepoint: 196600 ns, At safepoint: 11400 ns, Total: 208000 ns
[2021-04-08T15:35:29.632+0000][49][safepoint   ] Safepoint "Cleanup", Time since last: 466437346200 ns, Reaching safepoint: 181100 ns, At safepoint: 10500 ns, Total: 191600 ns
[2021-04-08T15:36:12.973+0000][49][safepoint   ] Safepoint "Cleanup", Time since last: 43340769000 ns, Reaching safepoint: 178800 ns, At safepoint: 25000 ns, Total: 203800 ns
[2021-04-08T16:04:47.011+0000][49][safepoint   ] Safepoint "Cleanup", Time since last: 1714037519600 ns, Reaching safepoint: 129800 ns, At safepoint: 38400 ns, Total: 168200 ns
[2021-04-08T16:05:14.210+0000][49][safepoint   ] Safepoint "Cleanup", Time since last: 27198661600 ns, Reaching safepoint: 287400 ns, At safepoint: 25200 ns, Total: 312600 ns
[2021-04-08T16:11:17.037+0000][49][safepoint   ] Safepoint "Cleanup", Time since last: 362827278000 ns, Reaching safepoint: 177400 ns, At safepoint: 27300 ns, Total: 204700 ns
[2021-04-08T16:12:43.614+0000][49][safepoint   ] Safepoint "Cleanup", Time since last: 86576860800 ns, Reaching safepoint: 262800 ns, At safepoint: 11400 ns, Total: 274200 ns
[2021-04-08T16:13:16.865+0000][49][safepoint   ] Safepoint "Cleanup", Time since last: 33250170200 ns, Reaching safepoint: 272200 ns, At safepoint: 31000 ns, Total: 303200 ns
[2021-04-08T16:13:44.077+0000][49][safepoint   ] Safepoint "Cleanup", Time since last: 27211914600 ns, Reaching safepoint: 180100 ns, At safepoint: 24200 ns, Total: 204300 ns
[2021-04-08T16:15:44.030+0000][49][safepoint   ] Safepoint "Cleanup", Time since last: 119953290300 ns, Reaching safepoint: 186700 ns, At safepoint: 24500 ns, Total: 211200 ns
[2021-04-08T16:16:03.537+0000][49][gc,start    ] GC(27) Pause Young (Normal) (G1 Evacuation Pause)
[2021-04-08T16:16:03.537+0000][49][gc,task     ] GC(27) Using 8 workers of 8 for evacuation
[2021-04-08T16:16:03.537+0000][49][gc,age      ] GC(27) Desired survivor size 320864256 bytes, new threshold 15 (max threshold 15)
[2021-04-08T16:16:03.545+0000][49][gc,age      ] GC(27) Age table with threshold 15 (max threshold 15)
[2021-04-08T16:16:03.545+0000][49][gc,age      ] GC(27) - age   1:      14760 bytes,      14760 total
[2021-04-08T16:16:03.545+0000][49][gc,age      ] GC(27) - age   2:         72 bytes,      14832 total
[2021-04-08T16:16:03.545+0000][49][gc,age      ] GC(27) - age   3:         80 bytes,      14912 total
[2021-04-08T16:16:03.545+0000][49][gc,age      ] GC(27) - age   4:       1048 bytes,      15960 total
[2021-04-08T16:16:03.545+0000][49][gc,age      ] GC(27) - age   5:        408 bytes,      16368 total
[2021-04-08T16:16:03.545+0000][49][gc,age      ] GC(27) - age   6:       1816 bytes,      18184 total
[2021-04-08T16:16:03.545+0000][49][gc,age      ] GC(27) - age   7:      19840 bytes,      38024 total
[2021-04-08T16:16:03.545+0000][49][gc,age      ] GC(27) - age   8:       3480 bytes,      41504 total
[2021-04-08T16:16:03.545+0000][49][gc,age      ] GC(27) - age   9:       3728 bytes,      45232 total
[2021-04-08T16:16:03.545+0000][49][gc,age      ] GC(27) - age  10:     287208 bytes,     332440 total
[2021-04-08T16:16:03.545+0000][49][gc,age      ] GC(27) - age  11:       4856 bytes,     337296 total
[2021-04-08T16:16:03.546+0000][49][gc,age      ] GC(27) - age  12:       8616 bytes,     345912 total
[2021-04-08T16:16:03.546+0000][49][gc,age      ] GC(27) - age  13:        856 bytes,     346768 total
[2021-04-08T16:16:03.546+0000][49][gc,age      ] GC(27) - age  14:      40416 bytes,     387184 total
[2021-04-08T16:16:03.546+0000][49][gc,age      ] GC(27) - age  15:      31248 bytes,     418432 total
[2021-04-08T16:16:03.546+0000][49][gc,phases   ] GC(27)   Pre Evacuate Collection Set: 0.3ms
[2021-04-08T16:16:03.546+0000][49][gc,phases   ] GC(27)   Merge Heap Roots: 0.2ms
[2021-04-08T16:16:03.546+0000][49][gc,phases   ] GC(27)   Evacuate Collection Set: 2.1ms
[2021-04-08T16:16:03.546+0000][49][gc,phases   ] GC(27)   Post Evacuate Collection Set: 5.9ms
[2021-04-08T16:16:03.546+0000][49][gc,phases   ] GC(27)   Other: 0.5ms
[2021-04-08T16:16:03.546+0000][49][gc,heap     ] GC(27) Eden regions: 1216->0(1217)
[2021-04-08T16:16:03.546+0000][49][gc,heap     ] GC(27) Survivor regions: 2->1(153)
[2021-04-08T16:16:03.546+0000][49][gc,heap     ] GC(27) Old regions: 21->21
[2021-04-08T16:16:03.546+0000][49][gc,heap     ] GC(27) Archive regions: 2->2
[2021-04-08T16:16:03.546+0000][49][gc,heap     ] GC(27) Humongous regions: 2->2
[2021-04-08T16:16:03.546+0000][49][gc,metaspace] GC(27) Metaspace: 99521K(103204K)->99521K(103204K) NonClass: 86061K(88536K)->86061K(88536K) Class: 13459K(14668K)->13459K(14668K)
[2021-04-08T16:16:03.546+0000][49][gc          ] GC(27) Pause Young (Normal) (G1 Evacuation Pause) 4961M->96M(8124M) 9.111ms
[2021-04-08T16:16:03.546+0000][49][gc,cpu      ] GC(27) User=0.00s Sys=0.00s Real=0.01s
[2021-04-08T16:16:03.546+0000][49][safepoint   ] Safepoint "G1CollectForAllocation", Time since last: 19505905500 ns, Reaching safepoint: 316800 ns, At safepoint: 9275200 ns, Total: 9592000 ns
[2021-04-08T16:17:14.045+0000][49][safepoint   ] Safepoint "Cleanup", Time since last: 70498803500 ns, Reaching safepoint: 288100 ns, At safepoint: 25000 ns, Total: 313100 ns
[2021-04-08T16:18:59.777+0000][49][safepoint   ] Safepoint "Cleanup", Time since last: 105732226000 ns, Reaching safepoint: 204300 ns, At safepoint: 22900 ns, Total: 227200 ns
[2021-04-08T16:39:17.191+0000][49][safepoint   ] Safepoint "Cleanup", Time since last: 1217412517800 ns, Reaching safepoint: 934700 ns, At safepoint: 10600 ns, Total: 945300 ns
[2021-04-08T16:40:46.843+0000][49][safepoint   ] Safepoint "Cleanup", Time since last: 89650980200 ns, Reaching safepoint: 1058900 ns, At safepoint: 14000 ns, Total: 1072900 ns
[2021-04-08T16:46:14.494+0000][49][safepoint   ] Safepoint "Cleanup", Time since last: 327650869700 ns, Reaching safepoint: 229100 ns, At safepoint: 19100 ns, Total: 248200 ns
[2021-04-08T16:54:47.002+0000][49][safepoint   ] Safepoint "Cleanup", Time since last: 512507891800 ns, Reaching safepoint: 259300 ns, At safepoint: 22100 ns, Total: 281400 ns
[2021-04-08T16:54:48.010+0000][49][safepoint   ] Safepoint "Cleanup", Time since last: 1008002400 ns, Reaching safepoint: 239900 ns, At safepoint: 35400 ns, Total: 275300 ns
[2021-04-08T16:55:15.244+0000][49][safepoint   ] Safepoint "Cleanup", Time since last: 27233375100 ns, Reaching safepoint: 285400 ns, At safepoint: 12100 ns, Total: 297500 ns
[2021-04-08T17:00:17.514+0000][49][safepoint   ] Safepoint "Cleanup", Time since last: 302269979500 ns, Reaching safepoint: 256300 ns, At safepoint: 28000 ns, Total: 284300 ns
[2021-04-08T17:01:15.021+0000][49][safepoint   ] Safepoint "Cleanup", Time since last: 57506290300 ns, Reaching safepoint: 189100 ns, At safepoint: 10900 ns, Total: 200000 ns
[2021-04-08T17:21:28.971+0000][49][gc,start    ] GC(28) Pause Young (Normal) (G1 Evacuation Pause)
[2021-04-08T17:21:28.971+0000][49][gc,task     ] GC(28) Using 8 workers of 8 for evacuation
[2021-04-08T17:21:28.971+0000][49][gc,age      ] GC(28) Desired survivor size 320864256 bytes, new threshold 15 (max threshold 15)
[2021-04-08T17:21:28.979+0000][49][gc,age      ] GC(28) Age table with threshold 15 (max threshold 15)
[2021-04-08T17:21:28.979+0000][49][gc,age      ] GC(28) - age   1:      26936 bytes,      26936 total
[2021-04-08T17:21:28.979+0000][49][gc,age      ] GC(28) - age   2:       2760 bytes,      29696 total
[2021-04-08T17:21:28.979+0000][49][gc,age      ] GC(28) - age   3:         72 bytes,      29768 total
[2021-04-08T17:21:28.979+0000][49][gc,age      ] GC(28) - age   4:         80 bytes,      29848 total
[2021-04-08T17:21:28.979+0000][49][gc,age      ] GC(28) - age   5:       1048 bytes,      30896 total
[2021-04-08T17:21:28.979+0000][49][gc,age      ] GC(28) - age   6:        408 bytes,      31304 total
[2021-04-08T17:21:28.979+0000][49][gc,age      ] GC(28) - age   7:        576 bytes,      31880 total
[2021-04-08T17:21:28.979+0000][49][gc,age      ] GC(28) - age   8:      19840 bytes,      51720 total
[2021-04-08T17:21:28.979+0000][49][gc,age      ] GC(28) - age   9:       3480 bytes,      55200 total
[2021-04-08T17:21:28.979+0000][49][gc,age      ] GC(28) - age  10:       3728 bytes,      58928 total
[2021-04-08T17:21:28.979+0000][49][gc,age      ] GC(28) - age  11:     287208 bytes,     346136 total
[2021-04-08T17:21:28.979+0000][49][gc,age      ] GC(28) - age  12:       4856 bytes,     350992 total
[2021-04-08T17:21:28.979+0000][49][gc,age      ] GC(28) - age  13:       8616 bytes,     359608 total
[2021-04-08T17:21:28.979+0000][49][gc,age      ] GC(28) - age  14:        856 bytes,     360464 total
[2021-04-08T17:21:28.979+0000][49][gc,age      ] GC(28) - age  15:      40416 bytes,     400880 total
[2021-04-08T17:21:28.979+0000][49][gc,phases   ] GC(28)   Pre Evacuate Collection Set: 0.3ms
[2021-04-08T17:21:28.979+0000][49][gc,phases   ] GC(28)   Merge Heap Roots: 0.2ms
[2021-04-08T17:21:28.979+0000][49][gc,phases   ] GC(28)   Evacuate Collection Set: 1.5ms
[2021-04-08T17:21:28.979+0000][49][gc,phases   ] GC(28)   Post Evacuate Collection Set: 5.9ms
[2021-04-08T17:21:28.979+0000][49][gc,phases   ] GC(28)   Other: 0.5ms
[2021-04-08T17:21:28.979+0000][49][gc,heap     ] GC(28) Eden regions: 1217->0(1217)
[2021-04-08T17:21:28.979+0000][49][gc,heap     ] GC(28) Survivor regions: 1->1(153)
[2021-04-08T17:21:28.979+0000][49][gc,heap     ] GC(28) Old regions: 21->22
[2021-04-08T17:21:28.979+0000][49][gc,heap     ] GC(28) Archive regions: 2->2
[2021-04-08T17:21:28.979+0000][49][gc,heap     ] GC(28) Humongous regions: 2->2
[2021-04-08T17:21:28.979+0000][49][gc,metaspace] GC(28) Metaspace: 99521K(103204K)->99521K(103204K) NonClass: 86061K(88536K)->86061K(88536K) Class: 13459K(14668K)->13459K(14668K)
[2021-04-08T17:21:28.979+0000][49][gc          ] GC(28) Pause Young (Normal) (G1 Evacuation Pause) 4964M->96M(8124M) 8.394ms
[2021-04-08T17:21:28.979+0000][49][gc,cpu      ] GC(28) User=0.00s Sys=0.00s Real=0.01s
[2021-04-08T17:21:28.979+0000][49][safepoint   ] Safepoint "G1CollectForAllocation", Time since last: 1213949524100 ns, Reaching safepoint: 286400 ns, At safepoint: 8533700 ns, Total: 8820100 ns
[2021-04-08T17:44:18.479+0000][49][safepoint   ] Safepoint "Cleanup", Time since last: 1369499510900 ns, Reaching safepoint: 253100 ns, At safepoint: 11900 ns, Total: 265000 ns
[2021-04-08T18:26:54.862+0000][49][gc,start    ] GC(29) Pause Young (Normal) (G1 Evacuation Pause)
[2021-04-08T18:26:54.862+0000][49][gc,task     ] GC(29) Using 8 workers of 8 for evacuation
[2021-04-08T18:26:54.862+0000][49][gc,age      ] GC(29) Desired survivor size 320864256 bytes, new threshold 15 (max threshold 15)
[2021-04-08T18:26:54.870+0000][49][gc,age      ] GC(29) Age table with threshold 15 (max threshold 15)
[2021-04-08T18:26:54.870+0000][49][gc,age      ] GC(29) - age   1:      10632 bytes,      10632 total
[2021-04-08T18:26:54.870+0000][49][gc,age      ] GC(29) - age   2:      14880 bytes,      25512 total
[2021-04-08T18:26:54.870+0000][49][gc,age      ] GC(29) - age   3:       2760 bytes,      28272 total
[2021-04-08T18:26:54.870+0000][49][gc,age      ] GC(29) - age   4:         72 bytes,      28344 total
[2021-04-08T18:26:54.870+0000][49][gc,age      ] GC(29) - age   5:         80 bytes,      28424 total
[2021-04-08T18:26:54.870+0000][49][gc,age      ] GC(29) - age   6:       1048 bytes,      29472 total
[2021-04-08T18:26:54.870+0000][49][gc,age      ] GC(29) - age   7:        408 bytes,      29880 total
[2021-04-08T18:26:54.870+0000][49][gc,age      ] GC(29) - age   8:        576 bytes,      30456 total
[2021-04-08T18:26:54.870+0000][49][gc,age      ] GC(29) - age   9:      19840 bytes,      50296 total
[2021-04-08T18:26:54.870+0000][49][gc,age      ] GC(29) - age  10:       3480 bytes,      53776 total
[2021-04-08T18:26:54.870+0000][49][gc,age      ] GC(29) - age  11:       3728 bytes,      57504 total
[2021-04-08T18:26:54.870+0000][49][gc,age      ] GC(29) - age  12:     287208 bytes,     344712 total
[2021-04-08T18:26:54.870+0000][49][gc,age      ] GC(29) - age  13:       4856 bytes,     349568 total
[2021-04-08T18:26:54.870+0000][49][gc,age      ] GC(29) - age  14:       8616 bytes,     358184 total
[2021-04-08T18:26:54.870+0000][49][gc,age      ] GC(29) - age  15:        856 bytes,     359040 total
[2021-04-08T18:26:54.870+0000][49][gc,phases   ] GC(29)   Pre Evacuate Collection Set: 0.2ms
[2021-04-08T18:26:54.870+0000][49][gc,phases   ] GC(29)   Merge Heap Roots: 0.2ms
[2021-04-08T18:26:54.870+0000][49][gc,phases   ] GC(29)   Evacuate Collection Set: 1.5ms
[2021-04-08T18:26:54.870+0000][49][gc,phases   ] GC(29)   Post Evacuate Collection Set: 6.1ms
[2021-04-08T18:26:54.870+0000][49][gc,phases   ] GC(29)   Other: 0.5ms
[2021-04-08T18:26:54.870+0000][49][gc,heap     ] GC(29) Eden regions: 1217->0(1217)
[2021-04-08T18:26:54.870+0000][49][gc,heap     ] GC(29) Survivor regions: 1->1(153)
[2021-04-08T18:26:54.870+0000][49][gc,heap     ] GC(29) Old regions: 22->22
[2021-04-08T18:26:54.870+0000][49][gc,heap     ] GC(29) Archive regions: 2->2
[2021-04-08T18:26:54.870+0000][49][gc,heap     ] GC(29) Humongous regions: 2->2
[2021-04-08T18:26:54.870+0000][49][gc,metaspace] GC(29) Metaspace: 99522K(103204K)->99522K(103204K) NonClass: 86062K(88536K)->86062K(88536K) Class: 13459K(14668K)->13459K(14668K)
[2021-04-08T18:26:54.870+0000][49][gc          ] GC(29) Pause Young (Normal) (G1 Evacuation Pause) 4964M->96M(8124M) 8.661ms
[2021-04-08T18:26:54.870+0000][49][gc,cpu      ] GC(29) User=0.00s Sys=0.00s Real=0.01s
[2021-04-08T18:26:54.870+0000][49][safepoint   ] Safepoint "G1CollectForAllocation", Time since last: 2556382473500 ns, Reaching safepoint: 153100 ns, At safepoint: 8808100 ns, Total: 8961200 ns
[2021-04-08T19:07:50.227+0000][49][safepoint   ] Safepoint "Cleanup", Time since last: 2455354845900 ns, Reaching safepoint: 1273600 ns, At safepoint: 13700 ns, Total: 1287300 ns
[2021-04-08T19:30:30.535+0000][49][safepoint   ] Safepoint "Cleanup", Time since last: 1360308456300 ns, Reaching safepoint: 153100 ns, At safepoint: 12600 ns, Total: 165700 ns
[2021-04-08T19:32:15.269+0000][49][gc,start    ] GC(30) Pause Young (Normal) (G1 Evacuation Pause)
[2021-04-08T19:32:15.269+0000][49][gc,task     ] GC(30) Using 8 workers of 8 for evacuation
[2021-04-08T19:32:15.269+0000][49][gc,age      ] GC(30) Desired survivor size 320864256 bytes, new threshold 15 (max threshold 15)
[2021-04-08T19:32:15.277+0000][49][gc,age      ] GC(30) Age table with threshold 15 (max threshold 15)
[2021-04-08T19:32:15.277+0000][49][gc,age      ] GC(30) - age   1:      12072 bytes,      12072 total
[2021-04-08T19:32:15.277+0000][49][gc,age      ] GC(30) - age   3:      14880 bytes,      26952 total
[2021-04-08T19:32:15.277+0000][49][gc,age      ] GC(30) - age   4:       2760 bytes,      29712 total
[2021-04-08T19:32:15.277+0000][49][gc,age      ] GC(30) - age   5:         72 bytes,      29784 total
[2021-04-08T19:32:15.277+0000][49][gc,age      ] GC(30) - age   6:         80 bytes,      29864 total
[2021-04-08T19:32:15.277+0000][49][gc,age      ] GC(30) - age   7:       1048 bytes,      30912 total
[2021-04-08T19:32:15.277+0000][49][gc,age      ] GC(30) - age   8:        408 bytes,      31320 total
[2021-04-08T19:32:15.277+0000][49][gc,age      ] GC(30) - age   9:        576 bytes,      31896 total
[2021-04-08T19:32:15.277+0000][49][gc,age      ] GC(30) - age  10:      19840 bytes,      51736 total
[2021-04-08T19:32:15.277+0000][49][gc,age      ] GC(30) - age  11:       3480 bytes,      55216 total
[2021-04-08T19:32:15.277+0000][49][gc,age      ] GC(30) - age  12:       3728 bytes,      58944 total
[2021-04-08T19:32:15.277+0000][49][gc,age      ] GC(30) - age  13:     287208 bytes,     346152 total
[2021-04-08T19:32:15.277+0000][49][gc,age      ] GC(30) - age  14:       4856 bytes,     351008 total
[2021-04-08T19:32:15.277+0000][49][gc,age      ] GC(30) - age  15:       8616 bytes,     359624 total
[2021-04-08T19:32:15.277+0000][49][gc,phases   ] GC(30)   Pre Evacuate Collection Set: 0.2ms
[2021-04-08T19:32:15.277+0000][49][gc,phases   ] GC(30)   Merge Heap Roots: 0.2ms
[2021-04-08T19:32:15.277+0000][49][gc,phases   ] GC(30)   Evacuate Collection Set: 1.3ms
[2021-04-08T19:32:15.277+0000][49][gc,phases   ] GC(30)   Post Evacuate Collection Set: 5.8ms
[2021-04-08T19:32:15.277+0000][49][gc,phases   ] GC(30)   Other: 0.5ms
[2021-04-08T19:32:15.277+0000][49][gc,heap     ] GC(30) Eden regions: 1217->0(1217)
[2021-04-08T19:32:15.277+0000][49][gc,heap     ] GC(30) Survivor regions: 1->1(153)
[2021-04-08T19:32:15.277+0000][49][gc,heap     ] GC(30) Old regions: 22->22
[2021-04-08T19:32:15.277+0000][49][gc,heap     ] GC(30) Archive regions: 2->2
[2021-04-08T19:32:15.277+0000][49][gc,heap     ] GC(30) Humongous regions: 2->2
[2021-04-08T19:32:15.277+0000][49][gc,metaspace] GC(30) Metaspace: 99522K(103204K)->99522K(103204K) NonClass: 86062K(88536K)->86062K(88536K) Class: 13459K(14668K)->13459K(14668K)
[2021-04-08T19:32:15.277+0000][49][gc          ] GC(30) Pause Young (Normal) (G1 Evacuation Pause) 4964M->96M(8124M) 8.071ms
[2021-04-08T19:32:15.277+0000][49][gc,cpu      ] GC(30) User=0.00s Sys=0.00s Real=0.01s
[2021-04-08T19:32:15.277+0000][49][safepoint   ] Safepoint "G1CollectForAllocation", Time since last: 104733761800 ns, Reaching safepoint: 246600 ns, At safepoint: 8196400 ns, Total: 8443000 ns
[2021-04-08T19:43:48.321+0000][49][safepoint   ] Safepoint "Cleanup", Time since last: 693043452200 ns, Reaching safepoint: 319400 ns, At safepoint: 11600 ns, Total: 331000 ns
[2021-04-08T19:45:48.219+0000][49][safepoint   ] Safepoint "Cleanup", Time since last: 119897535200 ns, Reaching safepoint: 355700 ns, At safepoint: 32200 ns, Total: 387900 ns
[2021-04-08T19:46:18.483+0000][49][safepoint   ] Safepoint "Cleanup", Time since last: 30263993700 ns, Reaching safepoint: 293000 ns, At safepoint: 39500 ns, Total: 332500 ns
[2021-04-08T20:37:37.086+0000][49][gc,start    ] GC(31) Pause Young (Normal) (G1 Evacuation Pause)
[2021-04-08T20:37:37.086+0000][49][gc,task     ] GC(31) Using 8 workers of 8 for evacuation
[2021-04-08T20:37:37.086+0000][49][gc,age      ] GC(31) Desired survivor size 320864256 bytes, new threshold 15 (max threshold 15)
[2021-04-08T20:37:37.093+0000][49][gc,age      ] GC(31) Age table with threshold 15 (max threshold 15)
[2021-04-08T20:37:37.093+0000][49][gc,age      ] GC(31) - age   1:      10960 bytes,      10960 total
[2021-04-08T20:37:37.093+0000][49][gc,age      ] GC(31) - age   4:       6376 bytes,      17336 total
[2021-04-08T20:37:37.094+0000][49][gc,age      ] GC(31) - age   5:       2760 bytes,      20096 total
[2021-04-08T20:37:37.094+0000][49][gc,age      ] GC(31) - age   6:         72 bytes,      20168 total
[2021-04-08T20:37:37.094+0000][49][gc,age      ] GC(31) - age   7:         80 bytes,      20248 total
[2021-04-08T20:37:37.094+0000][49][gc,age      ] GC(31) - age   8:       1048 bytes,      21296 total
[2021-04-08T20:37:37.094+0000][49][gc,age      ] GC(31) - age   9:        408 bytes,      21704 total
[2021-04-08T20:37:37.094+0000][49][gc,age      ] GC(31) - age  10:        576 bytes,      22280 total
[2021-04-08T20:37:37.094+0000][49][gc,age      ] GC(31) - age  11:      19840 bytes,      42120 total
[2021-04-08T20:37:37.094+0000][49][gc,age      ] GC(31) - age  12:       3480 bytes,      45600 total
[2021-04-08T20:37:37.094+0000][49][gc,age      ] GC(31) - age  13:       3728 bytes,      49328 total
[2021-04-08T20:37:37.094+0000][49][gc,age      ] GC(31) - age  14:     287208 bytes,     336536 total
[2021-04-08T20:37:37.094+0000][49][gc,age      ] GC(31) - age  15:       4856 bytes,     341392 total
[2021-04-08T20:37:37.094+0000][49][gc,phases   ] GC(31)   Pre Evacuate Collection Set: 0.3ms
[2021-04-08T20:37:37.094+0000][49][gc,phases   ] GC(31)   Merge Heap Roots: 0.2ms
[2021-04-08T20:37:37.094+0000][49][gc,phases   ] GC(31)   Evacuate Collection Set: 1.3ms
[2021-04-08T20:37:37.094+0000][49][gc,phases   ] GC(31)   Post Evacuate Collection Set: 5.7ms
[2021-04-08T20:37:37.094+0000][49][gc,phases   ] GC(31)   Other: 0.6ms
[2021-04-08T20:37:37.094+0000][49][gc,heap     ] GC(31) Eden regions: 1217->0(1217)
[2021-04-08T20:37:37.094+0000][49][gc,heap     ] GC(31) Survivor regions: 1->1(153)
[2021-04-08T20:37:37.094+0000][49][gc,heap     ] GC(31) Old regions: 22->22
[2021-04-08T20:37:37.094+0000][49][gc,heap     ] GC(31) Archive regions: 2->2
[2021-04-08T20:37:37.094+0000][49][gc,heap     ] GC(31) Humongous regions: 2->2
[2021-04-08T20:37:37.094+0000][49][gc,metaspace] GC(31) Metaspace: 99522K(103204K)->99522K(103204K) NonClass: 86063K(88536K)->86063K(88536K) Class: 13459K(14668K)->13459K(14668K)
[2021-04-08T20:37:37.094+0000][49][gc          ] GC(31) Pause Young (Normal) (G1 Evacuation Pause) 4964M->96M(8124M) 8.055ms
[2021-04-08T20:37:37.094+0000][49][gc,cpu      ] GC(31) User=0.00s Sys=0.00s Real=0.00s
[2021-04-08T20:37:37.094+0000][49][safepoint   ] Safepoint "G1CollectForAllocation", Time since last: 3078601984900 ns, Reaching safepoint: 267400 ns, At safepoint: 8178500 ns, Total: 8445900 ns
[2021-04-08T21:42:59.821+0000][49][gc,start    ] GC(32) Pause Young (Normal) (G1 Evacuation Pause)
[2021-04-08T21:42:59.821+0000][49][gc,task     ] GC(32) Using 8 workers of 8 for evacuation
[2021-04-08T21:42:59.821+0000][49][gc,age      ] GC(32) Desired survivor size 320864256 bytes, new threshold 15 (max threshold 15)
[2021-04-08T21:42:59.829+0000][49][gc,age      ] GC(32) Age table with threshold 15 (max threshold 15)
[2021-04-08T21:42:59.829+0000][49][gc,age      ] GC(32) - age   1:      11976 bytes,      11976 total
[2021-04-08T21:42:59.829+0000][49][gc,age      ] GC(32) - age   2:        656 bytes,      12632 total
[2021-04-08T21:42:59.829+0000][49][gc,age      ] GC(32) - age   5:       6376 bytes,      19008 total
[2021-04-08T21:42:59.829+0000][49][gc,age      ] GC(32) - age   6:       2760 bytes,      21768 total
[2021-04-08T21:42:59.829+0000][49][gc,age      ] GC(32) - age   7:         72 bytes,      21840 total
[2021-04-08T21:42:59.829+0000][49][gc,age      ] GC(32) - age   8:         80 bytes,      21920 total
[2021-04-08T21:42:59.829+0000][49][gc,age      ] GC(32) - age   9:       1048 bytes,      22968 total
[2021-04-08T21:42:59.829+0000][49][gc,age      ] GC(32) - age  10:        408 bytes,      23376 total
[2021-04-08T21:42:59.829+0000][49][gc,age      ] GC(32) - age  11:        576 bytes,      23952 total
[2021-04-08T21:42:59.829+0000][49][gc,age      ] GC(32) - age  12:      19840 bytes,      43792 total
[2021-04-08T21:42:59.829+0000][49][gc,age      ] GC(32) - age  13:       3480 bytes,      47272 total
[2021-04-08T21:42:59.829+0000][49][gc,age      ] GC(32) - age  14:       3728 bytes,      51000 total
[2021-04-08T21:42:59.829+0000][49][gc,age      ] GC(32) - age  15:     287208 bytes,     338208 total
[2021-04-08T21:42:59.829+0000][49][gc,phases   ] GC(32)   Pre Evacuate Collection Set: 0.2ms
[2021-04-08T21:42:59.829+0000][49][gc,phases   ] GC(32)   Merge Heap Roots: 0.2ms
[2021-04-08T21:42:59.829+0000][49][gc,phases   ] GC(32)   Evacuate Collection Set: 1.4ms
[2021-04-08T21:42:59.829+0000][49][gc,phases   ] GC(32)   Post Evacuate Collection Set: 6.1ms
[2021-04-08T21:42:59.829+0000][49][gc,phases   ] GC(32)   Other: 0.5ms
[2021-04-08T21:42:59.829+0000][49][gc,heap     ] GC(32) Eden regions: 1217->0(1217)
[2021-04-08T21:42:59.829+0000][49][gc,heap     ] GC(32) Survivor regions: 1->1(153)
[2021-04-08T21:42:59.829+0000][49][gc,heap     ] GC(32) Old regions: 22->22
[2021-04-08T21:42:59.829+0000][49][gc,heap     ] GC(32) Archive regions: 2->2
[2021-04-08T21:42:59.829+0000][49][gc,heap     ] GC(32) Humongous regions: 2->2
[2021-04-08T21:42:59.829+0000][49][gc,metaspace] GC(32) Metaspace: 99522K(103204K)->99522K(103204K) NonClass: 86063K(88536K)->86063K(88536K) Class: 13459K(14668K)->13459K(14668K)
[2021-04-08T21:42:59.829+0000][49][gc          ] GC(32) Pause Young (Normal) (G1 Evacuation Pause) 4964M->96M(8124M) 8.425ms
[2021-04-08T21:42:59.829+0000][49][gc,cpu      ] GC(32) User=0.00s Sys=0.00s Real=0.01s
[2021-04-08T21:42:59.829+0000][49][safepoint   ] Safepoint "G1CollectForAllocation", Time since last: 3922726851000 ns, Reaching safepoint: 224700 ns, At safepoint: 8538700 ns, Total: 8763400 ns
[2021-04-08T22:20:31.867+0000][49][safepoint   ] Safepoint "Cleanup", Time since last: 2252037564800 ns, Reaching safepoint: 197000 ns, At safepoint: 31200 ns, Total: 228200 ns
[2021-04-08T22:24:53.830+0000][49][safepoint   ] Safepoint "Cleanup", Time since last: 261962151200 ns, Reaching safepoint: 264900 ns, At safepoint: 11200 ns, Total: 276100 ns
[2021-04-08T22:25:21.114+0000][49][safepoint   ] Safepoint "Cleanup", Time since last: 27284019200 ns, Reaching safepoint: 284900 ns, At safepoint: 10100 ns, Total: 295000 ns
[2021-04-08T22:48:20.688+0000][49][gc,start    ] GC(33) Pause Young (Normal) (G1 Evacuation Pause)
[2021-04-08T22:48:20.688+0000][49][gc,task     ] GC(33) Using 8 workers of 8 for evacuation
[2021-04-08T22:48:20.688+0000][49][gc,age      ] GC(33) Desired survivor size 320864256 bytes, new threshold 15 (max threshold 15)
[2021-04-08T22:48:20.696+0000][49][gc,age      ] GC(33) Age table with threshold 15 (max threshold 15)
[2021-04-08T22:48:20.696+0000][49][gc,age      ] GC(33) - age   1:      20040 bytes,      20040 total
[2021-04-08T22:48:20.696+0000][49][gc,age      ] GC(33) - age   2:        280 bytes,      20320 total
[2021-04-08T22:48:20.696+0000][49][gc,age      ] GC(33) - age   3:        656 bytes,      20976 total
[2021-04-08T22:48:20.696+0000][49][gc,age      ] GC(33) - age   6:       5096 bytes,      26072 total
[2021-04-08T22:48:20.696+0000][49][gc,age      ] GC(33) - age   7:       2760 bytes,      28832 total
[2021-04-08T22:48:20.696+0000][49][gc,age      ] GC(33) - age   8:         72 bytes,      28904 total
[2021-04-08T22:48:20.696+0000][49][gc,age      ] GC(33) - age   9:         80 bytes,      28984 total
[2021-04-08T22:48:20.696+0000][49][gc,age      ] GC(33) - age  10:       1048 bytes,      30032 total
[2021-04-08T22:48:20.696+0000][49][gc,age      ] GC(33) - age  11:        408 bytes,      30440 total
[2021-04-08T22:48:20.696+0000][49][gc,age      ] GC(33) - age  12:        576 bytes,      31016 total
[2021-04-08T22:48:20.696+0000][49][gc,age      ] GC(33) - age  13:      19720 bytes,      50736 total
[2021-04-08T22:48:20.696+0000][49][gc,age      ] GC(33) - age  14:       3480 bytes,      54216 total
[2021-04-08T22:48:20.696+0000][49][gc,age      ] GC(33) - age  15:       3728 bytes,      57944 total
[2021-04-08T22:48:20.696+0000][49][gc,phases   ] GC(33)   Pre Evacuate Collection Set: 0.2ms
[2021-04-08T22:48:20.696+0000][49][gc,phases   ] GC(33)   Merge Heap Roots: 0.2ms
[2021-04-08T22:48:20.696+0000][49][gc,phases   ] GC(33)   Evacuate Collection Set: 1.3ms
[2021-04-08T22:48:20.696+0000][49][gc,phases   ] GC(33)   Post Evacuate Collection Set: 5.6ms
[2021-04-08T22:48:20.696+0000][49][gc,phases   ] GC(33)   Other: 0.5ms
[2021-04-08T22:48:20.696+0000][49][gc,heap     ] GC(33) Eden regions: 1217->0(1217)
[2021-04-08T22:48:20.696+0000][49][gc,heap     ] GC(33) Survivor regions: 1->1(153)
[2021-04-08T22:48:20.696+0000][49][gc,heap     ] GC(33) Old regions: 22->22
[2021-04-08T22:48:20.696+0000][49][gc,heap     ] GC(33) Archive regions: 2->2
[2021-04-08T22:48:20.696+0000][49][gc,heap     ] GC(33) Humongous regions: 2->2
[2021-04-08T22:48:20.696+0000][49][gc,metaspace] GC(33) Metaspace: 99524K(103204K)->99524K(103204K) NonClass: 86064K(88536K)->86064K(88536K) Class: 13459K(14668K)->13459K(14668K)
[2021-04-08T22:48:20.696+0000][49][gc          ] GC(33) Pause Young (Normal) (G1 Evacuation Pause) 4964M->96M(8124M) 7.975ms
[2021-04-08T22:48:20.696+0000][49][gc,cpu      ] GC(33) User=0.00s Sys=0.00s Real=0.01s
[2021-04-08T22:48:20.696+0000][49][safepoint   ] Safepoint "G1CollectForAllocation", Time since last: 1379574019200 ns, Reaching safepoint: 232800 ns, At safepoint: 8094200 ns, Total: 8327000 ns
[2021-04-08T22:48:51.893+0000][49][safepoint   ] Safepoint "Cleanup", Time since last: 31196666400 ns, Reaching safepoint: 258400 ns, At safepoint: 25900 ns, Total: 284300 ns
[2021-04-08T22:52:42.591+0000][49][safepoint   ] Safepoint "Cleanup", Time since last: 230696931800 ns, Reaching safepoint: 1105000 ns, At safepoint: 14200 ns, Total: 1119200 ns
[2021-04-08T22:52:51.656+0000][49][safepoint   ] Safepoint "Cleanup", Time since last: 9063604100 ns, Reaching safepoint: 1407100 ns, At safepoint: 13200 ns, Total: 1420300 ns
[2021-04-08T23:05:30.177+0000][49][safepoint   ] Safepoint "Cleanup", Time since last: 758519028500 ns, Reaching safepoint: 1057600 ns, At safepoint: 31500 ns, Total: 1089100 ns
[2021-04-08T23:09:52.098+0000][49][safepoint   ] Safepoint "Cleanup", Time since last: 261921234400 ns, Reaching safepoint: 272200 ns, At safepoint: 12900 ns, Total: 285100 ns
[2021-04-08T23:45:23.039+0000][49][safepoint   ] Safepoint "Cleanup", Time since last: 2130940832300 ns, Reaching safepoint: 228300 ns, At safepoint: 29200 ns, Total: 257500 ns
[2021-04-08T23:47:52.134+0000][49][safepoint   ] Safepoint "Cleanup", Time since last: 149094626900 ns, Reaching safepoint: 218100 ns, At safepoint: 13200 ns, Total: 231300 ns
[2021-04-08T23:49:22.803+0000][49][safepoint   ] Safepoint "Cleanup", Time since last: 90668972300 ns, Reaching safepoint: 204900 ns, At safepoint: 27100 ns, Total: 232000 ns
[2021-04-08T23:50:30.272+0000][49][safepoint   ] Safepoint "Cleanup", Time since last: 67468565300 ns, Reaching safepoint: 231400 ns, At safepoint: 31400 ns, Total: 262800 ns
[2021-04-08T23:53:45.307+0000][49][gc,start    ] GC(34) Pause Young (Normal) (G1 Evacuation Pause)
[2021-04-08T23:53:45.307+0000][49][gc,task     ] GC(34) Using 8 workers of 8 for evacuation
[2021-04-08T23:53:45.307+0000][49][gc,age      ] GC(34) Desired survivor size 320864256 bytes, new threshold 15 (max threshold 15)
[2021-04-08T23:53:45.315+0000][49][gc,age      ] GC(34) Age table with threshold 15 (max threshold 15)
[2021-04-08T23:53:45.315+0000][49][gc,age      ] GC(34) - age   1:      11496 bytes,      11496 total
[2021-04-08T23:53:45.315+0000][49][gc,age      ] GC(34) - age   2:      10856 bytes,      22352 total
[2021-04-08T23:53:45.315+0000][49][gc,age      ] GC(34) - age   4:        656 bytes,      23008 total
[2021-04-08T23:53:45.315+0000][49][gc,age      ] GC(34) - age   7:       5096 bytes,      28104 total
[2021-04-08T23:53:45.315+0000][49][gc,age      ] GC(34) - age   8:       2760 bytes,      30864 total
[2021-04-08T23:53:45.315+0000][49][gc,age      ] GC(34) - age   9:         72 bytes,      30936 total
[2021-04-08T23:53:45.315+0000][49][gc,age      ] GC(34) - age  10:         80 bytes,      31016 total
[2021-04-08T23:53:45.315+0000][49][gc,age      ] GC(34) - age  11:       1048 bytes,      32064 total
[2021-04-08T23:53:45.315+0000][49][gc,age      ] GC(34) - age  12:        408 bytes,      32472 total
[2021-04-08T23:53:45.315+0000][49][gc,age      ] GC(34) - age  13:        576 bytes,      33048 total
[2021-04-08T23:53:45.315+0000][49][gc,age      ] GC(34) - age  14:      19720 bytes,      52768 total
[2021-04-08T23:53:45.315+0000][49][gc,age      ] GC(34) - age  15:       3480 bytes,      56248 total
[2021-04-08T23:53:45.315+0000][49][gc,phases   ] GC(34)   Pre Evacuate Collection Set: 0.2ms
[2021-04-08T23:53:45.315+0000][49][gc,phases   ] GC(34)   Merge Heap Roots: 0.2ms
[2021-04-08T23:53:45.315+0000][49][gc,phases   ] GC(34)   Evacuate Collection Set: 1.2ms
[2021-04-08T23:53:45.315+0000][49][gc,phases   ] GC(34)   Post Evacuate Collection Set: 6.0ms
[2021-04-08T23:53:45.315+0000][49][gc,phases   ] GC(34)   Other: 0.4ms
[2021-04-08T23:53:45.315+0000][49][gc,heap     ] GC(34) Eden regions: 1217->0(1217)
[2021-04-08T23:53:45.315+0000][49][gc,heap     ] GC(34) Survivor regions: 1->1(153)
[2021-04-08T23:53:45.315+0000][49][gc,heap     ] GC(34) Old regions: 22->22
[2021-04-08T23:53:45.315+0000][49][gc,heap     ] GC(34) Archive regions: 2->2
[2021-04-08T23:53:45.315+0000][49][gc,heap     ] GC(34) Humongous regions: 2->2
[2021-04-08T23:53:45.315+0000][49][gc,metaspace] GC(34) Metaspace: 99524K(103204K)->99524K(103204K) NonClass: 86064K(88536K)->86064K(88536K) Class: 13459K(14668K)->13459K(14668K)
[2021-04-08T23:53:45.315+0000][49][gc          ] GC(34) Pause Young (Normal) (G1 Evacuation Pause) 4964M->96M(8124M) 8.205ms
[2021-04-08T23:53:45.315+0000][49][gc,cpu      ] GC(34) User=0.00s Sys=0.00s Real=0.00s
[2021-04-08T23:53:45.315+0000][49][safepoint   ] Safepoint "G1CollectForAllocation", Time since last: 195034755900 ns, Reaching safepoint: 378700 ns, At safepoint: 8319100 ns, Total: 8697800 ns
[2021-04-09T00:16:53.457+0000][49][safepoint   ] Safepoint "Cleanup", Time since last: 1388141001200 ns, Reaching safepoint: 269200 ns, At safepoint: 11500 ns, Total: 280700 ns
[2021-04-09T00:17:23.666+0000][49][safepoint   ] Safepoint "Cleanup", Time since last: 30209218100 ns, Reaching safepoint: 340500 ns, At safepoint: 27500 ns, Total: 368000 ns
[2021-04-09T00:17:25.689+0000][49][safepoint   ] Safepoint "Cleanup", Time since last: 2022568100 ns, Reaching safepoint: 260000 ns, At safepoint: 9400 ns, Total: 269400 ns
[2021-04-09T00:18:55.349+0000][49][safepoint   ] Safepoint "Cleanup", Time since last: 89659921700 ns, Reaching safepoint: 350200 ns, At safepoint: 10700 ns, Total: 360900 ns
[2021-04-09T00:59:08.860+0000][49][gc,start    ] GC(35) Pause Young (Normal) (G1 Evacuation Pause)
[2021-04-09T00:59:08.860+0000][49][gc,task     ] GC(35) Using 8 workers of 8 for evacuation
[2021-04-09T00:59:08.860+0000][49][gc,age      ] GC(35) Desired survivor size 320864256 bytes, new threshold 15 (max threshold 15)
[2021-04-09T00:59:08.868+0000][49][gc,age      ] GC(35) Age table with threshold 15 (max threshold 15)
[2021-04-09T00:59:08.868+0000][49][gc,age      ] GC(35) - age   1:      17168 bytes,      17168 total
[2021-04-09T00:59:08.868+0000][49][gc,age      ] GC(35) - age   2:        584 bytes,      17752 total
[2021-04-09T00:59:08.868+0000][49][gc,age      ] GC(35) - age   3:       9896 bytes,      27648 total
[2021-04-09T00:59:08.868+0000][49][gc,age      ] GC(35) - age   5:        656 bytes,      28304 total
[2021-04-09T00:59:08.868+0000][49][gc,age      ] GC(35) - age   8:       5096 bytes,      33400 total
[2021-04-09T00:59:08.868+0000][49][gc,age      ] GC(35) - age   9:       2760 bytes,      36160 total
[2021-04-09T00:59:08.868+0000][49][gc,age      ] GC(35) - age  10:         72 bytes,      36232 total
[2021-04-09T00:59:08.868+0000][49][gc,age      ] GC(35) - age  11:         80 bytes,      36312 total
[2021-04-09T00:59:08.868+0000][49][gc,age      ] GC(35) - age  12:       1048 bytes,      37360 total
[2021-04-09T00:59:08.868+0000][49][gc,age      ] GC(35) - age  13:        408 bytes,      37768 total
[2021-04-09T00:59:08.868+0000][49][gc,age      ] GC(35) - age  14:        576 bytes,      38344 total
[2021-04-09T00:59:08.868+0000][49][gc,age      ] GC(35) - age  15:      19720 bytes,      58064 total
[2021-04-09T00:59:08.868+0000][49][gc,phases   ] GC(35)   Pre Evacuate Collection Set: 0.2ms
[2021-04-09T00:59:08.868+0000][49][gc,phases   ] GC(35)   Merge Heap Roots: 0.2ms
[2021-04-09T00:59:08.868+0000][49][gc,phases   ] GC(35)   Evacuate Collection Set: 1.3ms
[2021-04-09T00:59:08.868+0000][49][gc,phases   ] GC(35)   Post Evacuate Collection Set: 5.6ms
[2021-04-09T00:59:08.868+0000][49][gc,phases   ] GC(35)   Other: 0.5ms
[2021-04-09T00:59:08.868+0000][49][gc,heap     ] GC(35) Eden regions: 1217->0(1217)
[2021-04-09T00:59:08.868+0000][49][gc,heap     ] GC(35) Survivor regions: 1->1(153)
[2021-04-09T00:59:08.868+0000][49][gc,heap     ] GC(35) Old regions: 22->22
[2021-04-09T00:59:08.868+0000][49][gc,heap     ] GC(35) Archive regions: 2->2
[2021-04-09T00:59:08.868+0000][49][gc,heap     ] GC(35) Humongous regions: 2->2
[2021-04-09T00:59:08.868+0000][49][gc,metaspace] GC(35) Metaspace: 99524K(103204K)->99524K(103204K) NonClass: 86064K(88536K)->86064K(88536K) Class: 13459K(14668K)->13459K(14668K)
[2021-04-09T00:59:08.868+0000][49][gc          ] GC(35) Pause Young (Normal) (G1 Evacuation Pause) 4964M->96M(8124M) 7.953ms
[2021-04-09T00:59:08.868+0000][49][gc,cpu      ] GC(35) User=0.00s Sys=0.00s Real=0.01s
[2021-04-09T00:59:08.868+0000][49][safepoint   ] Safepoint "G1CollectForAllocation", Time since last: 2413509004100 ns, Reaching safepoint: 1612600 ns, At safepoint: 8075100 ns, Total: 9687700 ns
[2021-04-09T01:00:00.345+0000][49][safepoint   ] Safepoint "Cleanup", Time since last: 51476787400 ns, Reaching safepoint: 298600 ns, At safepoint: 12200 ns, Total: 310800 ns
[2021-04-09T01:30:00.144+0000][49][safepoint   ] Safepoint "Cleanup", Time since last: 1799798800900 ns, Reaching safepoint: 194500 ns, At safepoint: 12200 ns, Total: 206700 ns
[2021-04-09T02:04:27.193+0000][49][gc,start    ] GC(36) Pause Young (Normal) (G1 Evacuation Pause)
[2021-04-09T02:04:27.193+0000][49][gc,task     ] GC(36) Using 8 workers of 8 for evacuation
[2021-04-09T02:04:27.193+0000][49][gc,age      ] GC(36) Desired survivor size 320864256 bytes, new threshold 15 (max threshold 15)
[2021-04-09T02:04:27.201+0000][49][gc,age      ] GC(36) Age table with threshold 15 (max threshold 15)
[2021-04-09T02:04:27.201+0000][49][gc,age      ] GC(36) - age   1:      11680 bytes,      11680 total
[2021-04-09T02:04:27.201+0000][49][gc,age      ] GC(36) - age   2:       7224 bytes,      18904 total
[2021-04-09T02:04:27.201+0000][49][gc,age      ] GC(36) - age   3:        304 bytes,      19208 total
[2021-04-09T02:04:27.201+0000][49][gc,age      ] GC(36) - age   4:       1392 bytes,      20600 total
[2021-04-09T02:04:27.201+0000][49][gc,age      ] GC(36) - age   6:        656 bytes,      21256 total
[2021-04-09T02:04:27.201+0000][49][gc,age      ] GC(36) - age   9:       5096 bytes,      26352 total
[2021-04-09T02:04:27.201+0000][49][gc,age      ] GC(36) - age  10:       2760 bytes,      29112 total
[2021-04-09T02:04:27.201+0000][49][gc,age      ] GC(36) - age  11:         72 bytes,      29184 total
[2021-04-09T02:04:27.201+0000][49][gc,age      ] GC(36) - age  12:         80 bytes,      29264 total
[2021-04-09T02:04:27.201+0000][49][gc,age      ] GC(36) - age  13:       1048 bytes,      30312 total
[2021-04-09T02:04:27.201+0000][49][gc,age      ] GC(36) - age  14:        408 bytes,      30720 total
[2021-04-09T02:04:27.201+0000][49][gc,age      ] GC(36) - age  15:        576 bytes,      31296 total
[2021-04-09T02:04:27.201+0000][49][gc,phases   ] GC(36)   Pre Evacuate Collection Set: 0.2ms
[2021-04-09T02:04:27.201+0000][49][gc,phases   ] GC(36)   Merge Heap Roots: 0.3ms
[2021-04-09T02:04:27.201+0000][49][gc,phases   ] GC(36)   Evacuate Collection Set: 1.4ms
[2021-04-09T02:04:27.201+0000][49][gc,phases   ] GC(36)   Post Evacuate Collection Set: 5.7ms
[2021-04-09T02:04:27.201+0000][49][gc,phases   ] GC(36)   Other: 0.5ms
[2021-04-09T02:04:27.201+0000][49][gc,heap     ] GC(36) Eden regions: 1217->0(1217)
[2021-04-09T02:04:27.201+0000][49][gc,heap     ] GC(36) Survivor regions: 1->1(153)
[2021-04-09T02:04:27.201+0000][49][gc,heap     ] GC(36) Old regions: 22->22
[2021-04-09T02:04:27.201+0000][49][gc,heap     ] GC(36) Archive regions: 2->2
[2021-04-09T02:04:27.201+0000][49][gc,heap     ] GC(36) Humongous regions: 2->2
[2021-04-09T02:04:27.201+0000][49][gc,metaspace] GC(36) Metaspace: 99530K(103204K)->99530K(103204K) NonClass: 86070K(88536K)->86070K(88536K) Class: 13459K(14668K)->13459K(14668K)
[2021-04-09T02:04:27.201+0000][49][gc          ] GC(36) Pause Young (Normal) (G1 Evacuation Pause) 4964M->96M(8124M) 8.202ms
[2021-04-09T02:04:27.201+0000][49][gc,cpu      ] GC(36) User=0.00s Sys=0.00s Real=0.01s
[2021-04-09T02:04:27.202+0000][49][safepoint   ] Safepoint "G1CollectForAllocation", Time since last: 2067048622700 ns, Reaching safepoint: 313300 ns, At safepoint: 8345500 ns, Total: 8658800 ns
[2021-04-09T02:20:39.391+0000][49][safepoint   ] Safepoint "Cleanup", Time since last: 972189318100 ns, Reaching safepoint: 163100 ns, At safepoint: 23900 ns, Total: 187000 ns
[2021-04-09T03:05:30.210+0000][49][safepoint   ] Safepoint "Cleanup", Time since last: 2690818568400 ns, Reaching safepoint: 141000 ns, At safepoint: 12400 ns, Total: 153400 ns
[2021-04-09T03:09:50.731+0000][49][gc,start    ] GC(37) Pause Young (Normal) (G1 Evacuation Pause)
[2021-04-09T03:09:50.731+0000][49][gc,task     ] GC(37) Using 8 workers of 8 for evacuation
[2021-04-09T03:09:50.731+0000][49][gc,age      ] GC(37) Desired survivor size 320864256 bytes, new threshold 15 (max threshold 15)
[2021-04-09T03:09:50.739+0000][49][gc,age      ] GC(37) Age table with threshold 15 (max threshold 15)
[2021-04-09T03:09:50.739+0000][49][gc,age      ] GC(37) - age   1:      11896 bytes,      11896 total
[2021-04-09T03:09:50.739+0000][49][gc,age      ] GC(37) - age   2:        776 bytes,      12672 total
[2021-04-09T03:09:50.739+0000][49][gc,age      ] GC(37) - age   3:       7224 bytes,      19896 total
[2021-04-09T03:09:50.739+0000][49][gc,age      ] GC(37) - age   4:        304 bytes,      20200 total
[2021-04-09T03:09:50.739+0000][49][gc,age      ] GC(37) - age   5:       1392 bytes,      21592 total
[2021-04-09T03:09:50.739+0000][49][gc,age      ] GC(37) - age   7:        656 bytes,      22248 total
[2021-04-09T03:09:50.739+0000][49][gc,age      ] GC(37) - age  10:       5096 bytes,      27344 total
[2021-04-09T03:09:50.739+0000][49][gc,age      ] GC(37) - age  11:       2760 bytes,      30104 total
[2021-04-09T03:09:50.739+0000][49][gc,age      ] GC(37) - age  12:         72 bytes,      30176 total
[2021-04-09T03:09:50.739+0000][49][gc,age      ] GC(37) - age  13:         80 bytes,      30256 total
[2021-04-09T03:09:50.739+0000][49][gc,age      ] GC(37) - age  14:       1048 bytes,      31304 total
[2021-04-09T03:09:50.739+0000][49][gc,age      ] GC(37) - age  15:        408 bytes,      31712 total
[2021-04-09T03:09:50.739+0000][49][gc,phases   ] GC(37)   Pre Evacuate Collection Set: 0.2ms
[2021-04-09T03:09:50.739+0000][49][gc,phases   ] GC(37)   Merge Heap Roots: 0.3ms
[2021-04-09T03:09:50.739+0000][49][gc,phases   ] GC(37)   Evacuate Collection Set: 1.2ms
[2021-04-09T03:09:50.739+0000][49][gc,phases   ] GC(37)   Post Evacuate Collection Set: 5.8ms
[2021-04-09T03:09:50.739+0000][49][gc,phases   ] GC(37)   Other: 0.4ms
[2021-04-09T03:09:50.739+0000][49][gc,heap     ] GC(37) Eden regions: 1217->0(1217)
[2021-04-09T03:09:50.739+0000][49][gc,heap     ] GC(37) Survivor regions: 1->1(153)
[2021-04-09T03:09:50.739+0000][49][gc,heap     ] GC(37) Old regions: 22->22
[2021-04-09T03:09:50.739+0000][49][gc,heap     ] GC(37) Archive regions: 2->2
[2021-04-09T03:09:50.739+0000][49][gc,heap     ] GC(37) Humongous regions: 2->2
[2021-04-09T03:09:50.739+0000][49][gc,metaspace] GC(37) Metaspace: 99531K(103204K)->99531K(103204K) NonClass: 86071K(88536K)->86071K(88536K) Class: 13459K(14668K)->13459K(14668K)
[2021-04-09T03:09:50.739+0000][49][gc          ] GC(37) Pause Young (Normal) (G1 Evacuation Pause) 4964M->96M(8124M) 8.020ms
[2021-04-09T03:09:50.739+0000][49][gc,cpu      ] GC(37) User=0.00s Sys=0.00s Real=0.01s
[2021-04-09T03:09:50.740+0000][49][safepoint   ] Safepoint "G1CollectForAllocation", Time since last: 260521283500 ns, Reaching safepoint: 299000 ns, At safepoint: 8160700 ns, Total: 8459700 ns
[2021-04-09T04:15:15.462+0000][49][gc,start    ] GC(38) Pause Young (Normal) (G1 Evacuation Pause)
[2021-04-09T04:15:15.462+0000][49][gc,task     ] GC(38) Using 8 workers of 8 for evacuation
[2021-04-09T04:15:15.462+0000][49][gc,age      ] GC(38) Desired survivor size 320864256 bytes, new threshold 15 (max threshold 15)
[2021-04-09T04:15:15.469+0000][49][gc,age      ] GC(38) Age table with threshold 15 (max threshold 15)
[2021-04-09T04:15:15.469+0000][49][gc,age      ] GC(38) - age   1:      11840 bytes,      11840 total
[2021-04-09T04:15:15.469+0000][49][gc,age      ] GC(38) - age   2:        464 bytes,      12304 total
[2021-04-09T04:15:15.469+0000][49][gc,age      ] GC(38) - age   3:        496 bytes,      12800 total
[2021-04-09T04:15:15.469+0000][49][gc,age      ] GC(38) - age   4:       7104 bytes,      19904 total
[2021-04-09T04:15:15.469+0000][49][gc,age      ] GC(38) - age   5:        304 bytes,      20208 total
[2021-04-09T04:15:15.469+0000][49][gc,age      ] GC(38) - age   6:       1392 bytes,      21600 total
[2021-04-09T04:15:15.469+0000][49][gc,age      ] GC(38) - age   8:        656 bytes,      22256 total
[2021-04-09T04:15:15.469+0000][49][gc,age      ] GC(38) - age  11:       5096 bytes,      27352 total
[2021-04-09T04:15:15.469+0000][49][gc,age      ] GC(38) - age  12:       2760 bytes,      30112 total
[2021-04-09T04:15:15.469+0000][49][gc,age      ] GC(38) - age  13:         72 bytes,      30184 total
[2021-04-09T04:15:15.469+0000][49][gc,age      ] GC(38) - age  14:         80 bytes,      30264 total
[2021-04-09T04:15:15.469+0000][49][gc,age      ] GC(38) - age  15:       1048 bytes,      31312 total
[2021-04-09T04:15:15.469+0000][49][gc,phases   ] GC(38)   Pre Evacuate Collection Set: 0.3ms
[2021-04-09T04:15:15.469+0000][49][gc,phases   ] GC(38)   Merge Heap Roots: 0.3ms
[2021-04-09T04:15:15.469+0000][49][gc,phases   ] GC(38)   Evacuate Collection Set: 1.2ms
[2021-04-09T04:15:15.469+0000][49][gc,phases   ] GC(38)   Post Evacuate Collection Set: 4.9ms
[2021-04-09T04:15:15.469+0000][49][gc,phases   ] GC(38)   Other: 0.5ms
[2021-04-09T04:15:15.469+0000][49][gc,heap     ] GC(38) Eden regions: 1217->0(1217)
[2021-04-09T04:15:15.469+0000][49][gc,heap     ] GC(38) Survivor regions: 1->1(153)
[2021-04-09T04:15:15.469+0000][49][gc,heap     ] GC(38) Old regions: 22->22
[2021-04-09T04:15:15.469+0000][49][gc,heap     ] GC(38) Archive regions: 2->2
[2021-04-09T04:15:15.469+0000][49][gc,heap     ] GC(38) Humongous regions: 2->2
[2021-04-09T04:15:15.469+0000][49][gc,metaspace] GC(38) Metaspace: 99534K(103204K)->99534K(103204K) NonClass: 86074K(88536K)->86074K(88536K) Class: 13459K(14668K)->13459K(14668K)
[2021-04-09T04:15:15.469+0000][49][gc          ] GC(38) Pause Young (Normal) (G1 Evacuation Pause) 4964M->96M(8124M) 7.296ms
[2021-04-09T04:15:15.469+0000][49][gc,cpu      ] GC(38) User=0.00s Sys=0.00s Real=0.01s
[2021-04-09T04:15:15.469+0000][49][safepoint   ] Safepoint "G1CollectForAllocation", Time since last: 3924722147100 ns, Reaching safepoint: 251500 ns, At safepoint: 7423100 ns, Total: 7674600 ns
[2021-04-09T04:20:30.780+0000][49][safepoint   ] Safepoint "Cleanup", Time since last: 315310741000 ns, Reaching safepoint: 247800 ns, At safepoint: 11100 ns, Total: 258900 ns
[2021-04-09T04:21:28.221+0000][49][safepoint   ] Safepoint "Cleanup", Time since last: 57440229500 ns, Reaching safepoint: 285000 ns, At safepoint: 13000 ns, Total: 298000 ns
[2021-04-09T04:21:57.414+0000][49][safepoint   ] Safepoint "Cleanup", Time since last: 29193232100 ns, Reaching safepoint: 181300 ns, At safepoint: 32200 ns, Total: 213500 ns
[2021-04-09T04:33:27.490+0000][49][safepoint   ] Safepoint "Cleanup", Time since last: 690075586400 ns, Reaching safepoint: 250900 ns, At safepoint: 12000 ns, Total: 262900 ns
[2021-04-09T04:33:30.524+0000][49][safepoint   ] Safepoint "Cleanup", Time since last: 3033296900 ns, Reaching safepoint: 211100 ns, At safepoint: 25300 ns, Total: 236400 ns
[2021-04-09T05:00:41.571+0000][49][safepoint   ] Safepoint "Cleanup", Time since last: 1631047148900 ns, Reaching safepoint: 189200 ns, At safepoint: 27400 ns, Total: 216600 ns
[2021-04-09T05:20:35.885+0000][49][gc,start    ] GC(39) Pause Young (Normal) (G1 Evacuation Pause)
[2021-04-09T05:20:35.885+0000][49][gc,task     ] GC(39) Using 8 workers of 8 for evacuation
[2021-04-09T05:20:35.885+0000][49][gc,age      ] GC(39) Desired survivor size 320864256 bytes, new threshold 15 (max threshold 15)
[2021-04-09T05:20:35.892+0000][49][gc,age      ] GC(39) Age table with threshold 15 (max threshold 15)
[2021-04-09T05:20:35.892+0000][49][gc,age      ] GC(39) - age   1:      21496 bytes,      21496 total
[2021-04-09T05:20:35.892+0000][49][gc,age      ] GC(39) - age   2:        120 bytes,      21616 total
[2021-04-09T05:20:35.892+0000][49][gc,age      ] GC(39) - age   3:        184 bytes,      21800 total
[2021-04-09T05:20:35.892+0000][49][gc,age      ] GC(39) - age   4:        496 bytes,      22296 total
[2021-04-09T05:20:35.892+0000][49][gc,age      ] GC(39) - age   5:       7104 bytes,      29400 total
[2021-04-09T05:20:35.892+0000][49][gc,age      ] GC(39) - age   6:        304 bytes,      29704 total
[2021-04-09T05:20:35.892+0000][49][gc,age      ] GC(39) - age   7:        112 bytes,      29816 total
[2021-04-09T05:20:35.892+0000][49][gc,age      ] GC(39) - age   9:        656 bytes,      30472 total
[2021-04-09T05:20:35.892+0000][49][gc,age      ] GC(39) - age  12:       5096 bytes,      35568 total
[2021-04-09T05:20:35.892+0000][49][gc,age      ] GC(39) - age  13:       2760 bytes,      38328 total
[2021-04-09T05:20:35.892+0000][49][gc,age      ] GC(39) - age  14:         72 bytes,      38400 total
[2021-04-09T05:20:35.892+0000][49][gc,age      ] GC(39) - age  15:         80 bytes,      38480 total
[2021-04-09T05:20:35.892+0000][49][gc,phases   ] GC(39)   Pre Evacuate Collection Set: 0.3ms
[2021-04-09T05:20:35.892+0000][49][gc,phases   ] GC(39)   Merge Heap Roots: 0.2ms
[2021-04-09T05:20:35.892+0000][49][gc,phases   ] GC(39)   Evacuate Collection Set: 1.2ms
[2021-04-09T05:20:35.892+0000][49][gc,phases   ] GC(39)   Post Evacuate Collection Set: 5.4ms
[2021-04-09T05:20:35.892+0000][49][gc,phases   ] GC(39)   Other: 0.4ms
[2021-04-09T05:20:35.892+0000][49][gc,heap     ] GC(39) Eden regions: 1217->0(1217)
[2021-04-09T05:20:35.892+0000][49][gc,heap     ] GC(39) Survivor regions: 1->1(153)
[2021-04-09T05:20:35.892+0000][49][gc,heap     ] GC(39) Old regions: 22->22
[2021-04-09T05:20:35.892+0000][49][gc,heap     ] GC(39) Archive regions: 2->2
[2021-04-09T05:20:35.892+0000][49][gc,heap     ] GC(39) Humongous regions: 2->2
[2021-04-09T05:20:35.892+0000][49][gc,metaspace] GC(39) Metaspace: 99537K(103204K)->99537K(103204K) NonClass: 86077K(88536K)->86077K(88536K) Class: 13459K(14668K)->13459K(14668K)
[2021-04-09T05:20:35.892+0000][49][gc          ] GC(39) Pause Young (Normal) (G1 Evacuation Pause) 4964M->96M(8124M) 7.579ms
[2021-04-09T05:20:35.892+0000][49][gc,cpu      ] GC(39) User=0.00s Sys=0.00s Real=0.01s
[2021-04-09T05:20:35.892+0000][49][safepoint   ] Safepoint "G1CollectForAllocation", Time since last: 1194313455700 ns, Reaching safepoint: 181500 ns, At safepoint: 7707300 ns, Total: 7888800 ns
[2021-04-09T05:25:59.345+0000][49][safepoint   ] Safepoint "Cleanup", Time since last: 323452041800 ns, Reaching safepoint: 225100 ns, At safepoint: 10900 ns, Total: 236000 ns
[2021-04-09T05:27:59.377+0000][49][safepoint   ] Safepoint "Cleanup", Time since last: 120031986500 ns, Reaching safepoint: 300800 ns, At safepoint: 10400 ns, Total: 311200 ns
[2021-04-09T05:28:28.654+0000][49][safepoint   ] Safepoint "Cleanup", Time since last: 29276391900 ns, Reaching safepoint: 192500 ns, At safepoint: 24000 ns, Total: 216500 ns
[2021-04-09T05:30:00.446+0000][49][safepoint   ] Safepoint "Cleanup", Time since last: 91792295800 ns, Reaching safepoint: 267000 ns, At safepoint: 11900 ns, Total: 278900 ns
[2021-04-09T05:35:31.027+0000][49][safepoint   ] Safepoint "Cleanup", Time since last: 330580831700 ns, Reaching safepoint: 179700 ns, At safepoint: 24300 ns, Total: 204000 ns
[2021-04-09T06:20:31.120+0000][49][safepoint   ] Safepoint "Cleanup", Time since last: 2700092998800 ns, Reaching safepoint: 218600 ns, At safepoint: 30700 ns, Total: 249300 ns
[2021-04-09T06:25:51.760+0000][49][gc,start    ] GC(40) Pause Young (Normal) (G1 Evacuation Pause)
[2021-04-09T06:25:51.761+0000][49][gc,task     ] GC(40) Using 8 workers of 8 for evacuation
[2021-04-09T06:25:51.761+0000][49][gc,age      ] GC(40) Desired survivor size 320864256 bytes, new threshold 15 (max threshold 15)
[2021-04-09T06:25:51.768+0000][49][gc,age      ] GC(40) Age table with threshold 15 (max threshold 15)
[2021-04-09T06:25:51.768+0000][49][gc,age      ] GC(40) - age   1:      54824 bytes,      54824 total
[2021-04-09T06:25:51.768+0000][49][gc,age      ] GC(40) - age   2:      10840 bytes,      65664 total
[2021-04-09T06:25:51.768+0000][49][gc,age      ] GC(40) - age   3:        120 bytes,      65784 total
[2021-04-09T06:25:51.768+0000][49][gc,age      ] GC(40) - age   4:        184 bytes,      65968 total
[2021-04-09T06:25:51.768+0000][49][gc,age      ] GC(40) - age   5:        496 bytes,      66464 total
[2021-04-09T06:25:51.768+0000][49][gc,age      ] GC(40) - age   6:       7104 bytes,      73568 total
[2021-04-09T06:25:51.768+0000][49][gc,age      ] GC(40) - age   7:        304 bytes,      73872 total
[2021-04-09T06:25:51.768+0000][49][gc,age      ] GC(40) - age   8:        112 bytes,      73984 total
[2021-04-09T06:25:51.768+0000][49][gc,age      ] GC(40) - age  10:        656 bytes,      74640 total
[2021-04-09T06:25:51.768+0000][49][gc,age      ] GC(40) - age  13:       5096 bytes,      79736 total
[2021-04-09T06:25:51.768+0000][49][gc,age      ] GC(40) - age  14:       2760 bytes,      82496 total
[2021-04-09T06:25:51.768+0000][49][gc,age      ] GC(40) - age  15:         72 bytes,      82568 total
[2021-04-09T06:25:51.768+0000][49][gc,phases   ] GC(40)   Pre Evacuate Collection Set: 0.2ms
[2021-04-09T06:25:51.768+0000][49][gc,phases   ] GC(40)   Merge Heap Roots: 0.3ms
[2021-04-09T06:25:51.768+0000][49][gc,phases   ] GC(40)   Evacuate Collection Set: 1.1ms
[2021-04-09T06:25:51.768+0000][49][gc,phases   ] GC(40)   Post Evacuate Collection Set: 5.2ms
[2021-04-09T06:25:51.768+0000][49][gc,phases   ] GC(40)   Other: 0.4ms
[2021-04-09T06:25:51.768+0000][49][gc,heap     ] GC(40) Eden regions: 1217->0(1217)
[2021-04-09T06:25:51.768+0000][49][gc,heap     ] GC(40) Survivor regions: 1->1(153)
[2021-04-09T06:25:51.768+0000][49][gc,heap     ] GC(40) Old regions: 22->22
[2021-04-09T06:25:51.768+0000][49][gc,heap     ] GC(40) Archive regions: 2->2
[2021-04-09T06:25:51.768+0000][49][gc,heap     ] GC(40) Humongous regions: 2->2
[2021-04-09T06:25:51.768+0000][49][gc,metaspace] GC(40) Metaspace: 99557K(103204K)->99557K(103204K) NonClass: 86098K(88536K)->86098K(88536K) Class: 13459K(14668K)->13459K(14668K)
[2021-04-09T06:25:51.768+0000][49][gc          ] GC(40) Pause Young (Normal) (G1 Evacuation Pause) 4964M->96M(8124M) 7.382ms
[2021-04-09T06:25:51.768+0000][49][gc,cpu      ] GC(40) User=0.00s Sys=0.00s Real=0.01s
[2021-04-09T06:25:51.768+0000][49][safepoint   ] Safepoint "G1CollectForAllocation", Time since last: 320639699100 ns, Reaching safepoint: 298800 ns, At safepoint: 7511700 ns, Total: 7810500 ns
[2021-04-09T06:29:00.183+0000][49][safepoint   ] Safepoint "Cleanup", Time since last: 188414506700 ns, Reaching safepoint: 247800 ns, At safepoint: 11600 ns, Total: 259400 ns
[2021-04-09T06:31:00.042+0000][49][safepoint   ] Safepoint "Cleanup", Time since last: 119858794300 ns, Reaching safepoint: 144600 ns, At safepoint: 28200 ns, Total: 172800 ns
[2021-04-09T06:31:30.292+0000][49][safepoint   ] Safepoint "Cleanup", Time since last: 30249948400 ns, Reaching safepoint: 145400 ns, At safepoint: 10500 ns, Total: 155900 ns
[2021-04-09T07:31:15.207+0000][49][gc,start    ] GC(41) Pause Young (Normal) (G1 Evacuation Pause)
[2021-04-09T07:31:15.207+0000][49][gc,task     ] GC(41) Using 8 workers of 8 for evacuation
[2021-04-09T07:31:15.207+0000][49][gc,age      ] GC(41) Desired survivor size 320864256 bytes, new threshold 15 (max threshold 15)
[2021-04-09T07:31:15.214+0000][49][gc,age      ] GC(41) Age table with threshold 15 (max threshold 15)
[2021-04-09T07:31:15.214+0000][49][gc,age      ] GC(41) - age   1:      10288 bytes,      10288 total
[2021-04-09T07:31:15.214+0000][49][gc,age      ] GC(41) - age   2:      43080 bytes,      53368 total
[2021-04-09T07:31:15.214+0000][49][gc,age      ] GC(41) - age   3:      10840 bytes,      64208 total
[2021-04-09T07:31:15.214+0000][49][gc,age      ] GC(41) - age   4:        120 bytes,      64328 total
[2021-04-09T07:31:15.214+0000][49][gc,age      ] GC(41) - age   5:        184 bytes,      64512 total
[2021-04-09T07:31:15.214+0000][49][gc,age      ] GC(41) - age   6:        496 bytes,      65008 total
[2021-04-09T07:31:15.214+0000][49][gc,age      ] GC(41) - age   7:       7104 bytes,      72112 total
[2021-04-09T07:31:15.214+0000][49][gc,age      ] GC(41) - age   8:        304 bytes,      72416 total
[2021-04-09T07:31:15.214+0000][49][gc,age      ] GC(41) - age   9:        112 bytes,      72528 total
[2021-04-09T07:31:15.214+0000][49][gc,age      ] GC(41) - age  11:        656 bytes,      73184 total
[2021-04-09T07:31:15.214+0000][49][gc,age      ] GC(41) - age  14:       5096 bytes,      78280 total
[2021-04-09T07:31:15.214+0000][49][gc,age      ] GC(41) - age  15:       2760 bytes,      81040 total
[2021-04-09T07:31:15.214+0000][49][gc,phases   ] GC(41)   Pre Evacuate Collection Set: 0.2ms
[2021-04-09T07:31:15.214+0000][49][gc,phases   ] GC(41)   Merge Heap Roots: 0.3ms
[2021-04-09T07:31:15.214+0000][49][gc,phases   ] GC(41)   Evacuate Collection Set: 1.1ms
[2021-04-09T07:31:15.214+0000][49][gc,phases   ] GC(41)   Post Evacuate Collection Set: 5.6ms
[2021-04-09T07:31:15.214+0000][49][gc,phases   ] GC(41)   Other: 0.6ms
[2021-04-09T07:31:15.214+0000][49][gc,heap     ] GC(41) Eden regions: 1217->0(1217)
[2021-04-09T07:31:15.214+0000][49][gc,heap     ] GC(41) Survivor regions: 1->1(153)
[2021-04-09T07:31:15.214+0000][49][gc,heap     ] GC(41) Old regions: 22->22
[2021-04-09T07:31:15.214+0000][49][gc,heap     ] GC(41) Archive regions: 2->2
[2021-04-09T07:31:15.214+0000][49][gc,heap     ] GC(41) Humongous regions: 2->2
[2021-04-09T07:31:15.215+0000][49][gc,metaspace] GC(41) Metaspace: 99557K(103204K)->99557K(103204K) NonClass: 86098K(88536K)->86098K(88536K) Class: 13459K(14668K)->13459K(14668K)
[2021-04-09T07:31:15.215+0000][49][gc          ] GC(41) Pause Young (Normal) (G1 Evacuation Pause) 4964M->96M(8124M) 7.894ms
[2021-04-09T07:31:15.215+0000][49][gc,cpu      ] GC(41) User=0.00s Sys=0.00s Real=0.00s
[2021-04-09T07:31:15.215+0000][49][safepoint   ] Safepoint "G1CollectForAllocation", Time since last: 3584914691200 ns, Reaching safepoint: 165700 ns, At safepoint: 8066800 ns, Total: 8232500 ns
[2021-04-09T07:35:00.886+0000][49][safepoint   ] Safepoint "Cleanup", Time since last: 225670682300 ns, Reaching safepoint: 191400 ns, At safepoint: 9400 ns, Total: 200800 ns
[2021-04-09T08:36:38.336+0000][49][gc,start    ] GC(42) Pause Young (Normal) (G1 Evacuation Pause)
[2021-04-09T08:36:38.336+0000][49][gc,task     ] GC(42) Using 8 workers of 8 for evacuation
[2021-04-09T08:36:38.336+0000][49][gc,age      ] GC(42) Desired survivor size 320864256 bytes, new threshold 15 (max threshold 15)
[2021-04-09T08:36:38.344+0000][49][gc,age      ] GC(42) Age table with threshold 15 (max threshold 15)
[2021-04-09T08:36:38.344+0000][49][gc,age      ] GC(42) - age   1:      12056 bytes,      12056 total
[2021-04-09T08:36:38.344+0000][49][gc,age      ] GC(42) - age   2:        112 bytes,      12168 total
[2021-04-09T08:36:38.344+0000][49][gc,age      ] GC(42) - age   3:      42800 bytes,      54968 total
[2021-04-09T08:36:38.344+0000][49][gc,age      ] GC(42) - age   4:       2336 bytes,      57304 total
[2021-04-09T08:36:38.344+0000][49][gc,age      ] GC(42) - age   5:        120 bytes,      57424 total
[2021-04-09T08:36:38.344+0000][49][gc,age      ] GC(42) - age   6:        184 bytes,      57608 total
[2021-04-09T08:36:38.344+0000][49][gc,age      ] GC(42) - age   7:        496 bytes,      58104 total
[2021-04-09T08:36:38.344+0000][49][gc,age      ] GC(42) - age   8:       7104 bytes,      65208 total
[2021-04-09T08:36:38.344+0000][49][gc,age      ] GC(42) - age   9:        304 bytes,      65512 total
[2021-04-09T08:36:38.344+0000][49][gc,age      ] GC(42) - age  10:        112 bytes,      65624 total
[2021-04-09T08:36:38.344+0000][49][gc,age      ] GC(42) - age  12:        656 bytes,      66280 total
[2021-04-09T08:36:38.344+0000][49][gc,age      ] GC(42) - age  15:       5096 bytes,      71376 total
[2021-04-09T08:36:38.344+0000][49][gc,phases   ] GC(42)   Pre Evacuate Collection Set: 0.3ms
[2021-04-09T08:36:38.345+0000][49][gc,phases   ] GC(42)   Merge Heap Roots: 0.3ms
[2021-04-09T08:36:38.345+0000][49][gc,phases   ] GC(42)   Evacuate Collection Set: 1.3ms
[2021-04-09T08:36:38.345+0000][49][gc,phases   ] GC(42)   Post Evacuate Collection Set: 5.9ms
[2021-04-09T08:36:38.345+0000][49][gc,phases   ] GC(42)   Other: 0.5ms
[2021-04-09T08:36:38.345+0000][49][gc,heap     ] GC(42) Eden regions: 1217->0(1217)
[2021-04-09T08:36:38.345+0000][49][gc,heap     ] GC(42) Survivor regions: 1->1(153)
[2021-04-09T08:36:38.345+0000][49][gc,heap     ] GC(42) Old regions: 22->22
[2021-04-09T08:36:38.345+0000][49][gc,heap     ] GC(42) Archive regions: 2->2
[2021-04-09T08:36:38.345+0000][49][gc,heap     ] GC(42) Humongous regions: 2->2
[2021-04-09T08:36:38.345+0000][49][gc,metaspace] GC(42) Metaspace: 99562K(103204K)->99562K(103204K) NonClass: 86102K(88536K)->86102K(88536K) Class: 13459K(14668K)->13459K(14668K)
[2021-04-09T08:36:38.345+0000][49][gc          ] GC(42) Pause Young (Normal) (G1 Evacuation Pause) 4964M->96M(8124M) 8.349ms
[2021-04-09T08:36:38.345+0000][49][gc,cpu      ] GC(42) User=0.00s Sys=0.00s Real=0.00s
[2021-04-09T08:36:38.345+0000][49][safepoint   ] Safepoint "G1CollectForAllocation", Time since last: 3697450559800 ns, Reaching safepoint: 211000 ns, At safepoint: 8490600 ns, Total: 8701600 ns
[2021-04-09T09:22:43.833+0000][49][safepoint   ] Safepoint "Cleanup", Time since last: 2765487792700 ns, Reaching safepoint: 310200 ns, At safepoint: 11300 ns, Total: 321500 ns
[2021-04-09T09:28:33.343+0000][49][safepoint   ] Safepoint "Cleanup", Time since last: 349510307400 ns, Reaching safepoint: 262400 ns, At safepoint: 10800 ns, Total: 273200 ns
[2021-04-09T09:42:00.499+0000][49][gc,start    ] GC(43) Pause Young (Normal) (G1 Evacuation Pause)
[2021-04-09T09:42:00.499+0000][49][gc,task     ] GC(43) Using 8 workers of 8 for evacuation
[2021-04-09T09:42:00.499+0000][49][gc,age      ] GC(43) Desired survivor size 320864256 bytes, new threshold 15 (max threshold 15)
[2021-04-09T09:42:00.507+0000][49][gc,age      ] GC(43) Age table with threshold 15 (max threshold 15)
[2021-04-09T09:42:00.507+0000][49][gc,age      ] GC(43) - age   1:      10440 bytes,      10440 total
[2021-04-09T09:42:00.507+0000][49][gc,age      ] GC(43) - age   3:        112 bytes,      10552 total
[2021-04-09T09:42:00.507+0000][49][gc,age      ] GC(43) - age   4:      42552 bytes,      53104 total
[2021-04-09T09:42:00.507+0000][49][gc,age      ] GC(43) - age   5:       2336 bytes,      55440 total
[2021-04-09T09:42:00.507+0000][49][gc,age      ] GC(43) - age   6:        120 bytes,      55560 total
[2021-04-09T09:42:00.507+0000][49][gc,age      ] GC(43) - age   7:        184 bytes,      55744 total
[2021-04-09T09:42:00.508+0000][49][gc,age      ] GC(43) - age   8:        496 bytes,      56240 total
[2021-04-09T09:42:00.508+0000][49][gc,age      ] GC(43) - age   9:       7104 bytes,      63344 total
[2021-04-09T09:42:00.508+0000][49][gc,age      ] GC(43) - age  10:        304 bytes,      63648 total
[2021-04-09T09:42:00.508+0000][49][gc,age      ] GC(43) - age  11:        112 bytes,      63760 total
[2021-04-09T09:42:00.508+0000][49][gc,age      ] GC(43) - age  13:        656 bytes,      64416 total
[2021-04-09T09:42:00.508+0000][49][gc,phases   ] GC(43)   Pre Evacuate Collection Set: 0.2ms
[2021-04-09T09:42:00.508+0000][49][gc,phases   ] GC(43)   Merge Heap Roots: 0.3ms
[2021-04-09T09:42:00.508+0000][49][gc,phases   ] GC(43)   Evacuate Collection Set: 1.1ms
[2021-04-09T09:42:00.508+0000][49][gc,phases   ] GC(43)   Post Evacuate Collection Set: 6.2ms
[2021-04-09T09:42:00.508+0000][49][gc,phases   ] GC(43)   Other: 0.5ms
[2021-04-09T09:42:00.508+0000][49][gc,heap     ] GC(43) Eden regions: 1217->0(1217)
[2021-04-09T09:42:00.508+0000][49][gc,heap     ] GC(43) Survivor regions: 1->1(153)
[2021-04-09T09:42:00.508+0000][49][gc,heap     ] GC(43) Old regions: 22->22
[2021-04-09T09:42:00.508+0000][49][gc,heap     ] GC(43) Archive regions: 2->2
[2021-04-09T09:42:00.508+0000][49][gc,heap     ] GC(43) Humongous regions: 2->2
[2021-04-09T09:42:00.508+0000][49][gc,metaspace] GC(43) Metaspace: 99562K(103204K)->99562K(103204K) NonClass: 86102K(88536K)->86102K(88536K) Class: 13459K(14668K)->13459K(14668K)
[2021-04-09T09:42:00.508+0000][49][gc          ] GC(43) Pause Young (Normal) (G1 Evacuation Pause) 4964M->96M(8124M) 8.446ms
[2021-04-09T09:42:00.508+0000][49][gc,cpu      ] GC(43) User=0.00s Sys=0.00s Real=0.01s
[2021-04-09T09:42:00.508+0000][49][safepoint   ] Safepoint "G1CollectForAllocation", Time since last: 807155604300 ns, Reaching safepoint: 174000 ns, At safepoint: 8638600 ns, Total: 8812600 ns
[2021-04-09T10:47:24.158+0000][49][gc,start    ] GC(44) Pause Young (Normal) (G1 Evacuation Pause)
[2021-04-09T10:47:24.158+0000][49][gc,task     ] GC(44) Using 8 workers of 8 for evacuation
[2021-04-09T10:47:24.158+0000][49][gc,age      ] GC(44) Desired survivor size 320864256 bytes, new threshold 15 (max threshold 15)
[2021-04-09T10:47:24.165+0000][49][gc,age      ] GC(44) Age table with threshold 15 (max threshold 15)
[2021-04-09T10:47:24.165+0000][49][gc,age      ] GC(44) - age   1:      21760 bytes,      21760 total
[2021-04-09T10:47:24.165+0000][49][gc,age      ] GC(44) - age   4:        112 bytes,      21872 total
[2021-04-09T10:47:24.165+0000][49][gc,age      ] GC(44) - age   5:      42552 bytes,      64424 total
[2021-04-09T10:47:24.165+0000][49][gc,age      ] GC(44) - age   6:       1056 bytes,      65480 total
[2021-04-09T10:47:24.165+0000][49][gc,age      ] GC(44) - age   7:        120 bytes,      65600 total
[2021-04-09T10:47:24.165+0000][49][gc,age      ] GC(44) - age   8:        184 bytes,      65784 total
[2021-04-09T10:47:24.165+0000][49][gc,age      ] GC(44) - age   9:        496 bytes,      66280 total
[2021-04-09T10:47:24.165+0000][49][gc,age      ] GC(44) - age  10:       7104 bytes,      73384 total
[2021-04-09T10:47:24.165+0000][49][gc,age      ] GC(44) - age  11:        304 bytes,      73688 total
[2021-04-09T10:47:24.165+0000][49][gc,age      ] GC(44) - age  12:        112 bytes,      73800 total
[2021-04-09T10:47:24.165+0000][49][gc,age      ] GC(44) - age  14:        656 bytes,      74456 total
[2021-04-09T10:47:24.165+0000][49][gc,phases   ] GC(44)   Pre Evacuate Collection Set: 0.3ms
[2021-04-09T10:47:24.165+0000][49][gc,phases   ] GC(44)   Merge Heap Roots: 0.2ms
[2021-04-09T10:47:24.165+0000][49][gc,phases   ] GC(44)   Evacuate Collection Set: 1.2ms
[2021-04-09T10:47:24.165+0000][49][gc,phases   ] GC(44)   Post Evacuate Collection Set: 5.6ms
[2021-04-09T10:47:24.165+0000][49][gc,phases   ] GC(44)   Other: 0.5ms
[2021-04-09T10:47:24.165+0000][49][gc,heap     ] GC(44) Eden regions: 1217->0(1217)
[2021-04-09T10:47:24.165+0000][49][gc,heap     ] GC(44) Survivor regions: 1->1(153)
[2021-04-09T10:47:24.165+0000][49][gc,heap     ] GC(44) Old regions: 22->22
[2021-04-09T10:47:24.165+0000][49][gc,heap     ] GC(44) Archive regions: 2->2
[2021-04-09T10:47:24.165+0000][49][gc,heap     ] GC(44) Humongous regions: 2->2
[2021-04-09T10:47:24.165+0000][49][gc,metaspace] GC(44) Metaspace: 99562K(103204K)->99562K(103204K) NonClass: 86102K(88536K)->86102K(88536K) Class: 13459K(14668K)->13459K(14668K)
[2021-04-09T10:47:24.165+0000][49][gc          ] GC(44) Pause Young (Normal) (G1 Evacuation Pause) 4964M->96M(8124M) 7.759ms
[2021-04-09T10:47:24.165+0000][49][gc,cpu      ] GC(44) User=0.00s Sys=0.00s Real=0.00s
[2021-04-09T10:47:24.165+0000][49][safepoint   ] Safepoint "G1CollectForAllocation", Time since last: 3923649423200 ns, Reaching safepoint: 264200 ns, At safepoint: 7897500 ns, Total: 8161700 ns
[2021-04-09T11:52:49.593+0000][49][gc,start    ] GC(45) Pause Young (Normal) (G1 Evacuation Pause)
[2021-04-09T11:52:49.593+0000][49][gc,task     ] GC(45) Using 8 workers of 8 for evacuation
[2021-04-09T11:52:49.593+0000][49][gc,age      ] GC(45) Desired survivor size 320864256 bytes, new threshold 15 (max threshold 15)
[2021-04-09T11:52:49.600+0000][49][gc,age      ] GC(45) Age table with threshold 15 (max threshold 15)
[2021-04-09T11:52:49.600+0000][49][gc,age      ] GC(45) - age   1:      13120 bytes,      13120 total
[2021-04-09T11:52:49.600+0000][49][gc,age      ] GC(45) - age   2:       9784 bytes,      22904 total
[2021-04-09T11:52:49.600+0000][49][gc,age      ] GC(45) - age   5:        112 bytes,      23016 total
[2021-04-09T11:52:49.600+0000][49][gc,age      ] GC(45) - age   6:      42552 bytes,      65568 total
[2021-04-09T11:52:49.601+0000][49][gc,age      ] GC(45) - age   7:       1056 bytes,      66624 total
[2021-04-09T11:52:49.601+0000][49][gc,age      ] GC(45) - age   8:        120 bytes,      66744 total
[2021-04-09T11:52:49.601+0000][49][gc,age      ] GC(45) - age   9:        184 bytes,      66928 total
[2021-04-09T11:52:49.601+0000][49][gc,age      ] GC(45) - age  10:        496 bytes,      67424 total
[2021-04-09T11:52:49.601+0000][49][gc,age      ] GC(45) - age  11:       7104 bytes,      74528 total
[2021-04-09T11:52:49.601+0000][49][gc,age      ] GC(45) - age  12:        304 bytes,      74832 total
[2021-04-09T11:52:49.601+0000][49][gc,age      ] GC(45) - age  13:        112 bytes,      74944 total
[2021-04-09T11:52:49.601+0000][49][gc,age      ] GC(45) - age  15:        656 bytes,      75600 total
[2021-04-09T11:52:49.601+0000][49][gc,phases   ] GC(45)   Pre Evacuate Collection Set: 0.3ms
[2021-04-09T11:52:49.601+0000][49][gc,phases   ] GC(45)   Merge Heap Roots: 0.2ms
[2021-04-09T11:52:49.601+0000][49][gc,phases   ] GC(45)   Evacuate Collection Set: 1.1ms
[2021-04-09T11:52:49.601+0000][49][gc,phases   ] GC(45)   Post Evacuate Collection Set: 5.4ms
[2021-04-09T11:52:49.601+0000][49][gc,phases   ] GC(45)   Other: 0.5ms
[2021-04-09T11:52:49.601+0000][49][gc,heap     ] GC(45) Eden regions: 1217->0(1217)
[2021-04-09T11:52:49.601+0000][49][gc,heap     ] GC(45) Survivor regions: 1->1(153)
[2021-04-09T11:52:49.601+0000][49][gc,heap     ] GC(45) Old regions: 22->22
[2021-04-09T11:52:49.601+0000][49][gc,heap     ] GC(45) Archive regions: 2->2
[2021-04-09T11:52:49.601+0000][49][gc,heap     ] GC(45) Humongous regions: 2->2
[2021-04-09T11:52:49.601+0000][49][gc,metaspace] GC(45) Metaspace: 99562K(103204K)->99562K(103204K) NonClass: 86102K(88536K)->86102K(88536K) Class: 13459K(14668K)->13459K(14668K)
[2021-04-09T11:52:49.601+0000][49][gc          ] GC(45) Pause Young (Normal) (G1 Evacuation Pause) 4964M->96M(8124M) 7.578ms
[2021-04-09T11:52:49.601+0000][49][gc,cpu      ] GC(45) User=0.00s Sys=0.00s Real=0.01s
[2021-04-09T11:52:49.601+0000][49][safepoint   ] Safepoint "G1CollectForAllocation", Time since last: 3925427487800 ns, Reaching safepoint: 172000 ns, At safepoint: 7719600 ns, Total: 7891600 ns
[2021-04-09T12:58:08.967+0000][49][gc,start    ] GC(46) Pause Young (Normal) (G1 Evacuation Pause)
[2021-04-09T12:58:08.967+0000][49][gc,task     ] GC(46) Using 8 workers of 8 for evacuation
[2021-04-09T12:58:08.967+0000][49][gc,age      ] GC(46) Desired survivor size 320864256 bytes, new threshold 15 (max threshold 15)
[2021-04-09T12:58:08.974+0000][49][gc,age      ] GC(46) Age table with threshold 15 (max threshold 15)
[2021-04-09T12:58:08.974+0000][49][gc,age      ] GC(46) - age   1:      12128 bytes,      12128 total
[2021-04-09T12:58:08.974+0000][49][gc,age      ] GC(46) - age   2:       1040 bytes,      13168 total
[2021-04-09T12:58:08.974+0000][49][gc,age      ] GC(46) - age   3:       9784 bytes,      22952 total
[2021-04-09T12:58:08.974+0000][49][gc,age      ] GC(46) - age   6:        112 bytes,      23064 total
[2021-04-09T12:58:08.974+0000][49][gc,age      ] GC(46) - age   7:      42552 bytes,      65616 total
[2021-04-09T12:58:08.974+0000][49][gc,age      ] GC(46) - age   8:       1056 bytes,      66672 total
[2021-04-09T12:58:08.974+0000][49][gc,age      ] GC(46) - age   9:        120 bytes,      66792 total
[2021-04-09T12:58:08.974+0000][49][gc,age      ] GC(46) - age  10:        184 bytes,      66976 total
[2021-04-09T12:58:08.974+0000][49][gc,age      ] GC(46) - age  11:        496 bytes,      67472 total
[2021-04-09T12:58:08.974+0000][49][gc,age      ] GC(46) - age  12:       7104 bytes,      74576 total
[2021-04-09T12:58:08.974+0000][49][gc,age      ] GC(46) - age  13:        304 bytes,      74880 total
[2021-04-09T12:58:08.974+0000][49][gc,age      ] GC(46) - age  14:        112 bytes,      74992 total
[2021-04-09T12:58:08.974+0000][49][gc,phases   ] GC(46)   Pre Evacuate Collection Set: 0.3ms
[2021-04-09T12:58:08.974+0000][49][gc,phases   ] GC(46)   Merge Heap Roots: 0.2ms
[2021-04-09T12:58:08.974+0000][49][gc,phases   ] GC(46)   Evacuate Collection Set: 1.2ms
[2021-04-09T12:58:08.974+0000][49][gc,phases   ] GC(46)   Post Evacuate Collection Set: 5.8ms
[2021-04-09T12:58:08.974+0000][49][gc,phases   ] GC(46)   Other: 0.4ms
[2021-04-09T12:58:08.974+0000][49][gc,heap     ] GC(46) Eden regions: 1217->0(1217)
[2021-04-09T12:58:08.975+0000][49][gc,heap     ] GC(46) Survivor regions: 1->1(153)
[2021-04-09T12:58:08.975+0000][49][gc,heap     ] GC(46) Old regions: 22->22
[2021-04-09T12:58:08.975+0000][49][gc,heap     ] GC(46) Archive regions: 2->2
[2021-04-09T12:58:08.975+0000][49][gc,heap     ] GC(46) Humongous regions: 2->2
[2021-04-09T12:58:08.975+0000][49][gc,metaspace] GC(46) Metaspace: 99562K(103204K)->99562K(103204K) NonClass: 86102K(88536K)->86102K(88536K) Class: 13459K(14668K)->13459K(14668K)
[2021-04-09T12:58:08.975+0000][49][gc          ] GC(46) Pause Young (Normal) (G1 Evacuation Pause) 4964M->96M(8124M) 8.055ms
[2021-04-09T12:58:08.975+0000][49][gc,cpu      ] GC(46) User=0.00s Sys=0.00s Real=0.00s
[2021-04-09T12:58:08.975+0000][49][safepoint   ] Safepoint "G1CollectForAllocation", Time since last: 3919365406600 ns, Reaching safepoint: 203800 ns, At safepoint: 8180000 ns, Total: 8383800 ns
[2021-04-09T13:41:38.238+0000][49][safepoint   ] Safepoint "Cleanup", Time since last: 2609263473500 ns, Reaching safepoint: 343700 ns, At safepoint: 24600 ns, Total: 368300 ns
[2021-04-09T14:03:33.523+0000][49][gc,start    ] GC(47) Pause Young (Normal) (G1 Evacuation Pause)
[2021-04-09T14:03:33.523+0000][49][gc,task     ] GC(47) Using 8 workers of 8 for evacuation
[2021-04-09T14:03:33.523+0000][49][gc,age      ] GC(47) Desired survivor size 320864256 bytes, new threshold 15 (max threshold 15)
[2021-04-09T14:03:33.530+0000][49][gc,age      ] GC(47) Age table with threshold 15 (max threshold 15)
[2021-04-09T14:03:33.530+0000][49][gc,age      ] GC(47) - age   1:      10240 bytes,      10240 total
[2021-04-09T14:03:33.530+0000][49][gc,age      ] GC(47) - age   2:       1488 bytes,      11728 total
[2021-04-09T14:03:33.530+0000][49][gc,age      ] GC(47) - age   3:       1040 bytes,      12768 total
[2021-04-09T14:03:33.530+0000][49][gc,age      ] GC(47) - age   4:       1280 bytes,      14048 total
[2021-04-09T14:03:33.530+0000][49][gc,age      ] GC(47) - age   7:        112 bytes,      14160 total
[2021-04-09T14:03:33.530+0000][49][gc,age      ] GC(47) - age   8:      42552 bytes,      56712 total
[2021-04-09T14:03:33.530+0000][49][gc,age      ] GC(47) - age   9:       1056 bytes,      57768 total
[2021-04-09T14:03:33.530+0000][49][gc,age      ] GC(47) - age  10:        120 bytes,      57888 total
[2021-04-09T14:03:33.530+0000][49][gc,age      ] GC(47) - age  11:        184 bytes,      58072 total
[2021-04-09T14:03:33.530+0000][49][gc,age      ] GC(47) - age  12:        496 bytes,      58568 total
[2021-04-09T14:03:33.530+0000][49][gc,age      ] GC(47) - age  13:       7104 bytes,      65672 total
[2021-04-09T14:03:33.530+0000][49][gc,age      ] GC(47) - age  14:        304 bytes,      65976 total
[2021-04-09T14:03:33.530+0000][49][gc,age      ] GC(47) - age  15:        112 bytes,      66088 total
[2021-04-09T14:03:33.530+0000][49][gc,phases   ] GC(47)   Pre Evacuate Collection Set: 0.2ms
[2021-04-09T14:03:33.530+0000][49][gc,phases   ] GC(47)   Merge Heap Roots: 0.2ms
[2021-04-09T14:03:33.530+0000][49][gc,phases   ] GC(47)   Evacuate Collection Set: 1.1ms
[2021-04-09T14:03:33.531+0000][49][gc,phases   ] GC(47)   Post Evacuate Collection Set: 5.8ms
[2021-04-09T14:03:33.531+0000][49][gc,phases   ] GC(47)   Other: 0.4ms
[2021-04-09T14:03:33.531+0000][49][gc,heap     ] GC(47) Eden regions: 1217->0(1217)
[2021-04-09T14:03:33.531+0000][49][gc,heap     ] GC(47) Survivor regions: 1->1(153)
[2021-04-09T14:03:33.531+0000][49][gc,heap     ] GC(47) Old regions: 22->22
[2021-04-09T14:03:33.531+0000][49][gc,heap     ] GC(47) Archive regions: 2->2
[2021-04-09T14:03:33.531+0000][49][gc,heap     ] GC(47) Humongous regions: 2->2
[2021-04-09T14:03:33.531+0000][49][gc,metaspace] GC(47) Metaspace: 99563K(103204K)->99563K(103204K) NonClass: 86104K(88536K)->86104K(88536K) Class: 13459K(14668K)->13459K(14668K)
[2021-04-09T14:03:33.534+0000][49][gc          ] GC(47) Pause Young (Normal) (G1 Evacuation Pause) 4964M->96M(8124M) 11.126ms
[2021-04-09T14:03:33.534+0000][49][gc,cpu      ] GC(47) User=0.00s Sys=0.00s Real=0.01s
[2021-04-09T14:03:33.534+0000][49][safepoint   ] Safepoint "G1CollectForAllocation", Time since last: 1315283918800 ns, Reaching safepoint: 258700 ns, At safepoint: 11279200 ns, Total: 11537900 ns
[2021-04-09T15:08:55.368+0000][49][gc,start    ] GC(48) Pause Young (Normal) (G1 Evacuation Pause)
[2021-04-09T15:08:55.368+0000][49][gc,task     ] GC(48) Using 8 workers of 8 for evacuation
[2021-04-09T15:08:55.368+0000][49][gc,age      ] GC(48) Desired survivor size 320864256 bytes, new threshold 15 (max threshold 15)
[2021-04-09T15:08:55.375+0000][49][gc,age      ] GC(48) Age table with threshold 15 (max threshold 15)
[2021-04-09T15:08:55.375+0000][49][gc,age      ] GC(48) - age   1:      11768 bytes,      11768 total
[2021-04-09T15:08:55.375+0000][49][gc,age      ] GC(48) - age   2:        280 bytes,      12048 total
[2021-04-09T15:08:55.375+0000][49][gc,age      ] GC(48) - age   3:       1488 bytes,      13536 total
[2021-04-09T15:08:55.376+0000][49][gc,age      ] GC(48) - age   4:       1040 bytes,      14576 total
[2021-04-09T15:08:55.376+0000][49][gc,age      ] GC(48) - age   5:       1280 bytes,      15856 total
[2021-04-09T15:08:55.376+0000][49][gc,age      ] GC(48) - age   8:        112 bytes,      15968 total
[2021-04-09T15:08:55.376+0000][49][gc,age      ] GC(48) - age   9:      42552 bytes,      58520 total
[2021-04-09T15:08:55.376+0000][49][gc,age      ] GC(48) - age  10:       1056 bytes,      59576 total
[2021-04-09T15:08:55.376+0000][49][gc,age      ] GC(48) - age  11:        120 bytes,      59696 total
[2021-04-09T15:08:55.376+0000][49][gc,age      ] GC(48) - age  12:        184 bytes,      59880 total
[2021-04-09T15:08:55.376+0000][49][gc,age      ] GC(48) - age  13:        496 bytes,      60376 total
[2021-04-09T15:08:55.376+0000][49][gc,age      ] GC(48) - age  14:       7104 bytes,      67480 total
[2021-04-09T15:08:55.376+0000][49][gc,age      ] GC(48) - age  15:        304 bytes,      67784 total
[2021-04-09T15:08:55.376+0000][49][gc,phases   ] GC(48)   Pre Evacuate Collection Set: 0.3ms
[2021-04-09T15:08:55.376+0000][49][gc,phases   ] GC(48)   Merge Heap Roots: 0.3ms
[2021-04-09T15:08:55.376+0000][49][gc,phases   ] GC(48)   Evacuate Collection Set: 1.2ms
[2021-04-09T15:08:55.376+0000][49][gc,phases   ] GC(48)   Post Evacuate Collection Set: 5.5ms
[2021-04-09T15:08:55.376+0000][49][gc,phases   ] GC(48)   Other: 0.5ms
[2021-04-09T15:08:55.376+0000][49][gc,heap     ] GC(48) Eden regions: 1217->0(1217)
[2021-04-09T15:08:55.376+0000][49][gc,heap     ] GC(48) Survivor regions: 1->1(153)
[2021-04-09T15:08:55.376+0000][49][gc,heap     ] GC(48) Old regions: 22->22
[2021-04-09T15:08:55.376+0000][49][gc,heap     ] GC(48) Archive regions: 2->2
[2021-04-09T15:08:55.376+0000][49][gc,heap     ] GC(48) Humongous regions: 2->2
[2021-04-09T15:08:55.376+0000][49][gc,metaspace] GC(48) Metaspace: 99564K(103204K)->99564K(103204K) NonClass: 86104K(88536K)->86104K(88536K) Class: 13459K(14668K)->13459K(14668K)
[2021-04-09T15:08:55.376+0000][49][gc          ] GC(48) Pause Young (Normal) (G1 Evacuation Pause) 4964M->96M(8124M) 7.858ms
[2021-04-09T15:08:55.376+0000][49][gc,cpu      ] GC(48) User=0.00s Sys=0.00s Real=0.01s
[2021-04-09T15:08:55.376+0000][49][safepoint   ] Safepoint "G1CollectForAllocation", Time since last: 3921833731700 ns, Reaching safepoint: 233200 ns, At safepoint: 7971300 ns, Total: 8204500 ns
