[2021-04-23T17:00:36.697+0000][1474][gc] Using G1
[2021-04-23T17:00:40.852+0000][1474][gc,init] Version: 16.0.1+9-24 (release)
[2021-04-23T17:00:40.852+0000][1474][gc,init] CPUs: 16 total, 16 available
[2021-04-23T17:00:40.852+0000][1474][gc,init] Memory: 32768M
[2021-04-23T17:00:40.852+0000][1474][gc,init] Large Page Support: Disabled
[2021-04-23T17:00:40.852+0000][1474][gc,init] NUMA Support: Disabled
[2021-04-23T17:00:40.852+0000][1474][gc,init] Compressed Oops: Enabled (Zero based)
[2021-04-23T17:00:40.852+0000][1474][gc,init] Heap Region Size: 8M
[2021-04-23T17:00:40.853+0000][1474][gc,init] Heap Min Capacity: 16G
[2021-04-23T17:00:40.853+0000][1474][gc,init] Heap Initial Capacity: 16G
[2021-04-23T17:00:40.853+0000][1474][gc,init] Heap Max Capacity: 16G
[2021-04-23T17:00:40.853+0000][1474][gc,init] Pre-touch: Enabled
[2021-04-23T17:00:40.853+0000][1474][gc,init] Parallel Workers: 13
[2021-04-23T17:00:40.853+0000][1474][gc,init] Concurrent Workers: 3
[2021-04-23T17:00:40.853+0000][1474][gc,init] Concurrent Refinement Workers: 13
[2021-04-23T17:00:40.853+0000][1474][gc,init] Periodic GC: Disabled
[2021-04-23T17:00:40.853+0000][1474][gc,metaspace] CDS archive(s) mapped at: [0x0000000800000000-0x0000000800bbb000-0x0000000800bbb000), size 12300288, SharedBaseAddress: 0x0000000800000000, ArchiveRelocationMode: 0.
[2021-04-23T17:00:40.853+0000][1474][gc,metaspace] Compressed class space mapped at: 0x0000000800c00000-0x0000000840c00000, reserved size: 1073741824
[2021-04-23T17:00:40.853+0000][1474][gc,metaspace] Narrow klass base: 0x0000000800000000, Narrow klass shift: 3, Narrow klass range: 0x100000000
[2021-04-23T17:00:41.216+0000][1474][safepoint   ] Safepoint "ICBufferFull", Time since last: 356470605 ns, Reaching safepoint: 88000 ns, At safepoint: 6139 ns, Total: 94139 ns
[2021-04-23T17:00:41.718+0000][1474][safepoint   ] Safepoint "ICBufferFull", Time since last: 502163685 ns, Reaching safepoint: 116826 ns, At safepoint: 8131 ns, Total: 124957 ns
[2021-04-23T17:00:42.260+0000][1474][safepoint   ] Safepoint "ICBufferFull", Time since last: 541261514 ns, Reaching safepoint: 92374 ns, At safepoint: 6538 ns, Total: 98912 ns
[2021-04-23T17:00:42.853+0000][1474][safepoint   ] Safepoint "ICBufferFull", Time since last: 593453385 ns, Reaching safepoint: 166943 ns, At safepoint: 2103 ns, Total: 169046 ns
[2021-04-23T17:00:42.857+0000][1474][safepoint   ] Safepoint "ICBufferFull", Time since last: 3406874 ns, Reaching safepoint: 39941 ns, At safepoint: 2649 ns, Total: 42590 ns
[2021-04-23T17:00:42.861+0000][1474][safepoint   ] Safepoint "ICBufferFull", Time since last: 4470866 ns, Reaching safepoint: 18489 ns, At safepoint: 67445 ns, Total: 85934 ns
[2021-04-23T17:00:42.863+0000][1474][safepoint   ] Safepoint "ICBufferFull", Time since last: 2270069 ns, Reaching safepoint: 34711 ns, At safepoint: 2064 ns, Total: 36775 ns
[2021-04-23T17:00:42.866+0000][1474][safepoint   ] Safepoint "ICBufferFull", Time since last: 2965421 ns, Reaching safepoint: 57328 ns, At safepoint: 2512 ns, Total: 59840 ns
[2021-04-23T17:00:42.870+0000][1474][safepoint   ] Safepoint "ICBufferFull", Time since last: 3070355 ns, Reaching safepoint: 17650 ns, At safepoint: 1565 ns, Total: 19215 ns
[2021-04-23T17:00:42.873+0000][1474][safepoint   ] Safepoint "ICBufferFull", Time since last: 2953952 ns, Reaching safepoint: 35456 ns, At safepoint: 1309 ns, Total: 36765 ns
[2021-04-23T17:00:42.874+0000][1474][safepoint   ] Safepoint "ICBufferFull", Time since last: 1916838 ns, Reaching safepoint: 16394 ns, At safepoint: 1606 ns, Total: 18000 ns
[2021-04-23T17:00:42.877+0000][1474][safepoint   ] Safepoint "ICBufferFull", Time since last: 2458170 ns, Reaching safepoint: 14628 ns, At safepoint: 1434 ns, Total: 16062 ns
[2021-04-23T17:00:42.880+0000][1474][safepoint   ] Safepoint "ICBufferFull", Time since last: 3054960 ns, Reaching safepoint: 13188 ns, At safepoint: 1296 ns, Total: 14484 ns
[2021-04-23T17:00:42.883+0000][1474][safepoint   ] Safepoint "ICBufferFull", Time since last: 3080921 ns, Reaching safepoint: 68757 ns, At safepoint: 29976 ns, Total: 98733 ns
[2021-04-23T17:00:42.885+0000][1474][safepoint   ] Safepoint "ICBufferFull", Time since last: 2220817 ns, Reaching safepoint: 12498 ns, At safepoint: 1240 ns, Total: 13738 ns
[2021-04-23T17:00:42.888+0000][1474][safepoint   ] Safepoint "ICBufferFull", Time since last: 2536334 ns, Reaching safepoint: 18636 ns, At safepoint: 2580 ns, Total: 21216 ns
[2021-04-23T17:00:42.892+0000][1474][safepoint   ] Safepoint "ICBufferFull", Time since last: 3581546 ns, Reaching safepoint: 15871 ns, At safepoint: 1803 ns, Total: 17674 ns
[2021-04-23T17:00:42.894+0000][1474][safepoint   ] Safepoint "ICBufferFull", Time since last: 2814715 ns, Reaching safepoint: 31308 ns, At safepoint: 2632 ns, Total: 33940 ns
[2021-04-23T17:00:42.897+0000][1474][safepoint   ] Safepoint "ICBufferFull", Time since last: 2697568 ns, Reaching safepoint: 38923 ns, At safepoint: 1476 ns, Total: 40399 ns
[2021-04-23T17:00:42.899+0000][1474][safepoint   ] Safepoint "ICBufferFull", Time since last: 1894160 ns, Reaching safepoint: 14268 ns, At safepoint: 1346 ns, Total: 15614 ns
[2021-04-23T17:00:42.901+0000][1474][safepoint   ] Safepoint "ICBufferFull", Time since last: 1791823 ns, Reaching safepoint: 75795 ns, At safepoint: 4840 ns, Total: 80635 ns
[2021-04-23T17:00:42.906+0000][1474][safepoint   ] Safepoint "ICBufferFull", Time since last: 5479138 ns, Reaching safepoint: 15472 ns, At safepoint: 1388 ns, Total: 16860 ns
[2021-04-23T17:00:42.910+0000][1474][safepoint   ] Safepoint "ICBufferFull", Time since last: 3576508 ns, Reaching safepoint: 18588 ns, At safepoint: 4001 ns, Total: 22589 ns
[2021-04-23T17:00:42.911+0000][1474][safepoint   ] Safepoint "ICBufferFull", Time since last: 536245 ns, Reaching safepoint: 14115 ns, At safepoint: 1229 ns, Total: 15344 ns
[2021-04-23T17:00:42.911+0000][1474][safepoint   ] Safepoint "ICBufferFull", Time since last: 545576 ns, Reaching safepoint: 12048 ns, At safepoint: 1172 ns, Total: 13220 ns
[2021-04-23T17:00:42.912+0000][1474][safepoint   ] Safepoint "ICBufferFull", Time since last: 472451 ns, Reaching safepoint: 14368 ns, At safepoint: 2752 ns, Total: 17120 ns
[2021-04-23T17:00:42.912+0000][1474][safepoint   ] Safepoint "ICBufferFull", Time since last: 479844 ns, Reaching safepoint: 11940 ns, At safepoint: 1120 ns, Total: 13060 ns
[2021-04-23T17:00:42.913+0000][1474][safepoint   ] Safepoint "ICBufferFull", Time since last: 455827 ns, Reaching safepoint: 12322 ns, At safepoint: 1282 ns, Total: 13604 ns
[2021-04-23T17:00:42.913+0000][1474][safepoint   ] Safepoint "ICBufferFull", Time since last: 474915 ns, Reaching safepoint: 14252 ns, At safepoint: 4525 ns, Total: 18777 ns
[2021-04-23T17:00:42.914+0000][1474][safepoint   ] Safepoint "ICBufferFull", Time since last: 465454 ns, Reaching safepoint: 12314 ns, At safepoint: 1189 ns, Total: 13503 ns
[2021-04-23T17:00:42.914+0000][1474][safepoint   ] Safepoint "ICBufferFull", Time since last: 449420 ns, Reaching safepoint: 12255 ns, At safepoint: 1187 ns, Total: 13442 ns
[2021-04-23T17:00:42.915+0000][1474][safepoint   ] Safepoint "ICBufferFull", Time since last: 488748 ns, Reaching safepoint: 13233 ns, At safepoint: 2512 ns, Total: 15745 ns
[2021-04-23T17:00:42.915+0000][1474][safepoint   ] Safepoint "ICBufferFull", Time since last: 477583 ns, Reaching safepoint: 16981 ns, At safepoint: 1955 ns, Total: 18936 ns
[2021-04-23T17:00:42.916+0000][1474][safepoint   ] Safepoint "ICBufferFull", Time since last: 458372 ns, Reaching safepoint: 12818 ns, At safepoint: 1208 ns, Total: 14026 ns
[2021-04-23T17:00:42.916+0000][1474][safepoint   ] Safepoint "ICBufferFull", Time since last: 490370 ns, Reaching safepoint: 11216 ns, At safepoint: 1219 ns, Total: 12435 ns
[2021-04-23T17:00:42.916+0000][1474][safepoint   ] Safepoint "ICBufferFull", Time since last: 424417 ns, Reaching safepoint: 12306 ns, At safepoint: 1215 ns, Total: 13521 ns
[2021-04-23T17:00:42.917+0000][1474][safepoint   ] Safepoint "ICBufferFull", Time since last: 471334 ns, Reaching safepoint: 12047 ns, At safepoint: 1188 ns, Total: 13235 ns
[2021-04-23T17:00:42.917+0000][1474][safepoint   ] Safepoint "ICBufferFull", Time since last: 472088 ns, Reaching safepoint: 13452 ns, At safepoint: 1597 ns, Total: 15049 ns
[2021-04-23T17:00:42.918+0000][1474][safepoint   ] Safepoint "ICBufferFull", Time since last: 518192 ns, Reaching safepoint: 30487 ns, At safepoint: 1698 ns, Total: 32185 ns
[2021-04-23T17:00:42.919+0000][1474][safepoint   ] Safepoint "ICBufferFull", Time since last: 497288 ns, Reaching safepoint: 12744 ns, At safepoint: 1228 ns, Total: 13972 ns
[2021-04-23T17:00:42.922+0000][1474][safepoint   ] Safepoint "ICBufferFull", Time since last: 3816554 ns, Reaching safepoint: 15353 ns, At safepoint: 1285 ns, Total: 16638 ns
[2021-04-23T17:00:42.927+0000][1474][safepoint   ] Safepoint "ICBufferFull", Time since last: 4198015 ns, Reaching safepoint: 15570 ns, At safepoint: 1400 ns, Total: 16970 ns
[2021-04-23T17:00:42.928+0000][1474][safepoint   ] Safepoint "ICBufferFull", Time since last: 971139 ns, Reaching safepoint: 30331 ns, At safepoint: 4097 ns, Total: 34428 ns
[2021-04-23T17:00:42.953+0000][1474][safepoint   ] Safepoint "ICBufferFull", Time since last: 24976491 ns, Reaching safepoint: 24167 ns, At safepoint: 2119 ns, Total: 26286 ns
[2021-04-23T17:00:42.954+0000][1474][safepoint   ] Safepoint "ICBufferFull", Time since last: 1067466 ns, Reaching safepoint: 10737 ns, At safepoint: 1166 ns, Total: 11903 ns
[2021-04-23T17:00:42.954+0000][1474][safepoint   ] Safepoint "ICBufferFull", Time since last: 521108 ns, Reaching safepoint: 13652 ns, At safepoint: 1468 ns, Total: 15120 ns
[2021-04-23T17:00:42.955+0000][1474][safepoint   ] Safepoint "ICBufferFull", Time since last: 465995 ns, Reaching safepoint: 33227 ns, At safepoint: 7724 ns, Total: 40951 ns
[2021-04-23T17:00:42.955+0000][1474][safepoint   ] Safepoint "ICBufferFull", Time since last: 549145 ns, Reaching safepoint: 13889 ns, At safepoint: 1519 ns, Total: 15408 ns
[2021-04-23T17:00:42.956+0000][1474][safepoint   ] Safepoint "ICBufferFull", Time since last: 431900 ns, Reaching safepoint: 17297 ns, At safepoint: 2457 ns, Total: 19754 ns
[2021-04-23T17:00:42.956+0000][1474][safepoint   ] Safepoint "ICBufferFull", Time since last: 547721 ns, Reaching safepoint: 11169 ns, At safepoint: 1150 ns, Total: 12319 ns
[2021-04-23T17:00:42.957+0000][1474][safepoint   ] Safepoint "ICBufferFull", Time since last: 482966 ns, Reaching safepoint: 13164 ns, At safepoint: 1758 ns, Total: 14922 ns
[2021-04-23T17:00:42.957+0000][1474][safepoint   ] Safepoint "ICBufferFull", Time since last: 411363 ns, Reaching safepoint: 28325 ns, At safepoint: 5380 ns, Total: 33705 ns
[2021-04-23T17:00:42.958+0000][1474][safepoint   ] Safepoint "ICBufferFull", Time since last: 665297 ns, Reaching safepoint: 9983 ns, At safepoint: 1125 ns, Total: 11108 ns
[2021-04-23T17:00:42.958+0000][1474][safepoint   ] Safepoint "ICBufferFull", Time since last: 500725 ns, Reaching safepoint: 11384 ns, At safepoint: 1182 ns, Total: 12566 ns
[2021-04-23T17:00:42.959+0000][1474][safepoint   ] Safepoint "ICBufferFull", Time since last: 484089 ns, Reaching safepoint: 12810 ns, At safepoint: 1292 ns, Total: 14102 ns
[2021-04-23T17:00:42.959+0000][1474][safepoint   ] Safepoint "ICBufferFull", Time since last: 497789 ns, Reaching safepoint: 15863 ns, At safepoint: 2164 ns, Total: 18027 ns
[2021-04-23T17:00:42.960+0000][1474][safepoint   ] Safepoint "ICBufferFull", Time since last: 795538 ns, Reaching safepoint: 11470 ns, At safepoint: 1180 ns, Total: 12650 ns
[2021-04-23T17:00:42.961+0000][1474][safepoint   ] Safepoint "ICBufferFull", Time since last: 429494 ns, Reaching safepoint: 10740 ns, At safepoint: 1125 ns, Total: 11865 ns
[2021-04-23T17:00:42.961+0000][1474][safepoint   ] Safepoint "ICBufferFull", Time since last: 475262 ns, Reaching safepoint: 12264 ns, At safepoint: 1591 ns, Total: 13855 ns
[2021-04-23T17:00:42.962+0000][1474][safepoint   ] Safepoint "ICBufferFull", Time since last: 610311 ns, Reaching safepoint: 16122 ns, At safepoint: 5643 ns, Total: 21765 ns
[2021-04-23T17:00:42.962+0000][1474][safepoint   ] Safepoint "ICBufferFull", Time since last: 514029 ns, Reaching safepoint: 13476 ns, At safepoint: 1524 ns, Total: 15000 ns
[2021-04-23T17:00:42.963+0000][1474][safepoint   ] Safepoint "ICBufferFull", Time since last: 874366 ns, Reaching safepoint: 36229 ns, At safepoint: 2657 ns, Total: 38886 ns
[2021-04-23T17:00:42.964+0000][1474][safepoint   ] Safepoint "ICBufferFull", Time since last: 1164237 ns, Reaching safepoint: 35477 ns, At safepoint: 1925 ns, Total: 37402 ns
[2021-04-23T17:00:43.032+0000][1474][safepoint   ] Safepoint "ICBufferFull", Time since last: 67025559 ns, Reaching safepoint: 28167 ns, At safepoint: 1655 ns, Total: 29822 ns
[2021-04-23T17:00:43.033+0000][1474][safepoint   ] Safepoint "ICBufferFull", Time since last: 1229500 ns, Reaching safepoint: 51737 ns, At safepoint: 5334 ns, Total: 57071 ns
[2021-04-23T17:00:43.033+0000][1474][safepoint   ] Safepoint "ICBufferFull", Time since last: 544475 ns, Reaching safepoint: 11575 ns, At safepoint: 6011 ns, Total: 17586 ns
[2021-04-23T17:00:43.034+0000][1474][safepoint   ] Safepoint "ICBufferFull", Time since last: 556878 ns, Reaching safepoint: 17386 ns, At safepoint: 2265 ns, Total: 19651 ns
[2021-04-23T17:00:43.034+0000][1474][safepoint   ] Safepoint "ICBufferFull", Time since last: 528003 ns, Reaching safepoint: 12438 ns, At safepoint: 1140 ns, Total: 13578 ns
[2021-04-23T17:00:43.035+0000][1474][safepoint   ] Safepoint "ICBufferFull", Time since last: 823960 ns, Reaching safepoint: 18086 ns, At safepoint: 1797 ns, Total: 19883 ns
[2021-04-23T17:00:43.036+0000][1474][safepoint   ] Safepoint "ICBufferFull", Time since last: 867030 ns, Reaching safepoint: 39706 ns, At safepoint: 2489 ns, Total: 42195 ns
[2021-04-23T17:00:43.037+0000][1474][safepoint   ] Safepoint "ICBufferFull", Time since last: 691026 ns, Reaching safepoint: 66473 ns, At safepoint: 7402 ns, Total: 73875 ns
[2021-04-23T17:00:43.038+0000][1474][safepoint   ] Safepoint "ICBufferFull", Time since last: 677939 ns, Reaching safepoint: 35063 ns, At safepoint: 1275 ns, Total: 36338 ns
[2021-04-23T17:00:43.038+0000][1474][safepoint   ] Safepoint "ICBufferFull", Time since last: 511111 ns, Reaching safepoint: 59743 ns, At safepoint: 1290 ns, Total: 61033 ns
[2021-04-23T17:00:43.039+0000][1474][safepoint   ] Safepoint "ICBufferFull", Time since last: 634738 ns, Reaching safepoint: 64849 ns, At safepoint: 42734 ns, Total: 107583 ns
[2021-04-23T17:00:43.040+0000][1474][safepoint   ] Safepoint "ICBufferFull", Time since last: 470307 ns, Reaching safepoint: 35797 ns, At safepoint: 9336 ns, Total: 45133 ns
[2021-04-23T17:00:43.040+0000][1474][safepoint   ] Safepoint "ICBufferFull", Time since last: 837504 ns, Reaching safepoint: 12854 ns, At safepoint: 1375 ns, Total: 14229 ns
[2021-04-23T17:00:43.041+0000][1474][safepoint   ] Safepoint "ICBufferFull", Time since last: 780148 ns, Reaching safepoint: 15441 ns, At safepoint: 1408 ns, Total: 16849 ns
[2021-04-23T17:00:43.042+0000][1474][safepoint   ] Safepoint "ICBufferFull", Time since last: 780964 ns, Reaching safepoint: 13778 ns, At safepoint: 1431 ns, Total: 15209 ns
[2021-04-23T17:00:43.043+0000][1474][safepoint   ] Safepoint "ICBufferFull", Time since last: 553180 ns, Reaching safepoint: 33910 ns, At safepoint: 23657 ns, Total: 57567 ns
[2021-04-23T17:00:43.043+0000][1474][safepoint   ] Safepoint "ICBufferFull", Time since last: 460458 ns, Reaching safepoint: 35375 ns, At safepoint: 2583 ns, Total: 37958 ns
[2021-04-23T17:00:43.044+0000][1474][safepoint   ] Safepoint "ICBufferFull", Time since last: 640680 ns, Reaching safepoint: 28863 ns, At safepoint: 2329 ns, Total: 31192 ns
[2021-04-23T17:00:43.045+0000][1474][safepoint   ] Safepoint "ICBufferFull", Time since last: 1102165 ns, Reaching safepoint: 41512 ns, At safepoint: 2064 ns, Total: 43576 ns
[2021-04-23T17:00:43.046+0000][1474][safepoint   ] Safepoint "ICBufferFull", Time since last: 926913 ns, Reaching safepoint: 9897 ns, At safepoint: 820 ns, Total: 10717 ns
[2021-04-23T17:00:43.137+0000][1474][safepoint   ] Safepoint "ICBufferFull", Time since last: 91444936 ns, Reaching safepoint: 127053 ns, At safepoint: 38146 ns, Total: 165199 ns
[2021-04-23T17:00:43.845+0000][1474][gc,start    ] GC(0) Pause Young (Normal) (G1 Evacuation Pause)
[2021-04-23T17:00:43.845+0000][1474][gc,task     ] GC(0) Using 13 workers of 13 for evacuation
[2021-04-23T17:00:43.845+0000][1474][gc,age      ] GC(0) Desired survivor size 54525952 bytes, new threshold 15 (max threshold 15)
[2021-04-23T17:00:43.850+0000][1474][gc,age      ] GC(0) Age table with threshold 15 (max threshold 15)
[2021-04-23T17:00:43.850+0000][1474][gc,age      ] GC(0) - age   1:   16286192 bytes,   16286192 total
[2021-04-23T17:00:43.850+0000][1474][gc,phases   ] GC(0)   Pre Evacuate Collection Set: 0.1ms
[2021-04-23T17:00:43.850+0000][1474][gc,phases   ] GC(0)   Merge Heap Roots: 0.1ms
[2021-04-23T17:00:43.850+0000][1474][gc,phases   ] GC(0)   Evacuate Collection Set: 3.7ms
[2021-04-23T17:00:43.850+0000][1474][gc,phases   ] GC(0)   Post Evacuate Collection Set: 0.8ms
[2021-04-23T17:00:43.850+0000][1474][gc,phases   ] GC(0)   Other: 0.4ms
[2021-04-23T17:00:43.850+0000][1474][gc,heap     ] GC(0) Eden regions: 102->0(100)
[2021-04-23T17:00:43.850+0000][1474][gc,heap     ] GC(0) Survivor regions: 0->2(13)
[2021-04-23T17:00:43.850+0000][1474][gc,heap     ] GC(0) Old regions: 0->0
[2021-04-23T17:00:43.850+0000][1474][gc,heap     ] GC(0) Archive regions: 2->2
[2021-04-23T17:00:43.850+0000][1474][gc,heap     ] GC(0) Humongous regions: 0->0
[2021-04-23T17:00:43.850+0000][1474][gc,metaspace] GC(0) Metaspace: 18822K(19200K)->18822K(19200K) NonClass: 16535K(16768K)->16535K(16768K) Class: 2286K(2432K)->2286K(2432K)
[2021-04-23T17:00:43.850+0000][1474][gc          ] GC(0) Pause Young (Normal) (G1 Evacuation Pause) 823M->23M(16384M) 5.195ms
[2021-04-23T17:00:43.850+0000][1474][gc,cpu      ] GC(0) User=0.05s Sys=0.00s Real=0.01s
[2021-04-23T17:00:43.850+0000][1474][safepoint   ] Safepoint "G1CollectForAllocation", Time since last: 707438642 ns, Reaching safepoint: 56140 ns, At safepoint: 5300685 ns, Total: 5356825 ns
[2021-04-23T17:00:44.620+0000][1474][gc,start    ] GC(1) Pause Young (Normal) (G1 Evacuation Pause)
[2021-04-23T17:00:44.620+0000][1474][gc,task     ] GC(1) Using 13 workers of 13 for evacuation
[2021-04-23T17:00:44.620+0000][1474][gc,age      ] GC(1) Desired survivor size 54525952 bytes, new threshold 15 (max threshold 15)
[2021-04-23T17:00:44.625+0000][1474][gc,age      ] GC(1) Age table with threshold 15 (max threshold 15)
[2021-04-23T17:00:44.625+0000][1474][gc,age      ] GC(1) - age   1:    3598848 bytes,    3598848 total
[2021-04-23T17:00:44.625+0000][1474][gc,age      ] GC(1) - age   2:   15185176 bytes,   18784024 total
[2021-04-23T17:00:44.625+0000][1474][gc,phases   ] GC(1)   Pre Evacuate Collection Set: 0.1ms
[2021-04-23T17:00:44.625+0000][1474][gc,phases   ] GC(1)   Merge Heap Roots: 0.0ms
[2021-04-23T17:00:44.625+0000][1474][gc,phases   ] GC(1)   Evacuate Collection Set: 3.7ms
[2021-04-23T17:00:44.625+0000][1474][gc,phases   ] GC(1)   Post Evacuate Collection Set: 0.7ms
[2021-04-23T17:00:44.625+0000][1474][gc,phases   ] GC(1)   Other: 0.2ms
[2021-04-23T17:00:44.625+0000][1474][gc,heap     ] GC(1) Eden regions: 100->0(99)
[2021-04-23T17:00:44.625+0000][1474][gc,heap     ] GC(1) Survivor regions: 2->3(13)
[2021-04-23T17:00:44.625+0000][1474][gc,heap     ] GC(1) Old regions: 0->0
[2021-04-23T17:00:44.625+0000][1474][gc,heap     ] GC(1) Archive regions: 2->2
[2021-04-23T17:00:44.625+0000][1474][gc,heap     ] GC(1) Humongous regions: 0->0
[2021-04-23T17:00:44.625+0000][1474][gc,metaspace] GC(1) Metaspace: 20569K(21056K)->20569K(21056K) NonClass: 18029K(18304K)->18029K(18304K) Class: 2539K(2752K)->2539K(2752K)
[2021-04-23T17:00:44.625+0000][1474][gc          ] GC(1) Pause Young (Normal) (G1 Evacuation Pause) 823M->26M(16384M) 4.780ms
[2021-04-23T17:00:44.625+0000][1474][gc,cpu      ] GC(1) User=0.05s Sys=0.00s Real=0.00s
[2021-04-23T17:00:44.625+0000][1474][safepoint   ] Safepoint "G1CollectForAllocation", Time since last: 769641492 ns, Reaching safepoint: 71890 ns, At safepoint: 4830577 ns, Total: 4902467 ns
[2021-04-23T17:00:44.997+0000][1474][gc,start    ] GC(2) Pause Young (Concurrent Start) (Metadata GC Threshold)
[2021-04-23T17:00:44.997+0000][1474][gc,task     ] GC(2) Using 13 workers of 13 for evacuation
[2021-04-23T17:00:44.997+0000][1474][gc,age      ] GC(2) Desired survivor size 54525952 bytes, new threshold 15 (max threshold 15)
[2021-04-23T17:00:45.003+0000][1474][gc,age      ] GC(2) Age table with threshold 15 (max threshold 15)
[2021-04-23T17:00:45.003+0000][1474][gc,age      ] GC(2) - age   1:    1122392 bytes,    1122392 total
[2021-04-23T17:00:45.003+0000][1474][gc,age      ] GC(2) - age   2:    3195696 bytes,    4318088 total
[2021-04-23T17:00:45.003+0000][1474][gc,age      ] GC(2) - age   3:   15182872 bytes,   19500960 total
[2021-04-23T17:00:45.003+0000][1474][gc,phases   ] GC(2)   Pre Evacuate Collection Set: 0.2ms
[2021-04-23T17:00:45.003+0000][1474][gc,phases   ] GC(2)   Merge Heap Roots: 0.1ms
[2021-04-23T17:00:45.003+0000][1474][gc,phases   ] GC(2)   Evacuate Collection Set: 4.2ms
[2021-04-23T17:00:45.003+0000][1474][gc,phases   ] GC(2)   Post Evacuate Collection Set: 0.8ms
[2021-04-23T17:00:45.003+0000][1474][gc,phases   ] GC(2)   Other: 0.5ms
[2021-04-23T17:00:45.003+0000][1474][gc,heap     ] GC(2) Eden regions: 44->0(99)
[2021-04-23T17:00:45.003+0000][1474][gc,heap     ] GC(2) Survivor regions: 3->3(13)
[2021-04-23T17:00:45.003+0000][1474][gc,heap     ] GC(2) Old regions: 0->0
[2021-04-23T17:00:45.003+0000][1474][gc,heap     ] GC(2) Archive regions: 2->2
[2021-04-23T17:00:45.003+0000][1474][gc,heap     ] GC(2) Humongous regions: 0->0
[2021-04-23T17:00:45.003+0000][1474][gc,metaspace] GC(2) Metaspace: 20722K(21248K)->20722K(21248K) NonClass: 18147K(18432K)->18147K(18432K) Class: 2575K(2816K)->2575K(2816K)
[2021-04-23T17:00:45.003+0000][1474][gc          ] GC(2) Pause Young (Concurrent Start) (Metadata GC Threshold) 378M->27M(16384M) 5.807ms
[2021-04-23T17:00:45.003+0000][1474][gc,cpu      ] GC(2) User=0.05s Sys=0.01s Real=0.01s
[2021-04-23T17:00:45.003+0000][1474][gc          ] GC(3) Concurrent Mark Cycle
[2021-04-23T17:00:45.003+0000][1474][gc,marking  ] GC(3) Concurrent Clear Claimed Marks
[2021-04-23T17:00:45.003+0000][1474][safepoint   ] Safepoint "CollectForMetadataAllocation", Time since last: 372367743 ns, Reaching safepoint: 43863 ns, At safepoint: 5953233 ns, Total: 5997096 ns
[2021-04-23T17:00:45.003+0000][1474][gc,marking  ] GC(3) Concurrent Clear Claimed Marks 0.032ms
[2021-04-23T17:00:45.003+0000][1474][gc,marking  ] GC(3) Concurrent Scan Root Regions
[2021-04-23T17:00:45.007+0000][1474][gc,marking  ] GC(3) Concurrent Scan Root Regions 3.625ms
[2021-04-23T17:00:45.007+0000][1474][gc,marking  ] GC(3) Concurrent Mark
[2021-04-23T17:00:45.007+0000][1474][gc,marking  ] GC(3) Concurrent Mark From Roots
[2021-04-23T17:00:45.007+0000][1474][gc,task     ] GC(3) Using 3 workers of 3 for marking
[2021-04-23T17:00:45.008+0000][1474][gc,marking  ] GC(3) Concurrent Mark From Roots 1.465ms
[2021-04-23T17:00:45.008+0000][1474][gc,marking  ] GC(3) Concurrent Preclean
[2021-04-23T17:00:45.008+0000][1474][gc,marking  ] GC(3) Concurrent Preclean 0.035ms
[2021-04-23T17:00:45.009+0000][1474][gc,start    ] GC(3) Pause Remark
[2021-04-23T17:00:45.010+0000][1474][gc          ] GC(3) Pause Remark 31M->31M(16384M) 1.251ms
[2021-04-23T17:00:45.010+0000][1474][gc,cpu      ] GC(3) User=0.01s Sys=0.00s Real=0.01s
[2021-04-23T17:00:45.010+0000][1474][safepoint   ] Safepoint "G1Concurrent", Time since last: 5264184 ns, Reaching safepoint: 91726 ns, At safepoint: 1303057 ns, Total: 1394783 ns
[2021-04-23T17:00:45.010+0000][1474][gc,marking  ] GC(3) Concurrent Mark 2.974ms
[2021-04-23T17:00:45.010+0000][1474][gc,marking  ] GC(3) Concurrent Rebuild Remembered Sets
[2021-04-23T17:00:45.011+0000][1474][gc,marking  ] GC(3) Concurrent Rebuild Remembered Sets 0.856ms
[2021-04-23T17:00:45.011+0000][1474][gc,start    ] GC(3) Pause Cleanup
[2021-04-23T17:00:45.011+0000][1474][gc          ] GC(3) Pause Cleanup 31M->31M(16384M) 0.269ms
[2021-04-23T17:00:45.011+0000][1474][gc,cpu      ] GC(3) User=0.00s Sys=0.00s Real=0.00s
[2021-04-23T17:00:45.011+0000][1474][safepoint   ] Safepoint "G1Concurrent", Time since last: 932899 ns, Reaching safepoint: 53789 ns, At safepoint: 335506 ns, Total: 389295 ns
[2021-04-23T17:00:45.011+0000][1474][gc,marking  ] GC(3) Concurrent Cleanup for Next Mark
[2021-04-23T17:00:45.033+0000][1474][gc,marking  ] GC(3) Concurrent Cleanup for Next Mark 21.561ms
[2021-04-23T17:00:45.033+0000][1474][gc          ] GC(3) Concurrent Mark Cycle 29.673ms
[2021-04-23T17:00:45.616+0000][1474][safepoint   ] Safepoint "ICBufferFull", Time since last: 604490818 ns, Reaching safepoint: 153965 ns, At safepoint: 7256 ns, Total: 161221 ns
[2021-04-23T17:00:46.620+0000][1474][safepoint   ] Safepoint "Cleanup", Time since last: 1004258248 ns, Reaching safepoint: 108086 ns, At safepoint: 31758 ns, Total: 139844 ns
[2021-04-23T17:00:47.315+0000][1474][gc,start    ] GC(4) Pause Young (Concurrent Start) (Metadata GC Threshold)
[2021-04-23T17:00:47.315+0000][1474][gc,task     ] GC(4) Using 13 workers of 13 for evacuation
[2021-04-23T17:00:47.315+0000][1474][gc,age      ] GC(4) Desired survivor size 54525952 bytes, new threshold 15 (max threshold 15)
[2021-04-23T17:00:47.328+0000][1474][gc,age      ] GC(4) Age table with threshold 15 (max threshold 15)
[2021-04-23T17:00:47.328+0000][1474][gc,age      ] GC(4) - age   1:   38696624 bytes,   38696624 total
[2021-04-23T17:00:47.328+0000][1474][gc,age      ] GC(4) - age   2:    1098136 bytes,   39794760 total
[2021-04-23T17:00:47.328+0000][1474][gc,age      ] GC(4) - age   3:    3140824 bytes,   42935584 total
[2021-04-23T17:00:47.328+0000][1474][gc,age      ] GC(4) - age   4:   15038904 bytes,   57974488 total
[2021-04-23T17:00:47.328+0000][1474][gc,phases   ] GC(4)   Pre Evacuate Collection Set: 0.1ms
[2021-04-23T17:00:47.328+0000][1474][gc,phases   ] GC(4)   Merge Heap Roots: 0.1ms
[2021-04-23T17:00:47.328+0000][1474][gc,phases   ] GC(4)   Evacuate Collection Set: 11.9ms
[2021-04-23T17:00:47.329+0000][1474][gc,phases   ] GC(4)   Post Evacuate Collection Set: 1.3ms
[2021-04-23T17:00:47.329+0000][1474][gc,phases   ] GC(4)   Other: 0.3ms
[2021-04-23T17:00:47.329+0000][1474][gc,heap     ] GC(4) Eden regions: 40->0(94)
[2021-04-23T17:00:47.329+0000][1474][gc,heap     ] GC(4) Survivor regions: 3->8(13)
[2021-04-23T17:00:47.329+0000][1474][gc,heap     ] GC(4) Old regions: 0->0
[2021-04-23T17:00:47.329+0000][1474][gc,heap     ] GC(4) Archive regions: 2->2
[2021-04-23T17:00:47.329+0000][1474][gc,heap     ] GC(4) Humongous regions: 0->0
[2021-04-23T17:00:47.329+0000][1474][gc,metaspace] GC(4) Metaspace: 34638K(35520K)->34638K(35520K) NonClass: 30108K(30656K)->30108K(30656K) Class: 4529K(4864K)->4529K(4864K)
[2021-04-23T17:00:47.329+0000][1474][gc          ] GC(4) Pause Young (Concurrent Start) (Metadata GC Threshold) 343M->64M(16384M) 13.718ms
[2021-04-23T17:00:47.329+0000][1474][gc,cpu      ] GC(4) User=0.18s Sys=0.01s Real=0.01s
[2021-04-23T17:00:47.329+0000][1474][gc          ] GC(5) Concurrent Mark Cycle
[2021-04-23T17:00:47.329+0000][1474][safepoint   ] Safepoint "CollectForMetadataAllocation", Time since last: 694414194 ns, Reaching safepoint: 100114 ns, At safepoint: 13845526 ns, Total: 13945640 ns
[2021-04-23T17:00:47.329+0000][1474][gc,marking  ] GC(5) Concurrent Clear Claimed Marks
[2021-04-23T17:00:47.329+0000][1474][gc,marking  ] GC(5) Concurrent Clear Claimed Marks 0.109ms
[2021-04-23T17:00:47.329+0000][1474][gc,marking  ] GC(5) Concurrent Scan Root Regions
[2021-04-23T17:00:47.341+0000][1474][gc,marking  ] GC(5) Concurrent Scan Root Regions 11.826ms
[2021-04-23T17:00:47.341+0000][1474][gc,marking  ] GC(5) Concurrent Mark
[2021-04-23T17:00:47.341+0000][1474][gc,marking  ] GC(5) Concurrent Mark From Roots
[2021-04-23T17:00:47.341+0000][1474][gc,task     ] GC(5) Using 3 workers of 3 for marking
[2021-04-23T17:00:47.341+0000][1474][safepoint   ] Safepoint "CollectForMetadataAllocation", Time since last: 12369700 ns, Reaching safepoint: 90002 ns, At safepoint: 43371 ns, Total: 133373 ns
[2021-04-23T17:00:47.342+0000][1474][gc,marking  ] GC(5) Concurrent Mark From Roots 1.255ms
[2021-04-23T17:00:47.342+0000][1474][gc,marking  ] GC(5) Concurrent Preclean
[2021-04-23T17:00:47.342+0000][1474][gc,marking  ] GC(5) Concurrent Preclean 0.029ms
[2021-04-23T17:00:47.342+0000][1474][gc,start    ] GC(5) Pause Remark
[2021-04-23T17:00:47.343+0000][1474][gc          ] GC(5) Pause Remark 68M->68M(16384M) 1.278ms
[2021-04-23T17:00:47.343+0000][1474][gc,cpu      ] GC(5) User=0.02s Sys=0.00s Real=0.00s
[2021-04-23T17:00:47.343+0000][1474][safepoint   ] Safepoint "G1Concurrent", Time since last: 807879 ns, Reaching safepoint: 50113 ns, At safepoint: 1361071 ns, Total: 1411184 ns
[2021-04-23T17:00:47.343+0000][1474][gc,marking  ] GC(5) Concurrent Mark 2.757ms
[2021-04-23T17:00:47.343+0000][1474][gc,marking  ] GC(5) Concurrent Rebuild Remembered Sets
[2021-04-23T17:00:47.344+0000][1474][gc,marking  ] GC(5) Concurrent Rebuild Remembered Sets 0.680ms
[2021-04-23T17:00:47.345+0000][1474][gc,start    ] GC(5) Pause Cleanup
[2021-04-23T17:00:47.345+0000][1474][gc          ] GC(5) Pause Cleanup 68M->68M(16384M) 0.158ms
[2021-04-23T17:00:47.345+0000][1474][gc,cpu      ] GC(5) User=0.00s Sys=0.00s Real=0.00s
[2021-04-23T17:00:47.345+0000][1474][safepoint   ] Safepoint "G1Concurrent", Time since last: 749908 ns, Reaching safepoint: 820758 ns, At safepoint: 241882 ns, Total: 1062640 ns
[2021-04-23T17:00:47.345+0000][1474][gc,marking  ] GC(5) Concurrent Cleanup for Next Mark
[2021-04-23T17:00:47.363+0000][1474][gc,marking  ] GC(5) Concurrent Cleanup for Next Mark 18.049ms
[2021-04-23T17:00:47.363+0000][1474][gc          ] GC(5) Concurrent Mark Cycle 34.689ms
[2021-04-23T17:00:48.018+0000][1474][safepoint   ] Safepoint "ICBufferFull", Time since last: 672999815 ns, Reaching safepoint: 107991 ns, At safepoint: 40898 ns, Total: 148889 ns
[2021-04-23T17:00:48.628+0000][1474][safepoint   ] Safepoint "ICBufferFull", Time since last: 609333596 ns, Reaching safepoint: 105502 ns, At safepoint: 1696 ns, Total: 107198 ns
[2021-04-23T17:00:49.409+0000][1474][gc,start    ] GC(6) Pause Young (Concurrent Start) (Metadata GC Threshold)
[2021-04-23T17:00:49.409+0000][1474][gc,task     ] GC(6) Using 13 workers of 13 for evacuation
[2021-04-23T17:00:49.409+0000][1474][gc,age      ] GC(6) Desired survivor size 54525952 bytes, new threshold 4 (max threshold 15)
[2021-04-23T17:00:49.429+0000][1474][gc,age      ] GC(6) Age table with threshold 4 (max threshold 15)
[2021-04-23T17:00:49.429+0000][1474][gc,age      ] GC(6) - age   1:   12219016 bytes,   12219016 total
[2021-04-23T17:00:49.430+0000][1474][gc,age      ] GC(6) - age   2:   38416320 bytes,   50635336 total
[2021-04-23T17:00:49.430+0000][1474][gc,age      ] GC(6) - age   3:    1094336 bytes,   51729672 total
[2021-04-23T17:00:49.430+0000][1474][gc,age      ] GC(6) - age   4:    3109440 bytes,   54839112 total
[2021-04-23T17:00:49.430+0000][1474][gc,phases   ] GC(6)   Pre Evacuate Collection Set: 0.1ms
[2021-04-23T17:00:49.430+0000][1474][gc,phases   ] GC(6)   Merge Heap Roots: 0.0ms
[2021-04-23T17:00:49.430+0000][1474][gc,phases   ] GC(6)   Evacuate Collection Set: 15.8ms
[2021-04-23T17:00:49.430+0000][1474][gc,phases   ] GC(6)   Post Evacuate Collection Set: 4.3ms
[2021-04-23T17:00:49.430+0000][1474][gc,phases   ] GC(6)   Other: 0.4ms
[2021-04-23T17:00:49.430+0000][1474][gc,heap     ] GC(6) Eden regions: 52->0(95)
[2021-04-23T17:00:49.430+0000][1474][gc,heap     ] GC(6) Survivor regions: 8->7(13)
[2021-04-23T17:00:49.430+0000][1474][gc,heap     ] GC(6) Old regions: 0->2
[2021-04-23T17:00:49.430+0000][1474][gc,heap     ] GC(6) Archive regions: 2->2
[2021-04-23T17:00:49.430+0000][1474][gc,heap     ] GC(6) Humongous regions: 0->0
[2021-04-23T17:00:49.430+0000][1474][gc,metaspace] GC(6) Metaspace: 58678K(59840K)->58678K(59840K) NonClass: 50731K(51392K)->50731K(51392K) Class: 7947K(8448K)->7947K(8448K)
[2021-04-23T17:00:49.430+0000][1474][gc          ] GC(6) Pause Young (Concurrent Start) (Metadata GC Threshold) 476M->78M(16384M) 20.694ms
[2021-04-23T17:00:49.430+0000][1474][gc,cpu      ] GC(6) User=0.19s Sys=0.02s Real=0.03s
[2021-04-23T17:00:49.430+0000][1474][gc          ] GC(7) Concurrent Mark Cycle
[2021-04-23T17:00:49.430+0000][1474][gc,marking  ] GC(7) Concurrent Clear Claimed Marks
[2021-04-23T17:00:49.430+0000][1474][safepoint   ] Safepoint "CollectForMetadataAllocation", Time since last: 780706202 ns, Reaching safepoint: 402615 ns, At safepoint: 20828770 ns, Total: 21231385 ns
[2021-04-23T17:00:49.430+0000][1474][gc,marking  ] GC(7) Concurrent Clear Claimed Marks 0.134ms
[2021-04-23T17:00:49.430+0000][1474][gc,marking  ] GC(7) Concurrent Scan Root Regions
[2021-04-23T17:00:49.443+0000][1474][safepoint   ] Safepoint "CollectForMetadataAllocation", Time since last: 13265271 ns, Reaching safepoint: 32606 ns, At safepoint: 34516 ns, Total: 67122 ns
[2021-04-23T17:00:49.443+0000][1474][gc,marking  ] GC(7) Concurrent Scan Root Regions 13.237ms
[2021-04-23T17:00:49.443+0000][1474][gc,marking  ] GC(7) Concurrent Mark
[2021-04-23T17:00:49.443+0000][1474][gc,marking  ] GC(7) Concurrent Mark From Roots
[2021-04-23T17:00:49.443+0000][1474][gc,task     ] GC(7) Using 3 workers of 3 for marking
[2021-04-23T17:00:49.444+0000][1474][gc,marking  ] GC(7) Concurrent Mark From Roots 0.992ms
[2021-04-23T17:00:49.444+0000][1474][gc,marking  ] GC(7) Concurrent Preclean
[2021-04-23T17:00:49.444+0000][1474][gc,marking  ] GC(7) Concurrent Preclean 0.026ms
[2021-04-23T17:00:49.444+0000][1474][gc,start    ] GC(7) Pause Remark
[2021-04-23T17:00:49.446+0000][1474][gc          ] GC(7) Pause Remark 82M->82M(16384M) 1.413ms
[2021-04-23T17:00:49.446+0000][1474][gc,cpu      ] GC(7) User=0.01s Sys=0.00s Real=0.00s
[2021-04-23T17:00:49.446+0000][1474][safepoint   ] Safepoint "G1Concurrent", Time since last: 1098962 ns, Reaching safepoint: 43043 ns, At safepoint: 1455576 ns, Total: 1498619 ns
[2021-04-23T17:00:49.446+0000][1474][gc,marking  ] GC(7) Concurrent Mark 2.565ms
[2021-04-23T17:00:49.446+0000][1474][gc,marking  ] GC(7) Concurrent Rebuild Remembered Sets
[2021-04-23T17:00:49.449+0000][1474][gc,marking  ] GC(7) Concurrent Rebuild Remembered Sets 3.363ms
[2021-04-23T17:00:49.449+0000][1474][gc,start    ] GC(7) Pause Cleanup
[2021-04-23T17:00:49.449+0000][1474][gc          ] GC(7) Pause Cleanup 82M->82M(16384M) 0.155ms
[2021-04-23T17:00:49.449+0000][1474][gc,cpu      ] GC(7) User=0.00s Sys=0.00s Real=0.00s
[2021-04-23T17:00:49.450+0000][1474][safepoint   ] Safepoint "G1Concurrent", Time since last: 3450693 ns, Reaching safepoint: 88172 ns, At safepoint: 249142 ns, Total: 337314 ns
[2021-04-23T17:00:49.450+0000][1474][gc,marking  ] GC(7) Concurrent Cleanup for Next Mark
[2021-04-23T17:00:49.466+0000][1474][gc,marking  ] GC(7) Concurrent Cleanup for Next Mark 16.212ms
[2021-04-23T17:00:49.466+0000][1474][gc          ] GC(7) Concurrent Mark Cycle 36.055ms
[2021-04-23T17:00:50.102+0000][1474][safepoint   ] Safepoint "ICBufferFull", Time since last: 652342090 ns, Reaching safepoint: 171047 ns, At safepoint: 1850 ns, Total: 172897 ns
[2021-04-23T17:00:50.702+0000][1474][safepoint   ] Safepoint "ICBufferFull", Time since last: 600052694 ns, Reaching safepoint: 157987 ns, At safepoint: 3013 ns, Total: 161000 ns
[2021-04-23T17:00:51.490+0000][1474][safepoint   ] Safepoint "ICBufferFull", Time since last: 787224294 ns, Reaching safepoint: 154116 ns, At safepoint: 5494 ns, Total: 159610 ns
[2021-04-23T17:00:52.528+0000][1474][safepoint   ] Safepoint "Cleanup", Time since last: 1037828431 ns, Reaching safepoint: 77321 ns, At safepoint: 9138 ns, Total: 86459 ns
[2021-04-23T17:00:53.532+0000][1474][safepoint   ] Safepoint "Cleanup", Time since last: 1003971930 ns, Reaching safepoint: 102580 ns, At safepoint: 2268 ns, Total: 104848 ns
[2021-04-23T17:00:54.520+0000][1474][safepoint   ] Safepoint "ICBufferFull", Time since last: 988091124 ns, Reaching safepoint: 153916 ns, At safepoint: 1860 ns, Total: 155776 ns
[2021-04-23T17:00:55.525+0000][1474][safepoint   ] Safepoint "Cleanup", Time since last: 1004589391 ns, Reaching safepoint: 80642 ns, At safepoint: 6540 ns, Total: 87182 ns
[2021-04-23T17:00:57.531+0000][1474][safepoint   ] Safepoint "Cleanup", Time since last: 2005771389 ns, Reaching safepoint: 46491 ns, At safepoint: 7084 ns, Total: 53575 ns
[2021-04-23T17:00:58.536+0000][1474][safepoint   ] Safepoint "Cleanup", Time since last: 1004898026 ns, Reaching safepoint: 56012 ns, At safepoint: 8021 ns, Total: 64033 ns
[2021-04-23T17:01:00.545+0000][1474][safepoint   ] Safepoint "Cleanup", Time since last: 2008877650 ns, Reaching safepoint: 81553 ns, At safepoint: 7584 ns, Total: 89137 ns
[2021-04-23T17:01:02.553+0000][1474][safepoint   ] Safepoint "Cleanup", Time since last: 2008364820 ns, Reaching safepoint: 77844 ns, At safepoint: 10986 ns, Total: 88830 ns
[2021-04-23T17:01:03.555+0000][1474][safepoint   ] Safepoint "Cleanup", Time since last: 1001613175 ns, Reaching safepoint: 90620 ns, At safepoint: 13493 ns, Total: 104113 ns
[2021-04-23T17:01:05.563+0000][1474][safepoint   ] Safepoint "Cleanup", Time since last: 2007581323 ns, Reaching safepoint: 53671 ns, At safepoint: 3864 ns, Total: 57535 ns
[2021-04-23T17:01:08.574+0000][1474][safepoint   ] Safepoint "Cleanup", Time since last: 3011546513 ns, Reaching safepoint: 46521 ns, At safepoint: 2339 ns, Total: 48860 ns
[2021-04-23T17:01:11.585+0000][1474][safepoint   ] Safepoint "Cleanup", Time since last: 3010547474 ns, Reaching safepoint: 102889 ns, At safepoint: 5386 ns, Total: 108275 ns
[2021-04-23T17:01:13.592+0000][1474][safepoint   ] Safepoint "Cleanup", Time since last: 2006432077 ns, Reaching safepoint: 70331 ns, At safepoint: 4919 ns, Total: 75250 ns
[2021-04-23T17:01:17.608+0000][1474][safepoint   ] Safepoint "Cleanup", Time since last: 4015991779 ns, Reaching safepoint: 81651 ns, At safepoint: 2709 ns, Total: 84360 ns
[2021-04-23T17:01:18.608+0000][1474][safepoint   ] Safepoint "Cleanup", Time since last: 1000377410 ns, Reaching safepoint: 80724 ns, At safepoint: 5039 ns, Total: 85763 ns
[2021-04-23T17:01:21.621+0000][1474][safepoint   ] Safepoint "Cleanup", Time since last: 3012366824 ns, Reaching safepoint: 118414 ns, At safepoint: 5616 ns, Total: 124030 ns
[2021-04-23T17:01:26.637+0000][1474][safepoint   ] Safepoint "Cleanup", Time since last: 5016257429 ns, Reaching safepoint: 64188 ns, At safepoint: 32052 ns, Total: 96240 ns
[2021-04-23T17:01:30.654+0000][1474][safepoint   ] Safepoint "Cleanup", Time since last: 4016429827 ns, Reaching safepoint: 140954 ns, At safepoint: 12419 ns, Total: 153373 ns
[2021-04-23T17:01:34.664+0000][1474][safepoint   ] Safepoint "Cleanup", Time since last: 4009410646 ns, Reaching safepoint: 74896 ns, At safepoint: 40947 ns, Total: 115843 ns
[2021-04-23T17:01:37.675+0000][1474][safepoint   ] Safepoint "Cleanup", Time since last: 3011279176 ns, Reaching safepoint: 56023 ns, At safepoint: 3196 ns, Total: 59219 ns
[2021-04-23T17:01:38.679+0000][1474][safepoint   ] Safepoint "Cleanup", Time since last: 1003399209 ns, Reaching safepoint: 67335 ns, At safepoint: 4427 ns, Total: 71762 ns
[2021-04-23T17:01:39.681+0000][1474][safepoint   ] Safepoint "Cleanup", Time since last: 1002535298 ns, Reaching safepoint: 64353 ns, At safepoint: 8709 ns, Total: 73062 ns
[2021-04-23T17:01:40.686+0000][1474][safepoint   ] Safepoint "Cleanup", Time since last: 1004520249 ns, Reaching safepoint: 67713 ns, At safepoint: 3797 ns, Total: 71510 ns
[2021-04-23T17:01:41.688+0000][1474][safepoint   ] Safepoint "Cleanup", Time since last: 1001776682 ns, Reaching safepoint: 62066 ns, At safepoint: 3346 ns, Total: 65412 ns
[2021-04-23T17:01:42.693+0000][1474][safepoint   ] Safepoint "Cleanup", Time since last: 1004695129 ns, Reaching safepoint: 111333 ns, At safepoint: 18681 ns, Total: 130014 ns
[2021-04-23T17:01:43.697+0000][1474][safepoint   ] Safepoint "Cleanup", Time since last: 1004546766 ns, Reaching safepoint: 111130 ns, At safepoint: 13321 ns, Total: 124451 ns
[2021-04-23T17:01:46.705+0000][1474][safepoint   ] Safepoint "Cleanup", Time since last: 3007717899 ns, Reaching safepoint: 84228 ns, At safepoint: 6775 ns, Total: 91003 ns
[2021-04-23T17:01:47.710+0000][1474][safepoint   ] Safepoint "Cleanup", Time since last: 1004396149 ns, Reaching safepoint: 50964 ns, At safepoint: 9548 ns, Total: 60512 ns
[2021-04-23T17:01:58.747+0000][1474][safepoint   ] Safepoint "Cleanup", Time since last: 11037093267 ns, Reaching safepoint: 95753 ns, At safepoint: 4460 ns, Total: 100213 ns
[2021-04-23T17:02:00.752+0000][1474][safepoint   ] Safepoint "Cleanup", Time since last: 2004299253 ns, Reaching safepoint: 68260 ns, At safepoint: 6581 ns, Total: 74841 ns
[2021-04-23T17:02:10.787+0000][1474][safepoint   ] Safepoint "Cleanup", Time since last: 10034544125 ns, Reaching safepoint: 47409 ns, At safepoint: 6481 ns, Total: 53890 ns
[2021-04-23T17:02:11.790+0000][1474][safepoint   ] Safepoint "Cleanup", Time since last: 1002916354 ns, Reaching safepoint: 48710 ns, At safepoint: 9087 ns, Total: 57797 ns
[2021-04-23T17:02:13.799+0000][1474][safepoint   ] Safepoint "Cleanup", Time since last: 2008928431 ns, Reaching safepoint: 97768 ns, At safepoint: 4870 ns, Total: 102638 ns
[2021-04-23T17:02:14.802+0000][1474][safepoint   ] Safepoint "Cleanup", Time since last: 1003065518 ns, Reaching safepoint: 68118 ns, At safepoint: 4720 ns, Total: 72838 ns
[2021-04-23T17:02:15.806+0000][1474][safepoint   ] Safepoint "Cleanup", Time since last: 1003858704 ns, Reaching safepoint: 68180 ns, At safepoint: 8650 ns, Total: 76830 ns
[2021-04-23T17:02:16.809+0000][1474][safepoint   ] Safepoint "Cleanup", Time since last: 1002852508 ns, Reaching safepoint: 73123 ns, At safepoint: 4898 ns, Total: 78021 ns
[2021-04-23T17:02:20.820+0000][1474][safepoint   ] Safepoint "Cleanup", Time since last: 4010665507 ns, Reaching safepoint: 60388 ns, At safepoint: 3416 ns, Total: 63804 ns
[2021-04-23T17:02:21.824+0000][1474][safepoint   ] Safepoint "Cleanup", Time since last: 1004484960 ns, Reaching safepoint: 96152 ns, At safepoint: 30534 ns, Total: 126686 ns
[2021-04-23T17:02:31.858+0000][1474][safepoint   ] Safepoint "Cleanup", Time since last: 10032977719 ns, Reaching safepoint: 45479 ns, At safepoint: 6608 ns, Total: 52087 ns
[2021-04-23T17:02:32.861+0000][1474][safepoint   ] Safepoint "Cleanup", Time since last: 1003171277 ns, Reaching safepoint: 61408 ns, At safepoint: 3595 ns, Total: 65003 ns
[2021-04-23T17:02:35.871+0000][1474][safepoint   ] Safepoint "Cleanup", Time since last: 3009693298 ns, Reaching safepoint: 47454 ns, At safepoint: 5713 ns, Total: 53167 ns
[2021-04-23T17:02:38.882+0000][1474][safepoint   ] Safepoint "Cleanup", Time since last: 3010863021 ns, Reaching safepoint: 61424 ns, At safepoint: 7048 ns, Total: 68472 ns
[2021-04-23T17:02:49.919+0000][1474][safepoint   ] Safepoint "Cleanup", Time since last: 11036858142 ns, Reaching safepoint: 51776 ns, At safepoint: 7576 ns, Total: 59352 ns
[2021-04-23T17:02:50.923+0000][1474][safepoint   ] Safepoint "Cleanup", Time since last: 1004301646 ns, Reaching safepoint: 62242 ns, At safepoint: 5118 ns, Total: 67360 ns
[2021-04-23T17:02:51.927+0000][1474][safepoint   ] Safepoint "Cleanup", Time since last: 1003935155 ns, Reaching safepoint: 59023 ns, At safepoint: 5642 ns, Total: 64665 ns
[2021-04-23T17:02:57.945+0000][1474][safepoint   ] Safepoint "Cleanup", Time since last: 6017275500 ns, Reaching safepoint: 71456 ns, At safepoint: 4015 ns, Total: 75471 ns
[2021-04-23T17:02:58.948+0000][1474][safepoint   ] Safepoint "Cleanup", Time since last: 1003383050 ns, Reaching safepoint: 133240 ns, At safepoint: 11784 ns, Total: 145024 ns
[2021-04-23T17:03:17.010+0000][1474][safepoint   ] Safepoint "Cleanup", Time since last: 18060534343 ns, Reaching safepoint: 75713 ns, At safepoint: 4691 ns, Total: 80404 ns
[2021-04-23T17:03:29.043+0000][1474][safepoint   ] Safepoint "Cleanup", Time since last: 12032520924 ns, Reaching safepoint: 102823 ns, At safepoint: 8982 ns, Total: 111805 ns
[2021-04-23T17:03:48.108+0000][1474][safepoint   ] Safepoint "Cleanup", Time since last: 19064850580 ns, Reaching safepoint: 144449 ns, At safepoint: 13650 ns, Total: 158099 ns
[2021-04-23T17:03:51.119+0000][1474][safepoint   ] Safepoint "Cleanup", Time since last: 3010337162 ns, Reaching safepoint: 57247 ns, At safepoint: 7698 ns, Total: 64945 ns
[2021-04-23T17:03:52.123+0000][1474][safepoint   ] Safepoint "Cleanup", Time since last: 1004008902 ns, Reaching safepoint: 63724 ns, At safepoint: 8196 ns, Total: 71920 ns
[2021-04-23T17:03:56.136+0000][1474][safepoint   ] Safepoint "Cleanup", Time since last: 4012670167 ns, Reaching safepoint: 73896 ns, At safepoint: 3243 ns, Total: 77139 ns
[2021-04-23T17:04:03.155+0000][1474][safepoint   ] Safepoint "Cleanup", Time since last: 7019237293 ns, Reaching safepoint: 46542 ns, At safepoint: 8051 ns, Total: 54593 ns
[2021-04-23T17:04:06.166+0000][1474][safepoint   ] Safepoint "Cleanup", Time since last: 3010264503 ns, Reaching safepoint: 87596 ns, At safepoint: 3358 ns, Total: 90954 ns
[2021-04-23T17:04:11.182+0000][1474][safepoint   ] Safepoint "Cleanup", Time since last: 5015838779 ns, Reaching safepoint: 49456 ns, At safepoint: 2975 ns, Total: 52431 ns
[2021-04-23T17:04:21.214+0000][1474][safepoint   ] Safepoint "Cleanup", Time since last: 10031554699 ns, Reaching safepoint: 73346 ns, At safepoint: 5508 ns, Total: 78854 ns
[2021-04-23T17:04:22.218+0000][1474][safepoint   ] Safepoint "Cleanup", Time since last: 1004159372 ns, Reaching safepoint: 59797 ns, At safepoint: 6814 ns, Total: 66611 ns
[2021-04-23T17:04:27.237+0000][1474][safepoint   ] Safepoint "Cleanup", Time since last: 5018871132 ns, Reaching safepoint: 66712 ns, At safepoint: 3242 ns, Total: 69954 ns
[2021-04-23T17:05:02.365+0000][1474][safepoint   ] Safepoint "Cleanup", Time since last: 35126838107 ns, Reaching safepoint: 66261 ns, At safepoint: 5815 ns, Total: 72076 ns
[2021-04-23T17:05:06.378+0000][1474][safepoint   ] Safepoint "Cleanup", Time since last: 4013013295 ns, Reaching safepoint: 84204 ns, At safepoint: 3106 ns, Total: 87310 ns
[2021-04-23T17:05:47.525+0000][1474][safepoint   ] Safepoint "Cleanup", Time since last: 41145306126 ns, Reaching safepoint: 85505 ns, At safepoint: 6600 ns, Total: 92105 ns
[2021-04-23T17:06:14.628+0000][1474][safepoint   ] Safepoint "Cleanup", Time since last: 27102052428 ns, Reaching safepoint: 71934 ns, At safepoint: 3266 ns, Total: 75200 ns
[2021-04-23T17:06:57.789+0000][1474][safepoint   ] Safepoint "Cleanup", Time since last: 43159686298 ns, Reaching safepoint: 71160 ns, At safepoint: 2848 ns, Total: 74008 ns
[2021-04-23T17:07:09.834+0000][1474][safepoint   ] Safepoint "Cleanup", Time since last: 12044501311 ns, Reaching safepoint: 72072 ns, At safepoint: 3835 ns, Total: 75907 ns
[2021-04-23T17:07:21.883+0000][1474][safepoint   ] Safepoint "Cleanup", Time since last: 12048949507 ns, Reaching safepoint: 67473 ns, At safepoint: 10139 ns, Total: 77612 ns
[2021-04-23T17:07:28.902+0000][1474][safepoint   ] Safepoint "Cleanup", Time since last: 7018252897 ns, Reaching safepoint: 86129 ns, At safepoint: 11866 ns, Total: 97995 ns
[2021-04-23T17:07:43.949+0000][1474][safepoint   ] Safepoint "Cleanup", Time since last: 15047224906 ns, Reaching safepoint: 61168 ns, At safepoint: 5826 ns, Total: 66994 ns
[2021-04-23T17:07:51.975+0000][1474][safepoint   ] Safepoint "Cleanup", Time since last: 8025078848 ns, Reaching safepoint: 72047 ns, At safepoint: 8368 ns, Total: 80415 ns
[2021-04-23T17:08:51.161+0000][1474][safepoint   ] Safepoint "Cleanup", Time since last: 59202500683 ns, Reaching safepoint: 127332 ns, At safepoint: 24975 ns, Total: 152307 ns
[2021-04-23T17:09:05.798+0000][1474][gc,start    ] GC(8) Pause Young (Concurrent Start) (G1 Evacuation Pause)
[2021-04-23T17:09:05.798+0000][1474][gc,task     ] GC(8) Using 13 workers of 13 for evacuation
[2021-04-23T17:09:05.798+0000][1474][gc,age      ] GC(8) Desired survivor size 54525952 bytes, new threshold 4 (max threshold 15)
[2021-04-23T17:09:05.816+0000][1474][gc,age      ] GC(8) Age table with threshold 4 (max threshold 15)
[2021-04-23T17:09:05.816+0000][1474][gc,age      ] GC(8) - age   1:   14387544 bytes,   14387544 total
[2021-04-23T17:09:05.816+0000][1474][gc,age      ] GC(8) - age   2:   11721624 bytes,   26109168 total
[2021-04-23T17:09:05.816+0000][1474][gc,age      ] GC(8) - age   3:   38376320 bytes,   64485488 total
[2021-04-23T17:09:05.816+0000][1474][gc,age      ] GC(8) - age   4:    1089352 bytes,   65574840 total
[2021-04-23T17:09:05.816+0000][1474][gc,phases   ] GC(8)   Pre Evacuate Collection Set: 0.2ms
[2021-04-23T17:09:05.816+0000][1474][gc,phases   ] GC(8)   Merge Heap Roots: 0.1ms
[2021-04-23T17:09:05.816+0000][1474][gc,phases   ] GC(8)   Evacuate Collection Set: 16.1ms
[2021-04-23T17:09:05.816+0000][1474][gc,phases   ] GC(8)   Post Evacuate Collection Set: 1.2ms
[2021-04-23T17:09:05.816+0000][1474][gc,phases   ] GC(8)   Other: 0.4ms
[2021-04-23T17:09:05.816+0000][1474][gc,heap     ] GC(8) Eden regions: 95->0(93)
[2021-04-23T17:09:05.816+0000][1474][gc,heap     ] GC(8) Survivor regions: 7->9(13)
[2021-04-23T17:09:05.816+0000][1474][gc,heap     ] GC(8) Old regions: 2->3
[2021-04-23T17:09:05.816+0000][1474][gc,heap     ] GC(8) Archive regions: 2->2
[2021-04-23T17:09:05.816+0000][1474][gc,heap     ] GC(8) Humongous regions: 0->0
[2021-04-23T17:09:05.816+0000][1474][gc,metaspace] GC(8) Metaspace: 89624K(91008K)->89624K(91008K) NonClass: 77068K(77888K)->77068K(77888K) Class: 12555K(13120K)->12555K(13120K)
[2021-04-23T17:09:05.816+0000][1474][gc          ] GC(8) Pause Young (Concurrent Start) (G1 Evacuation Pause) 838M->92M(16384M) 18.048ms
[2021-04-23T17:09:05.816+0000][1474][gc,cpu      ] GC(8) User=0.22s Sys=0.00s Real=0.02s
[2021-04-23T17:09:05.816+0000][1474][gc          ] GC(9) Concurrent Mark Cycle
[2021-04-23T17:09:05.816+0000][1474][safepoint   ] Safepoint "G1CollectForAllocation", Time since last: 14636823588 ns, Reaching safepoint: 74902 ns, At safepoint: 18207725 ns, Total: 18282627 ns
[2021-04-23T17:09:05.816+0000][1474][gc,marking  ] GC(9) Concurrent Clear Claimed Marks
[2021-04-23T17:09:05.816+0000][1474][gc,marking  ] GC(9) Concurrent Clear Claimed Marks 0.088ms
[2021-04-23T17:09:05.817+0000][1474][gc,marking  ] GC(9) Concurrent Scan Root Regions
[2021-04-23T17:09:05.831+0000][1474][gc,marking  ] GC(9) Concurrent Scan Root Regions 14.847ms
[2021-04-23T17:09:05.831+0000][1474][gc,marking  ] GC(9) Concurrent Mark
[2021-04-23T17:09:05.831+0000][1474][gc,marking  ] GC(9) Concurrent Mark From Roots
[2021-04-23T17:09:05.831+0000][1474][gc,task     ] GC(9) Using 3 workers of 3 for marking
[2021-04-23T17:09:05.837+0000][1474][gc,marking  ] GC(9) Concurrent Mark From Roots 6.037ms
[2021-04-23T17:09:05.837+0000][1474][gc,marking  ] GC(9) Concurrent Preclean
[2021-04-23T17:09:05.838+0000][1474][gc,marking  ] GC(9) Concurrent Preclean 0.050ms
[2021-04-23T17:09:05.838+0000][1474][gc,start    ] GC(9) Pause Remark
[2021-04-23T17:09:05.839+0000][1474][gc          ] GC(9) Pause Remark 96M->96M(16384M) 1.462ms
[2021-04-23T17:09:05.839+0000][1474][gc,cpu      ] GC(9) User=0.01s Sys=0.00s Real=0.00s
[2021-04-23T17:09:05.839+0000][1474][safepoint   ] Safepoint "G1Concurrent", Time since last: 21131452 ns, Reaching safepoint: 35165 ns, At safepoint: 1514478 ns, Total: 1549643 ns
[2021-04-23T17:09:05.839+0000][1474][gc,marking  ] GC(9) Concurrent Mark 7.706ms
[2021-04-23T17:09:05.839+0000][1474][gc,marking  ] GC(9) Concurrent Rebuild Remembered Sets
[2021-04-23T17:09:05.844+0000][1474][gc,marking  ] GC(9) Concurrent Rebuild Remembered Sets 4.528ms
[2021-04-23T17:09:05.844+0000][1474][gc,start    ] GC(9) Pause Cleanup
[2021-04-23T17:09:05.844+0000][1474][gc          ] GC(9) Pause Cleanup 96M->96M(16384M) 0.140ms
[2021-04-23T17:09:05.844+0000][1474][gc,cpu      ] GC(9) User=0.00s Sys=0.00s Real=0.00s
[2021-04-23T17:09:05.844+0000][1474][safepoint   ] Safepoint "G1Concurrent", Time since last: 4574338 ns, Reaching safepoint: 27532 ns, At safepoint: 185396 ns, Total: 212928 ns
[2021-04-23T17:09:05.844+0000][1474][gc,marking  ] GC(9) Concurrent Cleanup for Next Mark
[2021-04-23T17:09:05.859+0000][1474][gc,marking  ] GC(9) Concurrent Cleanup for Next Mark 14.876ms
[2021-04-23T17:09:05.859+0000][1474][gc          ] GC(9) Concurrent Mark Cycle 42.383ms
[2021-04-23T17:09:34.943+0000][1474][safepoint   ] Safepoint "Cleanup", Time since last: 29097984587 ns, Reaching safepoint: 126079 ns, At safepoint: 13152 ns, Total: 139231 ns
[2021-04-23T17:09:38.956+0000][1474][safepoint   ] Safepoint "Cleanup", Time since last: 4013080458 ns, Reaching safepoint: 74798 ns, At safepoint: 3707 ns, Total: 78505 ns
[2021-04-23T17:10:14.072+0000][1474][safepoint   ] Safepoint "Cleanup", Time since last: 35115006680 ns, Reaching safepoint: 99633 ns, At safepoint: 31237 ns, Total: 130870 ns
[2021-04-23T17:10:22.098+0000][1474][safepoint   ] Safepoint "Cleanup", Time since last: 8025172495 ns, Reaching safepoint: 103100 ns, At safepoint: 12331 ns, Total: 115431 ns
[2021-04-23T17:10:49.195+0000][1474][safepoint   ] Safepoint "Cleanup", Time since last: 27096370482 ns, Reaching safepoint: 60287 ns, At safepoint: 6051 ns, Total: 66338 ns
[2021-04-23T17:11:06.259+0000][1474][safepoint   ] Safepoint "Cleanup", Time since last: 17063195719 ns, Reaching safepoint: 84903 ns, At safepoint: 2955 ns, Total: 87858 ns
[2021-04-23T17:11:07.263+0000][1474][safepoint   ] Safepoint "Cleanup", Time since last: 1003882422 ns, Reaching safepoint: 42870 ns, At safepoint: 2029 ns, Total: 44899 ns
[2021-04-23T17:11:33.345+0000][1474][safepoint   ] Safepoint "Cleanup", Time since last: 26081295155 ns, Reaching safepoint: 70494 ns, At safepoint: 15820 ns, Total: 86314 ns
[2021-04-23T17:11:49.403+0000][1474][safepoint   ] Safepoint "Cleanup", Time since last: 16057247929 ns, Reaching safepoint: 85711 ns, At safepoint: 3393 ns, Total: 89104 ns
[2021-04-23T17:12:36.562+0000][1474][safepoint   ] Safepoint "Cleanup", Time since last: 47157522431 ns, Reaching safepoint: 80171 ns, At safepoint: 2602 ns, Total: 82773 ns
[2021-04-23T17:12:46.592+0000][1474][safepoint   ] Safepoint "Cleanup", Time since last: 10030403590 ns, Reaching safepoint: 47045 ns, At safepoint: 6398 ns, Total: 53443 ns
[2021-04-23T17:13:04.655+0000][1474][safepoint   ] Safepoint "Cleanup", Time since last: 18061588066 ns, Reaching safepoint: 79115 ns, At safepoint: 7647 ns, Total: 86762 ns
[2021-04-23T17:13:19.712+0000][1474][safepoint   ] Safepoint "Cleanup", Time since last: 15056923960 ns, Reaching safepoint: 75646 ns, At safepoint: 6478 ns, Total: 82124 ns
[2021-04-23T17:13:21.721+0000][1474][safepoint   ] Safepoint "Cleanup", Time since last: 2008535102 ns, Reaching safepoint: 58681 ns, At safepoint: 6973 ns, Total: 65654 ns
[2021-04-23T17:13:51.785+0000][1474][safepoint   ] Safepoint "Cleanup", Time since last: 30063552368 ns, Reaching safepoint: 63708 ns, At safepoint: 2886 ns, Total: 66594 ns
[2021-04-23T17:15:11.931+0000][1474][safepoint   ] Safepoint "Cleanup", Time since last: 80143272119 ns, Reaching safepoint: 77856 ns, At safepoint: 9157 ns, Total: 87013 ns
[2021-04-23T17:15:26.961+0000][1474][safepoint   ] Safepoint "Cleanup", Time since last: 15028898120 ns, Reaching safepoint: 80564 ns, At safepoint: 11757 ns, Total: 92321 ns
[2021-04-23T17:15:51.426+0000][1474][safepoint   ] Safepoint "Cleanup", Time since last: 24464242509 ns, Reaching safepoint: 96554 ns, At safepoint: 15481 ns, Total: 112035 ns
[2021-04-23T17:16:51.520+0000][1474][safepoint   ] Safepoint "Cleanup", Time since last: 60092094195 ns, Reaching safepoint: 121270 ns, At safepoint: 8991 ns, Total: 130261 ns
[2021-04-23T17:17:21.580+0000][1474][safepoint   ] Safepoint "Cleanup", Time since last: 30059163172 ns, Reaching safepoint: 78474 ns, At safepoint: 9373 ns, Total: 87847 ns
[2021-04-23T17:18:29.725+0000][1474][safepoint   ] Safepoint "Cleanup", Time since last: 68142776515 ns, Reaching safepoint: 75115 ns, At safepoint: 3166 ns, Total: 78281 ns
[2021-04-23T17:18:37.732+0000][1474][safepoint   ] Safepoint "Cleanup", Time since last: 8006510947 ns, Reaching safepoint: 147664 ns, At safepoint: 3161 ns, Total: 150825 ns
[2021-04-23T17:18:59.761+0000][1474][safepoint   ] Safepoint "Cleanup", Time since last: 22028366325 ns, Reaching safepoint: 61911 ns, At safepoint: 6580 ns, Total: 68491 ns
[2021-04-23T17:19:14.789+0000][1474][safepoint   ] Safepoint "Cleanup", Time since last: 15027697987 ns, Reaching safepoint: 77604 ns, At safepoint: 10276 ns, Total: 87880 ns
[2021-04-23T17:19:15.790+0000][1474][safepoint   ] Safepoint "Cleanup", Time since last: 1000721789 ns, Reaching safepoint: 62718 ns, At safepoint: 3795 ns, Total: 66513 ns
[2021-04-23T17:19:18.795+0000][1474][safepoint   ] Safepoint "Cleanup", Time since last: 3005038599 ns, Reaching safepoint: 101230 ns, At safepoint: 8008 ns, Total: 109238 ns
[2021-04-23T17:19:21.796+0000][1474][safepoint   ] Safepoint "Cleanup", Time since last: 3000770957 ns, Reaching safepoint: 76732 ns, At safepoint: 3797 ns, Total: 80529 ns
[2021-04-23T17:19:51.815+0000][1474][safepoint   ] Safepoint "Cleanup", Time since last: 30017810495 ns, Reaching safepoint: 102960 ns, At safepoint: 19609 ns, Total: 122569 ns
[2021-04-23T17:20:05.840+0000][1474][safepoint   ] Safepoint "Cleanup", Time since last: 14024644384 ns, Reaching safepoint: 82906 ns, At safepoint: 2752 ns, Total: 85658 ns
[2021-04-23T17:20:44.912+0000][1474][safepoint   ] Safepoint "Cleanup", Time since last: 39070922997 ns, Reaching safepoint: 77525 ns, At safepoint: 3851 ns, Total: 81376 ns
[2021-04-23T17:20:51.913+0000][1474][safepoint   ] Safepoint "Cleanup", Time since last: 7000882985 ns, Reaching safepoint: 64779 ns, At safepoint: 2516 ns, Total: 67295 ns
[2021-04-23T17:21:09.923+0000][1474][safepoint   ] Safepoint "Cleanup", Time since last: 18008802701 ns, Reaching safepoint: 48451 ns, At safepoint: 6250 ns, Total: 54701 ns
[2021-04-23T17:22:01.030+0000][1474][safepoint   ] Safepoint "Cleanup", Time since last: 51105504707 ns, Reaching safepoint: 73692 ns, At safepoint: 3148 ns, Total: 76840 ns
[2021-04-23T17:22:47.101+0000][1474][safepoint   ] Safepoint "Cleanup", Time since last: 46069392353 ns, Reaching safepoint: 105422 ns, At safepoint: 9042 ns, Total: 114464 ns
[2021-04-23T17:23:21.175+0000][1474][safepoint   ] Safepoint "Cleanup", Time since last: 34073067993 ns, Reaching safepoint: 113418 ns, At safepoint: 4378 ns, Total: 117796 ns
[2021-04-23T17:24:36.880+0000][1474][gc,start    ] GC(10) Pause Young (Normal) (G1 Evacuation Pause)
[2021-04-23T17:24:36.881+0000][1474][gc,task     ] GC(10) Using 13 workers of 13 for evacuation
[2021-04-23T17:24:36.881+0000][1474][gc,age      ] GC(10) Desired survivor size 54525952 bytes, new threshold 3 (max threshold 15)
[2021-04-23T17:24:36.899+0000][1474][gc,age      ] GC(10) Age table with threshold 3 (max threshold 15)
[2021-04-23T17:24:36.899+0000][1474][gc,age      ] GC(10) - age   1:      39840 bytes,      39840 total
[2021-04-23T17:24:36.899+0000][1474][gc,age      ] GC(10) - age   2:   14133768 bytes,   14173608 total
[2021-04-23T17:24:36.899+0000][1474][gc,age      ] GC(10) - age   3:   11712512 bytes,   25886120 total
[2021-04-23T17:24:36.899+0000][1474][gc,phases   ] GC(10)   Pre Evacuate Collection Set: 0.1ms
[2021-04-23T17:24:36.899+0000][1474][gc,phases   ] GC(10)   Merge Heap Roots: 0.1ms
[2021-04-23T17:24:36.899+0000][1474][gc,phases   ] GC(10)   Evacuate Collection Set: 16.3ms
[2021-04-23T17:24:36.899+0000][1474][gc,phases   ] GC(10)   Post Evacuate Collection Set: 1.0ms
[2021-04-23T17:24:36.899+0000][1474][gc,phases   ] GC(10)   Other: 1.0ms
[2021-04-23T17:24:36.899+0000][1474][gc,heap     ] GC(10) Eden regions: 93->0(150)
[2021-04-23T17:24:36.899+0000][1474][gc,heap     ] GC(10) Survivor regions: 9->4(13)
[2021-04-23T17:24:36.899+0000][1474][gc,heap     ] GC(10) Old regions: 3->8
[2021-04-23T17:24:36.899+0000][1474][gc,heap     ] GC(10) Archive regions: 2->2
[2021-04-23T17:24:36.899+0000][1474][gc,heap     ] GC(10) Humongous regions: 0->0
[2021-04-23T17:24:36.899+0000][1474][gc,metaspace] GC(10) Metaspace: 89719K(91072K)->89719K(91072K) NonClass: 77155K(77952K)->77155K(77952K) Class: 12563K(13120K)->12563K(13120K)
[2021-04-23T17:24:36.899+0000][1474][gc          ] GC(10) Pause Young (Normal) (G1 Evacuation Pause) 836M->95M(16384M) 18.639ms
[2021-04-23T17:24:36.899+0000][1474][gc,cpu      ] GC(10) User=0.19s Sys=0.01s Real=0.01s
[2021-04-23T17:24:36.899+0000][1474][safepoint   ] Safepoint "G1CollectForAllocation", Time since last: 75702972033 ns, Reaching safepoint: 72622 ns, At safepoint: 18729866 ns, Total: 18802488 ns
[2021-04-23T17:24:37.904+0000][1474][safepoint   ] Safepoint "Cleanup", Time since last: 1004916909 ns, Reaching safepoint: 77657 ns, At safepoint: 8982 ns, Total: 86639 ns
[2021-04-23T17:25:21.994+0000][1474][safepoint   ] Safepoint "Cleanup", Time since last: 44088800241 ns, Reaching safepoint: 79102 ns, At safepoint: 6028 ns, Total: 85130 ns
[2021-04-23T17:25:37.033+0000][1474][safepoint   ] Safepoint "Cleanup", Time since last: 15038571473 ns, Reaching safepoint: 101403 ns, At safepoint: 7605 ns, Total: 109008 ns
[2021-04-23T17:25:41.044+0000][1474][safepoint   ] Safepoint "Cleanup", Time since last: 4010363906 ns, Reaching safepoint: 72085 ns, At safepoint: 3816 ns, Total: 75901 ns
[2021-04-23T17:25:52.069+0000][1474][safepoint   ] Safepoint "Cleanup", Time since last: 11024443428 ns, Reaching safepoint: 70481 ns, At safepoint: 10948 ns, Total: 81429 ns
[2021-04-23T17:28:22.354+0000][1474][safepoint   ] Safepoint "Cleanup", Time since last: 150299109584 ns, Reaching safepoint: 123844 ns, At safepoint: 6511 ns, Total: 130355 ns
[2021-04-23T17:30:22.577+0000][1474][safepoint   ] Safepoint "Cleanup", Time since last: 120219496949 ns, Reaching safepoint: 71892 ns, At safepoint: 3044 ns, Total: 74936 ns
[2021-04-23T17:30:51.620+0000][1474][safepoint   ] Safepoint "Cleanup", Time since last: 29042500459 ns, Reaching safepoint: 70688 ns, At safepoint: 8150 ns, Total: 78838 ns
[2021-04-23T17:31:29.686+0000][1474][safepoint   ] Safepoint "Cleanup", Time since last: 38063982531 ns, Reaching safepoint: 89861 ns, At safepoint: 3494 ns, Total: 93355 ns
[2021-04-23T17:31:31.686+0000][1474][safepoint   ] Safepoint "Cleanup", Time since last: 2000245695 ns, Reaching safepoint: 70455 ns, At safepoint: 10643 ns, Total: 81098 ns
[2021-04-23T17:33:49.922+0000][1474][safepoint   ] Safepoint "Cleanup", Time since last: 138232029574 ns, Reaching safepoint: 70562 ns, At safepoint: 4191 ns, Total: 74753 ns
[2021-04-23T17:36:29.201+0000][1474][safepoint   ] Safepoint "Cleanup", Time since last: 159273697915 ns, Reaching safepoint: 69692 ns, At safepoint: 4414 ns, Total: 74106 ns
[2021-04-23T17:38:44.459+0000][1474][safepoint   ] Safepoint "Cleanup", Time since last: 135254406579 ns, Reaching safepoint: 59983 ns, At safepoint: 3736 ns, Total: 63719 ns
[2021-04-23T17:39:37.547+0000][1474][safepoint   ] Safepoint "Cleanup", Time since last: 53085920395 ns, Reaching safepoint: 77045 ns, At safepoint: 4131 ns, Total: 81176 ns
[2021-04-23T17:41:21.739+0000][1474][safepoint   ] Safepoint "Cleanup", Time since last: 104188412676 ns, Reaching safepoint: 117001 ns, At safepoint: 27355 ns, Total: 144356 ns
[2021-04-23T17:41:31.760+0000][1474][safepoint   ] Safepoint "Cleanup", Time since last: 10020794658 ns, Reaching safepoint: 71036 ns, At safepoint: 10468 ns, Total: 81504 ns
[2021-04-23T17:42:21.849+0000][1474][safepoint   ] Safepoint "Cleanup", Time since last: 50087648797 ns, Reaching safepoint: 64006 ns, At safepoint: 3874 ns, Total: 67880 ns
[2021-04-23T17:42:51.915+0000][1474][safepoint   ] Safepoint "Cleanup", Time since last: 30064737086 ns, Reaching safepoint: 65112 ns, At safepoint: 2006 ns, Total: 67118 ns
[2021-04-23T17:43:40.978+0000][1474][safepoint   ] Safepoint "Cleanup", Time since last: 49061655478 ns, Reaching safepoint: 128579 ns, At safepoint: 16147 ns, Total: 144726 ns
[2021-04-23T17:43:41.979+0000][1474][safepoint   ] Safepoint "Cleanup", Time since last: 1000982985 ns, Reaching safepoint: 68900 ns, At safepoint: 3472 ns, Total: 72372 ns
[2021-04-23T17:43:49.991+0000][1474][safepoint   ] Safepoint "Cleanup", Time since last: 8011924308 ns, Reaching safepoint: 79702 ns, At safepoint: 9564 ns, Total: 89266 ns
[2021-04-23T17:44:15.033+0000][1474][safepoint   ] Safepoint "Cleanup", Time since last: 25048764062 ns, Reaching safepoint: 134168 ns, At safepoint: 8339 ns, Total: 142507 ns
[2021-04-23T17:45:40.155+0000][1474][safepoint   ] Safepoint "Cleanup", Time since last: 85129787694 ns, Reaching safepoint: 75336 ns, At safepoint: 8480 ns, Total: 83816 ns
[2021-04-23T17:45:42.162+0000][1474][safepoint   ] Safepoint "Cleanup", Time since last: 2006245701 ns, Reaching safepoint: 56133 ns, At safepoint: 8151 ns, Total: 64284 ns
[2021-04-23T17:46:22.245+0000][1474][safepoint   ] Safepoint "Cleanup", Time since last: 40081879540 ns, Reaching safepoint: 108972 ns, At safepoint: 4085 ns, Total: 113057 ns
[2021-04-23T17:47:19.374+0000][1474][safepoint   ] Safepoint "Cleanup", Time since last: 57127864591 ns, Reaching safepoint: 53165 ns, At safepoint: 3995 ns, Total: 57160 ns
[2021-04-23T17:49:58.604+0000][1474][gc,start    ] GC(11) Pause Young (Normal) (G1 Evacuation Pause)
[2021-04-23T17:49:58.604+0000][1474][gc,task     ] GC(11) Using 13 workers of 13 for evacuation
[2021-04-23T17:49:58.604+0000][1474][gc,age      ] GC(11) Desired survivor size 83886080 bytes, new threshold 15 (max threshold 15)
[2021-04-23T17:49:58.613+0000][1474][gc,age      ] GC(11) Age table with threshold 15 (max threshold 15)
[2021-04-23T17:49:58.613+0000][1474][gc,age      ] GC(11) - age   1:      12040 bytes,      12040 total
[2021-04-23T17:49:58.613+0000][1474][gc,age      ] GC(11) - age   2:      32400 bytes,      44440 total
[2021-04-23T17:49:58.613+0000][1474][gc,age      ] GC(11) - age   3:   14132816 bytes,   14177256 total
[2021-04-23T17:49:58.613+0000][1474][gc,age      ] GC(11) - age   4:   11712512 bytes,   25889768 total
[2021-04-23T17:49:58.613+0000][1474][gc,phases   ] GC(11)   Pre Evacuate Collection Set: 0.1ms
[2021-04-23T17:49:58.613+0000][1474][gc,phases   ] GC(11)   Merge Heap Roots: 0.1ms
[2021-04-23T17:49:58.613+0000][1474][gc,phases   ] GC(11)   Evacuate Collection Set: 7.6ms
[2021-04-23T17:49:58.613+0000][1474][gc,phases   ] GC(11)   Post Evacuate Collection Set: 0.8ms
[2021-04-23T17:49:58.613+0000][1474][gc,phases   ] GC(11)   Other: 0.5ms
[2021-04-23T17:49:58.613+0000][1474][gc,heap     ] GC(11) Eden regions: 150->0(1224)
[2021-04-23T17:49:58.613+0000][1474][gc,heap     ] GC(11) Survivor regions: 4->4(20)
[2021-04-23T17:49:58.613+0000][1474][gc,heap     ] GC(11) Old regions: 8->8
[2021-04-23T17:49:58.613+0000][1474][gc,heap     ] GC(11) Archive regions: 2->2
[2021-04-23T17:49:58.613+0000][1474][gc,heap     ] GC(11) Humongous regions: 0->0
[2021-04-23T17:49:58.613+0000][1474][gc,metaspace] GC(11) Metaspace: 89772K(91136K)->89772K(91136K) NonClass: 77208K(78016K)->77208K(78016K) Class: 12564K(13120K)->12564K(13120K)
[2021-04-23T17:49:58.613+0000][1474][gc          ] GC(11) Pause Young (Normal) (G1 Evacuation Pause) 1295M->91M(16384M) 9.260ms
[2021-04-23T17:49:58.613+0000][1474][gc,cpu      ] GC(11) User=0.09s Sys=0.00s Real=0.01s
[2021-04-23T17:49:58.613+0000][1474][safepoint   ] Safepoint "G1CollectForAllocation", Time since last: 159224723863 ns, Reaching safepoint: 57849 ns, At safepoint: 9355169 ns, Total: 9413018 ns
[2021-04-23T18:00:51.813+0000][1474][safepoint   ] Safepoint "Cleanup", Time since last: 653179614327 ns, Reaching safepoint: 62501 ns, At safepoint: 18682 ns, Total: 81183 ns
[2021-04-23T18:01:52.043+0000][1474][safepoint   ] Safepoint "Cleanup", Time since last: 60228413983 ns, Reaching safepoint: 51810 ns, At safepoint: 3204 ns, Total: 55014 ns
[2021-04-23T18:02:52.248+0000][1474][safepoint   ] Safepoint "Cleanup", Time since last: 60218424305 ns, Reaching safepoint: 66901 ns, At safepoint: 2897 ns, Total: 69798 ns
[2021-04-23T18:03:22.369+0000][1474][safepoint   ] Safepoint "Cleanup", Time since last: 30122124554 ns, Reaching safepoint: 89176 ns, At safepoint: 7011 ns, Total: 96187 ns
[2021-04-23T18:03:52.484+0000][1474][safepoint   ] Safepoint "Cleanup", Time since last: 30114597499 ns, Reaching safepoint: 53536 ns, At safepoint: 2498 ns, Total: 56034 ns
[2021-04-23T18:05:00.739+0000][1474][safepoint   ] Safepoint "Cleanup", Time since last: 68252719884 ns, Reaching safepoint: 47298 ns, At safepoint: 6319 ns, Total: 53617 ns
[2021-04-23T18:05:01.744+0000][1474][safepoint   ] Safepoint "Cleanup", Time since last: 1005278870 ns, Reaching safepoint: 47928 ns, At safepoint: 6050 ns, Total: 53978 ns
[2021-04-23T18:05:22.823+0000][1474][safepoint   ] Safepoint "Cleanup", Time since last: 21078352508 ns, Reaching safepoint: 51686 ns, At safepoint: 4625 ns, Total: 56311 ns
[2021-04-23T18:05:30.847+0000][1474][safepoint   ] Safepoint "Cleanup", Time since last: 8023744813 ns, Reaching safepoint: 46629 ns, At safepoint: 5462 ns, Total: 52091 ns
[2021-04-23T18:13:05.930+0000][1474][safepoint   ] Safepoint "Cleanup", Time since last: 455069636407 ns, Reaching safepoint: 65872 ns, At safepoint: 2991 ns, Total: 68863 ns
[2021-04-23T18:13:21.949+0000][1474][safepoint   ] Safepoint "Cleanup", Time since last: 16018398873 ns, Reaching safepoint: 53813 ns, At safepoint: 8087 ns, Total: 61900 ns
[2021-04-23T18:14:26.079+0000][1474][safepoint   ] Safepoint "Cleanup", Time since last: 64127710717 ns, Reaching safepoint: 64518 ns, At safepoint: 3315 ns, Total: 67833 ns
[2021-04-23T18:15:21.204+0000][1474][safepoint   ] Safepoint "Cleanup", Time since last: 55123499755 ns, Reaching safepoint: 89427 ns, At safepoint: 6885 ns, Total: 96312 ns
[2021-04-23T18:15:52.258+0000][1474][safepoint   ] Safepoint "Cleanup", Time since last: 31052625579 ns, Reaching safepoint: 51686 ns, At safepoint: 5539 ns, Total: 57225 ns
[2021-04-23T18:25:52.320+0000][1474][safepoint   ] Safepoint "Cleanup", Time since last: 600059923143 ns, Reaching safepoint: 66279 ns, At safepoint: 11863 ns, Total: 78142 ns
[2021-04-23T18:29:32.496+0000][1474][safepoint   ] Safepoint "Cleanup", Time since last: 220168756254 ns, Reaching safepoint: 108334 ns, At safepoint: 7984 ns, Total: 116318 ns
[2021-04-23T18:50:59.302+0000][1474][safepoint   ] Safepoint "Cleanup", Time since last: 202338976429 ns, Reaching safepoint: 55666 ns, At safepoint: 23514 ns, Total: 79180 ns
[2021-04-23T18:59:31.077+0000][1474][safepoint   ] Safepoint "Cleanup", Time since last: 237282929208 ns, Reaching safepoint: 71851 ns, At safepoint: 10609 ns, Total: 82460 ns
[2021-04-23T19:05:31.735+0000][1474][safepoint   ] Safepoint "Cleanup", Time since last: 360652891255 ns, Reaching safepoint: 117275 ns, At safepoint: 66887 ns, Total: 184162 ns
[2021-04-23T19:07:21.977+0000][1474][safepoint   ] Safepoint "Cleanup", Time since last: 110241260374 ns, Reaching safepoint: 94083 ns, At safepoint: 17797 ns, Total: 111880 ns
[2021-04-23T19:07:28.998+0000][1474][safepoint   ] Safepoint "Cleanup", Time since last: 7020871782 ns, Reaching safepoint: 52705 ns, At safepoint: 12452 ns, Total: 65157 ns
[2021-04-23T19:09:01.212+0000][1474][safepoint   ] Safepoint "Cleanup", Time since last: 92211824590 ns, Reaching safepoint: 67407 ns, At safepoint: 14060 ns, Total: 81467 ns
[2021-04-23T19:09:28.285+0000][1474][safepoint   ] Safepoint "Cleanup", Time since last: 27072381657 ns, Reaching safepoint: 82142 ns, At safepoint: 61999 ns, Total: 144141 ns
[2021-04-23T19:10:42.499+0000][1474][safepoint   ] Safepoint "Cleanup", Time since last: 74213484857 ns, Reaching safepoint: 112306 ns, At safepoint: 23886 ns, Total: 136192 ns
[2021-04-23T19:14:02.620+0000][1474][safepoint   ] Safepoint "Cleanup", Time since last: 200117507768 ns, Reaching safepoint: 90495 ns, At safepoint: 11792 ns, Total: 102287 ns
[2021-04-23T19:36:12.022+0000][1474][safepoint   ] Safepoint "Cleanup", Time since last: 269074017574 ns, Reaching safepoint: 123763 ns, At safepoint: 9975 ns, Total: 133738 ns
[2021-04-23T19:39:12.323+0000][1474][safepoint   ] Safepoint "Cleanup", Time since last: 180296827208 ns, Reaching safepoint: 86166 ns, At safepoint: 8441 ns, Total: 94607 ns
[2021-04-23T19:40:42.489+0000][1474][safepoint   ] Safepoint "Cleanup", Time since last: 90164270063 ns, Reaching safepoint: 92614 ns, At safepoint: 16086 ns, Total: 108700 ns
[2021-04-23T19:41:11.550+0000][1474][safepoint   ] Safepoint "Cleanup", Time since last: 29060157677 ns, Reaching safepoint: 100773 ns, At safepoint: 69389 ns, Total: 170162 ns
[2021-04-23T19:41:12.551+0000][1474][safepoint   ] Safepoint "Cleanup", Time since last: 1000096509 ns, Reaching safepoint: 103425 ns, At safepoint: 5022 ns, Total: 108447 ns
[2021-04-23T19:43:41.854+0000][1474][safepoint   ] Safepoint "Cleanup", Time since last: 149300528899 ns, Reaching safepoint: 67457 ns, At safepoint: 18217 ns, Total: 85674 ns
[2021-04-23T19:44:41.965+0000][1474][safepoint   ] Safepoint "Cleanup", Time since last: 60108764389 ns, Reaching safepoint: 77680 ns, At safepoint: 7330 ns, Total: 85010 ns
[2021-04-23T19:45:42.264+0000][1474][safepoint   ] Safepoint "Cleanup", Time since last: 60298080464 ns, Reaching safepoint: 85371 ns, At safepoint: 6660 ns, Total: 92031 ns
[2021-04-23T19:47:41.957+0000][1474][safepoint   ] Safepoint "Cleanup", Time since last: 119689838714 ns, Reaching safepoint: 82054 ns, At safepoint: 39142 ns, Total: 121196 ns
[2021-04-23T19:48:12.153+0000][1474][safepoint   ] Safepoint "Cleanup", Time since last: 30195187250 ns, Reaching safepoint: 100061 ns, At safepoint: 19156 ns, Total: 119217 ns
[2021-04-23T19:48:42.331+0000][1474][safepoint   ] Safepoint "Cleanup", Time since last: 30177133540 ns, Reaching safepoint: 77032 ns, At safepoint: 8315 ns, Total: 85347 ns
[2021-04-23T19:49:11.494+0000][1474][safepoint   ] Safepoint "Cleanup", Time since last: 29162508534 ns, Reaching safepoint: 69654 ns, At safepoint: 8748 ns, Total: 78402 ns
[2021-04-23T19:49:42.663+0000][1474][safepoint   ] Safepoint "Cleanup", Time since last: 31167896064 ns, Reaching safepoint: 81470 ns, At safepoint: 7347 ns, Total: 88817 ns
[2021-04-23T19:50:09.833+0000][1474][safepoint   ] Safepoint "Cleanup", Time since last: 27169377698 ns, Reaching safepoint: 91978 ns, At safepoint: 9119 ns, Total: 101097 ns
[2021-04-23T19:50:11.842+0000][1474][safepoint   ] Safepoint "Cleanup", Time since last: 2009261478 ns, Reaching safepoint: 74133 ns, At safepoint: 9441 ns, Total: 83574 ns
[2021-04-23T20:13:01.722+0000][1474][safepoint   ] Safepoint "Cleanup", Time since last: 150110446443 ns, Reaching safepoint: 232393 ns, At safepoint: 67663 ns, Total: 300056 ns
[2021-04-23T20:15:48.941+0000][1474][gc,heap,exit] Heap
[2021-04-23T20:15:48.941+0000][1474][gc,heap,exit]  garbage-first heap   total 16777216K, used 4238668K [0x0000000400000000, 0x0000000800000000)
[2021-04-23T20:15:48.941+0000][1474][gc,heap,exit]   region size 8192K, 510 young (4177920K), 4 survivors (32768K)
[2021-04-23T20:15:48.941+0000][1474][gc,heap,exit]  Metaspace       used 90124K, committed 91520K, reserved 1130496K
[2021-04-23T20:15:48.941+0000][1474][gc,heap,exit]   class space    used 12593K, committed 13184K, reserved 1048576K
