[2021-04-08T00:53:20.395+0000][22299][gc] Using G1
[2021-04-08T00:53:20.459+0000][22299][gc,init] Version: 15.0.1+9 (release)
[2021-04-08T00:53:20.459+0000][22299][gc,init] CPUs: 8 total, 8 available
[2021-04-08T00:53:20.459+0000][22299][gc,init] Memory: 16244M
[2021-04-08T00:53:20.459+0000][22299][gc,init] Large Page Support: Disabled
[2021-04-08T00:53:20.459+0000][22299][gc,init] NUMA Support: Disabled
[2021-04-08T00:53:20.459+0000][22299][gc,init] Compressed Oops: Enabled (Zero based)
[2021-04-08T00:53:20.459+0000][22299][gc,init] Heap Region Size: 4M
[2021-04-08T00:53:20.459+0000][22299][gc,init] Heap Min Capacity: 8124M
[2021-04-08T00:53:20.460+0000][22299][gc,init] Heap Initial Capacity: 8124M
[2021-04-08T00:53:20.460+0000][22299][gc,init] Heap Max Capacity: 8124M
[2021-04-08T00:53:20.460+0000][22299][gc,init] Pre-touch: Disabled
[2021-04-08T00:53:20.460+0000][22299][gc,init] Parallel Workers: 8
[2021-04-08T00:53:20.460+0000][22299][gc,init] Concurrent Workers: 2
[2021-04-08T00:53:20.460+0000][22299][gc,init] Concurrent Refinement Workers: 8
[2021-04-08T00:53:20.460+0000][22299][gc,init] Periodic GC: Disabled
[2021-04-08T00:53:20.460+0000][22299][gc,metaspace] CDS disabled.
[2021-04-08T00:53:20.460+0000][22299][gc,metaspace] Compressed class space mapped at: 0x00000007c0000000-0x0000000800000000, size: 1073741824
[2021-04-08T00:53:20.460+0000][22299][gc,metaspace] Narrow klass base: 0x0000000000000000, Narrow klass shift: 3, Narrow klass range: 0x800000000
[2021-04-08T00:53:20.595+0000][22299][gc,heap,exit] Heap
[2021-04-08T00:53:20.595+0000][22299][gc,heap,exit]  garbage-first heap   total 8318976K, used 4096K [0x00000005c4400000, 0x00000007c0000000)
[2021-04-08T00:53:20.595+0000][22299][gc,heap,exit]   region size 4096K, 2 young (8192K), 0 survivors (0K)
[2021-04-08T00:53:20.595+0000][22299][gc,heap,exit]  Metaspace       used 3310K, capacity 4480K, committed 4480K, reserved 1056768K
[2021-04-08T00:53:20.595+0000][22299][gc,heap,exit]   class space    used 266K, capacity 384K, committed 384K, reserved 1048576K
