[2021-04-10T05:01:55.421+0000][677][gc] Using G1
[2021-04-10T05:02:13.896+0000][677][gc,init] Version: 15.0.1+9 (release)
[2021-04-10T05:02:13.896+0000][677][gc,init] CPUs: 8 total, 8 available
[2021-04-10T05:02:13.896+0000][677][gc,init] Memory: 16244M
[2021-04-10T05:02:13.897+0000][677][gc,init] Large Page Support: Disabled
[2021-04-10T05:02:13.897+0000][677][gc,init] NUMA Support: Disabled
[2021-04-10T05:02:13.897+0000][677][gc,init] Compressed Oops: Enabled (Zero based)
[2021-04-10T05:02:13.897+0000][677][gc,init] Heap Region Size: 4M
[2021-04-10T05:02:13.897+0000][677][gc,init] Heap Min Capacity: 8124M
[2021-04-10T05:02:13.897+0000][677][gc,init] Heap Initial Capacity: 8124M
[2021-04-10T05:02:13.897+0000][677][gc,init] Heap Max Capacity: 8124M
[2021-04-10T05:02:13.899+0000][677][gc,init] Pre-touch: Enabled
[2021-04-10T05:02:13.899+0000][677][gc,init] Parallel Workers: 8
[2021-04-10T05:02:13.900+0000][677][gc,init] Concurrent Workers: 2
[2021-04-10T05:02:13.900+0000][677][gc,init] Concurrent Refinement Workers: 8
[2021-04-10T05:02:13.900+0000][677][gc,init] Periodic GC: Disabled
[2021-04-10T05:02:13.901+0000][677][gc,cds ] Mark closed archive regions in map: [0x00000007ffc00000, 0x00000007ffc7bff8]
[2021-04-10T05:02:13.921+0000][677][gc,cds ] Mark open archive regions in map: [0x00000007ffb00000, 0x00000007ffb51ff8]
[2021-04-10T05:02:13.939+0000][677][gc,metaspace] CDS archive(s) mapped at: [0x0000000800000000-0x0000000800b2a000-0x0000000800b2a000), size 11706368, SharedBaseAddress: 0x0000000800000000, ArchiveRelocationMode: 0.
[2021-04-10T05:02:13.939+0000][677][gc,metaspace] Compressed class space mapped at: 0x0000000800b2c000-0x0000000840b2c000, size: 1073741824
[2021-04-10T05:02:13.939+0000][677][gc,metaspace] Narrow klass base: 0x0000000800000000, Narrow klass shift: 3, Narrow klass range: 0x100000000
[2021-04-10T05:02:14.474+0000][677][safepoint   ] Safepoint "ICBufferFull", Time since last: 495204900 ns, Reaching safepoint: 624300 ns, At safepoint: 10500 ns, Total: 634800 ns
[2021-04-10T05:02:15.169+0000][677][safepoint   ] Safepoint "ICBufferFull", Time since last: 694312700 ns, Reaching safepoint: 393400 ns, At safepoint: 31300 ns, Total: 424700 ns
[2021-04-10T05:02:15.742+0000][677][safepoint   ] Safepoint "ICBufferFull", Time since last: 573043100 ns, Reaching safepoint: 341300 ns, At safepoint: 9900 ns, Total: 351200 ns
[2021-04-10T05:02:16.559+0000][677][safepoint   ] Safepoint "ICBufferFull", Time since last: 816690600 ns, Reaching safepoint: 141800 ns, At safepoint: 11500 ns, Total: 153300 ns
[2021-04-10T05:02:16.563+0000][677][safepoint   ] Safepoint "ICBufferFull", Time since last: 4436400 ns, Reaching safepoint: 127400 ns, At safepoint: 10700 ns, Total: 138100 ns
[2021-04-10T05:02:16.566+0000][677][safepoint   ] Safepoint "ICBufferFull", Time since last: 2178600 ns, Reaching safepoint: 137900 ns, At safepoint: 12100 ns, Total: 150000 ns
[2021-04-10T05:02:16.569+0000][677][safepoint   ] Safepoint "ICBufferFull", Time since last: 3382900 ns, Reaching safepoint: 76400 ns, At safepoint: 7400 ns, Total: 83800 ns
[2021-04-10T05:02:16.572+0000][677][safepoint   ] Safepoint "ICBufferFull", Time since last: 2983700 ns, Reaching safepoint: 108400 ns, At safepoint: 12800 ns, Total: 121200 ns
[2021-04-10T05:02:16.575+0000][677][safepoint   ] Safepoint "ICBufferFull", Time since last: 2902600 ns, Reaching safepoint: 71900 ns, At safepoint: 8200 ns, Total: 80100 ns
[2021-04-10T05:02:16.579+0000][677][safepoint   ] Safepoint "ICBufferFull", Time since last: 3221900 ns, Reaching safepoint: 79700 ns, At safepoint: 11500 ns, Total: 91200 ns
[2021-04-10T05:02:16.581+0000][677][safepoint   ] Safepoint "ICBufferFull", Time since last: 1964800 ns, Reaching safepoint: 55000 ns, At safepoint: 7800 ns, Total: 62800 ns
[2021-04-10T05:02:16.583+0000][677][safepoint   ] Safepoint "ICBufferFull", Time since last: 2258200 ns, Reaching safepoint: 57300 ns, At safepoint: 13600 ns, Total: 70900 ns
[2021-04-10T05:02:16.586+0000][677][safepoint   ] Safepoint "ICBufferFull", Time since last: 3135600 ns, Reaching safepoint: 60600 ns, At safepoint: 10900 ns, Total: 71500 ns
[2021-04-10T05:02:16.591+0000][677][safepoint   ] Safepoint "ICBufferFull", Time since last: 5004300 ns, Reaching safepoint: 81600 ns, At safepoint: 11500 ns, Total: 93100 ns
[2021-04-10T05:02:16.594+0000][677][safepoint   ] Safepoint "ICBufferFull", Time since last: 2419800 ns, Reaching safepoint: 95800 ns, At safepoint: 10600 ns, Total: 106400 ns
[2021-04-10T05:02:16.598+0000][677][safepoint   ] Safepoint "ICBufferFull", Time since last: 3952000 ns, Reaching safepoint: 117600 ns, At safepoint: 10800 ns, Total: 128400 ns
[2021-04-10T05:02:16.602+0000][677][safepoint   ] Safepoint "ICBufferFull", Time since last: 4219200 ns, Reaching safepoint: 103200 ns, At safepoint: 14400 ns, Total: 117600 ns
[2021-04-10T05:02:16.606+0000][677][safepoint   ] Safepoint "ICBufferFull", Time since last: 4289700 ns, Reaching safepoint: 74700 ns, At safepoint: 7900 ns, Total: 82600 ns
[2021-04-10T05:02:16.610+0000][677][safepoint   ] Safepoint "ICBufferFull", Time since last: 3370000 ns, Reaching safepoint: 104900 ns, At safepoint: 13600 ns, Total: 118500 ns
[2021-04-10T05:02:16.613+0000][677][safepoint   ] Safepoint "ICBufferFull", Time since last: 2561600 ns, Reaching safepoint: 97800 ns, At safepoint: 11200 ns, Total: 109000 ns
[2021-04-10T05:02:16.616+0000][677][safepoint   ] Safepoint "ICBufferFull", Time since last: 2786800 ns, Reaching safepoint: 59700 ns, At safepoint: 10200 ns, Total: 69900 ns
[2021-04-10T05:02:16.620+0000][677][safepoint   ] Safepoint "ICBufferFull", Time since last: 4844000 ns, Reaching safepoint: 93800 ns, At safepoint: 13200 ns, Total: 107000 ns
[2021-04-10T05:02:16.624+0000][677][safepoint   ] Safepoint "ICBufferFull", Time since last: 2950300 ns, Reaching safepoint: 92300 ns, At safepoint: 8500 ns, Total: 100800 ns
[2021-04-10T05:02:16.624+0000][677][safepoint   ] Safepoint "ICBufferFull", Time since last: 772600 ns, Reaching safepoint: 110900 ns, At safepoint: 11400 ns, Total: 122300 ns
[2021-04-10T05:02:16.625+0000][677][safepoint   ] Safepoint "ICBufferFull", Time since last: 740200 ns, Reaching safepoint: 59300 ns, At safepoint: 7500 ns, Total: 66800 ns
[2021-04-10T05:02:16.626+0000][677][safepoint   ] Safepoint "ICBufferFull", Time since last: 795900 ns, Reaching safepoint: 104100 ns, At safepoint: 11100 ns, Total: 115200 ns
[2021-04-10T05:02:16.627+0000][677][safepoint   ] Safepoint "ICBufferFull", Time since last: 959500 ns, Reaching safepoint: 49400 ns, At safepoint: 10600 ns, Total: 60000 ns
[2021-04-10T05:02:16.628+0000][677][safepoint   ] Safepoint "ICBufferFull", Time since last: 807600 ns, Reaching safepoint: 88800 ns, At safepoint: 9300 ns, Total: 98100 ns
[2021-04-10T05:02:16.629+0000][677][safepoint   ] Safepoint "ICBufferFull", Time since last: 767200 ns, Reaching safepoint: 57500 ns, At safepoint: 11500 ns, Total: 69000 ns
[2021-04-10T05:02:16.630+0000][677][safepoint   ] Safepoint "ICBufferFull", Time since last: 728000 ns, Reaching safepoint: 55600 ns, At safepoint: 11200 ns, Total: 66800 ns
[2021-04-10T05:02:16.631+0000][677][safepoint   ] Safepoint "ICBufferFull", Time since last: 790900 ns, Reaching safepoint: 97400 ns, At safepoint: 18700 ns, Total: 116100 ns
[2021-04-10T05:02:16.632+0000][677][safepoint   ] Safepoint "ICBufferFull", Time since last: 856600 ns, Reaching safepoint: 92600 ns, At safepoint: 11300 ns, Total: 103900 ns
[2021-04-10T05:02:16.632+0000][677][safepoint   ] Safepoint "ICBufferFull", Time since last: 755900 ns, Reaching safepoint: 59800 ns, At safepoint: 10900 ns, Total: 70700 ns
[2021-04-10T05:02:16.633+0000][677][safepoint   ] Safepoint "ICBufferFull", Time since last: 712000 ns, Reaching safepoint: 51800 ns, At safepoint: 11200 ns, Total: 63000 ns
[2021-04-10T05:02:16.634+0000][677][safepoint   ] Safepoint "ICBufferFull", Time since last: 750700 ns, Reaching safepoint: 53700 ns, At safepoint: 11700 ns, Total: 65400 ns
[2021-04-10T05:02:16.635+0000][677][safepoint   ] Safepoint "ICBufferFull", Time since last: 783400 ns, Reaching safepoint: 51600 ns, At safepoint: 10400 ns, Total: 62000 ns
[2021-04-10T05:02:16.636+0000][677][safepoint   ] Safepoint "ICBufferFull", Time since last: 842900 ns, Reaching safepoint: 71100 ns, At safepoint: 17000 ns, Total: 88100 ns
[2021-04-10T05:02:16.637+0000][677][safepoint   ] Safepoint "ICBufferFull", Time since last: 941100 ns, Reaching safepoint: 670200 ns, At safepoint: 11700 ns, Total: 681900 ns
[2021-04-10T05:02:16.638+0000][677][safepoint   ] Safepoint "ICBufferFull", Time since last: 862300 ns, Reaching safepoint: 84800 ns, At safepoint: 20100 ns, Total: 104900 ns
[2021-04-10T05:02:16.639+0000][677][safepoint   ] Safepoint "ICBufferFull", Time since last: 734900 ns, Reaching safepoint: 69000 ns, At safepoint: 10400 ns, Total: 79400 ns
[2021-04-10T05:02:16.646+0000][677][safepoint   ] Safepoint "ICBufferFull", Time since last: 6408000 ns, Reaching safepoint: 154200 ns, At safepoint: 13500 ns, Total: 167700 ns
[2021-04-10T05:02:16.652+0000][677][safepoint   ] Safepoint "ICBufferFull", Time since last: 6475600 ns, Reaching safepoint: 190900 ns, At safepoint: 16500 ns, Total: 207400 ns
[2021-04-10T05:02:16.654+0000][677][safepoint   ] Safepoint "ICBufferFull", Time since last: 1091900 ns, Reaching safepoint: 119700 ns, At safepoint: 16400 ns, Total: 136100 ns
[2021-04-10T05:02:16.687+0000][677][safepoint   ] Safepoint "ICBufferFull", Time since last: 32895400 ns, Reaching safepoint: 132100 ns, At safepoint: 12300 ns, Total: 144400 ns
[2021-04-10T05:02:16.688+0000][677][safepoint   ] Safepoint "ICBufferFull", Time since last: 1616800 ns, Reaching safepoint: 127300 ns, At safepoint: 12900 ns, Total: 140200 ns
[2021-04-10T05:02:16.690+0000][677][safepoint   ] Safepoint "ICBufferFull", Time since last: 858100 ns, Reaching safepoint: 728200 ns, At safepoint: 19800 ns, Total: 748000 ns
[2021-04-10T05:02:16.692+0000][677][safepoint   ] Safepoint "ICBufferFull", Time since last: 1736800 ns, Reaching safepoint: 78800 ns, At safepoint: 14400 ns, Total: 93200 ns
[2021-04-10T05:02:16.693+0000][677][safepoint   ] Safepoint "ICBufferFull", Time since last: 858700 ns, Reaching safepoint: 114200 ns, At safepoint: 14300 ns, Total: 128500 ns
[2021-04-10T05:02:16.694+0000][677][safepoint   ] Safepoint "ICBufferFull", Time since last: 1167200 ns, Reaching safepoint: 132400 ns, At safepoint: 12200 ns, Total: 144600 ns
[2021-04-10T05:02:16.695+0000][677][safepoint   ] Safepoint "ICBufferFull", Time since last: 738100 ns, Reaching safepoint: 93100 ns, At safepoint: 12500 ns, Total: 105600 ns
[2021-04-10T05:02:16.696+0000][677][safepoint   ] Safepoint "ICBufferFull", Time since last: 1164500 ns, Reaching safepoint: 59400 ns, At safepoint: 12700 ns, Total: 72100 ns
[2021-04-10T05:02:16.698+0000][677][safepoint   ] Safepoint "ICBufferFull", Time since last: 1220800 ns, Reaching safepoint: 66700 ns, At safepoint: 10600 ns, Total: 77300 ns
[2021-04-10T05:02:16.699+0000][677][safepoint   ] Safepoint "ICBufferFull", Time since last: 786700 ns, Reaching safepoint: 615700 ns, At safepoint: 15100 ns, Total: 630800 ns
[2021-04-10T05:02:16.700+0000][677][safepoint   ] Safepoint "ICBufferFull", Time since last: 1147800 ns, Reaching safepoint: 90200 ns, At safepoint: 12300 ns, Total: 102500 ns
[2021-04-10T05:02:16.702+0000][677][safepoint   ] Safepoint "ICBufferFull", Time since last: 1265800 ns, Reaching safepoint: 62300 ns, At safepoint: 13300 ns, Total: 75600 ns
[2021-04-10T05:02:16.702+0000][677][safepoint   ] Safepoint "ICBufferFull", Time since last: 768700 ns, Reaching safepoint: 124700 ns, At safepoint: 11200 ns, Total: 135900 ns
[2021-04-10T05:02:16.704+0000][677][safepoint   ] Safepoint "ICBufferFull", Time since last: 993200 ns, Reaching safepoint: 151400 ns, At safepoint: 12300 ns, Total: 163700 ns
[2021-04-10T05:02:16.705+0000][677][safepoint   ] Safepoint "ICBufferFull", Time since last: 898900 ns, Reaching safepoint: 162100 ns, At safepoint: 9600 ns, Total: 171700 ns
[2021-04-10T05:02:16.706+0000][677][safepoint   ] Safepoint "ICBufferFull", Time since last: 891200 ns, Reaching safepoint: 155500 ns, At safepoint: 13400 ns, Total: 168900 ns
[2021-04-10T05:02:17.149+0000][677][gc,start    ] GC(0) Pause Young (Normal) (G1 Evacuation Pause)
[2021-04-10T05:02:17.149+0000][677][gc,task     ] GC(0) Using 8 workers of 8 for evacuation
[2021-04-10T05:02:17.149+0000][677][gc,age      ] GC(0) Desired survivor size 27262976 bytes, new threshold 15 (max threshold 15)
[2021-04-10T05:02:17.156+0000][677][gc,age      ] GC(0) Age table with threshold 15 (max threshold 15)
[2021-04-10T05:02:17.156+0000][677][gc,age      ] GC(0) - age   1:   12639808 bytes,   12639808 total
[2021-04-10T05:02:17.156+0000][677][gc,phases   ] GC(0)   Pre Evacuate Collection Set: 0.3ms
[2021-04-10T05:02:17.156+0000][677][gc,phases   ] GC(0)   Merge Heap Roots: 0.2ms
[2021-04-10T05:02:17.156+0000][677][gc,phases   ] GC(0)   Evacuate Collection Set: 5.2ms
[2021-04-10T05:02:17.156+0000][677][gc,phases   ] GC(0)   Post Evacuate Collection Set: 1.0ms
[2021-04-10T05:02:17.156+0000][677][gc,phases   ] GC(0)   Other: 0.7ms
[2021-04-10T05:02:17.156+0000][677][gc,heap     ] GC(0) Eden regions: 101->0(97)
[2021-04-10T05:02:17.156+0000][677][gc,heap     ] GC(0) Survivor regions: 0->4(13)
[2021-04-10T05:02:17.156+0000][677][gc,heap     ] GC(0) Old regions: 0->0
[2021-04-10T05:02:17.156+0000][677][gc,heap     ] GC(0) Archive regions: 2->2
[2021-04-10T05:02:17.157+0000][677][gc,heap     ] GC(0) Humongous regions: 0->0
[2021-04-10T05:02:17.157+0000][677][gc,metaspace] GC(0) Metaspace: 18675K(19328K)->18675K(19328K) NonClass: 16456K(16896K)->16456K(16896K) Class: 2218K(2432K)->2218K(2432K)
[2021-04-10T05:02:17.157+0000][677][gc          ] GC(0) Pause Young (Normal) (G1 Evacuation Pause) 407M->16M(8124M) 7.496ms
[2021-04-10T05:02:17.157+0000][677][gc,cpu      ] GC(0) User=0.00s Sys=0.00s Real=0.00s
[2021-04-10T05:02:17.157+0000][677][safepoint   ] Safepoint "G1CollectForAllocation", Time since last: 443030400 ns, Reaching safepoint: 174400 ns, At safepoint: 7675400 ns, Total: 7849800 ns
[2021-04-10T05:02:17.663+0000][677][gc,start    ] GC(1) Pause Young (Normal) (G1 Evacuation Pause)
[2021-04-10T05:02:17.663+0000][677][gc,task     ] GC(1) Using 8 workers of 8 for evacuation
[2021-04-10T05:02:17.663+0000][677][gc,age      ] GC(1) Desired survivor size 27262976 bytes, new threshold 15 (max threshold 15)
[2021-04-10T05:02:17.669+0000][677][gc,age      ] GC(1) Age table with threshold 15 (max threshold 15)
[2021-04-10T05:02:17.669+0000][677][gc,age      ] GC(1) - age   1:    3076872 bytes,    3076872 total
[2021-04-10T05:02:17.669+0000][677][gc,age      ] GC(1) - age   2:   12149240 bytes,   15226112 total
[2021-04-10T05:02:17.669+0000][677][gc,phases   ] GC(1)   Pre Evacuate Collection Set: 0.2ms
[2021-04-10T05:02:17.669+0000][677][gc,phases   ] GC(1)   Merge Heap Roots: 0.1ms
[2021-04-10T05:02:17.669+0000][677][gc,phases   ] GC(1)   Evacuate Collection Set: 4.7ms
[2021-04-10T05:02:17.669+0000][677][gc,phases   ] GC(1)   Post Evacuate Collection Set: 0.8ms
[2021-04-10T05:02:17.669+0000][677][gc,phases   ] GC(1)   Other: 0.3ms
[2021-04-10T05:02:17.669+0000][677][gc,heap     ] GC(1) Eden regions: 97->0(97)
[2021-04-10T05:02:17.669+0000][677][gc,heap     ] GC(1) Survivor regions: 4->4(13)
[2021-04-10T05:02:17.669+0000][677][gc,heap     ] GC(1) Old regions: 0->0
[2021-04-10T05:02:17.669+0000][677][gc,heap     ] GC(1) Archive regions: 2->2
[2021-04-10T05:02:17.669+0000][677][gc,heap     ] GC(1) Humongous regions: 0->0
[2021-04-10T05:02:17.669+0000][677][gc,metaspace] GC(1) Metaspace: 19406K(20224K)->19406K(20224K) NonClass: 17087K(17664K)->17087K(17664K) Class: 2319K(2560K)->2319K(2560K)
[2021-04-10T05:02:17.669+0000][677][gc          ] GC(1) Pause Young (Normal) (G1 Evacuation Pause) 404M->19M(8124M) 6.154ms
[2021-04-10T05:02:17.669+0000][677][gc,cpu      ] GC(1) User=0.13s Sys=0.00s Real=0.01s
[2021-04-10T05:02:17.669+0000][677][safepoint   ] Safepoint "G1CollectForAllocation", Time since last: 505962700 ns, Reaching safepoint: 75600 ns, At safepoint: 6240300 ns, Total: 6315900 ns
[2021-04-10T05:02:18.109+0000][677][gc,start    ] GC(2) Pause Young (Normal) (G1 Evacuation Pause)
[2021-04-10T05:02:18.109+0000][677][gc,task     ] GC(2) Using 8 workers of 8 for evacuation
[2021-04-10T05:02:18.109+0000][677][gc,age      ] GC(2) Desired survivor size 27262976 bytes, new threshold 15 (max threshold 15)
[2021-04-10T05:02:18.116+0000][677][gc,age      ] GC(2) Age table with threshold 15 (max threshold 15)
[2021-04-10T05:02:18.116+0000][677][gc,age      ] GC(2) - age   1:    1723088 bytes,    1723088 total
[2021-04-10T05:02:18.116+0000][677][gc,age      ] GC(2) - age   2:    2839504 bytes,    4562592 total
[2021-04-10T05:02:18.116+0000][677][gc,age      ] GC(2) - age   3:   12144856 bytes,   16707448 total
[2021-04-10T05:02:18.116+0000][677][gc,phases   ] GC(2)   Pre Evacuate Collection Set: 0.2ms
[2021-04-10T05:02:18.116+0000][677][gc,phases   ] GC(2)   Merge Heap Roots: 0.1ms
[2021-04-10T05:02:18.116+0000][677][gc,phases   ] GC(2)   Evacuate Collection Set: 5.1ms
[2021-04-10T05:02:18.116+0000][677][gc,phases   ] GC(2)   Post Evacuate Collection Set: 0.7ms
[2021-04-10T05:02:18.116+0000][677][gc,phases   ] GC(2)   Other: 0.3ms
[2021-04-10T05:02:18.116+0000][677][gc,heap     ] GC(2) Eden regions: 97->0(111)
[2021-04-10T05:02:18.116+0000][677][gc,heap     ] GC(2) Survivor regions: 4->5(13)
[2021-04-10T05:02:18.116+0000][677][gc,heap     ] GC(2) Old regions: 0->0
[2021-04-10T05:02:18.116+0000][677][gc,heap     ] GC(2) Archive regions: 2->2
[2021-04-10T05:02:18.116+0000][677][gc,heap     ] GC(2) Humongous regions: 0->0
[2021-04-10T05:02:18.116+0000][677][gc,metaspace] GC(2) Metaspace: 19831K(21120K)->19831K(21120K) NonClass: 17441K(18432K)->17441K(18432K) Class: 2390K(2688K)->2390K(2688K)
[2021-04-10T05:02:18.116+0000][677][gc          ] GC(2) Pause Young (Normal) (G1 Evacuation Pause) 407M->20M(8124M) 6.634ms
[2021-04-10T05:02:18.116+0000][677][gc,cpu      ] GC(2) User=0.00s Sys=0.00s Real=0.00s
[2021-04-10T05:02:18.116+0000][677][safepoint   ] Safepoint "G1CollectForAllocation", Time since last: 440362700 ns, Reaching safepoint: 84900 ns, At safepoint: 6722200 ns, Total: 6807100 ns
[2021-04-10T05:02:18.471+0000][677][gc,start    ] GC(3) Pause Young (Concurrent Start) (Metadata GC Threshold)
[2021-04-10T05:02:18.472+0000][677][gc,task     ] GC(3) Using 8 workers of 8 for evacuation
[2021-04-10T05:02:18.472+0000][677][gc,age      ] GC(3) Desired survivor size 31457280 bytes, new threshold 15 (max threshold 15)
[2021-04-10T05:02:18.479+0000][677][gc,age      ] GC(3) Age table with threshold 15 (max threshold 15)
[2021-04-10T05:02:18.479+0000][677][gc,age      ] GC(3) - age   1:    1791016 bytes,    1791016 total
[2021-04-10T05:02:18.479+0000][677][gc,age      ] GC(3) - age   2:     885176 bytes,    2676192 total
[2021-04-10T05:02:18.479+0000][677][gc,age      ] GC(3) - age   3:    2837792 bytes,    5513984 total
[2021-04-10T05:02:18.479+0000][677][gc,age      ] GC(3) - age   4:   12144648 bytes,   17658632 total
[2021-04-10T05:02:18.479+0000][677][gc,phases   ] GC(3)   Pre Evacuate Collection Set: 0.2ms
[2021-04-10T05:02:18.479+0000][677][gc,phases   ] GC(3)   Merge Heap Roots: 0.1ms
[2021-04-10T05:02:18.479+0000][677][gc,phases   ] GC(3)   Evacuate Collection Set: 5.6ms
[2021-04-10T05:02:18.479+0000][677][gc,phases   ] GC(3)   Post Evacuate Collection Set: 0.8ms
[2021-04-10T05:02:18.479+0000][677][gc,phases   ] GC(3)   Other: 0.6ms
[2021-04-10T05:02:18.479+0000][677][gc,heap     ] GC(3) Eden regions: 81->0(120)
[2021-04-10T05:02:18.479+0000][677][gc,heap     ] GC(3) Survivor regions: 5->5(15)
[2021-04-10T05:02:18.479+0000][677][gc,heap     ] GC(3) Old regions: 0->0
[2021-04-10T05:02:18.479+0000][677][gc,heap     ] GC(3) Archive regions: 2->2
[2021-04-10T05:02:18.479+0000][677][gc,heap     ] GC(3) Humongous regions: 0->0
[2021-04-10T05:02:18.479+0000][677][gc,metaspace] GC(3) Metaspace: 20033K(21248K)->20033K(21248K) NonClass: 17605K(18432K)->17605K(18432K) Class: 2427K(2816K)->2427K(2816K)
[2021-04-10T05:02:18.479+0000][677][gc          ] GC(3) Pause Young (Concurrent Start) (Metadata GC Threshold) 344M->22M(8124M) 7.428ms
[2021-04-10T05:02:18.479+0000][677][gc,cpu      ] GC(3) User=0.04s Sys=0.06s Real=0.01s
[2021-04-10T05:02:18.479+0000][677][gc          ] GC(4) Concurrent Cycle
[2021-04-10T05:02:18.479+0000][677][gc,marking  ] GC(4) Concurrent Clear Claimed Marks
[2021-04-10T05:02:18.479+0000][677][gc,marking  ] GC(4) Concurrent Clear Claimed Marks 0.049ms
[2021-04-10T05:02:18.479+0000][677][gc,marking  ] GC(4) Concurrent Scan Root Regions
[2021-04-10T05:02:18.479+0000][677][safepoint   ] Safepoint "CollectForMetadataAllocation", Time since last: 355140800 ns, Reaching safepoint: 168300 ns, At safepoint: 8092900 ns, Total: 8261200 ns
[2021-04-10T05:02:18.483+0000][677][gc,marking  ] GC(4) Concurrent Scan Root Regions 3.829ms
[2021-04-10T05:02:18.483+0000][677][gc,marking  ] GC(4) Concurrent Mark (23.089s)
[2021-04-10T05:02:18.483+0000][677][gc,marking  ] GC(4) Concurrent Mark From Roots
[2021-04-10T05:02:18.483+0000][677][gc,task     ] GC(4) Using 2 workers of 2 for marking
[2021-04-10T05:02:18.486+0000][677][gc,marking  ] GC(4) Concurrent Mark From Roots 2.819ms
[2021-04-10T05:02:18.486+0000][677][gc,marking  ] GC(4) Concurrent Preclean
[2021-04-10T05:02:18.486+0000][677][gc,marking  ] GC(4) Concurrent Preclean 0.221ms
[2021-04-10T05:02:18.486+0000][677][gc,marking  ] GC(4) Concurrent Mark (23.089s, 23.092s) 3.105ms
[2021-04-10T05:02:18.486+0000][677][gc,start    ] GC(4) Pause Remark
[2021-04-10T05:02:18.488+0000][677][gc          ] GC(4) Pause Remark 24M->24M(8124M) 1.843ms
[2021-04-10T05:02:18.488+0000][677][gc,cpu      ] GC(4) User=0.00s Sys=0.00s Real=0.01s
[2021-04-10T05:02:18.488+0000][677][safepoint   ] Safepoint "G1Concurrent", Time since last: 6719700 ns, Reaching safepoint: 148000 ns, At safepoint: 1932800 ns, Total: 2080800 ns
[2021-04-10T05:02:18.488+0000][677][gc,marking  ] GC(4) Concurrent Rebuild Remembered Sets
[2021-04-10T05:02:18.489+0000][677][gc,marking  ] GC(4) Concurrent Rebuild Remembered Sets 0.668ms
[2021-04-10T05:02:18.489+0000][677][gc,start    ] GC(4) Pause Cleanup
[2021-04-10T05:02:18.490+0000][677][gc          ] GC(4) Pause Cleanup 24M->24M(8124M) 0.261ms
[2021-04-10T05:02:18.490+0000][677][gc,cpu      ] GC(4) User=0.00s Sys=0.00s Real=0.00s
[2021-04-10T05:02:18.490+0000][677][safepoint   ] Safepoint "G1Concurrent", Time since last: 801700 ns, Reaching safepoint: 339500 ns, At safepoint: 333200 ns, Total: 672700 ns
[2021-04-10T05:02:18.490+0000][677][gc,marking  ] GC(4) Concurrent Cleanup for Next Mark
[2021-04-10T05:02:18.497+0000][677][gc,marking  ] GC(4) Concurrent Cleanup for Next Mark 7.243ms
[2021-04-10T05:02:18.497+0000][677][gc          ] GC(4) Concurrent Cycle 18.080ms
[2021-04-10T05:02:19.072+0000][677][gc,start    ] GC(5) Pause Young (Normal) (G1 Evacuation Pause)
[2021-04-10T05:02:19.072+0000][677][gc,task     ] GC(5) Using 8 workers of 8 for evacuation
[2021-04-10T05:02:19.072+0000][677][gc,age      ] GC(5) Desired survivor size 35651584 bytes, new threshold 15 (max threshold 15)
[2021-04-10T05:02:19.080+0000][677][gc,age      ] GC(5) Age table with threshold 15 (max threshold 15)
[2021-04-10T05:02:19.080+0000][677][gc,age      ] GC(5) - age   1:    2429576 bytes,    2429576 total
[2021-04-10T05:02:19.080+0000][677][gc,age      ] GC(5) - age   2:    1664456 bytes,    4094032 total
[2021-04-10T05:02:19.080+0000][677][gc,age      ] GC(5) - age   3:     883936 bytes,    4977968 total
[2021-04-10T05:02:19.080+0000][677][gc,age      ] GC(5) - age   4:    2837632 bytes,    7815600 total
[2021-04-10T05:02:19.080+0000][677][gc,age      ] GC(5) - age   5:   12136344 bytes,   19951944 total
[2021-04-10T05:02:19.080+0000][677][gc,phases   ] GC(5)   Pre Evacuate Collection Set: 0.2ms
[2021-04-10T05:02:19.080+0000][677][gc,phases   ] GC(5)   Merge Heap Roots: 0.1ms
[2021-04-10T05:02:19.080+0000][677][gc,phases   ] GC(5)   Evacuate Collection Set: 6.3ms
[2021-04-10T05:02:19.080+0000][677][gc,phases   ] GC(5)   Post Evacuate Collection Set: 0.9ms
[2021-04-10T05:02:19.080+0000][677][gc,phases   ] GC(5)   Other: 0.3ms
[2021-04-10T05:02:19.080+0000][677][gc,heap     ] GC(5) Eden regions: 125->0(203)
[2021-04-10T05:02:19.080+0000][677][gc,heap     ] GC(5) Survivor regions: 5->6(17)
[2021-04-10T05:02:19.080+0000][677][gc,heap     ] GC(5) Old regions: 0->0
[2021-04-10T05:02:19.080+0000][677][gc,heap     ] GC(5) Archive regions: 2->2
[2021-04-10T05:02:19.080+0000][677][gc,heap     ] GC(5) Humongous regions: 0->0
[2021-04-10T05:02:19.080+0000][677][gc,metaspace] GC(5) Metaspace: 21382K(22656K)->21382K(22656K) NonClass: 18772K(19712K)->18772K(19712K) Class: 2610K(2944K)->2610K(2944K)
[2021-04-10T05:02:19.080+0000][677][gc          ] GC(5) Pause Young (Normal) (G1 Evacuation Pause) 522M->24M(8124M) 7.918ms
[2021-04-10T05:02:19.080+0000][677][gc,cpu      ] GC(5) User=0.00s Sys=0.00s Real=0.01s
[2021-04-10T05:02:19.080+0000][677][safepoint   ] Safepoint "G1CollectForAllocation", Time since last: 582000800 ns, Reaching safepoint: 149300 ns, At safepoint: 8006100 ns, Total: 8155400 ns
[2021-04-10T05:02:19.543+0000][677][safepoint   ] Safepoint "ICBufferFull", Time since last: 463207000 ns, Reaching safepoint: 162100 ns, At safepoint: 10700 ns, Total: 172800 ns
[2021-04-10T05:02:19.933+0000][677][safepoint   ] Safepoint "ICBufferFull", Time since last: 389717800 ns, Reaching safepoint: 229900 ns, At safepoint: 12300 ns, Total: 242200 ns
[2021-04-10T05:02:21.098+0000][677][safepoint   ] Safepoint "Cleanup", Time since last: 1165079700 ns, Reaching safepoint: 145000 ns, At safepoint: 11300 ns, Total: 156300 ns
[2021-04-10T05:02:21.281+0000][677][gc,start    ] GC(6) Pause Young (Concurrent Start) (Metadata GC Threshold)
[2021-04-10T05:02:21.281+0000][677][gc,task     ] GC(6) Using 8 workers of 8 for evacuation
[2021-04-10T05:02:21.281+0000][677][gc,age      ] GC(6) Desired survivor size 56623104 bytes, new threshold 15 (max threshold 15)
[2021-04-10T05:02:21.307+0000][677][gc,age      ] GC(6) Age table with threshold 15 (max threshold 15)
[2021-04-10T05:02:21.307+0000][677][gc,age      ] GC(6) - age   1:   38366024 bytes,   38366024 total
[2021-04-10T05:02:21.307+0000][677][gc,age      ] GC(6) - age   2:    1663760 bytes,   40029784 total
[2021-04-10T05:02:21.307+0000][677][gc,age      ] GC(6) - age   3:    1654104 bytes,   41683888 total
[2021-04-10T05:02:21.307+0000][677][gc,age      ] GC(6) - age   4:     863176 bytes,   42547064 total
[2021-04-10T05:02:21.307+0000][677][gc,age      ] GC(6) - age   5:    2817944 bytes,   45365008 total
[2021-04-10T05:02:21.307+0000][677][gc,age      ] GC(6) - age   6:   12012568 bytes,   57377576 total
[2021-04-10T05:02:21.307+0000][677][gc,phases   ] GC(6)   Pre Evacuate Collection Set: 0.3ms
[2021-04-10T05:02:21.307+0000][677][gc,phases   ] GC(6)   Merge Heap Roots: 0.2ms
[2021-04-10T05:02:21.307+0000][677][gc,phases   ] GC(6)   Evacuate Collection Set: 23.8ms
[2021-04-10T05:02:21.307+0000][677][gc,phases   ] GC(6)   Post Evacuate Collection Set: 1.5ms
[2021-04-10T05:02:21.307+0000][677][gc,phases   ] GC(6)   Other: 0.4ms
[2021-04-10T05:02:21.307+0000][677][gc,heap     ] GC(6) Eden regions: 89->0(215)
[2021-04-10T05:02:21.307+0000][677][gc,heap     ] GC(6) Survivor regions: 6->15(27)
[2021-04-10T05:02:21.307+0000][677][gc,heap     ] GC(6) Old regions: 0->0
[2021-04-10T05:02:21.307+0000][677][gc,heap     ] GC(6) Archive regions: 2->2
[2021-04-10T05:02:21.307+0000][677][gc,heap     ] GC(6) Humongous regions: 0->0
[2021-04-10T05:02:21.307+0000][677][gc,metaspace] GC(6) Metaspace: 33593K(35840K)->33593K(35840K) NonClass: 29289K(30848K)->29289K(30848K) Class: 4304K(4992K)->4304K(4992K)
[2021-04-10T05:02:21.307+0000][677][gc          ] GC(6) Pause Young (Concurrent Start) (Metadata GC Threshold) 380M->60M(8124M) 26.206ms
[2021-04-10T05:02:21.307+0000][677][gc,cpu      ] GC(6) User=0.14s Sys=0.00s Real=0.02s
[2021-04-10T05:02:21.307+0000][677][gc          ] GC(7) Concurrent Cycle
[2021-04-10T05:02:21.307+0000][677][gc,marking  ] GC(7) Concurrent Clear Claimed Marks
[2021-04-10T05:02:21.307+0000][677][gc,marking  ] GC(7) Concurrent Clear Claimed Marks 0.055ms
[2021-04-10T05:02:21.307+0000][677][gc,marking  ] GC(7) Concurrent Scan Root Regions
[2021-04-10T05:02:21.307+0000][677][safepoint   ] Safepoint "CollectForMetadataAllocation", Time since last: 182069000 ns, Reaching safepoint: 136500 ns, At safepoint: 26665000 ns, Total: 26801500 ns
[2021-04-10T05:02:21.321+0000][677][gc,marking  ] GC(7) Concurrent Scan Root Regions 13.481ms
[2021-04-10T05:02:21.321+0000][677][gc,marking  ] GC(7) Concurrent Mark (25.927s)
[2021-04-10T05:02:21.321+0000][677][gc,marking  ] GC(7) Concurrent Mark From Roots
[2021-04-10T05:02:21.321+0000][677][gc,task     ] GC(7) Using 2 workers of 2 for marking
[2021-04-10T05:02:21.324+0000][677][gc,marking  ] GC(7) Concurrent Mark From Roots 3.293ms
[2021-04-10T05:02:21.324+0000][677][gc,marking  ] GC(7) Concurrent Preclean
[2021-04-10T05:02:21.324+0000][677][gc,marking  ] GC(7) Concurrent Preclean 0.202ms
[2021-04-10T05:02:21.324+0000][677][gc,marking  ] GC(7) Concurrent Mark (25.927s, 25.930s) 3.567ms
[2021-04-10T05:02:21.324+0000][677][gc,start    ] GC(7) Pause Remark
[2021-04-10T05:02:21.326+0000][677][gc          ] GC(7) Pause Remark 62M->62M(8124M) 1.974ms
[2021-04-10T05:02:21.326+0000][677][gc,cpu      ] GC(7) User=0.00s Sys=0.00s Real=0.00s
[2021-04-10T05:02:21.326+0000][677][safepoint   ] Safepoint "G1Concurrent", Time since last: 16952000 ns, Reaching safepoint: 77100 ns, At safepoint: 2051000 ns, Total: 2128100 ns
[2021-04-10T05:02:21.326+0000][677][gc,marking  ] GC(7) Concurrent Rebuild Remembered Sets
[2021-04-10T05:02:21.327+0000][677][gc,marking  ] GC(7) Concurrent Rebuild Remembered Sets 0.629ms
[2021-04-10T05:02:21.331+0000][677][gc,start    ] GC(7) Pause Cleanup
[2021-04-10T05:02:21.331+0000][677][gc          ] GC(7) Pause Cleanup 62M->62M(8124M) 0.269ms
[2021-04-10T05:02:21.331+0000][677][gc,cpu      ] GC(7) User=0.00s Sys=0.00s Real=0.00s
[2021-04-10T05:02:21.331+0000][677][safepoint   ] Safepoint "G1Concurrent", Time since last: 784500 ns, Reaching safepoint: 3357900 ns, At safepoint: 346300 ns, Total: 3704200 ns
[2021-04-10T05:02:21.331+0000][677][gc,marking  ] GC(7) Concurrent Cleanup for Next Mark
[2021-04-10T05:02:21.347+0000][677][gc,marking  ] GC(7) Concurrent Cleanup for Next Mark 16.384ms
[2021-04-10T05:02:21.347+0000][677][gc          ] GC(7) Concurrent Cycle 40.388ms
[2021-04-10T05:02:22.124+0000][677][safepoint   ] Safepoint "ICBufferFull", Time since last: 792748900 ns, Reaching safepoint: 144900 ns, At safepoint: 15200 ns, Total: 160100 ns
[2021-04-10T05:02:23.138+0000][677][safepoint   ] Safepoint "Cleanup", Time since last: 1013181100 ns, Reaching safepoint: 750100 ns, At safepoint: 9700 ns, Total: 759800 ns
[2021-04-10T05:02:23.359+0000][677][gc,start    ] GC(8) Pause Young (Concurrent Start) (Metadata GC Threshold)
[2021-04-10T05:02:23.359+0000][677][gc,task     ] GC(8) Using 8 workers of 8 for evacuation
[2021-04-10T05:02:23.359+0000][677][gc,age      ] GC(8) Desired survivor size 67108864 bytes, new threshold 15 (max threshold 15)
[2021-04-10T05:02:23.386+0000][677][gc,age      ] GC(8) Age table with threshold 15 (max threshold 15)
[2021-04-10T05:02:23.386+0000][677][gc,age      ] GC(8) - age   1:    8999528 bytes,    8999528 total
[2021-04-10T05:02:23.386+0000][677][gc,age      ] GC(8) - age   2:   38072464 bytes,   47071992 total
[2021-04-10T05:02:23.386+0000][677][gc,age      ] GC(8) - age   3:    1649336 bytes,   48721328 total
[2021-04-10T05:02:23.386+0000][677][gc,age      ] GC(8) - age   4:    1646008 bytes,   50367336 total
[2021-04-10T05:02:23.386+0000][677][gc,age      ] GC(8) - age   5:     853696 bytes,   51221032 total
[2021-04-10T05:02:23.386+0000][677][gc,age      ] GC(8) - age   6:    2802536 bytes,   54023568 total
[2021-04-10T05:02:23.386+0000][677][gc,age      ] GC(8) - age   7:   11957272 bytes,   65980840 total
[2021-04-10T05:02:23.386+0000][677][gc,phases   ] GC(8)   Pre Evacuate Collection Set: 0.2ms
[2021-04-10T05:02:23.386+0000][677][gc,phases   ] GC(8)   Merge Heap Roots: 0.1ms
[2021-04-10T05:02:23.386+0000][677][gc,phases   ] GC(8)   Evacuate Collection Set: 24.8ms
[2021-04-10T05:02:23.386+0000][677][gc,phases   ] GC(8)   Post Evacuate Collection Set: 1.7ms
[2021-04-10T05:02:23.386+0000][677][gc,phases   ] GC(8)   Other: 0.4ms
[2021-04-10T05:02:23.386+0000][677][gc,heap     ] GC(8) Eden regions: 79->0(133)
[2021-04-10T05:02:23.386+0000][677][gc,heap     ] GC(8) Survivor regions: 15->17(32)
[2021-04-10T05:02:23.386+0000][677][gc,heap     ] GC(8) Old regions: 0->0
[2021-04-10T05:02:23.387+0000][677][gc,heap     ] GC(8) Archive regions: 2->2
[2021-04-10T05:02:23.387+0000][677][gc,heap     ] GC(8) Humongous regions: 0->0
[2021-04-10T05:02:23.387+0000][677][gc,metaspace] GC(8) Metaspace: 57189K(60160K)->57189K(60160K) NonClass: 49651K(51712K)->49651K(51712K) Class: 7537K(8448K)->7537K(8448K)
[2021-04-10T05:02:23.387+0000][677][gc          ] GC(8) Pause Young (Concurrent Start) (Metadata GC Threshold) 374M->71M(8124M) 27.421ms
[2021-04-10T05:02:23.387+0000][677][gc,cpu      ] GC(8) User=0.25s Sys=0.00s Real=0.02s
[2021-04-10T05:02:23.387+0000][677][gc          ] GC(9) Concurrent Cycle
[2021-04-10T05:02:23.387+0000][677][gc,marking  ] GC(9) Concurrent Clear Claimed Marks
[2021-04-10T05:02:23.387+0000][677][gc,marking  ] GC(9) Concurrent Clear Claimed Marks 0.060ms
[2021-04-10T05:02:23.387+0000][677][gc,marking  ] GC(9) Concurrent Scan Root Regions
[2021-04-10T05:02:23.387+0000][677][safepoint   ] Safepoint "CollectForMetadataAllocation", Time since last: 221133600 ns, Reaching safepoint: 251700 ns, At safepoint: 27828600 ns, Total: 28080300 ns
[2021-04-10T05:02:23.406+0000][677][safepoint   ] Safepoint "CollectForMetadataAllocation", Time since last: 18672800 ns, Reaching safepoint: 78100 ns, At safepoint: 336600 ns, Total: 414700 ns
[2021-04-10T05:02:23.407+0000][677][gc,marking  ] GC(9) Concurrent Scan Root Regions 20.307ms
[2021-04-10T05:02:23.407+0000][677][gc,marking  ] GC(9) Concurrent Mark (28.013s)
[2021-04-10T05:02:23.407+0000][677][gc,marking  ] GC(9) Concurrent Mark From Roots
[2021-04-10T05:02:23.407+0000][677][gc,task     ] GC(9) Using 2 workers of 2 for marking
[2021-04-10T05:02:23.410+0000][677][gc,marking  ] GC(9) Concurrent Mark From Roots 2.789ms
[2021-04-10T05:02:23.410+0000][677][gc,marking  ] GC(9) Concurrent Preclean
[2021-04-10T05:02:23.410+0000][677][gc,marking  ] GC(9) Concurrent Preclean 0.202ms
[2021-04-10T05:02:23.410+0000][677][gc,marking  ] GC(9) Concurrent Mark (28.013s, 28.016s) 3.076ms
[2021-04-10T05:02:23.411+0000][677][gc,start    ] GC(9) Pause Remark
[2021-04-10T05:02:23.413+0000][677][gc          ] GC(9) Pause Remark 75M->75M(8124M) 2.000ms
[2021-04-10T05:02:23.413+0000][677][gc,cpu      ] GC(9) User=0.00s Sys=0.00s Real=0.00s
[2021-04-10T05:02:23.413+0000][677][safepoint   ] Safepoint "G1Concurrent", Time since last: 4212900 ns, Reaching safepoint: 633400 ns, At safepoint: 2091100 ns, Total: 2724500 ns
[2021-04-10T05:02:23.413+0000][677][gc,marking  ] GC(9) Concurrent Rebuild Remembered Sets
[2021-04-10T05:02:23.414+0000][677][gc,marking  ] GC(9) Concurrent Rebuild Remembered Sets 0.629ms
[2021-04-10T05:02:23.415+0000][677][gc,start    ] GC(9) Pause Cleanup
[2021-04-10T05:02:23.415+0000][677][gc          ] GC(9) Pause Cleanup 75M->75M(8124M) 0.247ms
[2021-04-10T05:02:23.415+0000][677][gc,cpu      ] GC(9) User=0.00s Sys=0.00s Real=0.00s
[2021-04-10T05:02:23.415+0000][677][safepoint   ] Safepoint "G1Concurrent", Time since last: 768800 ns, Reaching safepoint: 1002300 ns, At safepoint: 325600 ns, Total: 1327900 ns
[2021-04-10T05:02:23.415+0000][677][gc,marking  ] GC(9) Concurrent Cleanup for Next Mark
[2021-04-10T05:02:23.423+0000][677][gc,marking  ] GC(9) Concurrent Cleanup for Next Mark 8.010ms
[2021-04-10T05:02:23.423+0000][677][gc          ] GC(9) Concurrent Cycle 36.526ms
[2021-04-10T05:02:24.571+0000][677][safepoint   ] Safepoint "ICBufferFull", Time since last: 1154527700 ns, Reaching safepoint: 917300 ns, At safepoint: 12200 ns, Total: 929500 ns
[2021-04-10T05:02:25.279+0000][677][safepoint   ] Safepoint "ICBufferFull", Time since last: 708340000 ns, Reaching safepoint: 201300 ns, At safepoint: 12000 ns, Total: 213300 ns
[2021-04-10T05:02:25.859+0000][677][safepoint   ] Safepoint "ICBufferFull", Time since last: 578747900 ns, Reaching safepoint: 690600 ns, At safepoint: 12800 ns, Total: 703400 ns
[2021-04-10T05:02:26.690+0000][677][safepoint   ] Safepoint "ICBufferFull", Time since last: 831292500 ns, Reaching safepoint: 163800 ns, At safepoint: 12400 ns, Total: 176200 ns
[2021-04-10T05:02:27.061+0000][677][safepoint   ] Safepoint "ICBufferFull", Time since last: 370883900 ns, Reaching safepoint: 187100 ns, At safepoint: 27900 ns, Total: 215000 ns
[2021-04-10T05:02:27.737+0000][677][safepoint   ] Safepoint "ICBufferFull", Time since last: 675377000 ns, Reaching safepoint: 148500 ns, At safepoint: 18500 ns, Total: 167000 ns
[2021-04-10T05:02:28.157+0000][677][safepoint   ] Safepoint "ICBufferFull", Time since last: 419694100 ns, Reaching safepoint: 290100 ns, At safepoint: 53400 ns, Total: 343500 ns
[2021-04-10T05:02:29.164+0000][677][safepoint   ] Safepoint "Cleanup", Time since last: 1006862300 ns, Reaching safepoint: 163000 ns, At safepoint: 9900 ns, Total: 172900 ns
[2021-04-10T05:02:30.174+0000][677][safepoint   ] Safepoint "Cleanup", Time since last: 1009785700 ns, Reaching safepoint: 96900 ns, At safepoint: 6800 ns, Total: 103700 ns
[2021-04-10T05:02:31.180+0000][677][safepoint   ] Safepoint "Cleanup", Time since last: 1005904000 ns, Reaching safepoint: 141300 ns, At safepoint: 12800 ns, Total: 154100 ns
[2021-04-10T05:02:33.184+0000][677][safepoint   ] Safepoint "Cleanup", Time since last: 2003655600 ns, Reaching safepoint: 140700 ns, At safepoint: 12200 ns, Total: 152900 ns
[2021-04-10T05:02:35.193+0000][677][safepoint   ] Safepoint "Cleanup", Time since last: 2009860400 ns, Reaching safepoint: 113000 ns, At safepoint: 15600 ns, Total: 128600 ns
[2021-04-10T05:02:37.202+0000][677][safepoint   ] Safepoint "Cleanup", Time since last: 2008865800 ns, Reaching safepoint: 118400 ns, At safepoint: 11900 ns, Total: 130300 ns
[2021-04-10T05:02:40.221+0000][677][safepoint   ] Safepoint "Cleanup", Time since last: 3017917500 ns, Reaching safepoint: 81700 ns, At safepoint: 18500 ns, Total: 100200 ns
[2021-04-10T05:02:41.229+0000][677][safepoint   ] Safepoint "Cleanup", Time since last: 1007874400 ns, Reaching safepoint: 136500 ns, At safepoint: 9300 ns, Total: 145800 ns
[2021-04-10T05:02:45.263+0000][677][safepoint   ] Safepoint "Cleanup", Time since last: 4034116900 ns, Reaching safepoint: 232200 ns, At safepoint: 10500 ns, Total: 242700 ns
[2021-04-10T05:02:46.265+0000][677][safepoint   ] Safepoint "Cleanup", Time since last: 1001669600 ns, Reaching safepoint: 249900 ns, At safepoint: 9100 ns, Total: 259000 ns
[2021-04-10T05:02:48.291+0000][677][safepoint   ] Safepoint "Cleanup", Time since last: 2026043600 ns, Reaching safepoint: 197700 ns, At safepoint: 22900 ns, Total: 220600 ns
[2021-04-10T05:02:49.305+0000][677][safepoint   ] Safepoint "Cleanup", Time since last: 1013415400 ns, Reaching safepoint: 216600 ns, At safepoint: 33300 ns, Total: 249900 ns
[2021-04-10T05:02:50.317+0000][677][safepoint   ] Safepoint "Cleanup", Time since last: 1011436800 ns, Reaching safepoint: 325800 ns, At safepoint: 9900 ns, Total: 335700 ns
[2021-04-10T05:02:57.365+0000][677][safepoint   ] Safepoint "Cleanup", Time since last: 7047824800 ns, Reaching safepoint: 203000 ns, At safepoint: 23900 ns, Total: 226900 ns
[2021-04-10T05:02:58.367+0000][677][safepoint   ] Safepoint "Cleanup", Time since last: 1001871300 ns, Reaching safepoint: 272100 ns, At safepoint: 9500 ns, Total: 281600 ns
[2021-04-10T05:03:02.413+0000][677][safepoint   ] Safepoint "Cleanup", Time since last: 4045878900 ns, Reaching safepoint: 154700 ns, At safepoint: 10800 ns, Total: 165500 ns
[2021-04-10T05:03:04.420+0000][677][safepoint   ] Safepoint "Cleanup", Time since last: 2006571400 ns, Reaching safepoint: 259100 ns, At safepoint: 23100 ns, Total: 282200 ns
[2021-04-10T05:03:05.423+0000][677][safepoint   ] Safepoint "Cleanup", Time since last: 1003038700 ns, Reaching safepoint: 266600 ns, At safepoint: 29000 ns, Total: 295600 ns
[2021-04-10T05:03:07.433+0000][677][safepoint   ] Safepoint "Cleanup", Time since last: 2009749900 ns, Reaching safepoint: 159200 ns, At safepoint: 26500 ns, Total: 185700 ns
[2021-04-10T05:03:09.452+0000][677][safepoint   ] Safepoint "Cleanup", Time since last: 2019026000 ns, Reaching safepoint: 249400 ns, At safepoint: 9200 ns, Total: 258600 ns
[2021-04-10T05:03:16.530+0000][677][safepoint   ] Safepoint "Cleanup", Time since last: 7077244000 ns, Reaching safepoint: 242500 ns, At safepoint: 13500 ns, Total: 256000 ns
[2021-04-10T05:03:20.561+0000][677][safepoint   ] Safepoint "Cleanup", Time since last: 4031343100 ns, Reaching safepoint: 154800 ns, At safepoint: 38200 ns, Total: 193000 ns
[2021-04-10T05:03:22.578+0000][677][safepoint   ] Safepoint "Cleanup", Time since last: 2016222800 ns, Reaching safepoint: 360000 ns, At safepoint: 10100 ns, Total: 370100 ns
[2021-04-10T05:03:24.592+0000][677][safepoint   ] Safepoint "Cleanup", Time since last: 2013931700 ns, Reaching safepoint: 243300 ns, At safepoint: 12000 ns, Total: 255300 ns
[2021-04-10T05:03:26.602+0000][677][safepoint   ] Safepoint "Cleanup", Time since last: 2009701600 ns, Reaching safepoint: 132800 ns, At safepoint: 10100 ns, Total: 142900 ns
[2021-04-10T05:03:27.608+0000][677][safepoint   ] Safepoint "Cleanup", Time since last: 1005927400 ns, Reaching safepoint: 120800 ns, At safepoint: 10200 ns, Total: 131000 ns
[2021-04-10T05:03:28.622+0000][677][safepoint   ] Safepoint "Cleanup", Time since last: 1013542000 ns, Reaching safepoint: 253400 ns, At safepoint: 9800 ns, Total: 263200 ns
[2021-04-10T05:03:30.630+0000][677][safepoint   ] Safepoint "Cleanup", Time since last: 2007852300 ns, Reaching safepoint: 138300 ns, At safepoint: 11800 ns, Total: 150100 ns
[2021-04-10T05:03:33.664+0000][677][safepoint   ] Safepoint "Cleanup", Time since last: 3034607300 ns, Reaching safepoint: 164700 ns, At safepoint: 10200 ns, Total: 174900 ns
[2021-04-10T05:03:34.669+0000][677][safepoint   ] Safepoint "Cleanup", Time since last: 1004394100 ns, Reaching safepoint: 239300 ns, At safepoint: 28500 ns, Total: 267800 ns
[2021-04-10T05:03:45.753+0000][677][safepoint   ] Safepoint "Cleanup", Time since last: 11083204500 ns, Reaching safepoint: 179500 ns, At safepoint: 15800 ns, Total: 195300 ns
[2021-04-10T05:03:48.780+0000][677][safepoint   ] Safepoint "Cleanup", Time since last: 3027442300 ns, Reaching safepoint: 179800 ns, At safepoint: 10000 ns, Total: 189800 ns
[2021-04-10T05:03:49.785+0000][677][safepoint   ] Safepoint "Cleanup", Time since last: 1004436500 ns, Reaching safepoint: 189900 ns, At safepoint: 14100 ns, Total: 204000 ns
[2021-04-10T05:03:55.826+0000][677][safepoint   ] Safepoint "Cleanup", Time since last: 6040952600 ns, Reaching safepoint: 157900 ns, At safepoint: 12900 ns, Total: 170800 ns
[2021-04-10T05:03:57.833+0000][677][safepoint   ] Safepoint "Cleanup", Time since last: 2006700200 ns, Reaching safepoint: 240100 ns, At safepoint: 9900 ns, Total: 250000 ns
[2021-04-10T05:03:58.835+0000][677][safepoint   ] Safepoint "Cleanup", Time since last: 1001914400 ns, Reaching safepoint: 156600 ns, At safepoint: 9400 ns, Total: 166000 ns
[2021-04-10T05:04:07.891+0000][677][safepoint   ] Safepoint "Cleanup", Time since last: 9055732000 ns, Reaching safepoint: 394200 ns, At safepoint: 10500 ns, Total: 404700 ns
[2021-04-10T05:04:34.070+0000][677][safepoint   ] Safepoint "Cleanup", Time since last: 26178829000 ns, Reaching safepoint: 178400 ns, At safepoint: 11900 ns, Total: 190300 ns
[2021-04-10T05:04:35.078+0000][677][safepoint   ] Safepoint "Cleanup", Time since last: 1007281900 ns, Reaching safepoint: 115400 ns, At safepoint: 17800 ns, Total: 133200 ns
[2021-04-10T05:04:37.099+0000][677][safepoint   ] Safepoint "Cleanup", Time since last: 2021149300 ns, Reaching safepoint: 176100 ns, At safepoint: 10800 ns, Total: 186900 ns
[2021-04-10T05:04:39.130+0000][677][safepoint   ] Safepoint "Cleanup", Time since last: 2031044100 ns, Reaching safepoint: 249900 ns, At safepoint: 9900 ns, Total: 259800 ns
