[2021-04-08T00:51:29.508+0000][21222][gc] Using G1
[2021-04-08T00:51:45.835+0000][21222][gc,init] Version: 15.0.1+9 (release)
[2021-04-08T00:51:45.835+0000][21222][gc,init] CPUs: 8 total, 8 available
[2021-04-08T00:51:45.835+0000][21222][gc,init] Memory: 16244M
[2021-04-08T00:51:45.836+0000][21222][gc,init] Large Page Support: Disabled
[2021-04-08T00:51:45.836+0000][21222][gc,init] NUMA Support: Disabled
[2021-04-08T00:51:45.836+0000][21222][gc,init] Compressed Oops: Enabled (Zero based)
[2021-04-08T00:51:45.836+0000][21222][gc,init] Heap Region Size: 4M
[2021-04-08T00:51:45.836+0000][21222][gc,init] Heap Min Capacity: 8124M
[2021-04-08T00:51:45.836+0000][21222][gc,init] Heap Initial Capacity: 8124M
[2021-04-08T00:51:45.836+0000][21222][gc,init] Heap Max Capacity: 8124M
[2021-04-08T00:51:45.839+0000][21222][gc,init] Pre-touch: Enabled
[2021-04-08T00:51:45.840+0000][21222][gc,init] Parallel Workers: 8
[2021-04-08T00:51:45.840+0000][21222][gc,init] Concurrent Workers: 2
[2021-04-08T00:51:45.840+0000][21222][gc,init] Concurrent Refinement Workers: 8
[2021-04-08T00:51:45.840+0000][21222][gc,init] Periodic GC: Disabled
[2021-04-08T00:51:45.850+0000][21222][gc,cds ] Mark closed archive regions in map: [0x00000007ffc00000, 0x00000007ffc7bff8]
[2021-04-08T00:51:45.873+0000][21222][gc,cds ] Mark open archive regions in map: [0x00000007ffb00000, 0x00000007ffb51ff8]
[2021-04-08T00:51:45.899+0000][21222][gc,metaspace] CDS archive(s) mapped at: [0x0000000800000000-0x0000000800b2a000-0x0000000800b2a000), size 11706368, SharedBaseAddress: 0x0000000800000000, ArchiveRelocationMode: 0.
[2021-04-08T00:51:45.899+0000][21222][gc,metaspace] Compressed class space mapped at: 0x0000000800b2c000-0x0000000840b2c000, size: 1073741824
[2021-04-08T00:51:45.899+0000][21222][gc,metaspace] Narrow klass base: 0x0000000800000000, Narrow klass shift: 3, Narrow klass range: 0x100000000
[2021-04-08T00:51:46.494+0000][21222][safepoint   ] Safepoint "ICBufferFull", Time since last: 543394800 ns, Reaching safepoint: 209500 ns, At safepoint: 15100 ns, Total: 224600 ns
[2021-04-08T00:51:47.446+0000][21222][safepoint   ] Safepoint "ICBufferFull", Time since last: 952132700 ns, Reaching safepoint: 195300 ns, At safepoint: 14800 ns, Total: 210100 ns
[2021-04-08T00:51:48.029+0000][21222][safepoint   ] Safepoint "ICBufferFull", Time since last: 581902700 ns, Reaching safepoint: 313600 ns, At safepoint: 13100 ns, Total: 326700 ns
[2021-04-08T00:51:48.927+0000][21222][safepoint   ] Safepoint "ICBufferFull", Time since last: 897741100 ns, Reaching safepoint: 216000 ns, At safepoint: 12400 ns, Total: 228400 ns
[2021-04-08T00:51:48.932+0000][21222][safepoint   ] Safepoint "ICBufferFull", Time since last: 5026000 ns, Reaching safepoint: 113600 ns, At safepoint: 8400 ns, Total: 122000 ns
[2021-04-08T00:51:48.934+0000][21222][safepoint   ] Safepoint "ICBufferFull", Time since last: 2307600 ns, Reaching safepoint: 139000 ns, At safepoint: 10100 ns, Total: 149100 ns
[2021-04-08T00:51:48.938+0000][21222][safepoint   ] Safepoint "ICBufferFull", Time since last: 3704200 ns, Reaching safepoint: 165200 ns, At safepoint: 12100 ns, Total: 177300 ns
[2021-04-08T00:51:48.941+0000][21222][safepoint   ] Safepoint "ICBufferFull", Time since last: 2844000 ns, Reaching safepoint: 140500 ns, At safepoint: 11900 ns, Total: 152400 ns
[2021-04-08T00:51:48.945+0000][21222][safepoint   ] Safepoint "ICBufferFull", Time since last: 3666900 ns, Reaching safepoint: 159200 ns, At safepoint: 11700 ns, Total: 170900 ns
[2021-04-08T00:51:48.948+0000][21222][safepoint   ] Safepoint "ICBufferFull", Time since last: 2960800 ns, Reaching safepoint: 138200 ns, At safepoint: 11500 ns, Total: 149700 ns
[2021-04-08T00:51:48.950+0000][21222][safepoint   ] Safepoint "ICBufferFull", Time since last: 2280600 ns, Reaching safepoint: 121200 ns, At safepoint: 10900 ns, Total: 132100 ns
[2021-04-08T00:51:48.953+0000][21222][safepoint   ] Safepoint "ICBufferFull", Time since last: 2771400 ns, Reaching safepoint: 111600 ns, At safepoint: 8300 ns, Total: 119900 ns
[2021-04-08T00:51:48.956+0000][21222][safepoint   ] Safepoint "ICBufferFull", Time since last: 3017000 ns, Reaching safepoint: 80000 ns, At safepoint: 14800 ns, Total: 94800 ns
[2021-04-08T00:51:48.961+0000][21222][safepoint   ] Safepoint "ICBufferFull", Time since last: 4801800 ns, Reaching safepoint: 143900 ns, At safepoint: 11200 ns, Total: 155100 ns
[2021-04-08T00:51:48.964+0000][21222][safepoint   ] Safepoint "ICBufferFull", Time since last: 2339000 ns, Reaching safepoint: 130200 ns, At safepoint: 11000 ns, Total: 141200 ns
[2021-04-08T00:51:48.967+0000][21222][safepoint   ] Safepoint "ICBufferFull", Time since last: 2990600 ns, Reaching safepoint: 72200 ns, At safepoint: 10800 ns, Total: 83000 ns
[2021-04-08T00:51:48.971+0000][21222][safepoint   ] Safepoint "ICBufferFull", Time since last: 3584100 ns, Reaching safepoint: 142900 ns, At safepoint: 11600 ns, Total: 154500 ns
[2021-04-08T00:51:48.974+0000][21222][safepoint   ] Safepoint "ICBufferFull", Time since last: 3257100 ns, Reaching safepoint: 140300 ns, At safepoint: 11800 ns, Total: 152100 ns
[2021-04-08T00:51:48.977+0000][21222][safepoint   ] Safepoint "ICBufferFull", Time since last: 2954800 ns, Reaching safepoint: 141000 ns, At safepoint: 11400 ns, Total: 152400 ns
[2021-04-08T00:51:48.980+0000][21222][safepoint   ] Safepoint "ICBufferFull", Time since last: 2672500 ns, Reaching safepoint: 144200 ns, At safepoint: 11600 ns, Total: 155800 ns
[2021-04-08T00:51:48.984+0000][21222][safepoint   ] Safepoint "ICBufferFull", Time since last: 3340200 ns, Reaching safepoint: 146500 ns, At safepoint: 11900 ns, Total: 158400 ns
[2021-04-08T00:51:48.988+0000][21222][safepoint   ] Safepoint "ICBufferFull", Time since last: 4354000 ns, Reaching safepoint: 152100 ns, At safepoint: 11900 ns, Total: 164000 ns
[2021-04-08T00:51:48.992+0000][21222][safepoint   ] Safepoint "ICBufferFull", Time since last: 3313200 ns, Reaching safepoint: 139600 ns, At safepoint: 11700 ns, Total: 151300 ns
[2021-04-08T00:51:48.992+0000][21222][safepoint   ] Safepoint "ICBufferFull", Time since last: 775600 ns, Reaching safepoint: 138200 ns, At safepoint: 11200 ns, Total: 149400 ns
[2021-04-08T00:51:48.993+0000][21222][safepoint   ] Safepoint "ICBufferFull", Time since last: 782800 ns, Reaching safepoint: 130900 ns, At safepoint: 11100 ns, Total: 142000 ns
[2021-04-08T00:51:48.994+0000][21222][safepoint   ] Safepoint "ICBufferFull", Time since last: 788200 ns, Reaching safepoint: 142600 ns, At safepoint: 11900 ns, Total: 154500 ns
[2021-04-08T00:51:48.995+0000][21222][safepoint   ] Safepoint "ICBufferFull", Time since last: 786300 ns, Reaching safepoint: 152200 ns, At safepoint: 11200 ns, Total: 163400 ns
[2021-04-08T00:51:48.996+0000][21222][safepoint   ] Safepoint "ICBufferFull", Time since last: 889100 ns, Reaching safepoint: 133100 ns, At safepoint: 11300 ns, Total: 144400 ns
[2021-04-08T00:51:48.997+0000][21222][safepoint   ] Safepoint "ICBufferFull", Time since last: 724600 ns, Reaching safepoint: 132500 ns, At safepoint: 11100 ns, Total: 143600 ns
[2021-04-08T00:51:48.998+0000][21222][safepoint   ] Safepoint "ICBufferFull", Time since last: 765500 ns, Reaching safepoint: 134100 ns, At safepoint: 11200 ns, Total: 145300 ns
[2021-04-08T00:51:48.999+0000][21222][safepoint   ] Safepoint "ICBufferFull", Time since last: 745500 ns, Reaching safepoint: 59200 ns, At safepoint: 8100 ns, Total: 67300 ns
[2021-04-08T00:51:49.000+0000][21222][safepoint   ] Safepoint "ICBufferFull", Time since last: 911900 ns, Reaching safepoint: 93300 ns, At safepoint: 8100 ns, Total: 101400 ns
[2021-04-08T00:51:49.001+0000][21222][safepoint   ] Safepoint "ICBufferFull", Time since last: 857800 ns, Reaching safepoint: 105000 ns, At safepoint: 14000 ns, Total: 119000 ns
[2021-04-08T00:51:49.002+0000][21222][safepoint   ] Safepoint "ICBufferFull", Time since last: 786900 ns, Reaching safepoint: 91400 ns, At safepoint: 8100 ns, Total: 99500 ns
[2021-04-08T00:51:49.003+0000][21222][safepoint   ] Safepoint "ICBufferFull", Time since last: 789600 ns, Reaching safepoint: 112500 ns, At safepoint: 10100 ns, Total: 122600 ns
[2021-04-08T00:51:49.004+0000][21222][safepoint   ] Safepoint "ICBufferFull", Time since last: 728900 ns, Reaching safepoint: 114200 ns, At safepoint: 10000 ns, Total: 124200 ns
[2021-04-08T00:51:49.004+0000][21222][safepoint   ] Safepoint "ICBufferFull", Time since last: 763300 ns, Reaching safepoint: 112700 ns, At safepoint: 15200 ns, Total: 127900 ns
[2021-04-08T00:51:49.005+0000][21222][safepoint   ] Safepoint "ICBufferFull", Time since last: 747200 ns, Reaching safepoint: 133200 ns, At safepoint: 12900 ns, Total: 146100 ns
[2021-04-08T00:51:49.006+0000][21222][safepoint   ] Safepoint "ICBufferFull", Time since last: 778000 ns, Reaching safepoint: 135700 ns, At safepoint: 11700 ns, Total: 147400 ns
[2021-04-08T00:51:49.007+0000][21222][safepoint   ] Safepoint "ICBufferFull", Time since last: 817200 ns, Reaching safepoint: 131500 ns, At safepoint: 11700 ns, Total: 143200 ns
[2021-04-08T00:51:49.012+0000][21222][safepoint   ] Safepoint "ICBufferFull", Time since last: 4760100 ns, Reaching safepoint: 148200 ns, At safepoint: 11700 ns, Total: 159900 ns
[2021-04-08T00:51:49.018+0000][21222][safepoint   ] Safepoint "ICBufferFull", Time since last: 5504000 ns, Reaching safepoint: 141900 ns, At safepoint: 13500 ns, Total: 155400 ns
[2021-04-08T00:51:49.019+0000][21222][safepoint   ] Safepoint "ICBufferFull", Time since last: 823900 ns, Reaching safepoint: 197200 ns, At safepoint: 13400 ns, Total: 210600 ns
[2021-04-08T00:51:49.062+0000][21222][safepoint   ] Safepoint "ICBufferFull", Time since last: 42945800 ns, Reaching safepoint: 154900 ns, At safepoint: 12300 ns, Total: 167200 ns
[2021-04-08T00:51:49.063+0000][21222][safepoint   ] Safepoint "ICBufferFull", Time since last: 1283600 ns, Reaching safepoint: 135800 ns, At safepoint: 11800 ns, Total: 147600 ns
[2021-04-08T00:51:49.064+0000][21222][safepoint   ] Safepoint "ICBufferFull", Time since last: 782800 ns, Reaching safepoint: 219000 ns, At safepoint: 13500 ns, Total: 232500 ns
[2021-04-08T00:51:49.065+0000][21222][safepoint   ] Safepoint "ICBufferFull", Time since last: 756900 ns, Reaching safepoint: 144900 ns, At safepoint: 11600 ns, Total: 156500 ns
[2021-04-08T00:51:49.066+0000][21222][safepoint   ] Safepoint "ICBufferFull", Time since last: 801700 ns, Reaching safepoint: 133700 ns, At safepoint: 11700 ns, Total: 145400 ns
[2021-04-08T00:51:49.067+0000][21222][safepoint   ] Safepoint "ICBufferFull", Time since last: 809300 ns, Reaching safepoint: 117000 ns, At safepoint: 10900 ns, Total: 127900 ns
[2021-04-08T00:51:49.068+0000][21222][safepoint   ] Safepoint "ICBufferFull", Time since last: 745600 ns, Reaching safepoint: 137000 ns, At safepoint: 11800 ns, Total: 148800 ns
[2021-04-08T00:51:49.069+0000][21222][safepoint   ] Safepoint "ICBufferFull", Time since last: 730500 ns, Reaching safepoint: 139700 ns, At safepoint: 11900 ns, Total: 151600 ns
[2021-04-08T00:51:49.070+0000][21222][safepoint   ] Safepoint "ICBufferFull", Time since last: 748500 ns, Reaching safepoint: 134600 ns, At safepoint: 11800 ns, Total: 146400 ns
[2021-04-08T00:51:49.071+0000][21222][safepoint   ] Safepoint "ICBufferFull", Time since last: 769200 ns, Reaching safepoint: 134900 ns, At safepoint: 11900 ns, Total: 146800 ns
[2021-04-08T00:51:49.072+0000][21222][safepoint   ] Safepoint "ICBufferFull", Time since last: 728100 ns, Reaching safepoint: 139400 ns, At safepoint: 11900 ns, Total: 151300 ns
[2021-04-08T00:51:49.073+0000][21222][safepoint   ] Safepoint "ICBufferFull", Time since last: 781800 ns, Reaching safepoint: 132000 ns, At safepoint: 12400 ns, Total: 144400 ns
[2021-04-08T00:51:49.073+0000][21222][safepoint   ] Safepoint "ICBufferFull", Time since last: 718900 ns, Reaching safepoint: 96600 ns, At safepoint: 12400 ns, Total: 109000 ns
[2021-04-08T00:51:49.074+0000][21222][safepoint   ] Safepoint "ICBufferFull", Time since last: 742300 ns, Reaching safepoint: 130000 ns, At safepoint: 11600 ns, Total: 141600 ns
[2021-04-08T00:51:49.075+0000][21222][safepoint   ] Safepoint "ICBufferFull", Time since last: 757800 ns, Reaching safepoint: 124900 ns, At safepoint: 11100 ns, Total: 136000 ns
[2021-04-08T00:51:49.076+0000][21222][safepoint   ] Safepoint "ICBufferFull", Time since last: 721800 ns, Reaching safepoint: 88800 ns, At safepoint: 12400 ns, Total: 101200 ns
[2021-04-08T00:51:49.077+0000][21222][safepoint   ] Safepoint "ICBufferFull", Time since last: 754300 ns, Reaching safepoint: 134200 ns, At safepoint: 11200 ns, Total: 145400 ns
[2021-04-08T00:51:49.078+0000][21222][safepoint   ] Safepoint "ICBufferFull", Time since last: 733000 ns, Reaching safepoint: 129300 ns, At safepoint: 11400 ns, Total: 140700 ns
[2021-04-08T00:51:49.079+0000][21222][safepoint   ] Safepoint "ICBufferFull", Time since last: 1536000 ns, Reaching safepoint: 135900 ns, At safepoint: 11400 ns, Total: 147300 ns
[2021-04-08T00:51:49.080+0000][21222][safepoint   ] Safepoint "ICBufferFull", Time since last: 889400 ns, Reaching safepoint: 98300 ns, At safepoint: 9200 ns, Total: 107500 ns
[2021-04-08T00:51:49.177+0000][21222][safepoint   ] Safepoint "ICBufferFull", Time since last: 96768800 ns, Reaching safepoint: 148100 ns, At safepoint: 12600 ns, Total: 160700 ns
[2021-04-08T00:51:49.179+0000][21222][safepoint   ] Safepoint "ICBufferFull", Time since last: 1230900 ns, Reaching safepoint: 136500 ns, At safepoint: 10900 ns, Total: 147400 ns
[2021-04-08T00:51:49.180+0000][21222][safepoint   ] Safepoint "ICBufferFull", Time since last: 710100 ns, Reaching safepoint: 128200 ns, At safepoint: 10800 ns, Total: 139000 ns
[2021-04-08T00:51:49.180+0000][21222][safepoint   ] Safepoint "ICBufferFull", Time since last: 682800 ns, Reaching safepoint: 145800 ns, At safepoint: 11500 ns, Total: 157300 ns
[2021-04-08T00:51:49.182+0000][21222][safepoint   ] Safepoint "ICBufferFull", Time since last: 917600 ns, Reaching safepoint: 134000 ns, At safepoint: 13100 ns, Total: 147100 ns
[2021-04-08T00:51:49.182+0000][21222][safepoint   ] Safepoint "ICBufferFull", Time since last: 713200 ns, Reaching safepoint: 98600 ns, At safepoint: 12200 ns, Total: 110800 ns
[2021-04-08T00:51:49.183+0000][21222][safepoint   ] Safepoint "ICBufferFull", Time since last: 739000 ns, Reaching safepoint: 121000 ns, At safepoint: 13500 ns, Total: 134500 ns
[2021-04-08T00:51:49.184+0000][21222][safepoint   ] Safepoint "ICBufferFull", Time since last: 704700 ns, Reaching safepoint: 84900 ns, At safepoint: 10100 ns, Total: 95000 ns
[2021-04-08T00:51:49.185+0000][21222][safepoint   ] Safepoint "ICBufferFull", Time since last: 628700 ns, Reaching safepoint: 82600 ns, At safepoint: 7200 ns, Total: 89800 ns
[2021-04-08T00:51:49.186+0000][21222][safepoint   ] Safepoint "ICBufferFull", Time since last: 697900 ns, Reaching safepoint: 110400 ns, At safepoint: 10200 ns, Total: 120600 ns
[2021-04-08T00:51:49.186+0000][21222][safepoint   ] Safepoint "ICBufferFull", Time since last: 623400 ns, Reaching safepoint: 88700 ns, At safepoint: 10300 ns, Total: 99000 ns
[2021-04-08T00:51:49.187+0000][21222][safepoint   ] Safepoint "ICBufferFull", Time since last: 648700 ns, Reaching safepoint: 76400 ns, At safepoint: 6900 ns, Total: 83300 ns
[2021-04-08T00:51:49.188+0000][21222][safepoint   ] Safepoint "ICBufferFull", Time since last: 699400 ns, Reaching safepoint: 115100 ns, At safepoint: 9700 ns, Total: 124800 ns
[2021-04-08T00:51:49.189+0000][21222][safepoint   ] Safepoint "ICBufferFull", Time since last: 673400 ns, Reaching safepoint: 96900 ns, At safepoint: 15400 ns, Total: 112300 ns
[2021-04-08T00:51:49.457+0000][21222][safepoint   ] Safepoint "ICBufferFull", Time since last: 268076700 ns, Reaching safepoint: 156100 ns, At safepoint: 10200 ns, Total: 166300 ns
[2021-04-08T00:51:49.552+0000][21222][gc,start    ] GC(0) Pause Young (Normal) (G1 Evacuation Pause)
[2021-04-08T00:51:49.552+0000][21222][gc,task     ] GC(0) Using 8 workers of 8 for evacuation
[2021-04-08T00:51:49.552+0000][21222][gc,age      ] GC(0) Desired survivor size 27262976 bytes, new threshold 15 (max threshold 15)
[2021-04-08T00:51:49.560+0000][21222][gc,age      ] GC(0) Age table with threshold 15 (max threshold 15)
[2021-04-08T00:51:49.560+0000][21222][gc,age      ] GC(0) - age   1:   12541408 bytes,   12541408 total
[2021-04-08T00:51:49.560+0000][21222][gc,phases   ] GC(0)   Pre Evacuate Collection Set: 0.4ms
[2021-04-08T00:51:49.560+0000][21222][gc,phases   ] GC(0)   Merge Heap Roots: 0.2ms
[2021-04-08T00:51:49.560+0000][21222][gc,phases   ] GC(0)   Evacuate Collection Set: 5.5ms
[2021-04-08T00:51:49.560+0000][21222][gc,phases   ] GC(0)   Post Evacuate Collection Set: 1.1ms
[2021-04-08T00:51:49.560+0000][21222][gc,phases   ] GC(0)   Other: 1.0ms
[2021-04-08T00:51:49.560+0000][21222][gc,heap     ] GC(0) Eden regions: 101->0(97)
[2021-04-08T00:51:49.560+0000][21222][gc,heap     ] GC(0) Survivor regions: 0->4(13)
[2021-04-08T00:51:49.560+0000][21222][gc,heap     ] GC(0) Old regions: 0->0
[2021-04-08T00:51:49.560+0000][21222][gc,heap     ] GC(0) Archive regions: 2->2
[2021-04-08T00:51:49.560+0000][21222][gc,heap     ] GC(0) Humongous regions: 0->0
[2021-04-08T00:51:49.560+0000][21222][gc,metaspace] GC(0) Metaspace: 18626K(19328K)->18626K(19328K) NonClass: 16407K(16896K)->16407K(16896K) Class: 2219K(2432K)->2219K(2432K)
[2021-04-08T00:51:49.560+0000][21222][gc          ] GC(0) Pause Young (Normal) (G1 Evacuation Pause) 407M->16M(8124M) 8.396ms
[2021-04-08T00:51:49.560+0000][21222][gc,cpu      ] GC(0) User=0.02s Sys=0.00s Real=0.01s
[2021-04-08T00:51:49.560+0000][21222][safepoint   ] Safepoint "G1CollectForAllocation", Time since last: 94608800 ns, Reaching safepoint: 117700 ns, At safepoint: 8578600 ns, Total: 8696300 ns
[2021-04-08T00:51:50.116+0000][21222][gc,start    ] GC(1) Pause Young (Normal) (G1 Evacuation Pause)
[2021-04-08T00:51:50.116+0000][21222][gc,task     ] GC(1) Using 8 workers of 8 for evacuation
[2021-04-08T00:51:50.116+0000][21222][gc,age      ] GC(1) Desired survivor size 27262976 bytes, new threshold 15 (max threshold 15)
[2021-04-08T00:51:50.124+0000][21222][gc,age      ] GC(1) Age table with threshold 15 (max threshold 15)
[2021-04-08T00:51:50.124+0000][21222][gc,age      ] GC(1) - age   1:    3818896 bytes,    3818896 total
[2021-04-08T00:51:50.124+0000][21222][gc,age      ] GC(1) - age   2:   12147312 bytes,   15966208 total
[2021-04-08T00:51:50.124+0000][21222][gc,phases   ] GC(1)   Pre Evacuate Collection Set: 0.2ms
[2021-04-08T00:51:50.124+0000][21222][gc,phases   ] GC(1)   Merge Heap Roots: 0.1ms
[2021-04-08T00:51:50.124+0000][21222][gc,phases   ] GC(1)   Evacuate Collection Set: 6.9ms
[2021-04-08T00:51:50.124+0000][21222][gc,phases   ] GC(1)   Post Evacuate Collection Set: 0.8ms
[2021-04-08T00:51:50.124+0000][21222][gc,phases   ] GC(1)   Other: 0.3ms
[2021-04-08T00:51:50.124+0000][21222][gc,heap     ] GC(1) Eden regions: 97->0(96)
[2021-04-08T00:51:50.124+0000][21222][gc,heap     ] GC(1) Survivor regions: 4->5(13)
[2021-04-08T00:51:50.124+0000][21222][gc,heap     ] GC(1) Old regions: 0->0
[2021-04-08T00:51:50.124+0000][21222][gc,heap     ] GC(1) Archive regions: 2->2
[2021-04-08T00:51:50.124+0000][21222][gc,heap     ] GC(1) Humongous regions: 0->0
[2021-04-08T00:51:50.124+0000][21222][gc,metaspace] GC(1) Metaspace: 19358K(20224K)->19358K(20224K) NonClass: 17039K(17664K)->17039K(17664K) Class: 2319K(2560K)->2319K(2560K)
[2021-04-08T00:51:50.124+0000][21222][gc          ] GC(1) Pause Young (Normal) (G1 Evacuation Pause) 404M->19M(8124M) 8.427ms
[2021-04-08T00:51:50.124+0000][21222][gc,cpu      ] GC(1) User=0.09s Sys=0.02s Real=0.01s
[2021-04-08T00:51:50.124+0000][21222][safepoint   ] Safepoint "G1CollectForAllocation", Time since last: 555573700 ns, Reaching safepoint: 71200 ns, At safepoint: 8534300 ns, Total: 8605500 ns
[2021-04-08T00:51:50.613+0000][21222][gc,start    ] GC(2) Pause Young (Normal) (G1 Evacuation Pause)
[2021-04-08T00:51:50.613+0000][21222][gc,task     ] GC(2) Using 8 workers of 8 for evacuation
[2021-04-08T00:51:50.613+0000][21222][gc,age      ] GC(2) Desired survivor size 27262976 bytes, new threshold 15 (max threshold 15)
[2021-04-08T00:51:50.620+0000][21222][gc,age      ] GC(2) Age table with threshold 15 (max threshold 15)
[2021-04-08T00:51:50.620+0000][21222][gc,age      ] GC(2) - age   1:    1200312 bytes,    1200312 total
[2021-04-08T00:51:50.620+0000][21222][gc,age      ] GC(2) - age   2:    2839712 bytes,    4040024 total
[2021-04-08T00:51:50.620+0000][21222][gc,age      ] GC(2) - age   3:   12142928 bytes,   16182952 total
[2021-04-08T00:51:50.620+0000][21222][gc,phases   ] GC(2)   Pre Evacuate Collection Set: 0.2ms
[2021-04-08T00:51:50.620+0000][21222][gc,phases   ] GC(2)   Merge Heap Roots: 0.1ms
[2021-04-08T00:51:50.620+0000][21222][gc,phases   ] GC(2)   Evacuate Collection Set: 5.2ms
[2021-04-08T00:51:50.620+0000][21222][gc,phases   ] GC(2)   Post Evacuate Collection Set: 0.8ms
[2021-04-08T00:51:50.620+0000][21222][gc,phases   ] GC(2)   Other: 0.3ms
[2021-04-08T00:51:50.620+0000][21222][gc,heap     ] GC(2) Eden regions: 96->0(107)
[2021-04-08T00:51:50.620+0000][21222][gc,heap     ] GC(2) Survivor regions: 5->5(13)
[2021-04-08T00:51:50.620+0000][21222][gc,heap     ] GC(2) Old regions: 0->0
[2021-04-08T00:51:50.620+0000][21222][gc,heap     ] GC(2) Archive regions: 2->2
[2021-04-08T00:51:50.620+0000][21222][gc,heap     ] GC(2) Humongous regions: 0->0
[2021-04-08T00:51:50.620+0000][21222][gc,metaspace] GC(2) Metaspace: 19783K(20864K)->19783K(20864K) NonClass: 17393K(18176K)->17393K(18176K) Class: 2390K(2688K)->2390K(2688K)
[2021-04-08T00:51:50.620+0000][21222][gc          ] GC(2) Pause Young (Normal) (G1 Evacuation Pause) 403M->20M(8124M) 6.724ms
[2021-04-08T00:51:50.620+0000][21222][gc,cpu      ] GC(2) User=0.00s Sys=0.00s Real=0.01s
[2021-04-08T00:51:50.620+0000][21222][safepoint   ] Safepoint "G1CollectForAllocation", Time since last: 488578100 ns, Reaching safepoint: 119100 ns, At safepoint: 6820900 ns, Total: 6940000 ns
[2021-04-08T00:51:51.078+0000][21222][gc,start    ] GC(3) Pause Young (Concurrent Start) (Metadata GC Threshold)
[2021-04-08T00:51:51.078+0000][21222][gc,task     ] GC(3) Using 8 workers of 8 for evacuation
[2021-04-08T00:51:51.078+0000][21222][gc,age      ] GC(3) Desired survivor size 29360128 bytes, new threshold 15 (max threshold 15)
[2021-04-08T00:51:51.089+0000][21222][gc,age      ] GC(3) Age table with threshold 15 (max threshold 15)
[2021-04-08T00:51:51.089+0000][21222][gc,age      ] GC(3) - age   1:    1731816 bytes,    1731816 total
[2021-04-08T00:51:51.089+0000][21222][gc,age      ] GC(3) - age   2:     885120 bytes,    2616936 total
[2021-04-08T00:51:51.089+0000][21222][gc,age      ] GC(3) - age   3:    2838000 bytes,    5454936 total
[2021-04-08T00:51:51.089+0000][21222][gc,age      ] GC(3) - age   4:   12142720 bytes,   17597656 total
[2021-04-08T00:51:51.089+0000][21222][gc,phases   ] GC(3)   Pre Evacuate Collection Set: 0.3ms
[2021-04-08T00:51:51.089+0000][21222][gc,phases   ] GC(3)   Merge Heap Roots: 0.1ms
[2021-04-08T00:51:51.089+0000][21222][gc,phases   ] GC(3)   Evacuate Collection Set: 8.0ms
[2021-04-08T00:51:51.089+0000][21222][gc,phases   ] GC(3)   Post Evacuate Collection Set: 1.6ms
[2021-04-08T00:51:51.089+0000][21222][gc,phases   ] GC(3)   Other: 0.9ms
[2021-04-08T00:51:51.089+0000][21222][gc,heap     ] GC(3) Eden regions: 83->0(120)
[2021-04-08T00:51:51.089+0000][21222][gc,heap     ] GC(3) Survivor regions: 5->5(14)
[2021-04-08T00:51:51.089+0000][21222][gc,heap     ] GC(3) Old regions: 0->0
[2021-04-08T00:51:51.089+0000][21222][gc,heap     ] GC(3) Archive regions: 2->2
[2021-04-08T00:51:51.089+0000][21222][gc,heap     ] GC(3) Humongous regions: 0->0
[2021-04-08T00:51:51.089+0000][21222][gc,metaspace] GC(3) Metaspace: 20121K(21248K)->20121K(21248K) NonClass: 17666K(18432K)->17666K(18432K) Class: 2455K(2816K)->2455K(2816K)
[2021-04-08T00:51:51.089+0000][21222][gc          ] GC(3) Pause Young (Concurrent Start) (Metadata GC Threshold) 350M->22M(8124M) 10.972ms
[2021-04-08T00:51:51.089+0000][21222][gc,cpu      ] GC(3) User=0.00s Sys=0.00s Real=0.01s
[2021-04-08T00:51:51.089+0000][21222][gc          ] GC(4) Concurrent Cycle
[2021-04-08T00:51:51.089+0000][21222][gc,marking  ] GC(4) Concurrent Clear Claimed Marks
[2021-04-08T00:51:51.089+0000][21222][gc,marking  ] GC(4) Concurrent Clear Claimed Marks 0.090ms
[2021-04-08T00:51:51.089+0000][21222][gc,marking  ] GC(4) Concurrent Scan Root Regions
[2021-04-08T00:51:51.090+0000][21222][safepoint   ] Safepoint "CollectForMetadataAllocation", Time since last: 457889400 ns, Reaching safepoint: 139400 ns, At safepoint: 11779200 ns, Total: 11918600 ns
[2021-04-08T00:51:51.097+0000][21222][gc,marking  ] GC(4) Concurrent Scan Root Regions 7.131ms
[2021-04-08T00:51:51.097+0000][21222][gc,marking  ] GC(4) Concurrent Mark (21.618s)
[2021-04-08T00:51:51.097+0000][21222][gc,marking  ] GC(4) Concurrent Mark From Roots
[2021-04-08T00:51:51.097+0000][21222][gc,task     ] GC(4) Using 2 workers of 2 for marking
[2021-04-08T00:51:51.100+0000][21222][gc,marking  ] GC(4) Concurrent Mark From Roots 3.576ms
[2021-04-08T00:51:51.100+0000][21222][gc,marking  ] GC(4) Concurrent Preclean
[2021-04-08T00:51:51.100+0000][21222][gc,marking  ] GC(4) Concurrent Preclean 0.241ms
[2021-04-08T00:51:51.101+0000][21222][gc,marking  ] GC(4) Concurrent Mark (21.618s, 21.622s) 3.898ms
[2021-04-08T00:51:51.101+0000][21222][gc,start    ] GC(4) Pause Remark
[2021-04-08T00:51:51.102+0000][21222][gc          ] GC(4) Pause Remark 24M->24M(8124M) 1.674ms
[2021-04-08T00:51:51.102+0000][21222][gc,cpu      ] GC(4) User=0.00s Sys=0.00s Real=0.00s
[2021-04-08T00:51:51.102+0000][21222][safepoint   ] Safepoint "G1Concurrent", Time since last: 10868400 ns, Reaching safepoint: 115600 ns, At safepoint: 1763700 ns, Total: 1879300 ns
[2021-04-08T00:51:51.102+0000][21222][gc,marking  ] GC(4) Concurrent Rebuild Remembered Sets
[2021-04-08T00:51:51.103+0000][21222][gc,marking  ] GC(4) Concurrent Rebuild Remembered Sets 0.857ms
[2021-04-08T00:51:51.104+0000][21222][gc,start    ] GC(4) Pause Cleanup
[2021-04-08T00:51:51.105+0000][21222][gc          ] GC(4) Pause Cleanup 24M->24M(8124M) 0.457ms
[2021-04-08T00:51:51.105+0000][21222][gc,cpu      ] GC(4) User=0.00s Sys=0.00s Real=0.00s
[2021-04-08T00:51:51.105+0000][21222][safepoint   ] Safepoint "G1Concurrent", Time since last: 965300 ns, Reaching safepoint: 622800 ns, At safepoint: 559100 ns, Total: 1181900 ns
[2021-04-08T00:51:51.105+0000][21222][gc,marking  ] GC(4) Concurrent Cleanup for Next Mark
[2021-04-08T00:51:51.123+0000][21222][gc,marking  ] GC(4) Concurrent Cleanup for Next Mark 18.432ms
[2021-04-08T00:51:51.123+0000][21222][gc          ] GC(4) Concurrent Cycle 34.018ms
