[2021-04-10T04:59:43.280+0000][248][gc] Using G1
[2021-04-10T04:59:56.492+0000][248][gc,init] Version: 15.0.1+9 (release)
[2021-04-10T04:59:56.492+0000][248][gc,init] CPUs: 8 total, 8 available
[2021-04-10T04:59:56.492+0000][248][gc,init] Memory: 16244M
[2021-04-10T04:59:56.492+0000][248][gc,init] Large Page Support: Disabled
[2021-04-10T04:59:56.493+0000][248][gc,init] NUMA Support: Disabled
[2021-04-10T04:59:56.493+0000][248][gc,init] Compressed Oops: Enabled (Zero based)
[2021-04-10T04:59:56.493+0000][248][gc,init] Heap Region Size: 4M
[2021-04-10T04:59:56.493+0000][248][gc,init] Heap Min Capacity: 8124M
[2021-04-10T04:59:56.493+0000][248][gc,init] Heap Initial Capacity: 8124M
[2021-04-10T04:59:56.493+0000][248][gc,init] Heap Max Capacity: 8124M
[2021-04-10T04:59:56.496+0000][248][gc,init] Pre-touch: Enabled
[2021-04-10T04:59:56.496+0000][248][gc,init] Parallel Workers: 8
[2021-04-10T04:59:56.496+0000][248][gc,init] Concurrent Workers: 2
[2021-04-10T04:59:56.496+0000][248][gc,init] Concurrent Refinement Workers: 8
[2021-04-10T04:59:56.496+0000][248][gc,init] Periodic GC: Disabled
[2021-04-10T04:59:56.497+0000][248][gc,cds ] Mark closed archive regions in map: [0x00000007ffc00000, 0x00000007ffc7bff8]
[2021-04-10T04:59:56.522+0000][248][gc,cds ] Mark open archive regions in map: [0x00000007ffb00000, 0x00000007ffb51ff8]
[2021-04-10T04:59:56.547+0000][248][gc,metaspace] CDS archive(s) mapped at: [0x0000000800000000-0x0000000800b2a000-0x0000000800b2a000), size 11706368, SharedBaseAddress: 0x0000000800000000, ArchiveRelocationMode: 0.
[2021-04-10T04:59:56.547+0000][248][gc,metaspace] Compressed class space mapped at: 0x0000000800b2c000-0x0000000840b2c000, size: 1073741824
[2021-04-10T04:59:56.547+0000][248][gc,metaspace] Narrow klass base: 0x0000000800000000, Narrow klass shift: 3, Narrow klass range: 0x100000000
[2021-04-10T04:59:57.007+0000][248][safepoint   ] Safepoint "ICBufferFull", Time since last: 438394900 ns, Reaching safepoint: 252300 ns, At safepoint: 13000 ns, Total: 265300 ns
[2021-04-10T04:59:57.563+0000][248][safepoint   ] Safepoint "ICBufferFull", Time since last: 556194500 ns, Reaching safepoint: 168900 ns, At safepoint: 11800 ns, Total: 180700 ns
[2021-04-10T04:59:58.685+0000][248][safepoint   ] Safepoint "ICBufferFull", Time since last: 1121409900 ns, Reaching safepoint: 282500 ns, At safepoint: 12100 ns, Total: 294600 ns
[2021-04-10T04:59:59.554+0000][248][safepoint   ] Safepoint "ICBufferFull", Time since last: 869013100 ns, Reaching safepoint: 225900 ns, At safepoint: 17100 ns, Total: 243000 ns
[2021-04-10T05:00:00.136+0000][248][safepoint   ] Safepoint "ICBufferFull", Time since last: 582213800 ns, Reaching safepoint: 105200 ns, At safepoint: 12500 ns, Total: 117700 ns
[2021-04-10T05:00:00.141+0000][248][safepoint   ] Safepoint "ICBufferFull", Time since last: 4734900 ns, Reaching safepoint: 97200 ns, At safepoint: 14500 ns, Total: 111700 ns
[2021-04-10T05:00:00.145+0000][248][safepoint   ] Safepoint "ICBufferFull", Time since last: 3736000 ns, Reaching safepoint: 83000 ns, At safepoint: 16800 ns, Total: 99800 ns
[2021-04-10T05:00:00.152+0000][248][safepoint   ] Safepoint "ICBufferFull", Time since last: 6610300 ns, Reaching safepoint: 81800 ns, At safepoint: 14600 ns, Total: 96400 ns
[2021-04-10T05:00:00.157+0000][248][safepoint   ] Safepoint "ICBufferFull", Time since last: 5410200 ns, Reaching safepoint: 72000 ns, At safepoint: 18700 ns, Total: 90700 ns
[2021-04-10T05:00:00.162+0000][248][safepoint   ] Safepoint "ICBufferFull", Time since last: 4961700 ns, Reaching safepoint: 104100 ns, At safepoint: 15400 ns, Total: 119500 ns
[2021-04-10T05:00:00.168+0000][248][safepoint   ] Safepoint "ICBufferFull", Time since last: 5463400 ns, Reaching safepoint: 61900 ns, At safepoint: 17300 ns, Total: 79200 ns
[2021-04-10T05:00:00.171+0000][248][safepoint   ] Safepoint "ICBufferFull", Time since last: 3345000 ns, Reaching safepoint: 83200 ns, At safepoint: 14400 ns, Total: 97600 ns
[2021-04-10T05:00:00.176+0000][248][safepoint   ] Safepoint "ICBufferFull", Time since last: 4875000 ns, Reaching safepoint: 67000 ns, At safepoint: 14600 ns, Total: 81600 ns
[2021-04-10T05:00:00.181+0000][248][safepoint   ] Safepoint "ICBufferFull", Time since last: 4505400 ns, Reaching safepoint: 83000 ns, At safepoint: 15400 ns, Total: 98400 ns
[2021-04-10T05:00:00.186+0000][248][safepoint   ] Safepoint "ICBufferFull", Time since last: 5549500 ns, Reaching safepoint: 72200 ns, At safepoint: 15100 ns, Total: 87300 ns
[2021-04-10T05:00:00.191+0000][248][safepoint   ] Safepoint "ICBufferFull", Time since last: 4508100 ns, Reaching safepoint: 60400 ns, At safepoint: 18300 ns, Total: 78700 ns
[2021-04-10T05:00:00.195+0000][248][safepoint   ] Safepoint "ICBufferFull", Time since last: 3675500 ns, Reaching safepoint: 79600 ns, At safepoint: 14200 ns, Total: 93800 ns
[2021-04-10T05:00:00.202+0000][248][safepoint   ] Safepoint "ICBufferFull", Time since last: 6955300 ns, Reaching safepoint: 67500 ns, At safepoint: 18100 ns, Total: 85600 ns
[2021-04-10T05:00:00.205+0000][248][safepoint   ] Safepoint "ICBufferFull", Time since last: 3164300 ns, Reaching safepoint: 64100 ns, At safepoint: 14300 ns, Total: 78400 ns
[2021-04-10T05:00:00.208+0000][248][safepoint   ] Safepoint "ICBufferFull", Time since last: 2827400 ns, Reaching safepoint: 63000 ns, At safepoint: 17000 ns, Total: 80000 ns
[2021-04-10T05:00:00.725+0000][248][safepoint   ] Safepoint "ICBufferFull", Time since last: 516384800 ns, Reaching safepoint: 208400 ns, At safepoint: 14100 ns, Total: 222500 ns
[2021-04-10T05:00:01.732+0000][248][safepoint   ] Safepoint "Cleanup", Time since last: 1007554600 ns, Reaching safepoint: 151900 ns, At safepoint: 8300 ns, Total: 160200 ns
[2021-04-10T05:00:01.965+0000][248][gc,start    ] GC(0) Pause Young (Normal) (G1 Evacuation Pause)
[2021-04-10T05:00:01.965+0000][248][gc,task     ] GC(0) Using 8 workers of 8 for evacuation
[2021-04-10T05:00:01.965+0000][248][gc,age      ] GC(0) Desired survivor size 27262976 bytes, new threshold 15 (max threshold 15)
[2021-04-10T05:00:01.976+0000][248][gc,age      ] GC(0) Age table with threshold 15 (max threshold 15)
[2021-04-10T05:00:01.976+0000][248][gc,age      ] GC(0) - age   1:   13115984 bytes,   13115984 total
[2021-04-10T05:00:01.976+0000][248][gc,phases   ] GC(0)   Pre Evacuate Collection Set: 0.3ms
[2021-04-10T05:00:01.976+0000][248][gc,phases   ] GC(0)   Merge Heap Roots: 0.6ms
[2021-04-10T05:00:01.976+0000][248][gc,phases   ] GC(0)   Evacuate Collection Set: 8.6ms
[2021-04-10T05:00:01.976+0000][248][gc,phases   ] GC(0)   Post Evacuate Collection Set: 1.3ms
[2021-04-10T05:00:01.976+0000][248][gc,phases   ] GC(0)   Other: 0.9ms
[2021-04-10T05:00:01.976+0000][248][gc,heap     ] GC(0) Eden regions: 101->0(97)
[2021-04-10T05:00:01.976+0000][248][gc,heap     ] GC(0) Survivor regions: 0->4(13)
[2021-04-10T05:00:01.977+0000][248][gc,heap     ] GC(0) Old regions: 0->0
[2021-04-10T05:00:01.977+0000][248][gc,heap     ] GC(0) Archive regions: 2->2
[2021-04-10T05:00:01.977+0000][248][gc,heap     ] GC(0) Humongous regions: 0->0
[2021-04-10T05:00:01.977+0000][248][gc,metaspace] GC(0) Metaspace: 18631K(19328K)->18631K(19328K) NonClass: 16413K(16896K)->16413K(16896K) Class: 2217K(2432K)->2217K(2432K)
[2021-04-10T05:00:01.977+0000][248][gc          ] GC(0) Pause Young (Normal) (G1 Evacuation Pause) 407M->16M(8124M) 11.919ms
[2021-04-10T05:00:01.977+0000][248][gc,cpu      ] GC(0) User=0.00s Sys=0.00s Real=0.01s
[2021-04-10T05:00:01.977+0000][248][safepoint   ] Safepoint "G1CollectForAllocation", Time since last: 232147800 ns, Reaching safepoint: 100300 ns, At safepoint: 12158400 ns, Total: 12258700 ns
[2021-04-10T05:00:02.987+0000][248][safepoint   ] Safepoint "Cleanup", Time since last: 1010023600 ns, Reaching safepoint: 122500 ns, At safepoint: 9500 ns, Total: 132000 ns
[2021-04-10T05:00:03.989+0000][248][safepoint   ] Safepoint "Cleanup", Time since last: 1001841800 ns, Reaching safepoint: 108700 ns, At safepoint: 9500 ns, Total: 118200 ns
[2021-04-10T05:00:04.549+0000][248][gc,start    ] GC(1) Pause Young (Normal) (G1 Evacuation Pause)
[2021-04-10T05:00:04.550+0000][248][gc,task     ] GC(1) Using 8 workers of 8 for evacuation
[2021-04-10T05:00:04.550+0000][248][gc,age      ] GC(1) Desired survivor size 27262976 bytes, new threshold 15 (max threshold 15)
[2021-04-10T05:00:04.569+0000][248][gc,age      ] GC(1) Age table with threshold 15 (max threshold 15)
[2021-04-10T05:00:04.569+0000][248][gc,age      ] GC(1) - age   1:    3568864 bytes,    3568864 total
[2021-04-10T05:00:04.569+0000][248][gc,age      ] GC(1) - age   2:   12146040 bytes,   15714904 total
[2021-04-10T05:00:04.569+0000][248][gc,phases   ] GC(1)   Pre Evacuate Collection Set: 0.9ms
[2021-04-10T05:00:04.569+0000][248][gc,phases   ] GC(1)   Merge Heap Roots: 0.1ms
[2021-04-10T05:00:04.569+0000][248][gc,phases   ] GC(1)   Evacuate Collection Set: 16.6ms
[2021-04-10T05:00:04.569+0000][248][gc,phases   ] GC(1)   Post Evacuate Collection Set: 1.4ms
[2021-04-10T05:00:04.569+0000][248][gc,phases   ] GC(1)   Other: 0.8ms
[2021-04-10T05:00:04.569+0000][248][gc,heap     ] GC(1) Eden regions: 97->0(97)
[2021-04-10T05:00:04.569+0000][248][gc,heap     ] GC(1) Survivor regions: 4->4(13)
[2021-04-10T05:00:04.569+0000][248][gc,heap     ] GC(1) Old regions: 0->0
[2021-04-10T05:00:04.569+0000][248][gc,heap     ] GC(1) Archive regions: 2->2
[2021-04-10T05:00:04.569+0000][248][gc,heap     ] GC(1) Humongous regions: 0->0
[2021-04-10T05:00:04.569+0000][248][gc,metaspace] GC(1) Metaspace: 19365K(20224K)->19365K(20224K) NonClass: 17047K(17664K)->17047K(17664K) Class: 2318K(2560K)->2318K(2560K)
[2021-04-10T05:00:04.569+0000][248][gc          ] GC(1) Pause Young (Normal) (G1 Evacuation Pause) 404M->19M(8124M) 20.016ms
[2021-04-10T05:00:04.570+0000][248][gc,cpu      ] GC(1) User=0.06s Sys=0.00s Real=0.02s
[2021-04-10T05:00:04.570+0000][248][safepoint   ] Safepoint "G1CollectForAllocation", Time since last: 560300800 ns, Reaching safepoint: 182300 ns, At safepoint: 20219400 ns, Total: 20401700 ns
[2021-04-10T05:00:05.576+0000][248][safepoint   ] Safepoint "Cleanup", Time since last: 1006174600 ns, Reaching safepoint: 646500 ns, At safepoint: 10800 ns, Total: 657300 ns
[2021-04-10T05:00:06.461+0000][248][gc,start    ] GC(2) Pause Young (Normal) (G1 Evacuation Pause)
[2021-04-10T05:00:06.461+0000][248][gc,task     ] GC(2) Using 8 workers of 8 for evacuation
[2021-04-10T05:00:06.461+0000][248][gc,age      ] GC(2) Desired survivor size 27262976 bytes, new threshold 15 (max threshold 15)
[2021-04-10T05:00:06.472+0000][248][gc,age      ] GC(2) Age table with threshold 15 (max threshold 15)
[2021-04-10T05:00:06.472+0000][248][gc,age      ] GC(2) - age   1:    2706968 bytes,    2706968 total
[2021-04-10T05:00:06.472+0000][248][gc,age      ] GC(2) - age   2:    2839728 bytes,    5546696 total
[2021-04-10T05:00:06.472+0000][248][gc,age      ] GC(2) - age   3:   12141656 bytes,   17688352 total
[2021-04-10T05:00:06.472+0000][248][gc,phases   ] GC(2)   Pre Evacuate Collection Set: 0.2ms
[2021-04-10T05:00:06.472+0000][248][gc,phases   ] GC(2)   Merge Heap Roots: 0.1ms
[2021-04-10T05:00:06.472+0000][248][gc,phases   ] GC(2)   Evacuate Collection Set: 9.8ms
[2021-04-10T05:00:06.472+0000][248][gc,phases   ] GC(2)   Post Evacuate Collection Set: 0.9ms
[2021-04-10T05:00:06.472+0000][248][gc,phases   ] GC(2)   Other: 0.4ms
[2021-04-10T05:00:06.472+0000][248][gc,heap     ] GC(2) Eden regions: 97->0(109)
[2021-04-10T05:00:06.472+0000][248][gc,heap     ] GC(2) Survivor regions: 4->5(13)
[2021-04-10T05:00:06.472+0000][248][gc,heap     ] GC(2) Old regions: 0->0
[2021-04-10T05:00:06.472+0000][248][gc,heap     ] GC(2) Archive regions: 2->2
[2021-04-10T05:00:06.472+0000][248][gc,heap     ] GC(2) Humongous regions: 0->0
[2021-04-10T05:00:06.472+0000][248][gc,metaspace] GC(2) Metaspace: 19789K(20864K)->19789K(20864K) NonClass: 17400K(18176K)->17400K(18176K) Class: 2389K(2688K)->2389K(2688K)
[2021-04-10T05:00:06.473+0000][248][gc          ] GC(2) Pause Young (Normal) (G1 Evacuation Pause) 407M->22M(8124M) 11.678ms
[2021-04-10T05:00:06.473+0000][248][gc,cpu      ] GC(2) User=0.00s Sys=0.06s Real=0.01s
[2021-04-10T05:00:06.473+0000][248][safepoint   ] Safepoint "G1CollectForAllocation", Time since last: 884312500 ns, Reaching safepoint: 94900 ns, At safepoint: 11799300 ns, Total: 11894200 ns
[2021-04-10T05:00:07.480+0000][248][safepoint   ] Safepoint "Cleanup", Time since last: 1007715200 ns, Reaching safepoint: 116900 ns, At safepoint: 9700 ns, Total: 126600 ns
[2021-04-10T05:00:08.421+0000][248][gc,start    ] GC(3) Pause Young (Concurrent Start) (Metadata GC Threshold)
[2021-04-10T05:00:08.421+0000][248][gc,task     ] GC(3) Using 8 workers of 8 for evacuation
[2021-04-10T05:00:08.421+0000][248][gc,age      ] GC(3) Desired survivor size 31457280 bytes, new threshold 15 (max threshold 15)
[2021-04-10T05:00:08.430+0000][248][gc,age      ] GC(3) Age table with threshold 15 (max threshold 15)
[2021-04-10T05:00:08.430+0000][248][gc,age      ] GC(3) - age   1:    1730432 bytes,    1730432 total
[2021-04-10T05:00:08.430+0000][248][gc,age      ] GC(3) - age   2:     885544 bytes,    2615976 total
[2021-04-10T05:00:08.430+0000][248][gc,age      ] GC(3) - age   3:    2838016 bytes,    5453992 total
[2021-04-10T05:00:08.430+0000][248][gc,age      ] GC(3) - age   4:   12141448 bytes,   17595440 total
[2021-04-10T05:00:08.430+0000][248][gc,phases   ] GC(3)   Pre Evacuate Collection Set: 0.3ms
[2021-04-10T05:00:08.430+0000][248][gc,phases   ] GC(3)   Merge Heap Roots: 0.1ms
[2021-04-10T05:00:08.430+0000][248][gc,phases   ] GC(3)   Evacuate Collection Set: 7.4ms
[2021-04-10T05:00:08.430+0000][248][gc,phases   ] GC(3)   Post Evacuate Collection Set: 0.9ms
[2021-04-10T05:00:08.430+0000][248][gc,phases   ] GC(3)   Other: 0.6ms
[2021-04-10T05:00:08.430+0000][248][gc,heap     ] GC(3) Eden regions: 80->0(118)
[2021-04-10T05:00:08.430+0000][248][gc,heap     ] GC(3) Survivor regions: 5->5(15)
[2021-04-10T05:00:08.430+0000][248][gc,heap     ] GC(3) Old regions: 0->0
[2021-04-10T05:00:08.430+0000][248][gc,heap     ] GC(3) Archive regions: 2->2
[2021-04-10T05:00:08.430+0000][248][gc,heap     ] GC(3) Humongous regions: 0->0
[2021-04-10T05:00:08.430+0000][248][gc,metaspace] GC(3) Metaspace: 20121K(21296K)->20121K(21296K) NonClass: 17669K(18608K)->17669K(18608K) Class: 2452K(2688K)->2452K(2688K)
[2021-04-10T05:00:08.430+0000][248][gc          ] GC(3) Pause Young (Concurrent Start) (Metadata GC Threshold) 342M->22M(8124M) 9.518ms
[2021-04-10T05:00:08.430+0000][248][gc,cpu      ] GC(3) User=0.00s Sys=0.01s Real=0.01s
[2021-04-10T05:00:08.430+0000][248][gc          ] GC(4) Concurrent Cycle
[2021-04-10T05:00:08.430+0000][248][gc,marking  ] GC(4) Concurrent Clear Claimed Marks
[2021-04-10T05:00:08.431+0000][248][gc,marking  ] GC(4) Concurrent Clear Claimed Marks 0.051ms
[2021-04-10T05:00:08.431+0000][248][gc,marking  ] GC(4) Concurrent Scan Root Regions
[2021-04-10T05:00:08.431+0000][248][safepoint   ] Safepoint "CollectForMetadataAllocation", Time since last: 940158000 ns, Reaching safepoint: 113300 ns, At safepoint: 9977900 ns, Total: 10091200 ns
[2021-04-10T05:00:08.435+0000][248][gc,marking  ] GC(4) Concurrent Scan Root Regions 4.546ms
[2021-04-10T05:00:08.435+0000][248][gc,marking  ] GC(4) Concurrent Mark (25.202s)
[2021-04-10T05:00:08.435+0000][248][gc,marking  ] GC(4) Concurrent Mark From Roots
[2021-04-10T05:00:08.435+0000][248][gc,task     ] GC(4) Using 2 workers of 2 for marking
[2021-04-10T05:00:08.439+0000][248][gc,marking  ] GC(4) Concurrent Mark From Roots 3.919ms
[2021-04-10T05:00:08.439+0000][248][gc,marking  ] GC(4) Concurrent Preclean
[2021-04-10T05:00:08.439+0000][248][gc,marking  ] GC(4) Concurrent Preclean 0.372ms
[2021-04-10T05:00:08.440+0000][248][gc,marking  ] GC(4) Concurrent Mark (25.202s, 25.207s) 4.413ms
[2021-04-10T05:00:08.440+0000][248][gc,start    ] GC(4) Pause Remark
[2021-04-10T05:00:08.443+0000][248][gc          ] GC(4) Pause Remark 24M->24M(8124M) 2.355ms
[2021-04-10T05:00:08.443+0000][248][gc,cpu      ] GC(4) User=0.00s Sys=0.00s Real=0.00s
[2021-04-10T05:00:08.443+0000][248][safepoint   ] Safepoint "G1Concurrent", Time since last: 8922700 ns, Reaching safepoint: 611300 ns, At safepoint: 2450700 ns, Total: 3062000 ns
[2021-04-10T05:00:08.443+0000][248][gc,marking  ] GC(4) Concurrent Rebuild Remembered Sets
[2021-04-10T05:00:08.444+0000][248][gc,marking  ] GC(4) Concurrent Rebuild Remembered Sets 0.879ms
[2021-04-10T05:00:08.445+0000][248][gc,start    ] GC(4) Pause Cleanup
[2021-04-10T05:00:08.445+0000][248][gc          ] GC(4) Pause Cleanup 24M->24M(8124M) 0.342ms
[2021-04-10T05:00:08.445+0000][248][gc,cpu      ] GC(4) User=0.00s Sys=0.00s Real=0.00s
[2021-04-10T05:00:08.445+0000][248][safepoint   ] Safepoint "G1Concurrent", Time since last: 1008100 ns, Reaching safepoint: 931200 ns, At safepoint: 419900 ns, Total: 1351100 ns
[2021-04-10T05:00:08.445+0000][248][gc,marking  ] GC(4) Concurrent Cleanup for Next Mark
[2021-04-10T05:00:08.463+0000][248][gc,marking  ] GC(4) Concurrent Cleanup for Next Mark 18.082ms
[2021-04-10T05:00:08.463+0000][248][gc          ] GC(4) Concurrent Cycle 32.884ms
[2021-04-10T05:00:09.445+0000][248][safepoint   ] Safepoint "Cleanup", Time since last: 1000256100 ns, Reaching safepoint: 135900 ns, At safepoint: 8900 ns, Total: 144800 ns
[2021-04-10T05:00:10.358+0000][248][gc,start    ] GC(5) Pause Young (Normal) (G1 Evacuation Pause)
[2021-04-10T05:00:10.358+0000][248][gc,task     ] GC(5) Using 8 workers of 8 for evacuation
[2021-04-10T05:00:10.358+0000][248][gc,age      ] GC(5) Desired survivor size 33554432 bytes, new threshold 15 (max threshold 15)
[2021-04-10T05:00:10.368+0000][248][gc,age      ] GC(5) Age table with threshold 15 (max threshold 15)
[2021-04-10T05:00:10.368+0000][248][gc,age      ] GC(5) - age   1:    3470952 bytes,    3470952 total
[2021-04-10T05:00:10.368+0000][248][gc,age      ] GC(5) - age   2:    1704216 bytes,    5175168 total
[2021-04-10T05:00:10.368+0000][248][gc,age      ] GC(5) - age   3:     884392 bytes,    6059560 total
[2021-04-10T05:00:10.368+0000][248][gc,age      ] GC(5) - age   4:    2837856 bytes,    8897416 total
[2021-04-10T05:00:10.368+0000][248][gc,age      ] GC(5) - age   5:   12133144 bytes,   21030560 total
[2021-04-10T05:00:10.368+0000][248][gc,phases   ] GC(5)   Pre Evacuate Collection Set: 0.4ms
[2021-04-10T05:00:10.368+0000][248][gc,phases   ] GC(5)   Merge Heap Roots: 0.1ms
[2021-04-10T05:00:10.368+0000][248][gc,phases   ] GC(5)   Evacuate Collection Set: 8.0ms
[2021-04-10T05:00:10.368+0000][248][gc,phases   ] GC(5)   Post Evacuate Collection Set: 1.0ms
[2021-04-10T05:00:10.368+0000][248][gc,phases   ] GC(5)   Other: 0.3ms
[2021-04-10T05:00:10.368+0000][248][gc,heap     ] GC(5) Eden regions: 122->0(179)
[2021-04-10T05:00:10.368+0000][248][gc,heap     ] GC(5) Survivor regions: 5->6(16)
[2021-04-10T05:00:10.368+0000][248][gc,heap     ] GC(5) Old regions: 0->0
[2021-04-10T05:00:10.368+0000][248][gc,heap     ] GC(5) Archive regions: 2->2
[2021-04-10T05:00:10.368+0000][248][gc,heap     ] GC(5) Humongous regions: 0->0
[2021-04-10T05:00:10.368+0000][248][gc,metaspace] GC(5) Metaspace: 21405K(22780K)->21405K(22780K) NonClass: 18793K(19836K)->18793K(19836K) Class: 2612K(2944K)->2612K(2944K)
[2021-04-10T05:00:10.368+0000][248][gc          ] GC(5) Pause Young (Normal) (G1 Evacuation Pause) 510M->25M(8124M) 9.897ms
[2021-04-10T05:00:10.368+0000][248][gc,cpu      ] GC(5) User=0.08s Sys=0.04s Real=0.01s
[2021-04-10T05:00:10.368+0000][248][safepoint   ] Safepoint "G1CollectForAllocation", Time since last: 912419000 ns, Reaching safepoint: 97800 ns, At safepoint: 10018200 ns, Total: 10116000 ns
[2021-04-10T05:00:11.424+0000][248][safepoint   ] Safepoint "Cleanup", Time since last: 1054892700 ns, Reaching safepoint: 736800 ns, At safepoint: 10000 ns, Total: 746800 ns
[2021-04-10T05:00:11.975+0000][248][safepoint   ] Safepoint "ICBufferFull", Time since last: 550724500 ns, Reaching safepoint: 243900 ns, At safepoint: 15200 ns, Total: 259100 ns
[2021-04-10T05:00:13.146+0000][248][safepoint   ] Safepoint "ICBufferFull", Time since last: 1170743000 ns, Reaching safepoint: 188700 ns, At safepoint: 15700 ns, Total: 204400 ns
[2021-04-10T05:00:13.352+0000][248][gc,start    ] GC(6) Pause Young (Concurrent Start) (Metadata GC Threshold)
[2021-04-10T05:00:13.352+0000][248][gc,task     ] GC(6) Using 8 workers of 8 for evacuation
[2021-04-10T05:00:13.352+0000][248][gc,age      ] GC(6) Desired survivor size 50331648 bytes, new threshold 15 (max threshold 15)
[2021-04-10T05:00:13.386+0000][248][gc,age      ] GC(6) Age table with threshold 15 (max threshold 15)
[2021-04-10T05:00:13.386+0000][248][gc,age      ] GC(6) - age   1:   38501672 bytes,   38501672 total
[2021-04-10T05:00:13.386+0000][248][gc,age      ] GC(6) - age   2:    1603528 bytes,   40105200 total
[2021-04-10T05:00:13.386+0000][248][gc,age      ] GC(6) - age   3:    1692776 bytes,   41797976 total
[2021-04-10T05:00:13.386+0000][248][gc,age      ] GC(6) - age   4:     863696 bytes,   42661672 total
[2021-04-10T05:00:13.386+0000][248][gc,age      ] GC(6) - age   5:    2818120 bytes,   45479792 total
[2021-04-10T05:00:13.386+0000][248][gc,age      ] GC(6) - age   6:   12009080 bytes,   57488872 total
[2021-04-10T05:00:13.386+0000][248][gc,phases   ] GC(6)   Pre Evacuate Collection Set: 0.2ms
[2021-04-10T05:00:13.386+0000][248][gc,phases   ] GC(6)   Merge Heap Roots: 0.1ms
[2021-04-10T05:00:13.386+0000][248][gc,phases   ] GC(6)   Evacuate Collection Set: 31.3ms
[2021-04-10T05:00:13.386+0000][248][gc,phases   ] GC(6)   Post Evacuate Collection Set: 1.7ms
[2021-04-10T05:00:13.386+0000][248][gc,phases   ] GC(6)   Other: 0.5ms
[2021-04-10T05:00:13.386+0000][248][gc,heap     ] GC(6) Eden regions: 91->0(178)
[2021-04-10T05:00:13.386+0000][248][gc,heap     ] GC(6) Survivor regions: 6->14(24)
[2021-04-10T05:00:13.386+0000][248][gc,heap     ] GC(6) Old regions: 0->0
[2021-04-10T05:00:13.386+0000][248][gc,heap     ] GC(6) Archive regions: 2->2
[2021-04-10T05:00:13.386+0000][248][gc,heap     ] GC(6) Humongous regions: 0->0
[2021-04-10T05:00:13.386+0000][248][gc,metaspace] GC(6) Metaspace: 33782K(35968K)->33782K(35968K) NonClass: 29457K(30976K)->29457K(30976K) Class: 4325K(4992K)->4325K(4992K)
[2021-04-10T05:00:13.386+0000][248][gc          ] GC(6) Pause Young (Concurrent Start) (Metadata GC Threshold) 389M->59M(8124M) 33.952ms
[2021-04-10T05:00:13.386+0000][248][gc,cpu      ] GC(6) User=0.28s Sys=0.00s Real=0.03s
[2021-04-10T05:00:13.386+0000][248][gc          ] GC(7) Concurrent Cycle
[2021-04-10T05:00:13.386+0000][248][gc,marking  ] GC(7) Concurrent Clear Claimed Marks
[2021-04-10T05:00:13.386+0000][248][gc,marking  ] GC(7) Concurrent Clear Claimed Marks 0.074ms
[2021-04-10T05:00:13.386+0000][248][gc,marking  ] GC(7) Concurrent Scan Root Regions
[2021-04-10T05:00:13.387+0000][248][safepoint   ] Safepoint "CollectForMetadataAllocation", Time since last: 206372700 ns, Reaching safepoint: 161500 ns, At safepoint: 34546000 ns, Total: 34707500 ns
[2021-04-10T05:00:13.414+0000][248][gc,marking  ] GC(7) Concurrent Scan Root Regions 28.077ms
[2021-04-10T05:00:13.414+0000][248][gc,marking  ] GC(7) Concurrent Mark (30.181s)
[2021-04-10T05:00:13.414+0000][248][gc,marking  ] GC(7) Concurrent Mark From Roots
[2021-04-10T05:00:13.414+0000][248][gc,task     ] GC(7) Using 2 workers of 2 for marking
[2021-04-10T05:00:13.418+0000][248][safepoint   ] Safepoint "CollectForMetadataAllocation", Time since last: 30727100 ns, Reaching safepoint: 91900 ns, At safepoint: 524300 ns, Total: 616200 ns
[2021-04-10T05:00:13.418+0000][248][gc,marking  ] GC(7) Concurrent Mark From Roots 3.940ms
[2021-04-10T05:00:13.418+0000][248][gc,marking  ] GC(7) Concurrent Preclean
[2021-04-10T05:00:13.419+0000][248][gc,marking  ] GC(7) Concurrent Preclean 0.265ms
[2021-04-10T05:00:13.419+0000][248][gc,marking  ] GC(7) Concurrent Mark (30.181s, 30.186s) 4.283ms
[2021-04-10T05:00:13.419+0000][248][gc,start    ] GC(7) Pause Remark
[2021-04-10T05:00:13.423+0000][248][gc          ] GC(7) Pause Remark 61M->61M(8124M) 3.398ms
[2021-04-10T05:00:13.423+0000][248][gc,cpu      ] GC(7) User=0.00s Sys=0.00s Real=0.00s
[2021-04-10T05:00:13.423+0000][248][safepoint   ] Safepoint "G1Concurrent", Time since last: 778400 ns, Reaching safepoint: 597600 ns, At safepoint: 3748500 ns, Total: 4346100 ns
[2021-04-10T05:00:13.423+0000][248][gc,marking  ] GC(7) Concurrent Rebuild Remembered Sets
[2021-04-10T05:00:13.425+0000][248][gc,marking  ] GC(7) Concurrent Rebuild Remembered Sets 1.782ms
[2021-04-10T05:00:13.429+0000][248][gc,start    ] GC(7) Pause Cleanup
[2021-04-10T05:00:13.429+0000][248][gc          ] GC(7) Pause Cleanup 61M->61M(8124M) 0.305ms
[2021-04-10T05:00:13.429+0000][248][gc,cpu      ] GC(7) User=0.00s Sys=0.00s Real=0.00s
[2021-04-10T05:00:13.429+0000][248][safepoint   ] Safepoint "G1Concurrent", Time since last: 2073200 ns, Reaching safepoint: 3441900 ns, At safepoint: 399000 ns, Total: 3840900 ns
[2021-04-10T05:00:13.429+0000][248][gc,marking  ] GC(7) Concurrent Cleanup for Next Mark
[2021-04-10T05:00:13.448+0000][248][gc,marking  ] GC(7) Concurrent Cleanup for Next Mark 18.554ms
[2021-04-10T05:00:13.448+0000][248][gc          ] GC(7) Concurrent Cycle 61.542ms
[2021-04-10T05:00:14.237+0000][248][safepoint   ] Safepoint "ICBufferFull", Time since last: 807847900 ns, Reaching safepoint: 154000 ns, At safepoint: 11800 ns, Total: 165800 ns
[2021-04-10T05:00:15.368+0000][248][safepoint   ] Safepoint "Cleanup", Time since last: 1130397900 ns, Reaching safepoint: 216300 ns, At safepoint: 22300 ns, Total: 238600 ns
[2021-04-10T05:00:16.357+0000][248][gc,start    ] GC(8) Pause Young (Concurrent Start) (Metadata GC Threshold)
[2021-04-10T05:00:16.357+0000][248][gc,task     ] GC(8) Using 8 workers of 8 for evacuation
[2021-04-10T05:00:16.357+0000][248][gc,age      ] GC(8) Desired survivor size 56623104 bytes, new threshold 6 (max threshold 15)
[2021-04-10T05:00:16.388+0000][248][gc,age      ] GC(8) Age table with threshold 6 (max threshold 15)
[2021-04-10T05:00:16.388+0000][248][gc,age      ] GC(8) - age   1:    9877160 bytes,    9877160 total
[2021-04-10T05:00:16.388+0000][248][gc,age      ] GC(8) - age   2:   38162792 bytes,   48039952 total
[2021-04-10T05:00:16.388+0000][248][gc,age      ] GC(8) - age   3:    1592368 bytes,   49632320 total
[2021-04-10T05:00:16.388+0000][248][gc,age      ] GC(8) - age   4:    1679408 bytes,   51311728 total
[2021-04-10T05:00:16.388+0000][248][gc,age      ] GC(8) - age   5:     854072 bytes,   52165800 total
[2021-04-10T05:00:16.388+0000][248][gc,age      ] GC(8) - age   6:    2802760 bytes,   54968560 total
[2021-04-10T05:00:16.388+0000][248][gc,phases   ] GC(8)   Pre Evacuate Collection Set: 0.2ms
[2021-04-10T05:00:16.388+0000][248][gc,phases   ] GC(8)   Merge Heap Roots: 0.1ms
[2021-04-10T05:00:16.388+0000][248][gc,phases   ] GC(8)   Evacuate Collection Set: 28.9ms
[2021-04-10T05:00:16.388+0000][248][gc,phases   ] GC(8)   Post Evacuate Collection Set: 1.8ms
[2021-04-10T05:00:16.388+0000][248][gc,phases   ] GC(8)   Other: 0.4ms
[2021-04-10T05:00:16.388+0000][248][gc,heap     ] GC(8) Eden regions: 82->0(128)
[2021-04-10T05:00:16.388+0000][248][gc,heap     ] GC(8) Survivor regions: 14->14(27)
[2021-04-10T05:00:16.388+0000][248][gc,heap     ] GC(8) Old regions: 0->3
[2021-04-10T05:00:16.388+0000][248][gc,heap     ] GC(8) Archive regions: 2->2
[2021-04-10T05:00:16.388+0000][248][gc,heap     ] GC(8) Humongous regions: 0->0
[2021-04-10T05:00:16.388+0000][248][gc,metaspace] GC(8) Metaspace: 58009K(61016K)->58009K(61016K) NonClass: 50369K(52440K)->50369K(52440K) Class: 7640K(8576K)->7640K(8576K)
[2021-04-10T05:00:16.388+0000][248][gc          ] GC(8) Pause Young (Concurrent Start) (Metadata GC Threshold) 387M->70M(8124M) 31.534ms
[2021-04-10T05:00:16.388+0000][248][gc,cpu      ] GC(8) User=0.24s Sys=0.00s Real=0.03s
[2021-04-10T05:00:16.388+0000][248][gc          ] GC(9) Concurrent Cycle
[2021-04-10T05:00:16.388+0000][248][gc,marking  ] GC(9) Concurrent Clear Claimed Marks
[2021-04-10T05:00:16.388+0000][248][gc,marking  ] GC(9) Concurrent Clear Claimed Marks 0.064ms
[2021-04-10T05:00:16.388+0000][248][gc,marking  ] GC(9) Concurrent Scan Root Regions
[2021-04-10T05:00:16.388+0000][248][safepoint   ] Safepoint "CollectForMetadataAllocation", Time since last: 988576400 ns, Reaching safepoint: 219800 ns, At safepoint: 31821600 ns, Total: 32041400 ns
[2021-04-10T05:00:16.412+0000][248][safepoint   ] Safepoint "CollectForMetadataAllocation", Time since last: 22435100 ns, Reaching safepoint: 600400 ns, At safepoint: 377800 ns, Total: 978200 ns
[2021-04-10T05:00:16.412+0000][248][gc,marking  ] GC(9) Concurrent Scan Root Regions 24.023ms
[2021-04-10T05:00:16.412+0000][248][gc,marking  ] GC(9) Concurrent Mark (33.179s)
[2021-04-10T05:00:16.412+0000][248][gc,marking  ] GC(9) Concurrent Mark From Roots
[2021-04-10T05:00:16.412+0000][248][gc,task     ] GC(9) Using 2 workers of 2 for marking
[2021-04-10T05:00:16.416+0000][248][gc,marking  ] GC(9) Concurrent Mark From Roots 3.349ms
[2021-04-10T05:00:16.416+0000][248][gc,marking  ] GC(9) Concurrent Preclean
[2021-04-10T05:00:16.416+0000][248][gc,marking  ] GC(9) Concurrent Preclean 0.232ms
[2021-04-10T05:00:16.416+0000][248][gc,marking  ] GC(9) Concurrent Mark (33.179s, 33.183s) 3.660ms
[2021-04-10T05:00:16.416+0000][248][gc,start    ] GC(9) Pause Remark
[2021-04-10T05:00:16.418+0000][248][gc          ] GC(9) Pause Remark 74M->74M(8124M) 2.291ms
[2021-04-10T05:00:16.418+0000][248][gc,cpu      ] GC(9) User=0.00s Sys=0.00s Real=0.01s
[2021-04-10T05:00:16.419+0000][248][safepoint   ] Safepoint "G1Concurrent", Time since last: 4334800 ns, Reaching safepoint: 115200 ns, At safepoint: 2378700 ns, Total: 2493900 ns
[2021-04-10T05:00:16.419+0000][248][gc,marking  ] GC(9) Concurrent Rebuild Remembered Sets
[2021-04-10T05:00:16.423+0000][248][gc,marking  ] GC(9) Concurrent Rebuild Remembered Sets 4.706ms
[2021-04-10T05:00:16.424+0000][248][gc,start    ] GC(9) Pause Cleanup
[2021-04-10T05:00:16.425+0000][248][gc          ] GC(9) Pause Cleanup 76M->76M(8124M) 0.278ms
[2021-04-10T05:00:16.425+0000][248][gc,cpu      ] GC(9) User=0.00s Sys=0.00s Real=0.00s
[2021-04-10T05:00:16.425+0000][248][safepoint   ] Safepoint "G1Concurrent", Time since last: 4847600 ns, Reaching safepoint: 1076000 ns, At safepoint: 364000 ns, Total: 1440000 ns
[2021-04-10T05:00:16.425+0000][248][gc,marking  ] GC(9) Concurrent Cleanup for Next Mark
[2021-04-10T05:00:16.432+0000][248][gc,marking  ] GC(9) Concurrent Cleanup for Next Mark 7.018ms
[2021-04-10T05:00:16.432+0000][248][gc          ] GC(9) Concurrent Cycle 43.798ms
[2021-04-10T05:00:17.952+0000][248][safepoint   ] Safepoint "Cleanup", Time since last: 1526143400 ns, Reaching safepoint: 1402800 ns, At safepoint: 18800 ns, Total: 1421600 ns
[2021-04-10T05:00:18.756+0000][248][safepoint   ] Safepoint "ICBufferFull", Time since last: 803650200 ns, Reaching safepoint: 203000 ns, At safepoint: 16900 ns, Total: 219900 ns
[2021-04-10T05:00:19.360+0000][248][safepoint   ] Safepoint "ICBufferFull", Time since last: 603673000 ns, Reaching safepoint: 182700 ns, At safepoint: 14100 ns, Total: 196800 ns
[2021-04-10T05:00:20.066+0000][248][safepoint   ] Safepoint "ICBufferFull", Time since last: 705809800 ns, Reaching safepoint: 180500 ns, At safepoint: 20300 ns, Total: 200800 ns
[2021-04-10T05:00:20.584+0000][248][safepoint   ] Safepoint "ICBufferFull", Time since last: 517738300 ns, Reaching safepoint: 225500 ns, At safepoint: 18200 ns, Total: 243700 ns
[2021-04-10T05:00:20.886+0000][248][safepoint   ] Safepoint "ICBufferFull", Time since last: 301923700 ns, Reaching safepoint: 239600 ns, At safepoint: 33700 ns, Total: 273300 ns
[2021-04-10T05:00:21.887+0000][248][safepoint   ] Safepoint "Cleanup", Time since last: 1000623600 ns, Reaching safepoint: 252200 ns, At safepoint: 49200 ns, Total: 301400 ns
[2021-04-10T05:00:23.909+0000][248][safepoint   ] Safepoint "Cleanup", Time since last: 2021095600 ns, Reaching safepoint: 217800 ns, At safepoint: 30500 ns, Total: 248300 ns
[2021-04-10T05:00:25.063+0000][248][safepoint   ] Safepoint "Cleanup", Time since last: 1154496300 ns, Reaching safepoint: 154600 ns, At safepoint: 8400 ns, Total: 163000 ns
[2021-04-10T05:00:26.072+0000][248][safepoint   ] Safepoint "Cleanup", Time since last: 1008546400 ns, Reaching safepoint: 153400 ns, At safepoint: 10200 ns, Total: 163600 ns
[2021-04-10T05:00:28.096+0000][248][safepoint   ] Safepoint "Cleanup", Time since last: 2023752700 ns, Reaching safepoint: 144800 ns, At safepoint: 26000 ns, Total: 170800 ns
[2021-04-10T05:00:29.106+0000][248][safepoint   ] Safepoint "Cleanup", Time since last: 1009977200 ns, Reaching safepoint: 87700 ns, At safepoint: 10400 ns, Total: 98100 ns
[2021-04-10T05:00:34.154+0000][248][safepoint   ] Safepoint "Cleanup", Time since last: 5047842400 ns, Reaching safepoint: 141100 ns, At safepoint: 12600 ns, Total: 153700 ns
[2021-04-10T05:00:38.192+0000][248][safepoint   ] Safepoint "Cleanup", Time since last: 4037777400 ns, Reaching safepoint: 132300 ns, At safepoint: 13800 ns, Total: 146100 ns
[2021-04-10T05:00:41.220+0000][248][safepoint   ] Safepoint "Cleanup", Time since last: 3027914800 ns, Reaching safepoint: 140100 ns, At safepoint: 16500 ns, Total: 156600 ns
[2021-04-10T05:00:46.266+0000][248][safepoint   ] Safepoint "Cleanup", Time since last: 5045653600 ns, Reaching safepoint: 250200 ns, At safepoint: 11900 ns, Total: 262100 ns
[2021-04-10T05:00:50.317+0000][248][safepoint   ] Safepoint "Cleanup", Time since last: 4050900100 ns, Reaching safepoint: 138100 ns, At safepoint: 10600 ns, Total: 148700 ns
[2021-04-10T05:00:51.330+0000][248][safepoint   ] Safepoint "Cleanup", Time since last: 1012906700 ns, Reaching safepoint: 152500 ns, At safepoint: 8800 ns, Total: 161300 ns
[2021-04-10T05:00:57.367+0000][248][safepoint   ] Safepoint "Cleanup", Time since last: 6036646000 ns, Reaching safepoint: 171200 ns, At safepoint: 24600 ns, Total: 195800 ns
[2021-04-10T05:01:00.389+0000][248][safepoint   ] Safepoint "Cleanup", Time since last: 3021962800 ns, Reaching safepoint: 194500 ns, At safepoint: 11300 ns, Total: 205800 ns
[2021-04-10T05:01:02.402+0000][248][safepoint   ] Safepoint "Cleanup", Time since last: 2012969100 ns, Reaching safepoint: 159500 ns, At safepoint: 24500 ns, Total: 184000 ns
[2021-04-10T05:01:09.442+0000][248][safepoint   ] Safepoint "Cleanup", Time since last: 7039425800 ns, Reaching safepoint: 122800 ns, At safepoint: 17100 ns, Total: 139900 ns
[2021-04-10T05:01:15.474+0000][248][safepoint   ] Safepoint "Cleanup", Time since last: 6032521000 ns, Reaching safepoint: 217100 ns, At safepoint: 9700 ns, Total: 226800 ns
[2021-04-10T05:01:17.485+0000][248][safepoint   ] Safepoint "Cleanup", Time since last: 2010384100 ns, Reaching safepoint: 223300 ns, At safepoint: 24700 ns, Total: 248000 ns
[2021-04-10T05:01:19.516+0000][248][safepoint   ] Safepoint "Cleanup", Time since last: 2031165600 ns, Reaching safepoint: 143600 ns, At safepoint: 23300 ns, Total: 166900 ns
[2021-04-10T05:01:21.541+0000][248][safepoint   ] Safepoint "Cleanup", Time since last: 2024034800 ns, Reaching safepoint: 297600 ns, At safepoint: 18900 ns, Total: 316500 ns
[2021-04-10T05:01:26.597+0000][248][safepoint   ] Safepoint "Cleanup", Time since last: 5056485300 ns, Reaching safepoint: 164300 ns, At safepoint: 12400 ns, Total: 176700 ns
[2021-04-10T05:01:38.719+0000][248][safepoint   ] Safepoint "Cleanup", Time since last: 12121263000 ns, Reaching safepoint: 222800 ns, At safepoint: 13700 ns, Total: 236500 ns
[2021-04-10T05:01:40.732+0000][248][safepoint   ] Safepoint "Cleanup", Time since last: 2012633600 ns, Reaching safepoint: 174700 ns, At safepoint: 11000 ns, Total: 185700 ns
[2021-04-10T05:01:48.821+0000][248][safepoint   ] Safepoint "Cleanup", Time since last: 8089372100 ns, Reaching safepoint: 95600 ns, At safepoint: 11400 ns, Total: 107000 ns
[2021-04-10T05:01:50.843+0000][248][safepoint   ] Safepoint "Cleanup", Time since last: 2021592400 ns, Reaching safepoint: 256400 ns, At safepoint: 12200 ns, Total: 268600 ns
[2021-04-10T05:01:53.874+0000][248][safepoint   ] Safepoint "Cleanup", Time since last: 3030574900 ns, Reaching safepoint: 137200 ns, At safepoint: 14800 ns, Total: 152000 ns
[2021-04-10T05:01:59.910+0000][248][safepoint   ] Safepoint "Cleanup", Time since last: 6036292900 ns, Reaching safepoint: 212500 ns, At safepoint: 10100 ns, Total: 222600 ns
[2021-04-10T05:02:00.913+0000][248][safepoint   ] Safepoint "Cleanup", Time since last: 1002727800 ns, Reaching safepoint: 98200 ns, At safepoint: 13100 ns, Total: 111300 ns
[2021-04-10T05:02:01.917+0000][248][safepoint   ] Safepoint "Cleanup", Time since last: 1003889600 ns, Reaching safepoint: 79400 ns, At safepoint: 10200 ns, Total: 89600 ns
[2021-04-10T05:02:27.078+0000][248][safepoint   ] Safepoint "Cleanup", Time since last: 25160310000 ns, Reaching safepoint: 164700 ns, At safepoint: 10500 ns, Total: 175200 ns
[2021-04-10T05:02:28.082+0000][248][safepoint   ] Safepoint "Cleanup", Time since last: 1003840200 ns, Reaching safepoint: 89000 ns, At safepoint: 14900 ns, Total: 103900 ns
[2021-04-10T05:02:32.101+0000][248][safepoint   ] Safepoint "Cleanup", Time since last: 4019470700 ns, Reaching safepoint: 84000 ns, At safepoint: 8700 ns, Total: 92700 ns
[2021-04-10T05:02:36.116+0000][248][safepoint   ] Safepoint "Cleanup", Time since last: 4014297200 ns, Reaching safepoint: 167300 ns, At safepoint: 15700 ns, Total: 183000 ns
[2021-04-10T05:02:47.181+0000][248][safepoint   ] Safepoint "Cleanup", Time since last: 11065015600 ns, Reaching safepoint: 90100 ns, At safepoint: 10600 ns, Total: 100700 ns
[2021-04-10T05:02:50.221+0000][248][safepoint   ] Safepoint "Cleanup", Time since last: 3040180400 ns, Reaching safepoint: 151700 ns, At safepoint: 22100 ns, Total: 173800 ns
[2021-04-10T05:02:58.287+0000][248][safepoint   ] Safepoint "Cleanup", Time since last: 8065711700 ns, Reaching safepoint: 177100 ns, At safepoint: 9600 ns, Total: 186700 ns
[2021-04-10T05:03:01.318+0000][248][safepoint   ] Safepoint "Cleanup", Time since last: 3031017800 ns, Reaching safepoint: 277800 ns, At safepoint: 11400 ns, Total: 289200 ns
[2021-04-10T05:03:12.408+0000][248][safepoint   ] Safepoint "Cleanup", Time since last: 11089688300 ns, Reaching safepoint: 161200 ns, At safepoint: 25000 ns, Total: 186200 ns
[2021-04-10T05:03:18.442+0000][248][safepoint   ] Safepoint "Cleanup", Time since last: 6033454900 ns, Reaching safepoint: 120500 ns, At safepoint: 12900 ns, Total: 133400 ns
[2021-04-10T05:03:19.454+0000][248][safepoint   ] Safepoint "Cleanup", Time since last: 1011748600 ns, Reaching safepoint: 224400 ns, At safepoint: 11200 ns, Total: 235600 ns
[2021-04-10T05:03:20.465+0000][248][safepoint   ] Safepoint "Cleanup", Time since last: 1010785000 ns, Reaching safepoint: 164600 ns, At safepoint: 11100 ns, Total: 175700 ns
[2021-04-10T05:03:31.550+0000][248][safepoint   ] Safepoint "Cleanup", Time since last: 11084929700 ns, Reaching safepoint: 254700 ns, At safepoint: 23100 ns, Total: 277800 ns
[2021-04-10T05:03:32.564+0000][248][safepoint   ] Safepoint "Cleanup", Time since last: 1013927400 ns, Reaching safepoint: 256600 ns, At safepoint: 26400 ns, Total: 283000 ns
[2021-04-10T05:03:34.574+0000][248][safepoint   ] Safepoint "Cleanup", Time since last: 2009639300 ns, Reaching safepoint: 246700 ns, At safepoint: 37600 ns, Total: 284300 ns
[2021-04-10T05:03:35.577+0000][248][safepoint   ] Safepoint "Cleanup", Time since last: 1002915700 ns, Reaching safepoint: 304500 ns, At safepoint: 9800 ns, Total: 314300 ns
[2021-04-10T05:03:41.624+0000][248][safepoint   ] Safepoint "Cleanup", Time since last: 6046956400 ns, Reaching safepoint: 155200 ns, At safepoint: 15900 ns, Total: 171100 ns
[2021-04-10T05:03:46.669+0000][248][safepoint   ] Safepoint "Cleanup", Time since last: 5043805200 ns, Reaching safepoint: 356900 ns, At safepoint: 9700 ns, Total: 366600 ns
[2021-04-10T05:04:13.839+0000][248][safepoint   ] Safepoint "Cleanup", Time since last: 27170024000 ns, Reaching safepoint: 256400 ns, At safepoint: 10100 ns, Total: 266500 ns
[2021-04-10T05:04:15.851+0000][248][safepoint   ] Safepoint "Cleanup", Time since last: 2011368600 ns, Reaching safepoint: 296900 ns, At safepoint: 9200 ns, Total: 306100 ns
[2021-04-10T05:04:17.861+0000][248][safepoint   ] Safepoint "Cleanup", Time since last: 2010076900 ns, Reaching safepoint: 266500 ns, At safepoint: 29100 ns, Total: 295600 ns
[2021-04-10T05:04:18.868+0000][248][safepoint   ] Safepoint "Cleanup", Time since last: 1006900300 ns, Reaching safepoint: 256800 ns, At safepoint: 16500 ns, Total: 273300 ns
[2021-04-10T05:04:19.870+0000][248][safepoint   ] Safepoint "Cleanup", Time since last: 1001705500 ns, Reaching safepoint: 210500 ns, At safepoint: 30600 ns, Total: 241100 ns
[2021-04-10T05:04:32.960+0000][248][safepoint   ] Safepoint "Cleanup", Time since last: 13090121600 ns, Reaching safepoint: 152100 ns, At safepoint: 10000 ns, Total: 162100 ns
[2021-04-10T05:04:33.976+0000][248][safepoint   ] Safepoint "Cleanup", Time since last: 1015609100 ns, Reaching safepoint: 148500 ns, At safepoint: 10500 ns, Total: 159000 ns
[2021-04-10T05:04:38.021+0000][248][safepoint   ] Safepoint "Cleanup", Time since last: 4044483200 ns, Reaching safepoint: 185400 ns, At safepoint: 27200 ns, Total: 212600 ns
[2021-04-10T05:04:40.038+0000][248][safepoint   ] Safepoint "Cleanup", Time since last: 2016749600 ns, Reaching safepoint: 130200 ns, At safepoint: 10300 ns, Total: 140500 ns
